Archive member included to satisfy reference by file (symbol)

c:/program files (x86)/atmel/studio/7.0/toolchain/arm/arm-gnu-toolchain/bin/../lib/gcc/arm-none-eabi/6.2.1/thumb/v6-m\libgcc.a(_thumb1_case_si.o)
                              src/ASF/common2/components/memory/sd_mmc/sd_mmc.o (__gnu_thumb1_case_si)
c:/program files (x86)/atmel/studio/7.0/toolchain/arm/arm-gnu-toolchain/bin/../lib/gcc/arm-none-eabi/6.2.1/thumb/v6-m\libgcc.a(_udivsi3.o)
                              src/ASF/sam0/drivers/rtc/rtc_sam_d_r_h/rtc_calendar.o (__aeabi_uidiv)
c:/program files (x86)/atmel/studio/7.0/toolchain/arm/arm-gnu-toolchain/bin/../lib/gcc/arm-none-eabi/6.2.1/thumb/v6-m\libgcc.a(_divsi3.o)
                              src/ASF/sam0/drivers/usb/stack_interface/usb_device_udd.o (__aeabi_idivmod)
c:/program files (x86)/atmel/studio/7.0/toolchain/arm/arm-gnu-toolchain/bin/../lib/gcc/arm-none-eabi/6.2.1/thumb/v6-m\libgcc.a(_dvmd_tls.o)
                              c:/program files (x86)/atmel/studio/7.0/toolchain/arm/arm-gnu-toolchain/bin/../lib/gcc/arm-none-eabi/6.2.1/thumb/v6-m\libgcc.a(_udivsi3.o) (__aeabi_idiv0)
c:/program files (x86)/atmel/studio/7.0/toolchain/arm/arm-gnu-toolchain/bin/../lib/gcc/arm-none-eabi/6.2.1/thumb/v6-m\libgcc.a(_clzsi2.o)
                              src/ASF/sam0/drivers/usb/usb_sam_d_r/usb.o (__clzsi2)
c:/program files (x86)/atmel/studio/7.0/toolchain/arm/arm-gnu-toolchain/bin/../lib/gcc/arm-none-eabi/6.2.1/thumb/v6-m\libgcc.a(_ctzsi2.o)
                              src/ASF/sam0/drivers/usb/usb_sam_d_r/usb.o (__ctzsi2)
c:/program files (x86)/atmel/studio/7.0/toolchain/arm/arm-gnu-toolchain/bin/../lib/gcc/arm-none-eabi/6.2.1/thumb/v6-m\libgcc.a(_muldi3.o)
                              src/ASF/sam0/drivers/sercom/sercom.o (__aeabi_lmul)
c:/program files (x86)/atmel/studio/7.0/toolchain/arm/arm-gnu-toolchain/bin/../lib/gcc/arm-none-eabi/6.2.1/../../../../arm-none-eabi/lib/thumb/v6-m\libc_nano.a(lib_a-exit.o)
                              c:/program files (x86)/atmel/studio/7.0/toolchain/arm/arm-gnu-toolchain/bin/../lib/gcc/arm-none-eabi/6.2.1/../../../../arm-none-eabi/lib/thumb/v6-m/crt0.o (exit)
c:/program files (x86)/atmel/studio/7.0/toolchain/arm/arm-gnu-toolchain/bin/../lib/gcc/arm-none-eabi/6.2.1/../../../../arm-none-eabi/lib/thumb/v6-m\libc_nano.a(lib_a-impure.o)
                              c:/program files (x86)/atmel/studio/7.0/toolchain/arm/arm-gnu-toolchain/bin/../lib/gcc/arm-none-eabi/6.2.1/../../../../arm-none-eabi/lib/thumb/v6-m\libc_nano.a(lib_a-exit.o) (_global_impure_ptr)
c:/program files (x86)/atmel/studio/7.0/toolchain/arm/arm-gnu-toolchain/bin/../lib/gcc/arm-none-eabi/6.2.1/../../../../arm-none-eabi/lib/thumb/v6-m\libc_nano.a(lib_a-init.o)
                              c:/program files (x86)/atmel/studio/7.0/toolchain/arm/arm-gnu-toolchain/bin/../lib/gcc/arm-none-eabi/6.2.1/../../../../arm-none-eabi/lib/thumb/v6-m/crt0.o (__libc_init_array)
c:/program files (x86)/atmel/studio/7.0/toolchain/arm/arm-gnu-toolchain/bin/../lib/gcc/arm-none-eabi/6.2.1/../../../../arm-none-eabi/lib/thumb/v6-m\libc_nano.a(lib_a-memcpy-stub.o)
                              src/ASF/thirdparty/fatfs/fatfs-port-r0.09/diskio.o (memcpy)
c:/program files (x86)/atmel/studio/7.0/toolchain/arm/arm-gnu-toolchain/bin/../lib/gcc/arm-none-eabi/6.2.1/../../../../arm-none-eabi/lib/thumb/v6-m\libc_nano.a(lib_a-memset.o)
                              c:/program files (x86)/atmel/studio/7.0/toolchain/arm/arm-gnu-toolchain/bin/../lib/gcc/arm-none-eabi/6.2.1/../../../../arm-none-eabi/lib/thumb/v6-m/crt0.o (memset)
c:/program files (x86)/atmel/studio/7.0/toolchain/arm/arm-gnu-toolchain/bin/../lib/gcc/arm-none-eabi/6.2.1/../../../../arm-none-eabi/lib/thumb/v6-m\libc_nano.a(lib_a-setbuf.o)
                              src/ASF/common/utils/stdio/stdio_usb/stdio_usb.o (setbuf)
c:/program files (x86)/atmel/studio/7.0/toolchain/arm/arm-gnu-toolchain/bin/../lib/gcc/arm-none-eabi/6.2.1/../../../../arm-none-eabi/lib/thumb/v6-m\libc_nano.a(lib_a-setvbuf.o)
                              c:/program files (x86)/atmel/studio/7.0/toolchain/arm/arm-gnu-toolchain/bin/../lib/gcc/arm-none-eabi/6.2.1/../../../../arm-none-eabi/lib/thumb/v6-m\libc_nano.a(lib_a-setbuf.o) (setvbuf)
c:/program files (x86)/atmel/studio/7.0/toolchain/arm/arm-gnu-toolchain/bin/../lib/gcc/arm-none-eabi/6.2.1/../../../../arm-none-eabi/lib/thumb/v6-m\libc_nano.a(lib_a-vprintf.o)
                              src/bootloader.o (vprintf)
c:/program files (x86)/atmel/studio/7.0/toolchain/arm/arm-gnu-toolchain/bin/../lib/gcc/arm-none-eabi/6.2.1/../../../../arm-none-eabi/lib/thumb/v6-m\libc_nano.a(lib_a-fflush.o)
                              c:/program files (x86)/atmel/studio/7.0/toolchain/arm/arm-gnu-toolchain/bin/../lib/gcc/arm-none-eabi/6.2.1/../../../../arm-none-eabi/lib/thumb/v6-m\libc_nano.a(lib_a-setvbuf.o) (_fflush_r)
[...]
Memory Configuration

Name             Origin             Length             Attributes
rom              0x00000000         0x00040000         xr
ram              0x20000000         0x00008000         xrw
*default*        0x00000000         0xffffffff

Linker script and memory map

LOAD c:/program files (x86)/atmel/studio/7.0/toolchain/arm/arm-gnu-toolchain/bin/../lib/gcc/arm-none-eabi/6.2.1/thumb/v6-m/crtfastmath.o
LOAD c:/program files (x86)/atmel/studio/7.0/toolchain/arm/arm-gnu-toolchain/bin/../lib/gcc/arm-none-eabi/6.2.1/thumb/v6-m/crti.o
LOAD c:/program files (x86)/atmel/studio/7.0/toolchain/arm/arm-gnu-toolchain/bin/../lib/gcc/arm-none-eabi/6.2.1/thumb/v6-m/crtbegin.o
LOAD c:/program files (x86)/atmel/studio/7.0/toolchain/arm/arm-gnu-toolchain/bin/../lib/gcc/arm-none-eabi/6.2.1/../../../../arm-none-eabi/lib/thumb/v6-m/crt0.o
LOAD src/ASF/common2/components/memory/sd_mmc/sd_mmc.o
LOAD src/ASF/common2/components/memory/sd_mmc/sd_mmc_mem.o
LOAD src/ASF/sam0/drivers/rtc/rtc_sam_d_r_h/rtc_calendar.o
LOAD src/ASF/sam0/drivers/rtc/rtc_sam_d_r_h/rtc_calendar_interrupt.o
LOAD src/ASF/thirdparty/fatfs/fatfs-port-r0.09/diskio.o
LOAD src/ASF/thirdparty/fatfs/fatfs-port-r0.09/sam0/fattime_rtc.o
LOAD src/ASF/thirdparty/fatfs/fatfs-r0.09/src/ff.o
LOAD src/bootloader.o
LOAD src/ASF/common/services/usb/class/cdc/device/udi_cdc.o
LOAD src/ASF/common/services/usb/class/cdc/device/udi_cdc_desc.o
LOAD src/ASF/common/services/usb/udc/udc.o
LOAD src/ASF/common/utils/stdio/stdio_usb/stdio_usb.o
LOAD src/ASF/sam0/drivers/extint/extint_sam_d_r_h/extint.o
LOAD src/ASF/sam0/drivers/sercom/sercom.o
LOAD src/ASF/sam0/drivers/sercom/spi/spi.o
LOAD src/ASF/sam0/drivers/sercom/spi/spi_interrupt.o
LOAD src/ASF/sam0/drivers/sercom/sercom_interrupt.o
LOAD src/ASF/sam0/drivers/extint/extint_callback.o
LOAD src/ASF/sam0/drivers/bod/bod_sam_d_r_h/bod.o
LOAD src/ASF/common2/services/delay/sam0/systick_counter.o
LOAD src/ASF/common2/components/memory/sd_mmc/sd_mmc_spi.o
LOAD src/ASF/common/services/sleepmgr/samd/sleepmgr.o
LOAD src/ASF/common/services/storage/ctrl_access/ctrl_access.o
LOAD src/ASF/sam0/drivers/nvm/nvm.o
LOAD src/ASF/sam0/drivers/port/port.o
LOAD src/ASF/sam0/drivers/usb/stack_interface/usb_device_udd.o
LOAD src/ASF/sam0/drivers/usb/stack_interface/usb_dual.o
LOAD src/ASF/sam0/drivers/usb/usb_sam_d_r/usb.o
LOAD src/ASF/common2/boards/user_board/init.o
LOAD src/ASF/common/utils/interrupt/interrupt_sam_nvic.o
LOAD src/ASF/sam0/drivers/system/clock/clock_samd21_r21_da_ha1/clock.o
LOAD src/ASF/sam0/drivers/system/clock/clock_samd21_r21_da_ha1/gclk.o
LOAD src/ASF/sam0/drivers/system/interrupt/system_interrupt.o
LOAD src/ASF/sam0/drivers/system/pinmux/pinmux.o
LOAD src/ASF/sam0/drivers/system/system.o
LOAD src/ASF/sam0/utils/cmsis/samd21/source/gcc/startup_samd21.o
LOAD src/ASF/sam0/utils/cmsis/samd21/source/system_samd21.o
LOAD src/ASF/sam0/utils/stdio/read.o
LOAD src/ASF/sam0/utils/stdio/write.o
LOAD src/ASF/sam0/utils/syscalls/gcc/syscalls.o
START GROUP
LOAD ../src/ASF/thirdparty/CMSIS/Lib/GCC\libarm_cortexM0l_math.a
LOAD c:/program files (x86)/atmel/studio/7.0/toolchain/arm/arm-gnu-toolchain/bin/../lib/gcc/arm-none-eabi/6.2.1/../../../../arm-none-eabi/lib/thumb/v6-m\libm.a
END GROUP
START GROUP
LOAD c:/program files (x86)/atmel/studio/7.0/toolchain/arm/arm-gnu-toolchain/bin/../lib/gcc/arm-none-eabi/6.2.1/thumb/v6-m\libgcc.a
LOAD c:/program files (x86)/atmel/studio/7.0/toolchain/arm/arm-gnu-toolchain/bin/../lib/gcc/arm-none-eabi/6.2.1/../../../../arm-none-eabi/lib/thumb/v6-m\libc_nano.a
END GROUP
START GROUP
LOAD c:/program files (x86)/atmel/studio/7.0/toolchain/arm/arm-gnu-toolchain/bin/../lib/gcc/arm-none-eabi/6.2.1/thumb/v6-m\libgcc.a
LOAD c:/program files (x86)/atmel/studio/7.0/toolchain/arm/arm-gnu-toolchain/bin/../lib/gcc/arm-none-eabi/6.2.1/../../../../arm-none-eabi/lib/thumb/v6-m\libc_nano.a
END GROUP
LOAD c:/program files (x86)/atmel/studio/7.0/toolchain/arm/arm-gnu-toolchain/bin/../lib/gcc/arm-none-eabi/6.2.1/thumb/v6-m/crtend.o
LOAD c:/program files (x86)/atmel/studio/7.0/toolchain/arm/arm-gnu-toolchain/bin/../lib/gcc/arm-none-eabi/6.2.1/thumb/v6-m/crtn.o
                0x00002000                STACK_SIZE = DEFINED (STACK_SIZE)?STACK_SIZE:DEFINED (__stack_size__)?__stack_size__:0x2000

.text           0x00000000    0x11de4
                0x00000000                . = ALIGN (0x4)
                0x00000000                _sfixed = .
 *(.vectors .vectors.*)
 .vectors       0x00000000       0xb4 src/ASF/sam0/utils/cmsis/samd21/source/gcc/startup_samd21.o
                0x00000000                exception_table
 *(.text .text.* .gnu.linkonce.t.*)
 .text          0x000000b4       0x60 c:/program files (x86)/atmel/studio/7.0/toolchain/arm/arm-gnu-toolchain/bin/../lib/gcc/arm-none-eabi/6.2.1/thumb/v6-m/crtbegin.o
 .text.SDMMC_UNSTUFF_BITS
                0x00000114      0x15c src/ASF/common2/components/memory/sd_mmc/sd_mmc.o
 .text.mmc_spi_op_cond
                0x00000270       0xc4 src/ASF/common2/components/memory/sd_mmc/sd_mmc.o
 .text.sd_spi_op_cond
                0x00000334       0xfc src/ASF/common2/components/memory/sd_mmc/sd_mmc.o
 .text.sdio_op_cond
                0x00000430        0xc src/ASF/common2/components/memory/sd_mmc/sd_mmc.o
 .text.sd_cmd8  0x0000043c       0x7c src/ASF/common2/components/memory/sd_mmc/sd_mmc.o
 .text.mmc_cmd8
                0x000004b8      0x144 src/ASF/common2/components/memory/sd_mmc/sd_mmc.o
 .text.sd_mmc_cmd9_spi
                0x000005fc       0x84 src/ASF/common2/components/memory/sd_mmc/sd_mmc.o
 .text.mmc_decode_csd
                0x00000680      0x1b0 src/ASF/common2/components/memory/sd_mmc/sd_mmc.o
 .text.sd_decode_csd
                0x00000830      0x14c src/ASF/common2/components/memory/sd_mmc/sd_mmc.o
 .text.sd_mmc_cmd13
                0x0000097c       0x68 src/ASF/common2/components/memory/sd_mmc/sd_mmc.o
 .text.sd_acmd51
                0x000009e4      0x140 src/ASF/common2/components/memory/sd_mmc/sd_mmc.o
 .text.sd_mmc_select_slot
                0x00000b24       0xf8 src/ASF/common2/components/memory/sd_mmc/sd_mmc.o
 .text.sd_mmc_configure_slot
                0x00000c1c       0x50 src/ASF/common2/components/memory/sd_mmc/sd_mmc.o
 .text.sd_mmc_deselect_slot
                0x00000c6c       0x38 src/ASF/common2/components/memory/sd_mmc/sd_mmc.o
 .text.sd_mmc_spi_card_init
                0x00000ca4      0x200 src/ASF/common2/components/memory/sd_mmc/sd_mmc.o
 .text.sd_mmc_spi_install_mmc
                0x00000ea4      0x11c src/ASF/common2/components/memory/sd_mmc/sd_mmc.o
 .text.sd_mmc_init
                0x00000fc0       0x5c src/ASF/common2/components/memory/sd_mmc/sd_mmc.o
                0x00000fc0                sd_mmc_init
 .text.sd_mmc_check
                0x0000101c       0x8c src/ASF/common2/components/memory/sd_mmc/sd_mmc.o
                0x0000101c                sd_mmc_check
 .text.sd_mmc_get_type
                0x000010a8       0x44 src/ASF/common2/components/memory/sd_mmc/sd_mmc.o
                0x000010a8                sd_mmc_get_type
 .text.sd_mmc_get_capacity
                0x000010ec       0x44 src/ASF/common2/components/memory/sd_mmc/sd_mmc.o
                0x000010ec                sd_mmc_get_capacity
 .text.sd_mmc_is_write_protected
                0x00001130       0x16 src/ASF/common2/components/memory/sd_mmc/sd_mmc.o
                0x00001130                sd_mmc_is_write_protected
 *fill*         0x00001146        0x2 
 .text.sd_mmc_init_read_blocks
                0x00001148      0x108 src/ASF/common2/components/memory/sd_mmc/sd_mmc.o
                0x00001148                sd_mmc_init_read_blocks
 .text.sd_mmc_start_read_blocks
                0x00001250       0x6c src/ASF/common2/components/memory/sd_mmc/sd_mmc.o
                0x00001250                sd_mmc_start_read_blocks
 .text.sd_mmc_wait_end_of_read_blocks
                0x000012bc       0xb8 src/ASF/common2/components/memory/sd_mmc/sd_mmc.o
                0x000012bc                sd_mmc_wait_end_of_read_blocks
 .text.sd_mmc_init_write_blocks
                0x00001374      0x104 src/ASF/common2/components/memory/sd_mmc/sd_mmc.o
                0x00001374                sd_mmc_init_write_blocks
 .text.sd_mmc_start_write_blocks
                0x00001478       0x6c src/ASF/common2/components/memory/sd_mmc/sd_mmc.o
                0x00001478                sd_mmc_start_write_blocks
 .text.sd_mmc_wait_end_of_write_blocks
                0x000014e4       0x88 src/ASF/common2/components/memory/sd_mmc/sd_mmc.o
                0x000014e4                sd_mmc_wait_end_of_write_blocks
 .text.sd_mmc_test_unit_ready
                0x0000156c       0x8c src/ASF/common2/components/memory/sd_mmc/sd_mmc_mem.o
                0x0000156c                sd_mmc_test_unit_ready
 .text.sd_mmc_test_unit_ready_0
                0x000015f8       0x20 src/ASF/common2/components/memory/sd_mmc/sd_mmc_mem.o
                0x000015f8                sd_mmc_test_unit_ready_0
 .text.sd_mmc_read_capacity
                0x00001618       0x4c src/ASF/common2/components/memory/sd_mmc/sd_mmc_mem.o
                0x00001618                sd_mmc_read_capacity
 .text.sd_mmc_read_capacity_0
                0x00001664       0x2c src/ASF/common2/components/memory/sd_mmc/sd_mmc_mem.o
                0x00001664                sd_mmc_read_capacity_0
 .text.sd_mmc_unload
                0x00001690       0x30 src/ASF/common2/components/memory/sd_mmc/sd_mmc_mem.o
                0x00001690                sd_mmc_unload
 .text.sd_mmc_unload_0
                0x000016c0       0x30 src/ASF/common2/components/memory/sd_mmc/sd_mmc_mem.o
                0x000016c0                sd_mmc_unload_0
 .text.sd_mmc_wr_protect
                0x000016f0       0x30 src/ASF/common2/components/memory/sd_mmc/sd_mmc_mem.o
                0x000016f0                sd_mmc_wr_protect
 .text.sd_mmc_wr_protect_0
                0x00001720       0x20 src/ASF/common2/components/memory/sd_mmc/sd_mmc_mem.o
                0x00001720                sd_mmc_wr_protect_0
 .text.sd_mmc_removal
                0x00001740       0x16 src/ASF/common2/components/memory/sd_mmc/sd_mmc_mem.o
                0x00001740                sd_mmc_removal
 *fill*         0x00001756        0x2 
 .text.sd_mmc_removal_0
                0x00001758       0x20 src/ASF/common2/components/memory/sd_mmc/sd_mmc_mem.o
                0x00001758                sd_mmc_removal_0
 .text.sd_mmc_mem_2_ram
                0x00001778       0x78 src/ASF/common2/components/memory/sd_mmc/sd_mmc_mem.o
                0x00001778                sd_mmc_mem_2_ram
 .text.sd_mmc_mem_2_ram_0
                0x000017f0       0x30 src/ASF/common2/components/memory/sd_mmc/sd_mmc_mem.o
                0x000017f0                sd_mmc_mem_2_ram_0
 .text.sd_mmc_ram_2_mem
                0x00001820       0x78 src/ASF/common2/components/memory/sd_mmc/sd_mmc_mem.o
                0x00001820                sd_mmc_ram_2_mem
 .text.sd_mmc_ram_2_mem_0
                0x00001898       0x30 src/ASF/common2/components/memory/sd_mmc/sd_mmc_mem.o
                0x00001898                sd_mmc_ram_2_mem_0
 .text.system_gclk_chan_get_config_defaults
                0x000018c8       0x16 src/ASF/sam0/drivers/rtc/rtc_sam_d_r_h/rtc_calendar.o
 *fill*         0x000018de        0x2 
 .text.system_apb_clock_set_mask
                0x000018e0       0x5c src/ASF/sam0/drivers/rtc/rtc_sam_d_r_h/rtc_calendar.o
 .text.system_interrupt_enable
                0x0000193c       0x2c src/ASF/sam0/drivers/rtc/rtc_sam_d_r_h/rtc_calendar.o
 .text.system_interrupt_disable
                0x00001968       0x30 src/ASF/sam0/drivers/rtc/rtc_sam_d_r_h/rtc_calendar.o
 .text.rtc_calendar_is_syncing
                0x00001998       0x28 src/ASF/sam0/drivers/rtc/rtc_sam_d_r_h/rtc_calendar.o
 .text.rtc_calendar_enable
                0x000019c0       0x48 src/ASF/sam0/drivers/rtc/rtc_sam_d_r_h/rtc_calendar.o
                0x000019c0                rtc_calendar_enable
 .text.rtc_calendar_disable
                0x00001a08       0x54 src/ASF/sam0/drivers/rtc/rtc_sam_d_r_h/rtc_calendar.o
                0x00001a08                rtc_calendar_disable
 .text.rtc_calendar_reset
                0x00001a5c       0x5c src/ASF/sam0/drivers/rtc/rtc_sam_d_r_h/rtc_calendar.o
                0x00001a5c                rtc_calendar_reset
 .text.rtc_calendar_time_to_register_value
                0x00001ab8       0x88 src/ASF/sam0/drivers/rtc/rtc_sam_d_r_h/rtc_calendar.o
                0x00001ab8                rtc_calendar_time_to_register_value
 .text.rtc_calendar_register_value_to_time
                0x00001b40       0xa0 src/ASF/sam0/drivers/rtc/rtc_sam_d_r_h/rtc_calendar.o
                0x00001b40                rtc_calendar_register_value_to_time
 .text._rtc_calendar_set_config
                0x00001be0       0xd4 src/ASF/sam0/drivers/rtc/rtc_sam_d_r_h/rtc_calendar.o
 .text.rtc_calendar_init
                0x00001cb4       0xac src/ASF/sam0/drivers/rtc/rtc_sam_d_r_h/rtc_calendar.o
                0x00001cb4                rtc_calendar_init
 .text.rtc_calendar_get_time
                0x00001d60       0xa0 src/ASF/sam0/drivers/rtc/rtc_sam_d_r_h/rtc_calendar.o
                0x00001d60                rtc_calendar_get_time
 .text.rtc_calendar_set_alarm
                0x00001e00       0x80 src/ASF/sam0/drivers/rtc/rtc_sam_d_r_h/rtc_calendar.o
                0x00001e00                rtc_calendar_set_alarm
 .text._rtc_interrupt_handler
                0x00001e80       0xb8 src/ASF/sam0/drivers/rtc/rtc_sam_d_r_h/rtc_calendar_interrupt.o
 .text.RTC_Handler
                0x00001f38       0x18 src/ASF/sam0/drivers/rtc/rtc_sam_d_r_h/rtc_calendar_interrupt.o
                0x00001f38                RTC_Handler
 .text.rtc_calendar_get_time_defaults
                0x00001f50       0x3c src/ASF/thirdparty/fatfs/fatfs-port-r0.09/diskio.o
 .text.rtc_calendar_get_config_defaults
                0x00001f8c       0xb0 src/ASF/thirdparty/fatfs/fatfs-port-r0.09/diskio.o
 .text.configure_rtc_calendar
                0x0000203c       0xa8 src/ASF/thirdparty/fatfs/fatfs-port-r0.09/diskio.o
 .text.disk_initialize
                0x000020e4       0x94 src/ASF/thirdparty/fatfs/fatfs-port-r0.09/diskio.o
                0x000020e4                disk_initialize
 .text.disk_status
                0x00002178       0x40 src/ASF/thirdparty/fatfs/fatfs-port-r0.09/diskio.o
                0x00002178                disk_status
 .text.disk_read
                0x000021b8       0xe8 src/ASF/thirdparty/fatfs/fatfs-port-r0.09/diskio.o
                0x000021b8                disk_read
 .text.disk_write
                0x000022a0       0xe8 src/ASF/thirdparty/fatfs/fatfs-port-r0.09/diskio.o
                0x000022a0                disk_write
 .text.disk_ioctl
                0x00002388      0x10c src/ASF/thirdparty/fatfs/fatfs-port-r0.09/diskio.o
                0x00002388                disk_ioctl
 .text.get_fattime
                0x00002494       0x6c src/ASF/thirdparty/fatfs/fatfs-port-r0.09/sam0/fattime_rtc.o
                0x00002494                get_fattime
 .text.mem_cpy  0x00002500       0x38 src/ASF/thirdparty/fatfs/fatfs-r0.09/src/ff.o
 .text.mem_set  0x00002538       0x30 src/ASF/thirdparty/fatfs/fatfs-r0.09/src/ff.o
 .text.mem_cmp  0x00002568       0x4a src/ASF/thirdparty/fatfs/fatfs-r0.09/src/ff.o
 .text.chk_chr  0x000025b2       0x32 src/ASF/thirdparty/fatfs/fatfs-r0.09/src/ff.o
 .text.move_window
                0x000025e4       0xd8 src/ASF/thirdparty/fatfs/fatfs-r0.09/src/ff.o
 .text.sync     0x000026bc      0x1ac src/ASF/thirdparty/fatfs/fatfs-r0.09/src/ff.o
 .text.clust2sect
                0x00002868       0x38 src/ASF/thirdparty/fatfs/fatfs-r0.09/src/ff.o
 .text.get_fat  0x000028a0      0x180 src/ASF/thirdparty/fatfs/fatfs-r0.09/src/ff.o
 .text.put_fat  0x00002a20      0x250 src/ASF/thirdparty/fatfs/fatfs-r0.09/src/ff.o
 .text.remove_chain
                0x00002c70       0xcc src/ASF/thirdparty/fatfs/fatfs-r0.09/src/ff.o
 .text.create_chain
                0x00002d3c      0x14c src/ASF/thirdparty/fatfs/fatfs-r0.09/src/ff.o
 .text.dir_sdi  0x00002e88      0x134 src/ASF/thirdparty/fatfs/fatfs-r0.09/src/ff.o
 .text.dir_next
                0x00002fbc      0x204 src/ASF/thirdparty/fatfs/fatfs-r0.09/src/ff.o
 .text.dir_find
                0x000031c0       0xdc src/ASF/thirdparty/fatfs/fatfs-r0.09/src/ff.o
 .text.dir_read
                0x0000329c       0xd4 src/ASF/thirdparty/fatfs/fatfs-r0.09/src/ff.o
 .text.dir_register
                0x00003370      0x10c src/ASF/thirdparty/fatfs/fatfs-r0.09/src/ff.o
 .text.dir_remove
                0x0000347c       0x74 src/ASF/thirdparty/fatfs/fatfs-r0.09/src/ff.o
 .text.create_name
                0x000034f0      0x218 src/ASF/thirdparty/fatfs/fatfs-r0.09/src/ff.o
 .text.get_fileinfo
                0x00003708      0x13e src/ASF/thirdparty/fatfs/fatfs-r0.09/src/ff.o
 *fill*         0x00003846        0x2 
 .text.follow_path
                0x00003848      0x140 src/ASF/thirdparty/fatfs/fatfs-r0.09/src/ff.o
 .text.check_fs
                0x00003988       0xe0 src/ASF/thirdparty/fatfs/fatfs-r0.09/src/ff.o
 .text.chk_mounted
                0x00003a68      0x628 src/ASF/thirdparty/fatfs/fatfs-r0.09/src/ff.o
 .text.validate
                0x00004090       0x5c src/ASF/thirdparty/fatfs/fatfs-r0.09/src/ff.o
 .text.f_mount  0x000040ec       0x60 src/ASF/thirdparty/fatfs/fatfs-r0.09/src/ff.o
                0x000040ec                f_mount
 .text.f_open   0x0000414c      0x370 src/ASF/thirdparty/fatfs/fatfs-r0.09/src/ff.o
                0x0000414c                f_open
 .text.f_read   0x000044bc      0x2b4 src/ASF/thirdparty/fatfs/fatfs-r0.09/src/ff.o
                0x000044bc                f_read
 .text.f_stat   0x00004770       0x98 src/ASF/thirdparty/fatfs/fatfs-r0.09/src/ff.o
                0x00004770                f_stat
 .text.f_unlink
                0x00004808      0x1f0 src/ASF/thirdparty/fatfs/fatfs-r0.09/src/ff.o
                0x00004808                f_unlink
 .text.NVIC_SystemReset
                0x000049f8       0x1c src/bootloader.o
 .text.bod_get_config_defaults
                0x00004a14       0x34 src/bootloader.o
 .text.bod_enable
                0x00004a48       0x34 src/bootloader.o
 .text.system_gclk_chan_get_config_defaults
                0x00004a7c       0x16 src/bootloader.o
 *fill*         0x00004a92        0x2 
 .text.system_pinmux_get_group_from_gpio_pin
                0x00004a94       0x60 src/bootloader.o
 .text.nvm_get_config_defaults
                0x00004af4       0x3c src/bootloader.o
 .text.port_get_group_from_gpio_pin
                0x00004b30       0x28 src/bootloader.o
 .text.port_get_config_defaults
                0x00004b58       0x22 src/bootloader.o
 *fill*         0x00004b7a        0x2 
 .text.port_pin_get_input_level
                0x00004b7c       0x48 src/bootloader.o
 .text.port_pin_set_output_level
                0x00004bc4       0x54 src/bootloader.o
 .text.system_interrupt_enable_global
                0x00004c18       0x24 src/bootloader.o
 .text.system_interrupt_disable_global
                0x00004c3c       0x24 src/bootloader.o
 .text.system_interrupt_enable
                0x00004c60       0x2c src/bootloader.o
 .text.system_interrupt_disable
                0x00004c8c       0x30 src/bootloader.o
 .text.rtc_calendar_get_time_defaults
                0x00004cbc       0x3c src/bootloader.o
 .text.rtc_calendar_get_config_defaults
                0x00004cf8       0xb0 src/bootloader.o
 .text.system_set_sleepmode
                0x00004da8       0x88 src/bootloader.o
 .text.system_sleep
                0x00004e30       0x10 src/bootloader.o
 .text.system_reset
                0x00004e40       0x14 src/bootloader.o
 .text.spi_is_syncing
                0x00004e54       0x20 src/bootloader.o
 .text.spi_disable
                0x00004e74       0x6c src/bootloader.o
 .text.configure_wakeup
                0x00004ee0       0xc0 src/bootloader.o
 .text.configure_rtc
                0x00004fa0       0xa4 src/bootloader.o
 .text.configure_nvm
                0x00005044       0x44 src/bootloader.o
 .text.configure_bod
                0x00005088       0xb0 src/bootloader.o
 .text.SYSCTRL_Handler
                0x00005138       0x2c src/bootloader.o
                0x00005138                SYSCTRL_Handler
 .text.main     0x00005164      0x870 src/bootloader.o
                0x00005164                main
 .text.start_application
                0x000059d4       0x58 src/bootloader.o
 .text.program_memory
                0x00005a2c      0x174 src/bootloader.o
 .text.led_blink
                0x00005ba0      0x140 src/bootloader.o
 .text.fatal_error
                0x00005ce0       0x6c src/bootloader.o
 .text.debug_print
                0x00005d4c       0x34 src/bootloader.o
 .text.cpu_irq_save
                0x00005d80       0x3c src/ASF/common/services/usb/class/cdc/device/udi_cdc.o
 .text.cpu_irq_is_enabled_flags
                0x00005dbc       0x18 src/ASF/common/services/usb/class/cdc/device/udi_cdc.o
 .text.cpu_irq_restore
                0x00005dd4       0x3c src/ASF/common/services/usb/class/cdc/device/udi_cdc.o
 .text.udi_cdc_comm_enable
                0x00005e10      0x1a4 src/ASF/common/services/usb/class/cdc/device/udi_cdc.o
                0x00005e10                udi_cdc_comm_enable
 .text.udi_cdc_data_enable
                0x00005fb4      0x150 src/ASF/common/services/usb/class/cdc/device/udi_cdc.o
                0x00005fb4                udi_cdc_data_enable
 .text.udi_cdc_comm_disable
                0x00006104       0x24 src/ASF/common/services/usb/class/cdc/device/udi_cdc.o
                0x00006104                udi_cdc_comm_disable
 .text.udi_cdc_data_disable
                0x00006128       0x44 src/ASF/common/services/usb/class/cdc/device/udi_cdc.o
                0x00006128                udi_cdc_data_disable
 .text.udi_cdc_comm_setup
                0x0000616c       0xf8 src/ASF/common/services/usb/class/cdc/device/udi_cdc.o
                0x0000616c                udi_cdc_comm_setup
 .text.udi_cdc_data_setup
                0x00006264        0xc src/ASF/common/services/usb/class/cdc/device/udi_cdc.o
                0x00006264                udi_cdc_data_setup
 .text.udi_cdc_getsetting
                0x00006270        0xc src/ASF/common/services/usb/class/cdc/device/udi_cdc.o
                0x00006270                udi_cdc_getsetting
 .text.udi_cdc_data_sof_notify
                0x0000627c       0x20 src/ASF/common/services/usb/class/cdc/device/udi_cdc.o
                0x0000627c                udi_cdc_data_sof_notify
 .text.udi_cdc_setup_to_port
                0x0000629c       0x3c src/ASF/common/services/usb/class/cdc/device/udi_cdc.o
 .text.udi_cdc_line_coding_received
                0x000062d8       0x20 src/ASF/common/services/usb/class/cdc/device/udi_cdc.o
 .text.udi_cdc_rx_start
                0x000062f8      0x150 src/ASF/common/services/usb/class/cdc/device/udi_cdc.o
 .text.udi_cdc_data_received
                0x00006448       0xf0 src/ASF/common/services/usb/class/cdc/device/udi_cdc.o
 .text.udi_cdc_data_sent
                0x00006538       0xac src/ASF/common/services/usb/class/cdc/device/udi_cdc.o
 .text.udi_cdc_tx_send
                0x000065e4      0x2a8 src/ASF/common/services/usb/class/cdc/device/udi_cdc.o
 .text.udi_cdc_multi_get_nb_received_data
                0x0000688c       0x84 src/ASF/common/services/usb/class/cdc/device/udi_cdc.o
                0x0000688c                udi_cdc_multi_get_nb_received_data
 .text.udi_cdc_multi_is_rx_ready
                0x00006910       0x34 src/ASF/common/services/usb/class/cdc/device/udi_cdc.o
                0x00006910                udi_cdc_multi_is_rx_ready
 .text.udi_cdc_multi_getc
                0x00006944      0x158 src/ASF/common/services/usb/class/cdc/device/udi_cdc.o
                0x00006944                udi_cdc_multi_getc
 .text.udi_cdc_getc
                0x00006a9c       0x20 src/ASF/common/services/usb/class/cdc/device/udi_cdc.o
                0x00006a9c                udi_cdc_getc
 .text.udi_cdc_multi_get_free_tx_buffer
                0x00006abc       0xdc src/ASF/common/services/usb/class/cdc/device/udi_cdc.o
                0x00006abc                udi_cdc_multi_get_free_tx_buffer
 .text.udi_cdc_multi_is_tx_ready
                0x00006b98       0x34 src/ASF/common/services/usb/class/cdc/device/udi_cdc.o
                0x00006b98                udi_cdc_multi_is_tx_ready
 .text.udi_cdc_multi_putc
                0x00006bcc      0x130 src/ASF/common/services/usb/class/cdc/device/udi_cdc.o
                0x00006bcc                udi_cdc_multi_putc
 .text.udi_cdc_putc
                0x00006cfc       0x2c src/ASF/common/services/usb/class/cdc/device/udi_cdc.o
                0x00006cfc                udi_cdc_putc
 .text.udc_get_string_serial_name
                0x00006d28       0x14 src/ASF/common/services/usb/udc/udc.o
 .text.udc_get_eof_conf
                0x00006d3c       0x30 src/ASF/common/services/usb/udc/udc.o
 .text.udc_next_desc_in_iface
                0x00006d6c       0x64 src/ASF/common/services/usb/udc/udc.o
 .text.udc_update_iface_desc
                0x00006dd0       0xdc src/ASF/common/services/usb/udc/udc.o
 .text.udc_iface_disable
                0x00006eac       0xc8 src/ASF/common/services/usb/udc/udc.o
 .text.udc_iface_enable
                0x00006f74       0xc0 src/ASF/common/services/usb/udc/udc.o
 .text.udc_start
                0x00007034       0x1c src/ASF/common/services/usb/udc/udc.o
                0x00007034                udc_start
 .text.udc_reset
                0x00007050       0x6c src/ASF/common/services/usb/udc/udc.o
                0x00007050                udc_reset
 .text.udc_sof_notify
                0x000070bc       0x7c src/ASF/common/services/usb/udc/udc.o
                0x000070bc                udc_sof_notify
 .text.udc_req_std_dev_get_status
                0x00007138       0x3c src/ASF/common/services/usb/udc/udc.o
 .text.udc_req_std_ep_get_status
                0x00007174       0x60 src/ASF/common/services/usb/udc/udc.o
 .text.udc_req_std_dev_clear_feature
                0x000071d4       0x50 src/ASF/common/services/usb/udc/udc.o
 .text.udc_req_std_ep_clear_feature
                0x00007224       0x48 src/ASF/common/services/usb/udc/udc.o
 .text.udc_req_std_dev_set_feature
                0x0000726c       0x38 src/ASF/common/services/usb/udc/udc.o
 .text.udc_req_std_ep_set_feature
                0x000072a4       0x5c src/ASF/common/services/usb/udc/udc.o
 .text.udc_valid_address
                0x00007300       0x30 src/ASF/common/services/usb/udc/udc.o
 .text.udc_req_std_dev_set_address
                0x00007330       0x34 src/ASF/common/services/usb/udc/udc.o
 .text.udc_req_std_dev_get_str_desc
                0x00007364      0x128 src/ASF/common/services/usb/udc/udc.o
 .text.udc_req_std_dev_get_descriptor
                0x0000748c      0x160 src/ASF/common/services/usb/udc/udc.o
 .text.udc_req_std_dev_get_configuration
                0x000075ec       0x3c src/ASF/common/services/usb/udc/udc.o
 .text.udc_req_std_dev_set_configuration
                0x00007628      0x100 src/ASF/common/services/usb/udc/udc.o
 .text.udc_req_std_iface_get_setting
                0x00007728       0xc8 src/ASF/common/services/usb/udc/udc.o
 .text.udc_req_std_iface_set_setting
                0x000077f0       0x88 src/ASF/common/services/usb/udc/udc.o
 .text.udc_reqstd
                0x00007878      0x1b8 src/ASF/common/services/usb/udc/udc.o
 .text.udc_req_iface
                0x00007a30       0xc4 src/ASF/common/services/usb/udc/udc.o
 .text.udc_req_ep
                0x00007af4       0xb4 src/ASF/common/services/usb/udc/udc.o
 .text.udc_process_setup
                0x00007ba8       0xb0 src/ASF/common/services/usb/udc/udc.o
                0x00007ba8                udc_process_setup
 .text.stdio_usb_putchar
                0x00007c58       0x54 src/ASF/common/utils/stdio/stdio_usb/stdio_usb.o
                0x00007c58                stdio_usb_putchar
 .text.stdio_usb_getchar
                0x00007cac       0x48 src/ASF/common/utils/stdio/stdio_usb/stdio_usb.o
                0x00007cac                stdio_usb_getchar
 .text.stdio_usb_enable
                0x00007cf4       0x18 src/ASF/common/utils/stdio/stdio_usb/stdio_usb.o
                0x00007cf4                stdio_usb_enable
 .text.stdio_usb_init
                0x00007d0c       0x78 src/ASF/common/utils/stdio/stdio_usb/stdio_usb.o
                0x00007d0c                stdio_usb_init
 .text.system_gclk_chan_get_config_defaults
                0x00007d84       0x16 src/ASF/sam0/drivers/extint/extint_sam_d_r_h/extint.o
 *fill*         0x00007d9a        0x2 
 .text.system_apb_clock_set_mask
                0x00007d9c       0x5c src/ASF/sam0/drivers/extint/extint_sam_d_r_h/extint.o
 .text.system_pinmux_get_config_defaults
                0x00007df8       0x28 src/ASF/sam0/drivers/extint/extint_sam_d_r_h/extint.o
 .text.system_interrupt_enable
                0x00007e20       0x2c src/ASF/sam0/drivers/extint/extint_sam_d_r_h/extint.o
 .text._extint_get_eic_from_channel
                0x00007e4c       0x4c src/ASF/sam0/drivers/extint/extint_sam_d_r_h/extint.o
 .text.extint_is_syncing
                0x00007e98       0x48 src/ASF/sam0/drivers/extint/extint_sam_d_r_h/extint.o
 .text._system_extint_init
                0x00007ee0       0xf8 src/ASF/sam0/drivers/extint/extint_sam_d_r_h/extint.o
                0x00007ee0                _system_extint_init
 .text._extint_enable
                0x00007fd8       0x64 src/ASF/sam0/drivers/extint/extint_sam_d_r_h/extint.o
 .text.extint_chan_get_config_defaults
                0x0000803c       0x34 src/ASF/sam0/drivers/extint/extint_sam_d_r_h/extint.o
                0x0000803c                extint_chan_get_config_defaults
 .text.extint_chan_set_config
                0x00008070      0x10c src/ASF/sam0/drivers/extint/extint_sam_d_r_h/extint.o
                0x00008070                extint_chan_set_config
 .text.system_gclk_chan_get_config_defaults
                0x0000817c       0x16 src/ASF/sam0/drivers/sercom/sercom.o
 .text._sercom_get_sync_baud_val
                0x00008192       0x7c src/ASF/sam0/drivers/sercom/sercom.o
                0x00008192                _sercom_get_sync_baud_val
 *fill*         0x0000820e        0x2 
 .text.sercom_set_gclk_generator
                0x00008210       0xac src/ASF/sam0/drivers/sercom/sercom.o
                0x00008210                sercom_set_gclk_generator
 .text._sercom_get_default_pad
                0x000082bc      0x1e4 src/ASF/sam0/drivers/sercom/sercom.o
                0x000082bc                _sercom_get_default_pad
 .text._sercom_get_sercom_inst_index
                0x000084a0       0x50 src/ASF/sam0/drivers/sercom/sercom.o
                0x000084a0                _sercom_get_sercom_inst_index
 .text.system_pinmux_get_config_defaults
                0x000084f0       0x28 src/ASF/sam0/drivers/sercom/spi/spi.o
 .text.system_pinmux_get_group_from_gpio_pin
                0x00008518       0x60 src/ASF/sam0/drivers/sercom/spi/spi.o
 .text.port_get_group_from_gpio_pin
                0x00008578       0x28 src/ASF/sam0/drivers/sercom/spi/spi.o
 .text.port_pin_set_output_level
                0x000085a0       0x54 src/ASF/sam0/drivers/sercom/spi/spi.o
 .text.system_gclk_chan_get_config_defaults
                0x000085f4       0x16 src/ASF/sam0/drivers/sercom/spi/spi.o
 *fill*         0x0000860a        0x2 
 .text.system_apb_clock_set_mask
                0x0000860c       0x5c src/ASF/sam0/drivers/sercom/spi/spi.o
 .text.system_is_debugger_present
                0x00008668       0x20 src/ASF/sam0/drivers/sercom/spi/spi.o
 .text.system_interrupt_enable
                0x00008688       0x2c src/ASF/sam0/drivers/sercom/spi/spi.o
 .text.system_interrupt_disable
                0x000086b4       0x30 src/ASF/sam0/drivers/sercom/spi/spi.o
 .text.spi_is_syncing
                0x000086e4       0x20 src/ASF/sam0/drivers/sercom/spi/spi.o
 .text.spi_enable
                0x00008704       0x5c src/ASF/sam0/drivers/sercom/spi/spi.o
 .text.spi_disable
                0x00008760       0x6c src/ASF/sam0/drivers/sercom/spi/spi.o
 .text.spi_is_write_complete
                0x000087cc       0x28 src/ASF/sam0/drivers/sercom/spi/spi.o
 .text.spi_is_ready_to_write
                0x000087f4       0x28 src/ASF/sam0/drivers/sercom/spi/spi.o
 .text.spi_is_ready_to_read
                0x0000881c       0x28 src/ASF/sam0/drivers/sercom/spi/spi.o
 .text.spi_write
                0x00008844       0x4c src/ASF/sam0/drivers/sercom/spi/spi.o
 .text.spi_read
                0x00008890       0x88 src/ASF/sam0/drivers/sercom/spi/spi.o
 .text.spi_reset
                0x00008918       0x44 src/ASF/sam0/drivers/sercom/spi/spi.o
                0x00008918                spi_reset
 .text.spi_set_baudrate
                0x0000895c       0xe8 src/ASF/sam0/drivers/sercom/spi/spi.o
                0x0000895c                spi_set_baudrate
 .text._spi_set_config
                0x00008a44      0x228 src/ASF/sam0/drivers/sercom/spi/spi.o
 .text.spi_init
                0x00008c6c      0x1b0 src/ASF/sam0/drivers/sercom/spi/spi.o
                0x00008c6c                spi_init
 .text.spi_read_buffer_wait
                0x00008e1c      0x13c src/ASF/sam0/drivers/sercom/spi/spi.o
                0x00008e1c                spi_read_buffer_wait
 .text.spi_select_slave
                0x00008f58      0x10c src/ASF/sam0/drivers/sercom/spi/spi.o
                0x00008f58                spi_select_slave
 .text.spi_write_buffer_wait
                0x00009064      0x154 src/ASF/sam0/drivers/sercom/spi/spi.o
                0x00009064                spi_write_buffer_wait
 .text._spi_write
                0x000091b8       0x7a src/ASF/sam0/drivers/sercom/spi/spi_interrupt.o
 *fill*         0x00009232        0x2 
 .text._spi_write_dummy
                0x00009234       0x3c src/ASF/sam0/drivers/sercom/spi/spi_interrupt.o
 .text._spi_read_dummy
                0x00009270       0x36 src/ASF/sam0/drivers/sercom/spi/spi_interrupt.o
 .text._spi_read
                0x000092a6       0x70 src/ASF/sam0/drivers/sercom/spi/spi_interrupt.o
 *fill*         0x00009316        0x2 
 .text._spi_interrupt_handler
                0x00009318      0x290 src/ASF/sam0/drivers/sercom/spi/spi_interrupt.o
                0x00009318                _spi_interrupt_handler
 .text._sercom_default_handler
                0x000095a8       0x14 src/ASF/sam0/drivers/sercom/sercom_interrupt.o
 .text._sercom_set_handler
                0x000095bc       0x88 src/ASF/sam0/drivers/sercom/sercom_interrupt.o
                0x000095bc                _sercom_set_handler
 .text._sercom_get_interrupt_vector
                0x00009644       0x5c src/ASF/sam0/drivers/sercom/sercom_interrupt.o
                0x00009644                _sercom_get_interrupt_vector
 .text.SERCOM0_Handler
                0x000096a0       0x18 src/ASF/sam0/drivers/sercom/sercom_interrupt.o
                0x000096a0                SERCOM0_Handler
 .text.SERCOM1_Handler
                0x000096b8       0x18 src/ASF/sam0/drivers/sercom/sercom_interrupt.o
                0x000096b8                SERCOM1_Handler
 .text.SERCOM2_Handler
                0x000096d0       0x18 src/ASF/sam0/drivers/sercom/sercom_interrupt.o
                0x000096d0                SERCOM2_Handler
 .text.SERCOM3_Handler
                0x000096e8       0x18 src/ASF/sam0/drivers/sercom/sercom_interrupt.o
                0x000096e8                SERCOM3_Handler
 .text.SERCOM4_Handler
                0x00009700       0x18 src/ASF/sam0/drivers/sercom/sercom_interrupt.o
                0x00009700                SERCOM4_Handler
 .text.SERCOM5_Handler
                0x00009718       0x18 src/ASF/sam0/drivers/sercom/sercom_interrupt.o
                0x00009718                SERCOM5_Handler
 .text._extint_get_eic_from_channel
                0x00009730       0x4c src/ASF/sam0/drivers/extint/extint_callback.o
 .text.extint_chan_is_detected
                0x0000977c       0x48 src/ASF/sam0/drivers/extint/extint_callback.o
 .text.extint_chan_clear_detected
                0x000097c4       0x40 src/ASF/sam0/drivers/extint/extint_callback.o
 .text.extint_chan_enable_callback
                0x00009804       0x48 src/ASF/sam0/drivers/extint/extint_callback.o
                0x00009804                extint_chan_enable_callback
 .text.EIC_Handler
                0x0000984c       0x8c src/ASF/sam0/drivers/extint/extint_callback.o
                0x0000984c                EIC_Handler
 .text.bod_set_config
                0x000098d8       0xc4 src/ASF/sam0/drivers/bod/bod_sam_d_r_h/bod.o
                0x000098d8                bod_set_config
 .text.delay_cycles
                0x0000999c       0x34 src/ASF/common2/services/delay/sam0/systick_counter.o
 .text.delay_init
                0x000099d0       0x80 src/ASF/common2/services/delay/sam0/systick_counter.o
                0x000099d0                delay_init
 .text.delay_cycles_us
                0x00009a50       0x34 src/ASF/common2/services/delay/sam0/systick_counter.o
                0x00009a50                delay_cycles_us
 .text.delay_cycles_ms
                0x00009a84       0x34 src/ASF/common2/services/delay/sam0/systick_counter.o
                0x00009a84                delay_cycles_ms
 .text.system_pinmux_get_group_from_gpio_pin
                0x00009ab8       0x60 src/ASF/common2/components/memory/sd_mmc/sd_mmc_spi.o
 .text.port_get_group_from_gpio_pin
                0x00009b18       0x28 src/ASF/common2/components/memory/sd_mmc/sd_mmc_spi.o
 .text.port_get_config_defaults
                0x00009b40       0x22 src/ASF/common2/components/memory/sd_mmc/sd_mmc_spi.o
 *fill*         0x00009b62        0x2 
 .text.port_pin_set_output_level
                0x00009b64       0x54 src/ASF/common2/components/memory/sd_mmc/sd_mmc_spi.o
 .text.system_interrupt_enable
                0x00009bb8       0x2c src/ASF/common2/components/memory/sd_mmc/sd_mmc_spi.o
 .text.spi_is_syncing
                0x00009be4       0x20 src/ASF/common2/components/memory/sd_mmc/sd_mmc_spi.o
 .text.spi_get_config_defaults
                0x00009c04       0x90 src/ASF/common2/components/memory/sd_mmc/sd_mmc_spi.o
 .text.spi_slave_inst_get_config_defaults
                0x00009c94       0x22 src/ASF/common2/components/memory/sd_mmc/sd_mmc_spi.o
 *fill*         0x00009cb6        0x2 
 .text.spi_attach_slave
                0x00009cb8       0x74 src/ASF/common2/components/memory/sd_mmc/sd_mmc_spi.o
 .text.spi_enable
                0x00009d2c       0x5c src/ASF/common2/components/memory/sd_mmc/sd_mmc_spi.o
 .text.sd_mmc_spi_crc7
                0x00009d88       0xbc src/ASF/common2/components/memory/sd_mmc/sd_mmc_spi.o
 .text.sd_mmc_spi_wait_busy
                0x00009e44       0x90 src/ASF/common2/components/memory/sd_mmc/sd_mmc_spi.o
 .text.sd_mmc_spi_start_read_block
                0x00009ed4       0xa0 src/ASF/common2/components/memory/sd_mmc/sd_mmc_spi.o
 .text.sd_mmc_spi_stop_read_block
                0x00009f74       0x38 src/ASF/common2/components/memory/sd_mmc/sd_mmc_spi.o
 .text.sd_mmc_spi_start_write_block
                0x00009fac       0x68 src/ASF/common2/components/memory/sd_mmc/sd_mmc_spi.o
 .text.sd_mmc_spi_stop_write_block
                0x0000a014       0xb8 src/ASF/common2/components/memory/sd_mmc/sd_mmc_spi.o
 .text.sd_mmc_spi_stop_multiwrite_block
                0x0000a0cc       0xc8 src/ASF/common2/components/memory/sd_mmc/sd_mmc_spi.o
 .text.sd_mmc_spi_init
                0x0000a194       0xfc src/ASF/common2/components/memory/sd_mmc/sd_mmc_spi.o
                0x0000a194                sd_mmc_spi_init
 .text.sd_mmc_spi_select_device
                0x0000a290       0xa4 src/ASF/common2/components/memory/sd_mmc/sd_mmc_spi.o
                0x0000a290                sd_mmc_spi_select_device
 .text.sd_mmc_spi_deselect_device
                0x0000a334       0x54 src/ASF/common2/components/memory/sd_mmc/sd_mmc_spi.o
                0x0000a334                sd_mmc_spi_deselect_device
 .text.sd_mmc_spi_send_clock
                0x0000a388       0x5c src/ASF/common2/components/memory/sd_mmc/sd_mmc_spi.o
                0x0000a388                sd_mmc_spi_send_clock
 .text.sd_mmc_spi_send_cmd
                0x0000a3e4       0x34 src/ASF/common2/components/memory/sd_mmc/sd_mmc_spi.o
                0x0000a3e4                sd_mmc_spi_send_cmd
 .text.sd_mmc_spi_adtc_start
                0x0000a418      0x2b0 src/ASF/common2/components/memory/sd_mmc/sd_mmc_spi.o
                0x0000a418                sd_mmc_spi_adtc_start
 .text.sd_mmc_spi_get_response
                0x0000a6c8       0x14 src/ASF/common2/components/memory/sd_mmc/sd_mmc_spi.o
                0x0000a6c8                sd_mmc_spi_get_response
 .text.sd_mmc_spi_read_word
                0x0000a6dc       0xd8 src/ASF/common2/components/memory/sd_mmc/sd_mmc_spi.o
                0x0000a6dc                sd_mmc_spi_read_word
 .text.sd_mmc_spi_start_read_blocks
                0x0000a7b4       0xcc src/ASF/common2/components/memory/sd_mmc/sd_mmc_spi.o
                0x0000a7b4                sd_mmc_spi_start_read_blocks
 .text.sd_mmc_spi_wait_end_of_read_blocks
                0x0000a880        0xc src/ASF/common2/components/memory/sd_mmc/sd_mmc_spi.o
                0x0000a880                sd_mmc_spi_wait_end_of_read_blocks
 .text.sd_mmc_spi_start_write_blocks
                0x0000a88c       0xf0 src/ASF/common2/components/memory/sd_mmc/sd_mmc_spi.o
                0x0000a88c                sd_mmc_spi_start_write_blocks
 .text.sd_mmc_spi_wait_end_of_write_blocks
                0x0000a97c       0x40 src/ASF/common2/components/memory/sd_mmc/sd_mmc_spi.o
                0x0000a97c                sd_mmc_spi_wait_end_of_write_blocks
 .text.mem_test_unit_ready
                0x0000a9bc       0x44 src/ASF/common/services/storage/ctrl_access/ctrl_access.o
                0x0000a9bc                mem_test_unit_ready
 .text.mem_read_capacity
                0x0000aa00       0x4c src/ASF/common/services/storage/ctrl_access/ctrl_access.o
                0x0000aa00                mem_read_capacity
 .text.mem_sector_size
                0x0000aa4c       0x2a src/ASF/common/services/storage/ctrl_access/ctrl_access.o
                0x0000aa4c                mem_sector_size
 *fill*         0x0000aa76        0x2 
 .text.mem_wr_protect
                0x0000aa78       0x48 src/ASF/common/services/storage/ctrl_access/ctrl_access.o
                0x0000aa78                mem_wr_protect
 .text.memory_2_ram
                0x0000aac0       0x58 src/ASF/common/services/storage/ctrl_access/ctrl_access.o
                0x0000aac0                memory_2_ram
 .text.ram_2_memory
                0x0000ab18       0x58 src/ASF/common/services/storage/ctrl_access/ctrl_access.o
                0x0000ab18                ram_2_memory
 .text.nvm_is_ready
                0x0000ab70       0x28 src/ASF/sam0/drivers/nvm/nvm.o
 .text.system_apb_clock_set_mask
                0x0000ab98       0x5c src/ASF/sam0/drivers/nvm/nvm.o
 .text.nvm_set_config
                0x0000abf4       0xe8 src/ASF/sam0/drivers/nvm/nvm.o
                0x0000abf4                nvm_set_config
 .text.nvm_execute_command
                0x0000acdc      0x234 src/ASF/sam0/drivers/nvm/nvm.o
                0x0000acdc                nvm_execute_command
 .text.nvm_write_buffer
                0x0000af10      0x178 src/ASF/sam0/drivers/nvm/nvm.o
                0x0000af10                nvm_write_buffer
 .text.nvm_erase_row
                0x0000b088       0xbc src/ASF/sam0/drivers/nvm/nvm.o
                0x0000b088                nvm_erase_row
 .text.system_pinmux_get_config_defaults
                0x0000b144       0x28 src/ASF/sam0/drivers/port/port.o
 .text.port_pin_set_config
                0x0000b16c       0x6c src/ASF/sam0/drivers/port/port.o
                0x0000b16c                port_pin_set_config
 .text.cpu_irq_save
                0x0000b1d8       0x3c src/ASF/sam0/drivers/usb/stack_interface/usb_device_udd.o
 .text.cpu_irq_is_enabled_flags
                0x0000b214       0x18 src/ASF/sam0/drivers/usb/stack_interface/usb_device_udd.o
 .text.cpu_irq_restore
                0x0000b22c       0x3c src/ASF/sam0/drivers/usb/stack_interface/usb_device_udd.o
 .text.usb_device_attach
                0x0000b268       0x24 src/ASF/sam0/drivers/usb/stack_interface/usb_device_udd.o
 .text.usb_device_get_address
                0x0000b28c       0x1c src/ASF/sam0/drivers/usb/stack_interface/usb_device_udd.o
 .text.usb_device_set_address
                0x0000b2a8       0x28 src/ASF/sam0/drivers/usb/stack_interface/usb_device_udd.o
 .text.usb_device_get_frame_number
                0x0000b2d0       0x1c src/ASF/sam0/drivers/usb/stack_interface/usb_device_udd.o
 .text.usb_device_get_micro_frame_number
                0x0000b2ec       0x18 src/ASF/sam0/drivers/usb/stack_interface/usb_device_udd.o
 .text.usb_device_set_lpm_mode
                0x0000b304       0x40 src/ASF/sam0/drivers/usb/stack_interface/usb_device_udd.o
 .text.sleepmgr_lock_mode
                0x0000b344       0x60 src/ASF/sam0/drivers/usb/stack_interface/usb_device_udd.o
 .text.sleepmgr_unlock_mode
                0x0000b3a4       0x60 src/ASF/sam0/drivers/usb/stack_interface/usb_device_udd.o
 .text.udd_wait_clock_ready
                0x0000b404       0x3c src/ASF/sam0/drivers/usb/stack_interface/usb_device_udd.o
 .text.udd_sleep_mode
                0x0000b440       0xa8 src/ASF/sam0/drivers/usb/stack_interface/usb_device_udd.o
 .text.udd_ep_get_job
                0x0000b4e8       0x54 src/ASF/sam0/drivers/usb/stack_interface/usb_device_udd.o
 .text.udd_ep_trans_in_next
                0x0000b53c      0x1a4 src/ASF/sam0/drivers/usb/stack_interface/usb_device_udd.o
 .text.udd_ep_trans_out_next
                0x0000b6e0      0x200 src/ASF/sam0/drivers/usb/stack_interface/usb_device_udd.o
 .text.udd_ep_transfer_process
                0x0000b8e0       0x4c src/ASF/sam0/drivers/usb/stack_interface/usb_device_udd.o
 .text.udd_ep_abort
                0x0000b92c       0x7c src/ASF/sam0/drivers/usb/stack_interface/usb_device_udd.o
                0x0000b92c                udd_ep_abort
 .text.udd_is_high_speed
                0x0000b9a8        0xc src/ASF/sam0/drivers/usb/stack_interface/usb_device_udd.o
                0x0000b9a8                udd_is_high_speed
 .text.udd_get_frame_number
                0x0000b9b4       0x28 src/ASF/sam0/drivers/usb/stack_interface/usb_device_udd.o
                0x0000b9b4                udd_get_frame_number
 .text.udd_get_micro_frame_number
                0x0000b9dc       0x28 src/ASF/sam0/drivers/usb/stack_interface/usb_device_udd.o
                0x0000b9dc                udd_get_micro_frame_number
 .text.udd_ep_free
                0x0000ba04       0xa4 src/ASF/sam0/drivers/usb/stack_interface/usb_device_udd.o
                0x0000ba04                udd_ep_free
 .text.udd_ep_alloc
                0x0000baa8      0x1cc src/ASF/sam0/drivers/usb/stack_interface/usb_device_udd.o
                0x0000baa8                udd_ep_alloc
 .text.udd_ep_is_halted
                0x0000bc74       0x38 src/ASF/sam0/drivers/usb/stack_interface/usb_device_udd.o
                0x0000bc74                udd_ep_is_halted
 .text.udd_ep_set_halt
                0x0000bcac       0x64 src/ASF/sam0/drivers/usb/stack_interface/usb_device_udd.o
                0x0000bcac                udd_ep_set_halt
 .text.udd_ep_clear_halt
                0x0000bd10       0x88 src/ASF/sam0/drivers/usb/stack_interface/usb_device_udd.o
                0x0000bd10                udd_ep_clear_halt
 .text.udd_ctrl_stall_data
                0x0000bd98       0x48 src/ASF/sam0/drivers/usb/stack_interface/usb_device_udd.o
 .text.udd_ep_run
                0x0000bde0      0x31c src/ASF/sam0/drivers/usb/stack_interface/usb_device_udd.o
                0x0000bde0                udd_ep_run
 .text.udd_set_address
                0x0000c0fc       0x34 src/ASF/sam0/drivers/usb/stack_interface/usb_device_udd.o
                0x0000c0fc                udd_set_address
 .text.udd_getaddress
                0x0000c130       0x28 src/ASF/sam0/drivers/usb/stack_interface/usb_device_udd.o
                0x0000c130                udd_getaddress
 .text.udd_set_setup_payload
                0x0000c158       0x34 src/ASF/sam0/drivers/usb/stack_interface/usb_device_udd.o
                0x0000c158                udd_set_setup_payload
 .text.udd_ctrl_fetch_ram
                0x0000c18c       0x90 src/ASF/sam0/drivers/usb/stack_interface/usb_device_udd.o
 .text.udd_ctrl_send_zlp_in
                0x0000c21c       0x5c src/ASF/sam0/drivers/usb/stack_interface/usb_device_udd.o
 .text.udd_ctrl_in_sent
                0x0000c278      0x14c src/ASF/sam0/drivers/usb/stack_interface/usb_device_udd.o
 .text.udd_ctrl_out_received
                0x0000c3c4      0x1dc src/ASF/sam0/drivers/usb/stack_interface/usb_device_udd.o
 .text._usb_ep0_on_setup
                0x0000c5a0      0x13c src/ASF/sam0/drivers/usb/stack_interface/usb_device_udd.o
 .text.udd_ctrl_underflow
                0x0000c6dc       0x5c src/ASF/sam0/drivers/usb/stack_interface/usb_device_udd.o
 .text.udd_ctrl_overflow
                0x0000c738       0x60 src/ASF/sam0/drivers/usb/stack_interface/usb_device_udd.o
 .text._usb_ep0_on_tansfer_fail
                0x0000c798       0x40 src/ASF/sam0/drivers/usb/stack_interface/usb_device_udd.o
 .text._usb_ep0_on_tansfer_ok
                0x0000c7d8       0x74 src/ASF/sam0/drivers/usb/stack_interface/usb_device_udd.o
 .text.udd_ctrl_ep_enable
                0x0000c84c       0xe8 src/ASF/sam0/drivers/usb/stack_interface/usb_device_udd.o
 .text._usb_on_suspend
                0x0000c934       0x50 src/ASF/sam0/drivers/usb/stack_interface/usb_device_udd.o
 .text._usb_device_lpm_suspend
                0x0000c984       0x60 src/ASF/sam0/drivers/usb/stack_interface/usb_device_udd.o
 .text._usb_on_sof_notify
                0x0000c9e4       0x24 src/ASF/sam0/drivers/usb/stack_interface/usb_device_udd.o
 .text._usb_on_bus_reset
                0x0000ca08       0x44 src/ASF/sam0/drivers/usb/stack_interface/usb_device_udd.o
 .text._usb_on_wakeup
                0x0000ca4c       0x84 src/ASF/sam0/drivers/usb/stack_interface/usb_device_udd.o
 .text.udd_attach
                0x0000cad0       0xf8 src/ASF/sam0/drivers/usb/stack_interface/usb_device_udd.o
                0x0000cad0                udd_attach
 .text.udd_enable
                0x0000cbc8       0x94 src/ASF/sam0/drivers/usb/stack_interface/usb_device_udd.o
                0x0000cbc8                udd_enable
 .text.system_gclk_chan_get_config_defaults
                0x0000cc5c       0x16 src/ASF/sam0/drivers/usb/usb_sam_d_r/usb.o
 *fill*         0x0000cc72        0x2 
 .text.system_apb_clock_set_mask
                0x0000cc74       0x5c src/ASF/sam0/drivers/usb/usb_sam_d_r/usb.o
 .text.system_pinmux_get_config_defaults
                0x0000ccd0       0x28 src/ASF/sam0/drivers/usb/usb_sam_d_r/usb.o
 .text.system_interrupt_enable
                0x0000ccf8       0x2c src/ASF/sam0/drivers/usb/usb_sam_d_r/usb.o
 .text._usb_host_interrupt_handler
                0x0000cd24      0x6b0 src/ASF/sam0/drivers/usb/usb_sam_d_r/usb.o
 .text.usb_device_register_callback
                0x0000d3d4       0x54 src/ASF/sam0/drivers/usb/usb_sam_d_r/usb.o
                0x0000d3d4                usb_device_register_callback
 .text.usb_device_enable_callback
                0x0000d428       0x68 src/ASF/sam0/drivers/usb/usb_sam_d_r/usb.o
                0x0000d428                usb_device_enable_callback
 .text.usb_device_disable_callback
                0x0000d490       0x5c src/ASF/sam0/drivers/usb/usb_sam_d_r/usb.o
                0x0000d490                usb_device_disable_callback
 .text.usb_device_endpoint_register_callback
                0x0000d4ec       0x80 src/ASF/sam0/drivers/usb/usb_sam_d_r/usb.o
                0x0000d4ec                usb_device_endpoint_register_callback
 .text.usb_device_endpoint_unregister_callback
                0x0000d56c       0x7c src/ASF/sam0/drivers/usb/usb_sam_d_r/usb.o
                0x0000d56c                usb_device_endpoint_unregister_callback
 .text.usb_device_endpoint_enable_callback
                0x0000d5e8      0x19c src/ASF/sam0/drivers/usb/usb_sam_d_r/usb.o
                0x0000d5e8                usb_device_endpoint_enable_callback
 .text.usb_device_endpoint_disable_callback
                0x0000d784      0x1a8 src/ASF/sam0/drivers/usb/usb_sam_d_r/usb.o
                0x0000d784                usb_device_endpoint_disable_callback
 .text.usb_device_endpoint_get_config_defaults
                0x0000d92c       0x28 src/ASF/sam0/drivers/usb/usb_sam_d_r/usb.o
                0x0000d92c                usb_device_endpoint_get_config_defaults
 .text.usb_device_endpoint_set_config
                0x0000d954      0x530 src/ASF/sam0/drivers/usb/usb_sam_d_r/usb.o
                0x0000d954                usb_device_endpoint_set_config
 .text.usb_device_endpoint_abort_job
                0x0000de84       0x88 src/ASF/sam0/drivers/usb/usb_sam_d_r/usb.o
                0x0000de84                usb_device_endpoint_abort_job
 .text.usb_device_endpoint_is_halted
                0x0000df0c       0x74 src/ASF/sam0/drivers/usb/usb_sam_d_r/usb.o
                0x0000df0c                usb_device_endpoint_is_halted
 .text.usb_device_endpoint_set_halt
                0x0000df80       0x5c src/ASF/sam0/drivers/usb/usb_sam_d_r/usb.o
                0x0000df80                usb_device_endpoint_set_halt
 .text.usb_device_endpoint_clear_halt
                0x0000dfdc      0x12c src/ASF/sam0/drivers/usb/usb_sam_d_r/usb.o
                0x0000dfdc                usb_device_endpoint_clear_halt
 .text.usb_device_endpoint_write_buffer_job
                0x0000e108       0xc4 src/ASF/sam0/drivers/usb/usb_sam_d_r/usb.o
                0x0000e108                usb_device_endpoint_write_buffer_job
 .text.usb_device_endpoint_read_buffer_job
                0x0000e1cc       0xbc src/ASF/sam0/drivers/usb/usb_sam_d_r/usb.o
                0x0000e1cc                usb_device_endpoint_read_buffer_job
 .text.usb_device_endpoint_setup_buffer_job
                0x0000e288       0x58 src/ASF/sam0/drivers/usb/usb_sam_d_r/usb.o
                0x0000e288                usb_device_endpoint_setup_buffer_job
 .text._usb_device_interrupt_handler
                0x0000e2e0      0x6c8 src/ASF/sam0/drivers/usb/usb_sam_d_r/usb.o
 .text.usb_enable
                0x0000e9a8       0x32 src/ASF/sam0/drivers/usb/usb_sam_d_r/usb.o
                0x0000e9a8                usb_enable
 *fill*         0x0000e9da        0x2 
 .text.USB_Handler
                0x0000e9dc       0x38 src/ASF/sam0/drivers/usb/usb_sam_d_r/usb.o
                0x0000e9dc                USB_Handler
 .text.usb_get_config_defaults
                0x0000ea14       0x28 src/ASF/sam0/drivers/usb/usb_sam_d_r/usb.o
                0x0000ea14                usb_get_config_defaults
 .text.usb_init
                0x0000ea3c      0x380 src/ASF/sam0/drivers/usb/usb_sam_d_r/usb.o
                0x0000ea3c                usb_init
 .text.system_pinmux_get_group_from_gpio_pin
                0x0000edbc       0x60 src/ASF/common2/boards/user_board/init.o
 .text.port_get_group_from_gpio_pin
                0x0000ee1c       0x28 src/ASF/common2/boards/user_board/init.o
 .text.port_get_config_defaults
                0x0000ee44       0x22 src/ASF/common2/boards/user_board/init.o
 *fill*         0x0000ee66        0x2 
 .text.port_pin_set_output_level
                0x0000ee68       0x54 src/ASF/common2/boards/user_board/init.o
 .text.system_board_init
                0x0000eebc      0x2b0 src/ASF/common2/boards/user_board/init.o
                0x0000eebc                board_init
                0x0000eebc                system_board_init
 .text.cpu_irq_enter_critical
                0x0000f16c       0x74 src/ASF/common/utils/interrupt/interrupt_sam_nvic.o
                0x0000f16c                cpu_irq_enter_critical
 .text.cpu_irq_leave_critical
                0x0000f1e0       0x58 src/ASF/common/utils/interrupt/interrupt_sam_nvic.o
                0x0000f1e0                cpu_irq_leave_critical
 .text.system_gclk_gen_get_config_defaults
                0x0000f238       0x2e src/ASF/sam0/drivers/system/clock/clock_samd21_r21_da_ha1/clock.o
 .text.system_gclk_chan_get_config_defaults
                0x0000f266       0x16 src/ASF/sam0/drivers/system/clock/clock_samd21_r21_da_ha1/clock.o
 .text.system_clock_source_xosc32k_get_config_defaults
                0x0000f27c       0x48 src/ASF/sam0/drivers/system/clock/clock_samd21_r21_da_ha1/clock.o
 .text.system_clock_source_osc8m_get_config_defaults
                0x0000f2c4       0x22 src/ASF/sam0/drivers/system/clock/clock_samd21_r21_da_ha1/clock.o
 .text.system_clock_source_dfll_get_config_defaults
                0x0000f2e6       0x52 src/ASF/sam0/drivers/system/clock/clock_samd21_r21_da_ha1/clock.o
 .text.system_cpu_clock_set_divider
                0x0000f338       0x20 src/ASF/sam0/drivers/system/clock/clock_samd21_r21_da_ha1/clock.o
 .text.system_apb_clock_set_divider
                0x0000f358       0x54 src/ASF/sam0/drivers/system/clock/clock_samd21_r21_da_ha1/clock.o
 .text.system_flash_set_waitstates
                0x0000f3ac       0x34 src/ASF/sam0/drivers/system/clock/clock_samd21_r21_da_ha1/clock.o
 .text._system_dfll_wait_for_sync
                0x0000f3e0       0x1c src/ASF/sam0/drivers/system/clock/clock_samd21_r21_da_ha1/clock.o
 .text._system_clock_source_dfll_set_config_errata_9905
                0x0000f3fc       0x5c src/ASF/sam0/drivers/system/clock/clock_samd21_r21_da_ha1/clock.o
 .text.system_clock_source_get_hz
                0x0000f458      0x108 src/ASF/sam0/drivers/system/clock/clock_samd21_r21_da_ha1/clock.o
                0x0000f458                system_clock_source_get_hz
 .text.system_clock_source_osc8m_set_config
                0x0000f560       0x78 src/ASF/sam0/drivers/system/clock/clock_samd21_r21_da_ha1/clock.o
                0x0000f560                system_clock_source_osc8m_set_config
 .text.system_clock_source_xosc32k_set_config
                0x0000f5d8      0x120 src/ASF/sam0/drivers/system/clock/clock_samd21_r21_da_ha1/clock.o
                0x0000f5d8                system_clock_source_xosc32k_set_config
 .text.system_clock_source_dfll_set_config
                0x0000f6f8       0xfc src/ASF/sam0/drivers/system/clock/clock_samd21_r21_da_ha1/clock.o
                0x0000f6f8                system_clock_source_dfll_set_config
 .text.system_clock_source_enable
                0x0000f7f4       0xd4 src/ASF/sam0/drivers/system/clock/clock_samd21_r21_da_ha1/clock.o
                0x0000f7f4                system_clock_source_enable
 .text.system_clock_source_is_ready
                0x0000f8c8       0xa0 src/ASF/sam0/drivers/system/clock/clock_samd21_r21_da_ha1/clock.o
                0x0000f8c8                system_clock_source_is_ready
 .text._switch_peripheral_gclk
                0x0000f968       0x44 src/ASF/sam0/drivers/system/clock/clock_samd21_r21_da_ha1/clock.o
 .text.system_clock_init
                0x0000f9ac      0x318 src/ASF/sam0/drivers/system/clock/clock_samd21_r21_da_ha1/clock.o
                0x0000f9ac                system_clock_init
 .text.system_apb_clock_set_mask
                0x0000fcc4       0x5c src/ASF/sam0/drivers/system/clock/clock_samd21_r21_da_ha1/gclk.o
 .text.system_interrupt_enter_critical_section
                0x0000fd20       0x1c src/ASF/sam0/drivers/system/clock/clock_samd21_r21_da_ha1/gclk.o
 .text.system_interrupt_leave_critical_section
                0x0000fd3c       0x1c src/ASF/sam0/drivers/system/clock/clock_samd21_r21_da_ha1/gclk.o
 .text.system_gclk_is_syncing
                0x0000fd58       0x20 src/ASF/sam0/drivers/system/clock/clock_samd21_r21_da_ha1/gclk.o
 .text.system_gclk_init
                0x0000fd78       0x34 src/ASF/sam0/drivers/system/clock/clock_samd21_r21_da_ha1/gclk.o
                0x0000fd78                system_gclk_init
 .text.system_gclk_gen_set_config
                0x0000fdac      0x134 src/ASF/sam0/drivers/system/clock/clock_samd21_r21_da_ha1/gclk.o
                0x0000fdac                system_gclk_gen_set_config
 .text.system_gclk_gen_enable
                0x0000fee0       0x68 src/ASF/sam0/drivers/system/clock/clock_samd21_r21_da_ha1/gclk.o
                0x0000fee0                system_gclk_gen_enable
 .text.system_gclk_gen_get_hz
                0x0000ff48       0xf8 src/ASF/sam0/drivers/system/clock/clock_samd21_r21_da_ha1/gclk.o
                0x0000ff48                system_gclk_gen_get_hz
 .text.system_gclk_chan_set_config
                0x00010040       0x50 src/ASF/sam0/drivers/system/clock/clock_samd21_r21_da_ha1/gclk.o
                0x00010040                system_gclk_chan_set_config
 .text.system_gclk_chan_enable
                0x00010090       0x4c src/ASF/sam0/drivers/system/clock/clock_samd21_r21_da_ha1/gclk.o
                0x00010090                system_gclk_chan_enable
 .text.system_gclk_chan_disable
                0x000100dc       0x9c src/ASF/sam0/drivers/system/clock/clock_samd21_r21_da_ha1/gclk.o
                0x000100dc                system_gclk_chan_disable
 .text.system_gclk_chan_get_hz
                0x00010178       0x64 src/ASF/sam0/drivers/system/clock/clock_samd21_r21_da_ha1/gclk.o
                0x00010178                system_gclk_chan_get_hz
 .text.system_pinmux_get_group_from_gpio_pin
                0x000101dc       0x60 src/ASF/sam0/drivers/system/pinmux/pinmux.o
 .text._system_pinmux_config
                0x0001023c      0x110 src/ASF/sam0/drivers/system/pinmux/pinmux.o
 .text.system_pinmux_pin_set_config
                0x0001034c       0x4c src/ASF/sam0/drivers/system/pinmux/pinmux.o
                0x0001034c                system_pinmux_pin_set_config
 .text._system_dummy_init
                0x00010398        0xa src/ASF/sam0/drivers/system/system.o
                0x00010398                _system_events_init
                0x00010398                _system_dummy_init
                0x00010398                _system_divas_init
 *fill*         0x000103a2        0x2 
 .text.system_init
                0x000103a4       0x44 src/ASF/sam0/drivers/system/system.o
                0x000103a4                system_init
 .text.Reset_Handler
                0x000103e8      0x110 src/ASF/sam0/utils/cmsis/samd21/source/gcc/startup_samd21.o
                0x000103e8                Reset_Handler
 .text.Dummy_Handler
                0x000104f8        0x6 src/ASF/sam0/utils/cmsis/samd21/source/gcc/startup_samd21.o
                0x000104f8                DMAC_Handler
                0x000104f8                HardFault_Handler
                0x000104f8                AC_Handler
                0x000104f8                SysTick_Handler
                0x000104f8                PendSV_Handler
                0x000104f8                NMI_Handler
                0x000104f8                ADC_Handler
                0x000104f8                TCC1_Handler
                0x000104f8                TCC0_Handler
                0x000104f8                WDT_Handler
                0x000104f8                TC4_Handler
                0x000104f8                TC3_Handler
                0x000104f8                Dummy_Handler
                0x000104f8                PM_Handler
                0x000104f8                SVC_Handler
                0x000104f8                TCC2_Handler
                0x000104f8                EVSYS_Handler
                0x000104f8                I2S_Handler
                0x000104f8                NVMCTRL_Handler
                0x000104f8                DAC_Handler
                0x000104f8                PTC_Handler
                0x000104f8                TC5_Handler
 *fill*         0x000104fe        0x2 
 .text._read    0x00010500       0x60 src/ASF/sam0/utils/stdio/read.o
                0x00010500                _read
 .text._write   0x00010560       0x78 src/ASF/sam0/utils/stdio/write.o
                0x00010560                _write
 .text._sbrk    0x000105d8       0x60 src/ASF/sam0/utils/syscalls/gcc/syscalls.o
                0x000105d8                _sbrk
 .text._close   0x00010638       0x14 src/ASF/sam0/utils/syscalls/gcc/syscalls.o
                0x00010638                _close
 .text._fstat   0x0001064c       0x1c src/ASF/sam0/utils/syscalls/gcc/syscalls.o
                0x0001064c                _fstat
 .text._isatty  0x00010668       0x12 src/ASF/sam0/utils/syscalls/gcc/syscalls.o
                0x00010668                _isatty
 .text._lseek   0x0001067a       0x16 src/ASF/sam0/utils/syscalls/gcc/syscalls.o
                0x0001067a                _lseek
 .text          0x00010690       0x18 c:/program files (x86)/atmel/studio/7.0/toolchain/arm/arm-gnu-toolchain/bin/../lib/gcc/arm-none-eabi/6.2.1/thumb/v6-m\libgcc.a(_thumb1_case_si.o)
                0x00010690                __gnu_thumb1_case_si
 .text          0x000106a8      0x114 c:/program files (x86)/atmel/studio/7.0/toolchain/arm/arm-gnu-toolchain/bin/../lib/gcc/arm-none-eabi/6.2.1/thumb/v6-m\libgcc.a(_udivsi3.o)
                0x000106a8                __aeabi_uidiv
                0x000106a8                __udivsi3
                0x000107b4                __aeabi_uidivmod
 .text          0x000107bc      0x1d4 c:/program files (x86)/atmel/studio/7.0/toolchain/arm/arm-gnu-toolchain/bin/../lib/gcc/arm-none-eabi/6.2.1/thumb/v6-m\libgcc.a(_divsi3.o)
                0x000107bc                __divsi3
                0x000107bc                __aeabi_idiv
                0x00010988                __aeabi_idivmod
 .text          0x00010990        0x4 c:/program files (x86)/atmel/studio/7.0/toolchain/arm/arm-gnu-toolchain/bin/../lib/gcc/arm-none-eabi/6.2.1/thumb/v6-m\libgcc.a(_dvmd_tls.o)
                0x00010990                __aeabi_idiv0
                0x00010990                __aeabi_ldiv0
 .text          0x00010994       0x40 c:/program files (x86)/atmel/studio/7.0/toolchain/arm/arm-gnu-toolchain/bin/../lib/gcc/arm-none-eabi/6.2.1/thumb/v6-m\libgcc.a(_ctzsi2.o)
                0x00010994                __ctzsi2
 .text.__libc_init_array
                0x000109d4       0x48 c:/program files (x86)/atmel/studio/7.0/toolchain/arm/arm-gnu-toolchain/bin/../lib/gcc/arm-none-eabi/6.2.1/../../../../arm-none-eabi/lib/thumb/v6-m\libc_nano.a(lib_a-init.o)
                0x000109d4                __libc_init_array
 .text.memcpy   0x00010a1c       0x12 c:/program files (x86)/atmel/studio/7.0/toolchain/arm/arm-gnu-toolchain/bin/../lib/gcc/arm-none-eabi/6.2.1/../../../../arm-none-eabi/lib/thumb/v6-m\libc_nano.a(lib_a-memcpy-stub.o)
                0x00010a1c                memcpy
 .text.memset   0x00010a2e       0x10 c:/program files (x86)/atmel/studio/7.0/toolchain/arm/arm-gnu-toolchain/bin/../lib/gcc/arm-none-eabi/6.2.1/../../../../arm-none-eabi/lib/thumb/v6-m\libc_nano.a(lib_a-memset.o)
                0x00010a2e                memset
 .text.setbuf   0x00010a3e       0x12 c:/program files (x86)/atmel/studio/7.0/toolchain/arm/arm-gnu-toolchain/bin/../lib/gcc/arm-none-eabi/6.2.1/../../../../arm-none-eabi/lib/thumb/v6-m\libc_nano.a(lib_a-setbuf.o)
                0x00010a3e                setbuf
 .text.setvbuf  0x00010a50      0x158 c:/program files (x86)/atmel/studio/7.0/toolchain/arm/arm-gnu-toolchain/bin/../lib/gcc/arm-none-eabi/6.2.1/../../../../arm-none-eabi/lib/thumb/v6-m\libc_nano.a(lib_a-setvbuf.o)
                0x00010a50                setvbuf
 .text.vprintf  0x00010ba8       0x2c c:/program files (x86)/atmel/studio/7.0/toolchain/arm/arm-gnu-toolchain/bin/../lib/gcc/arm-none-eabi/6.2.1/../../../../arm-none-eabi/lib/thumb/v6-m\libc_nano.a(lib_a-vprintf.o)
                0x00010ba8                viprintf
                0x00010ba8                vprintf
 .text.__sflush_r
                0x00010bd4      0x114 c:/program files (x86)/atmel/studio/7.0/toolchain/arm/arm-gnu-toolchain/bin/../lib/gcc/arm-none-eabi/6.2.1/../../../../arm-none-eabi/lib/thumb/v6-m\libc_nano.a(lib_a-fflush.o)
                0x00010bd4                __sflush_r
 .text._fflush_r
                0x00010ce8       0x58 c:/program files (x86)/atmel/studio/7.0/toolchain/arm/arm-gnu-toolchain/bin/../lib/gcc/arm-none-eabi/6.2.1/../../../../arm-none-eabi/lib/thumb/v6-m\libc_nano.a(lib_a-fflush.o)
                0x00010ce8                _fflush_r
 .text._cleanup_r
                0x00010d40       0x10 c:/program files (x86)/atmel/studio/7.0/toolchain/arm/arm-gnu-toolchain/bin/../lib/gcc/arm-none-eabi/6.2.1/../../../../arm-none-eabi/lib/thumb/v6-m\libc_nano.a(lib_a-findfp.o)
                0x00010d40                _cleanup_r
 .text.std.isra.0
                0x00010d50       0x48 c:/program files (x86)/atmel/studio/7.0/toolchain/arm/arm-gnu-toolchain/bin/../lib/gcc/arm-none-eabi/6.2.1/../../../../arm-none-eabi/lib/thumb/v6-m\libc_nano.a(lib_a-findfp.o)
 .text.__sfmoreglue
                0x00010d98       0x2c c:/program files (x86)/atmel/studio/7.0/toolchain/arm/arm-gnu-toolchain/bin/../lib/gcc/arm-none-eabi/6.2.1/../../../../arm-none-eabi/lib/thumb/v6-m\libc_nano.a(lib_a-findfp.o)
                0x00010d98                __sfmoreglue
 .text.__sinit  0x00010dc4       0x68 c:/program files (x86)/atmel/studio/7.0/toolchain/arm/arm-gnu-toolchain/bin/../lib/gcc/arm-none-eabi/6.2.1/../../../../arm-none-eabi/lib/thumb/v6-m\libc_nano.a(lib_a-findfp.o)
                0x00010dc4                __sinit
 .text.__sfp    0x00010e2c       0x80 c:/program files (x86)/atmel/studio/7.0/toolchain/arm/arm-gnu-toolchain/bin/../lib/gcc/arm-none-eabi/6.2.1/../../../../arm-none-eabi/lib/thumb/v6-m\libc_nano.a(lib_a-findfp.o)
                0x00010e2c                __sfp
 .text._fwalk_reent
                0x00010eac       0x42 c:/program files (x86)/atmel/studio/7.0/toolchain/arm/arm-gnu-toolchain/bin/../lib/gcc/arm-none-eabi/6.2.1/../../../../arm-none-eabi/lib/thumb/v6-m\libc_nano.a(lib_a-fwalk.o)
                0x00010eac                _fwalk_reent
 *fill*         0x00010eee        0x2 
 .text.__swhatbuf_r
                0x00010ef0       0x50 c:/program files (x86)/atmel/studio/7.0/toolchain/arm/arm-gnu-toolchain/bin/../lib/gcc/arm-none-eabi/6.2.1/../../../../arm-none-eabi/lib/thumb/v6-m\libc_nano.a(lib_a-makebuf.o)
                0x00010ef0                __swhatbuf_r
 .text.__smakebuf_r
                0x00010f40       0x7c c:/program files (x86)/atmel/studio/7.0/toolchain/arm/arm-gnu-toolchain/bin/../lib/gcc/arm-none-eabi/6.2.1/../../../../arm-none-eabi/lib/thumb/v6-m\libc_nano.a(lib_a-makebuf.o)
                0x00010f40                __smakebuf_r
 .text.malloc   0x00010fbc       0x14 c:/program files (x86)/atmel/studio/7.0/toolchain/arm/arm-gnu-toolchain/bin/../lib/gcc/arm-none-eabi/6.2.1/../../../../arm-none-eabi/lib/thumb/v6-m\libc_nano.a(lib_a-malloc.o)
                0x00010fbc                malloc
 .text._free_r  0x00010fd0       0x94 c:/program files (x86)/atmel/studio/7.0/toolchain/arm/arm-gnu-toolchain/bin/../lib/gcc/arm-none-eabi/6.2.1/../../../../arm-none-eabi/lib/thumb/v6-m\libc_nano.a(lib_a-nano-freer.o)
                0x00010fd0                _free_r
 .text._malloc_r
                0x00011064       0xbc c:/program files (x86)/atmel/studio/7.0/toolchain/arm/arm-gnu-toolchain/bin/../lib/gcc/arm-none-eabi/6.2.1/../../../../arm-none-eabi/lib/thumb/v6-m\libc_nano.a(lib_a-nano-mallocr.o)
                0x00011064                _malloc_r
 .text.__sfputc_r
                0x00011120       0x2a c:/program files (x86)/atmel/studio/7.0/toolchain/arm/arm-gnu-toolchain/bin/../lib/gcc/arm-none-eabi/6.2.1/../../../../arm-none-eabi/lib/thumb/v6-m\libc_nano.a(lib_a-nano-vfprintf.o)
 .text.__sfputs_r
                0x0001114a       0x24 c:/program files (x86)/atmel/studio/7.0/toolchain/arm/arm-gnu-toolchain/bin/../lib/gcc/arm-none-eabi/6.2.1/../../../../arm-none-eabi/lib/thumb/v6-m\libc_nano.a(lib_a-nano-vfprintf.o)
                0x0001114a                __sfputs_r
 *fill*         0x0001116e        0x2 
 .text._vfprintf_r
                0x00011170      0x238 c:/program files (x86)/atmel/studio/7.0/toolchain/arm/arm-gnu-toolchain/bin/../lib/gcc/arm-none-eabi/6.2.1/../../../../arm-none-eabi/lib/thumb/v6-m\libc_nano.a(lib_a-nano-vfprintf.o)
                0x00011170                _vfprintf_r
                0x00011170                _vfiprintf_r
 .text._printf_common
                0x000113a8       0xda c:/program files (x86)/atmel/studio/7.0/toolchain/arm/arm-gnu-toolchain/bin/../lib/gcc/arm-none-eabi/6.2.1/../../../../arm-none-eabi/lib/thumb/v6-m\libc_nano.a(lib_a-nano-vfprintf_i.o)
                0x000113a8                _printf_common
 *fill*         0x00011482        0x2 
 .text._printf_i
                0x00011484      0x234 c:/program files (x86)/atmel/studio/7.0/toolchain/arm/arm-gnu-toolchain/bin/../lib/gcc/arm-none-eabi/6.2.1/../../../../arm-none-eabi/lib/thumb/v6-m\libc_nano.a(lib_a-nano-vfprintf_i.o)
                0x00011484                _printf_i
 .text._sbrk_r  0x000116b8       0x24 c:/program files (x86)/atmel/studio/7.0/toolchain/arm/arm-gnu-toolchain/bin/../lib/gcc/arm-none-eabi/6.2.1/../../../../arm-none-eabi/lib/thumb/v6-m\libc_nano.a(lib_a-sbrkr.o)
                0x000116b8                _sbrk_r
 .text.__sread  0x000116dc       0x28 c:/program files (x86)/atmel/studio/7.0/toolchain/arm/arm-gnu-toolchain/bin/../lib/gcc/arm-none-eabi/6.2.1/../../../../arm-none-eabi/lib/thumb/v6-m\libc_nano.a(lib_a-stdio.o)
                0x000116dc                __sread
 .text.__swrite
                0x00011704       0x38 c:/program files (x86)/atmel/studio/7.0/toolchain/arm/arm-gnu-toolchain/bin/../lib/gcc/arm-none-eabi/6.2.1/../../../../arm-none-eabi/lib/thumb/v6-m\libc_nano.a(lib_a-stdio.o)
                0x00011704                __swrite
 .text.__sseek  0x0001173c       0x2c c:/program files (x86)/atmel/studio/7.0/toolchain/arm/arm-gnu-toolchain/bin/../lib/gcc/arm-none-eabi/6.2.1/../../../../arm-none-eabi/lib/thumb/v6-m\libc_nano.a(lib_a-stdio.o)
                0x0001173c                __sseek
 .text.__sclose
                0x00011768        0xc c:/program files (x86)/atmel/studio/7.0/toolchain/arm/arm-gnu-toolchain/bin/../lib/gcc/arm-none-eabi/6.2.1/../../../../arm-none-eabi/lib/thumb/v6-m\libc_nano.a(lib_a-stdio.o)
                0x00011768                __sclose
 .text.__swbuf_r
                0x00011774       0xac c:/program files (x86)/atmel/studio/7.0/toolchain/arm/arm-gnu-toolchain/bin/../lib/gcc/arm-none-eabi/6.2.1/../../../../arm-none-eabi/lib/thumb/v6-m\libc_nano.a(lib_a-wbuf.o)
                0x00011774                __swbuf_r
 .text._write_r
                0x00011820       0x28 c:/program files (x86)/atmel/studio/7.0/toolchain/arm/arm-gnu-toolchain/bin/../lib/gcc/arm-none-eabi/6.2.1/../../../../arm-none-eabi/lib/thumb/v6-m\libc_nano.a(lib_a-writer.o)
                0x00011820                _write_r
 .text.__swsetup_r
                0x00011848       0xec c:/program files (x86)/atmel/studio/7.0/toolchain/arm/arm-gnu-toolchain/bin/../lib/gcc/arm-none-eabi/6.2.1/../../../../arm-none-eabi/lib/thumb/v6-m\libc_nano.a(lib_a-wsetup.o)
                0x00011848                __swsetup_r
 .text._close_r
                0x00011934       0x24 c:/program files (x86)/atmel/studio/7.0/toolchain/arm/arm-gnu-toolchain/bin/../lib/gcc/arm-none-eabi/6.2.1/../../../../arm-none-eabi/lib/thumb/v6-m\libc_nano.a(lib_a-closer.o)
                0x00011934                _close_r
 .text._fstat_r
                0x00011958       0x24 c:/program files (x86)/atmel/studio/7.0/toolchain/arm/arm-gnu-toolchain/bin/../lib/gcc/arm-none-eabi/6.2.1/../../../../arm-none-eabi/lib/thumb/v6-m\libc_nano.a(lib_a-fstatr.o)
                0x00011958                _fstat_r
 .text._isatty_r
                0x0001197c       0x24 c:/program files (x86)/atmel/studio/7.0/toolchain/arm/arm-gnu-toolchain/bin/../lib/gcc/arm-none-eabi/6.2.1/../../../../arm-none-eabi/lib/thumb/v6-m\libc_nano.a(lib_a-isattyr.o)
                0x0001197c                _isatty_r
 .text._lseek_r
                0x000119a0       0x28 c:/program files (x86)/atmel/studio/7.0/toolchain/arm/arm-gnu-toolchain/bin/../lib/gcc/arm-none-eabi/6.2.1/../../../../arm-none-eabi/lib/thumb/v6-m\libc_nano.a(lib_a-lseekr.o)
                0x000119a0                _lseek_r
 .text.memchr   0x000119c8       0x16 c:/program files (x86)/atmel/studio/7.0/toolchain/arm/arm-gnu-toolchain/bin/../lib/gcc/arm-none-eabi/6.2.1/../../../../arm-none-eabi/lib/thumb/v6-m\libc_nano.a(lib_a-memchr-stub.o)
                0x000119c8                memchr
 .text.__malloc_lock
                0x000119de        0x2 c:/program files (x86)/atmel/studio/7.0/toolchain/arm/arm-gnu-toolchain/bin/../lib/gcc/arm-none-eabi/6.2.1/../../../../arm-none-eabi/lib/thumb/v6-m\libc_nano.a(lib_a-mlock.o)
                0x000119de                __malloc_lock
 .text.__malloc_unlock
                0x000119e0        0x2 c:/program files (x86)/atmel/studio/7.0/toolchain/arm/arm-gnu-toolchain/bin/../lib/gcc/arm-none-eabi/6.2.1/../../../../arm-none-eabi/lib/thumb/v6-m\libc_nano.a(lib_a-mlock.o)
                0x000119e0                __malloc_unlock
 *fill*         0x000119e2        0x2 
 .text._read_r  0x000119e4       0x28 c:/program files (x86)/atmel/studio/7.0/toolchain/arm/arm-gnu-toolchain/bin/../lib/gcc/arm-none-eabi/6.2.1/../../../../arm-none-eabi/lib/thumb/v6-m\libc_nano.a(lib_a-readr.o)
                0x000119e4                _read_r
 *(.glue_7t)
 .glue_7t       0x00011a0c        0x0 linker stubs
 *(.glue_7)
 .glue_7        0x00011a0c        0x0 linker stubs
 *(.rodata .rodata* .gnu.linkonce.r.*)
 .rodata.sd_mmc_trans_units
                0x00011a0c       0x1c src/ASF/common2/components/memory/sd_mmc/sd_mmc.o
                0x00011a0c                sd_mmc_trans_units
 .rodata.sd_trans_multipliers
                0x00011a28       0x40 src/ASF/common2/components/memory/sd_mmc/sd_mmc.o
                0x00011a28                sd_trans_multipliers
 .rodata.mmc_trans_multipliers
                0x00011a68       0x40 src/ASF/common2/components/memory/sd_mmc/sd_mmc.o
                0x00011a68                mmc_trans_multipliers
 .rodata        0x00011aa8        0xf src/ASF/thirdparty/fatfs/fatfs-r0.09/src/ff.o
 *fill*         0x00011ab7        0x1 
 .rodata        0x00011ab8      0x21c src/bootloader.o
 .rodata        0x00011cd4        0x8 src/ASF/common/services/usb/udc/udc.o
 .rodata        0x00011cdc       0x18 src/ASF/sam0/drivers/sercom/sercom.o
 .rodata        0x00011cf4        0x6 src/ASF/sam0/drivers/sercom/sercom_interrupt.o
 *fill*         0x00011cfa        0x2 
 .rodata        0x00011cfc       0x15 src/ASF/common/services/storage/ctrl_access/ctrl_access.o
 *fill*         0x00011d11        0x3 
 .rodata        0x00011d14        0x4 src/ASF/sam0/drivers/usb/stack_interface/usb_device_udd.o
 .rodata._usb_device_irq_bits
                0x00011d18        0xe src/ASF/sam0/drivers/usb/usb_sam_d_r/usb.o
 *fill*         0x00011d26        0x2 
 .rodata._usb_endpoint_irq_bits
                0x00011d28        0x4 src/ASF/sam0/drivers/usb/usb_sam_d_r/usb.o
 .rodata._global_impure_ptr
                0x00011d2c        0x4 c:/program files (x86)/atmel/studio/7.0/toolchain/arm/arm-gnu-toolchain/bin/../lib/gcc/arm-none-eabi/6.2.1/../../../../arm-none-eabi/lib/thumb/v6-m\libc_nano.a(lib_a-impure.o)
                0x00011d2c                _global_impure_ptr
 .rodata.__sf_fake_stderr
                0x00011d30       0x20 c:/program files (x86)/atmel/studio/7.0/toolchain/arm/arm-gnu-toolchain/bin/../lib/gcc/arm-none-eabi/6.2.1/../../../../arm-none-eabi/lib/thumb/v6-m\libc_nano.a(lib_a-findfp.o)
                0x00011d30                __sf_fake_stderr
 .rodata.__sf_fake_stdin
                0x00011d50       0x20 c:/program files (x86)/atmel/studio/7.0/toolchain/arm/arm-gnu-toolchain/bin/../lib/gcc/arm-none-eabi/6.2.1/../../../../arm-none-eabi/lib/thumb/v6-m\libc_nano.a(lib_a-findfp.o)
                0x00011d50                __sf_fake_stdin
 .rodata.__sf_fake_stdout
                0x00011d70       0x20 c:/program files (x86)/atmel/studio/7.0/toolchain/arm/arm-gnu-toolchain/bin/../lib/gcc/arm-none-eabi/6.2.1/../../../../arm-none-eabi/lib/thumb/v6-m\libc_nano.a(lib_a-findfp.o)
                0x00011d70                __sf_fake_stdout
 .rodata._vfprintf_r.str1.1
                0x00011d90       0x11 c:/program files (x86)/atmel/studio/7.0/toolchain/arm/arm-gnu-toolchain/bin/../lib/gcc/arm-none-eabi/6.2.1/../../../../arm-none-eabi/lib/thumb/v6-m\libc_nano.a(lib_a-nano-vfprintf.o)
 .rodata._printf_i.str1.1
                0x00011da1       0x22 c:/program files (x86)/atmel/studio/7.0/toolchain/arm/arm-gnu-toolchain/bin/../lib/gcc/arm-none-eabi/6.2.1/../../../../arm-none-eabi/lib/thumb/v6-m\libc_nano.a(lib_a-nano-vfprintf_i.o)
 *(.ARM.extab* .gnu.linkonce.armextab.*)
                0x00011dc4                . = ALIGN (0x4)
 *fill*         0x00011dc3        0x1 
 *(.init)
 .init          0x00011dc4        0x4 c:/program files (x86)/atmel/studio/7.0/toolchain/arm/arm-gnu-toolchain/bin/../lib/gcc/arm-none-eabi/6.2.1/thumb/v6-m/crti.o
                0x00011dc4                _init
 .init          0x00011dc8        0x8 c:/program files (x86)/atmel/studio/7.0/toolchain/arm/arm-gnu-toolchain/bin/../lib/gcc/arm-none-eabi/6.2.1/thumb/v6-m/crtn.o
                0x00011dd0                . = ALIGN (0x4)
                0x00011dd0                __preinit_array_start = .
 *(.preinit_array)
                0x00011dd0                __preinit_array_end = .
                0x00011dd0                . = ALIGN (0x4)
                0x00011dd0                __init_array_start = .
 *(SORT(.init_array.*))
 *(.init_array)
 .init_array    0x00011dd0        0x4 c:/program files (x86)/atmel/studio/7.0/toolchain/arm/arm-gnu-toolchain/bin/../lib/gcc/arm-none-eabi/6.2.1/thumb/v6-m/crtbegin.o
                0x00011dd4                __init_array_end = .
                0x00011dd4                . = ALIGN (0x4)
 *crtbegin.o(.ctors)
 *(EXCLUDE_FILE(*crtend.o) .ctors)
 *(SORT(.ctors.*))
 *crtend.o(.ctors)
                0x00011dd4                . = ALIGN (0x4)
 *(.fini)
 .fini          0x00011dd4        0x4 c:/program files (x86)/atmel/studio/7.0/toolchain/arm/arm-gnu-toolchain/bin/../lib/gcc/arm-none-eabi/6.2.1/thumb/v6-m/crti.o
                0x00011dd4                _fini
 .fini          0x00011dd8        0x8 c:/program files (x86)/atmel/studio/7.0/toolchain/arm/arm-gnu-toolchain/bin/../lib/gcc/arm-none-eabi/6.2.1/thumb/v6-m/crtn.o
                0x00011de0                . = ALIGN (0x4)
                0x00011de0                __fini_array_start = .
 *(.fini_array)
 .fini_array    0x00011de0        0x4 c:/program files (x86)/atmel/studio/7.0/toolchain/arm/arm-gnu-toolchain/bin/../lib/gcc/arm-none-eabi/6.2.1/thumb/v6-m/crtbegin.o
 *(SORT(.fini_array.*))
                0x00011de4                __fini_array_end = .
 *crtbegin.o(.dtors)
 *(EXCLUDE_FILE(*crtend.o) .dtors)
 *(SORT(.dtors.*))
 *crtend.o(.dtors)
                0x00011de4                . = ALIGN (0x4)
                0x00011de4                _efixed = .
                [!provide]                PROVIDE (__exidx_start, .)

.vfp11_veneer   0x00011de4        0x0
 .vfp11_veneer  0x00011de4        0x0 linker stubs

.v4_bx          0x00011de4        0x0
 .v4_bx         0x00011de4        0x0 linker stubs

.iplt           0x00011de4        0x0
 .iplt          0x00011de4        0x0 c:/program files (x86)/atmel/studio/7.0/toolchain/arm/arm-gnu-toolchain/bin/../lib/gcc/arm-none-eabi/6.2.1/thumb/v6-m/crtbegin.o

.eh_frame       0x00011de4        0x0
 .eh_frame      0x00011de4        0x0 c:/program files (x86)/atmel/studio/7.0/toolchain/arm/arm-gnu-toolchain/bin/../lib/gcc/arm-none-eabi/6.2.1/thumb/v6-m/crtbegin.o

.rel.dyn        0x00011de4        0x0
 .rel.iplt      0x00011de4        0x0 c:/program files (x86)/atmel/studio/7.0/toolchain/arm/arm-gnu-toolchain/bin/../lib/gcc/arm-none-eabi/6.2.1/thumb/v6-m/crtbegin.o
 .rel.got       0x00011de4        0x0 c:/program files (x86)/atmel/studio/7.0/toolchain/arm/arm-gnu-toolchain/bin/../lib/gcc/arm-none-eabi/6.2.1/thumb/v6-m/crtbegin.o

.jcr            0x00011de4        0x0
 .jcr           0x00011de4        0x0 c:/program files (x86)/atmel/studio/7.0/toolchain/arm/arm-gnu-toolchain/bin/../lib/gcc/arm-none-eabi/6.2.1/thumb/v6-m/crtbegin.o

.igot.plt       0x00011de4        0x0
 .igot.plt      0x00011de4        0x0 c:/program files (x86)/atmel/studio/7.0/toolchain/arm/arm-gnu-toolchain/bin/../lib/gcc/arm-none-eabi/6.2.1/thumb/v6-m/crtbegin.o

.got            0x00011de4      0x304
 .got           0x00011de4      0x304 c:/program files (x86)/atmel/studio/7.0/toolchain/arm/arm-gnu-toolchain/bin/../lib/gcc/arm-none-eabi/6.2.1/thumb/v6-m/crtbegin.o

.got.plt        0x000120e8        0xc
 .got.plt       0x000120e8        0xc c:/program files (x86)/atmel/studio/7.0/toolchain/arm/arm-gnu-toolchain/bin/../lib/gcc/arm-none-eabi/6.2.1/thumb/v6-m/crtbegin.o
                0x000120e8                _GLOBAL_OFFSET_TABLE_

.ARM.exidx
 *(.ARM.exidx* .gnu.linkonce.armexidx.*)
                [!provide]                PROVIDE (__exidx_end, .)
                0x000120f4                . = ALIGN (0x4)
                0x000120f4                _etext = .

.relocate       0x20000000      0x184 load address 0x000120f4
                0x20000000                . = ALIGN (0x4)
                0x20000000                _srelocate = .
 *(.ramfunc .ramfunc.*)
 *(.data .data.*)
 .data.rel.udi_api_cdc_comm
                0x20000000       0x14 src/ASF/common/services/usb/class/cdc/device/udi_cdc.o
                0x20000000                udi_api_cdc_comm
 .data.rel.udi_api_cdc_data
                0x20000014       0x14 src/ASF/common/services/usb/class/cdc/device/udi_cdc.o
                0x20000014                udi_api_cdc_data
 .data.udc_device_desc
                0x20000028       0x12 src/ASF/common/services/usb/class/cdc/device/udi_cdc_desc.o
                0x20000028                udc_device_desc
 *fill*         0x2000003a        0x2 
 .data.udc_device_lpm
                0x2000003c        0xc src/ASF/common/services/usb/class/cdc/device/udi_cdc_desc.o
                0x2000003c                udc_device_lpm
 .data.udc_desc_fs
                0x20000048       0x43 src/ASF/common/services/usb/class/cdc/device/udi_cdc_desc.o
                0x20000048                udc_desc_fs
 *fill*         0x2000008b        0x1 
 .data.rel.udi_apis
                0x2000008c        0x8 src/ASF/common/services/usb/class/cdc/device/udi_cdc_desc.o
                0x2000008c                udi_apis
 .data.rel.udc_config_fs
                0x20000094        0x8 src/ASF/common/services/usb/class/cdc/device/udi_cdc_desc.o
                0x20000094                udc_config_fs
 .data.rel.udc_config
                0x2000009c        0xc src/ASF/common/services/usb/class/cdc/device/udi_cdc_desc.o
                0x2000009c                udc_config
 .data.udc_string_desc_languageid
                0x200000a8        0x4 src/ASF/common/services/usb/udc/udc.o
 .data.udc_string_manufacturer_name
                0x200000ac        0xc src/ASF/common/services/usb/udc/udc.o
 .data.udc_string_product_name
                0x200000b8       0x11 src/ASF/common/services/usb/udc/udc.o
 *fill*         0x200000c9        0x3 
 .data.udc_string_desc
                0x200000cc       0x22 src/ASF/common/services/usb/udc/udc.o
 *fill*         0x200000ee        0x2 
 .data.cycles_per_ms
                0x200000f0        0x4 src/ASF/common2/services/delay/sam0/systick_counter.o
 .data.cycles_per_us
                0x200000f4        0x4 src/ASF/common2/services/delay/sam0/systick_counter.o
 .data.ss_pins  0x200000f8        0x1 src/ASF/common2/components/memory/sd_mmc/sd_mmc_spi.o
                0x200000f8                ss_pins
 *fill*         0x200000f9        0x3 
 .data.rel.ro.lun_desc
                0x200000fc       0x20 src/ASF/common/services/storage/ctrl_access/ctrl_access.o
 .data.g_interrupt_enabled
                0x2000011c        0x1 src/ASF/common/utils/interrupt/interrupt_sam_nvic.o
                0x2000011c                g_interrupt_enabled
 *fill*         0x2000011d        0x3 
 .data._impure_ptr
                0x20000120        0x4 c:/program files (x86)/atmel/studio/7.0/toolchain/arm/arm-gnu-toolchain/bin/../lib/gcc/arm-none-eabi/6.2.1/../../../../arm-none-eabi/lib/thumb/v6-m\libc_nano.a(lib_a-impure.o)
                0x20000120                _impure_ptr
 .data.impure_data
                0x20000124       0x60 c:/program files (x86)/atmel/studio/7.0/toolchain/arm/arm-gnu-toolchain/bin/../lib/gcc/arm-none-eabi/6.2.1/../../../../arm-none-eabi/lib/thumb/v6-m\libc_nano.a(lib_a-impure.o)
                0x20000184                . = ALIGN (0x4)
                0x20000184                _erelocate = .

.bss            0x20000184      0x8f8 load address 0x00012278
                0x20000184                . = ALIGN (0x4)
                0x20000184                _sbss = .
                0x20000184                _szero = .
 *(.bss .bss.*)
 .bss           0x20000184       0x1c c:/program files (x86)/atmel/studio/7.0/toolchain/arm/arm-gnu-toolchain/bin/../lib/gcc/arm-none-eabi/6.2.1/thumb/v6-m/crtbegin.o
 .bss.sd_mmc_cards
                0x200001a0       0x20 src/ASF/common2/components/memory/sd_mmc/sd_mmc.o
 .bss.sd_mmc_slot_sel
                0x200001c0        0x1 src/ASF/common2/components/memory/sd_mmc/sd_mmc.o
 *fill*         0x200001c1        0x3 
 .bss.sd_mmc_card
                0x200001c4        0x4 src/ASF/common2/components/memory/sd_mmc/sd_mmc.o
 .bss.sd_mmc_nb_block_to_tranfer
                0x200001c8        0x2 src/ASF/common2/components/memory/sd_mmc/sd_mmc.o
 .bss.sd_mmc_nb_block_remaining
                0x200001ca        0x2 src/ASF/common2/components/memory/sd_mmc/sd_mmc.o
 .bss.sd_mmc_ejected
                0x200001cc        0x2 src/ASF/common2/components/memory/sd_mmc/sd_mmc_mem.o
 *fill*         0x200001ce        0x2 
 .bss.FatFs     0x200001d0        0x4 src/ASF/thirdparty/fatfs/fatfs-r0.09/src/ff.o
 .bss.Fsid      0x200001d4        0x2 src/ASF/thirdparty/fatfs/fatfs-r0.09/src/ff.o
 *fill*         0x200001d6        0x2 
 .bss.buff      0x200001d8      0x200 src/bootloader.o
 .bss.udi_cdc_line_coding
                0x200003d8        0x7 src/ASF/common/services/usb/class/cdc/device/udi_cdc.o
 *fill*         0x200003df        0x1 
 .bss.udi_cdc_state
                0x200003e0        0x2 src/ASF/common/services/usb/class/cdc/device/udi_cdc.o
 *fill*         0x200003e2        0x2 
 .bss.uid_cdc_state_msg
                0x200003e4        0xa src/ASF/common/services/usb/class/cdc/device/udi_cdc.o
 .bss.udi_cdc_nb_comm_enabled
                0x200003ee        0x1 src/ASF/common/services/usb/class/cdc/device/udi_cdc.o
 .bss.udi_cdc_nb_data_enabled
                0x200003ef        0x1 src/ASF/common/services/usb/class/cdc/device/udi_cdc.o
 .bss.udi_cdc_data_running
                0x200003f0        0x1 src/ASF/common/services/usb/class/cdc/device/udi_cdc.o
 *fill*         0x200003f1        0x3 
 .bss.udi_cdc_rx_buf
                0x200003f4       0x80 src/ASF/common/services/usb/class/cdc/device/udi_cdc.o
 .bss.udi_cdc_rx_buf_nb
                0x20000474        0x4 src/ASF/common/services/usb/class/cdc/device/udi_cdc.o
 .bss.udi_cdc_rx_buf_sel
                0x20000478        0x1 src/ASF/common/services/usb/class/cdc/device/udi_cdc.o
 *fill*         0x20000479        0x3 
 .bss.udi_cdc_rx_pos
                0x2000047c        0x2 src/ASF/common/services/usb/class/cdc/device/udi_cdc.o
 *fill*         0x2000047e        0x2 
 .bss.udi_cdc_rx_trans_ongoing
                0x20000480        0x1 src/ASF/common/services/usb/class/cdc/device/udi_cdc.o
 *fill*         0x20000481        0x3 
 .bss.udi_cdc_tx_buf
                0x20000484       0x80 src/ASF/common/services/usb/class/cdc/device/udi_cdc.o
 .bss.udi_cdc_tx_buf_nb
                0x20000504        0x4 src/ASF/common/services/usb/class/cdc/device/udi_cdc.o
 .bss.udi_cdc_tx_buf_sel
                0x20000508        0x1 src/ASF/common/services/usb/class/cdc/device/udi_cdc.o
 *fill*         0x20000509        0x3 
 .bss.udi_cdc_tx_sof_num
                0x2000050c        0x2 src/ASF/common/services/usb/class/cdc/device/udi_cdc.o
 *fill*         0x2000050e        0x2 
 .bss.udi_cdc_tx_trans_ongoing
                0x20000510        0x1 src/ASF/common/services/usb/class/cdc/device/udi_cdc.o
 *fill*         0x20000511        0x3 
 .bss.udi_cdc_tx_both_buf_to_send
                0x20000514        0x1 src/ASF/common/services/usb/class/cdc/device/udi_cdc.o
 .bss.port_notify.12298
                0x20000515        0x1 src/ASF/common/services/usb/class/cdc/device/udi_cdc.o
 .bss.sof_zlp_counter.12368
                0x20000516        0x2 src/ASF/common/services/usb/class/cdc/device/udi_cdc.o
 .bss.udc_device_status
                0x20000518        0x2 src/ASF/common/services/usb/udc/udc.o
 *fill*         0x2000051a        0x2 
 .bss.udc_iface_setting
                0x2000051c        0x1 src/ASF/common/services/usb/udc/udc.o
 *fill*         0x2000051d        0x3 
 .bss.udc_num_configuration
                0x20000520        0x1 src/ASF/common/services/usb/udc/udc.o
 *fill*         0x20000521        0x3 
 .bss.udc_ptr_conf
                0x20000524        0x4 src/ASF/common/services/usb/udc/udc.o
 .bss.udc_ptr_iface
                0x20000528        0x4 src/ASF/common/services/usb/udc/udc.o
 .bss.udc_ep_status.12018
                0x2000052c        0x2 src/ASF/common/services/usb/udc/udc.o
 .bss.stdio_usb_interface_enable
                0x2000052e        0x1 src/ASF/common/utils/stdio/stdio_usb/stdio_usb.o
 *fill*         0x2000052f        0x1 
 .bss._sercom_config
                0x20000530        0x2 src/ASF/sam0/drivers/sercom/sercom.o
 .bss._handler_table_initialized
                0x20000532        0x1 src/ASF/sam0/drivers/sercom/sercom_interrupt.o
 *fill*         0x20000533        0x1 
 .bss._sercom_interrupt_handlers
                0x20000534       0x18 src/ASF/sam0/drivers/sercom/sercom_interrupt.o
 .bss.sd_mmc_master
                0x2000054c       0x3c src/ASF/common2/components/memory/sd_mmc/sd_mmc_spi.o
 .bss.sd_mmc_spi_devices
                0x20000588        0x3 src/ASF/common2/components/memory/sd_mmc/sd_mmc_spi.o
 *fill*         0x2000058b        0x1 
 .bss.slave_configs