Archive member included to satisfy reference by file (symbol)

c:/program files (x86)/atmel/studio/7.0/toolchain/arm/arm-gnu-toolchain/bin/../lib/gcc/arm-none-eabi/6.2.1/thumb/v6-m\libgcc.a(_thumb1_case_si.o)
                              src/ASF/common2/components/memory/sd_mmc/sd_mmc.o (__gnu_thumb1_case_si)
c:/program files (x86)/atmel/studio/7.0/toolchain/arm/arm-gnu-toolchain/bin/../lib/gcc/arm-none-eabi/6.2.1/thumb/v6-m\libgcc.a(_udivsi3.o)
                              src/ASF/sam0/drivers/rtc/rtc_sam_d_r_h/rtc_calendar.o (__aeabi_uidiv)
c:/program files (x86)/atmel/studio/7.0/toolchain/arm/arm-gnu-toolchain/bin/../lib/gcc/arm-none-eabi/6.2.1/thumb/v6-m\libgcc.a(_divsi3.o)
                              src/ASF/sam0/drivers/usb/stack_interface/usb_device_udd.o (__aeabi_idivmod)
c:/program files (x86)/atmel/studio/7.0/toolchain/arm/arm-gnu-toolchain/bin/../lib/gcc/arm-none-eabi/6.2.1/thumb/v6-m\libgcc.a(_dvmd_tls.o)
                              c:/program files (x86)/atmel/studio/7.0/toolchain/arm/arm-gnu-toolchain/bin/../lib/gcc/arm-none-eabi/6.2.1/thumb/v6-m\libgcc.a(_udivsi3.o) (__aeabi_idiv0)
c:/program files (x86)/atmel/studio/7.0/toolchain/arm/arm-gnu-toolchain/bin/../lib/gcc/arm-none-eabi/6.2.1/thumb/v6-m\libgcc.a(_clzsi2.o)
                              src/ASF/sam0/drivers/usb/usb_sam_d_r/usb.o (__clzsi2)
c:/program files (x86)/atmel/studio/7.0/toolchain/arm/arm-gnu-toolchain/bin/../lib/gcc/arm-none-eabi/6.2.1/thumb/v6-m\libgcc.a(_ctzsi2.o)
                              src/ASF/sam0/drivers/usb/usb_sam_d_r/usb.o (__ctzsi2)
c:/program files (x86)/atmel/studio/7.0/toolchain/arm/arm-gnu-toolchain/bin/../lib/gcc/arm-none-eabi/6.2.1/thumb/v6-m\libgcc.a(_muldi3.o)
                              src/ASF/sam0/drivers/sercom/sercom.o (__aeabi_lmul)
c:/program files (x86)/atmel/studio/7.0/toolchain/arm/arm-gnu-toolchain/bin/../lib/gcc/arm-none-eabi/6.2.1/../../../../arm-none-eabi/lib/thumb/v6-m\libc_nano.a(lib_a-exit.o)
                              c:/program files (x86)/atmel/studio/7.0/toolchain/arm/arm-gnu-toolchain/bin/../lib/gcc/arm-none-eabi/6.2.1/../../../../arm-none-eabi/lib/thumb/v6-m/crt0.o (exit)
c:/program files (x86)/atmel/studio/7.0/toolchain/arm/arm-gnu-toolchain/bin/../lib/gcc/arm-none-eabi/6.2.1/../../../../arm-none-eabi/lib/thumb/v6-m\libc_nano.a(lib_a-impure.o)
                              c:/program files (x86)/atmel/studio/7.0/toolchain/arm/arm-gnu-toolchain/bin/../lib/gcc/arm-none-eabi/6.2.1/../../../../arm-none-eabi/lib/thumb/v6-m\libc_nano.a(lib_a-exit.o) (_global_impure_ptr)
c:/program files (x86)/atmel/studio/7.0/toolchain/arm/arm-gnu-toolchain/bin/../lib/gcc/arm-none-eabi/6.2.1/../../../../arm-none-eabi/lib/thumb/v6-m\libc_nano.a(lib_a-init.o)
                              c:/program files (x86)/atmel/studio/7.0/toolchain/arm/arm-gnu-toolchain/bin/../lib/gcc/arm-none-eabi/6.2.1/../../../../arm-none-eabi/lib/thumb/v6-m/crt0.o (__libc_init_array)
c:/program files (x86)/atmel/studio/7.0/toolchain/arm/arm-gnu-toolchain/bin/../lib/gcc/arm-none-eabi/6.2.1/../../../../arm-none-eabi/lib/thumb/v6-m\libc_nano.a(lib_a-memcpy-stub.o)
                              src/bootloader.o (memcpy)
c:/program files (x86)/atmel/studio/7.0/toolchain/arm/arm-gnu-toolchain/bin/../lib/gcc/arm-none-eabi/6.2.1/../../../../arm-none-eabi/lib/thumb/v6-m\libc_nano.a(lib_a-memset.o)
                              c:/program files (x86)/atmel/studio/7.0/toolchain/arm/arm-gnu-toolchain/bin/../lib/gcc/arm-none-eabi/6.2.1/../../../../arm-none-eabi/lib/thumb/v6-m/crt0.o (memset)
c:/program files (x86)/atmel/studio/7.0/toolchain/arm/arm-gnu-toolchain/bin/../lib/gcc/arm-none-eabi/6.2.1/../../../../arm-none-eabi/lib/thumb/v6-m\libc_nano.a(lib_a-setbuf.o)
                              src/ASF/common/utils/stdio/stdio_usb/stdio_usb.o (setbuf)
c:/program files (x86)/atmel/studio/7.0/toolchain/arm/arm-gnu-toolchain/bin/../lib/gcc/arm-none-eabi/6.2.1/../../../../arm-none-eabi/lib/thumb/v6-m\libc_nano.a(lib_a-setvbuf.o)
                              c:/program files (x86)/atmel/studio/7.0/toolchain/arm/arm-gnu-toolchain/bin/../lib/gcc/arm-none-eabi/6.2.1/../../../../arm-none-eabi/lib/thumb/v6-m\libc_nano.a(lib_a-setbuf.o) (setvbuf)
c:/program files (x86)/atmel/studio/7.0/toolchain/arm/arm-gnu-toolchain/bin/../lib/gcc/arm-none-eabi/6.2.1/../../../../arm-none-eabi/lib/thumb/v6-m\libc_nano.a(lib_a-vprintf.o)
                              src/bootloader.o (vprintf)
c:/program files (x86)/atmel/studio/7.0/toolchain/arm/arm-gnu-toolchain/bin/../lib/gcc/arm-none-eabi/6.2.1/../../../../arm-none-eabi/lib/thumb/v6-m\libc_nano.a(lib_a-fflush.o)
                              c:/program files (x86)/atmel/studio/7.0/toolchain/arm/arm-gnu-toolchain/bin/../lib/gcc/arm-none-eabi/6.2.1/../../../../arm-none-eabi/lib/thumb/v6-m\libc_nano.a(lib_a-setvbuf.o) (_fflush_r)
c:/program files (x86)/atmel/studio/7.0/toolchain/arm/arm-gnu-toolchain/bin/../lib/gcc/arm-none-eabi/6.2.1/../../../../arm-none-eabi/lib/thumb/v6-m\libc_nano.a(lib_a-findfp.o)
[...]
Memory Configuration

Name             Origin             Length             Attributes
rom              0x00000000         0x00040000         xr
ram              0x20000000         0x00008000         xrw
*default*        0x00000000         0xffffffff

Linker script and memory map

LOAD c:/program files (x86)/atmel/studio/7.0/toolchain/arm/arm-gnu-toolchain/bin/../lib/gcc/arm-none-eabi/6.2.1/thumb/v6-m/crtfastmath.o
LOAD c:/program files (x86)/atmel/studio/7.0/toolchain/arm/arm-gnu-toolchain/bin/../lib/gcc/arm-none-eabi/6.2.1/thumb/v6-m/crti.o
LOAD c:/program files (x86)/atmel/studio/7.0/toolchain/arm/arm-gnu-toolchain/bin/../lib/gcc/arm-none-eabi/6.2.1/thumb/v6-m/crtbegin.o
LOAD c:/program files (x86)/atmel/studio/7.0/toolchain/arm/arm-gnu-toolchain/bin/../lib/gcc/arm-none-eabi/6.2.1/../../../../arm-none-eabi/lib/thumb/v6-m/crt0.o
LOAD src/ASF/common2/components/memory/sd_mmc/sd_mmc.o
LOAD src/ASF/common2/components/memory/sd_mmc/sd_mmc_mem.o
LOAD src/bootloader.o
LOAD src/ASF/common/services/usb/class/cdc/device/udi_cdc.o
LOAD src/ASF/common/services/usb/class/cdc/device/udi_cdc_desc.o
LOAD src/ASF/common/services/usb/udc/udc.o
LOAD src/ASF/common/utils/stdio/stdio_usb/stdio_usb.o
LOAD src/ASF/sam0/drivers/extint/extint_sam_d_r_h/extint.o
LOAD src/ASF/sam0/drivers/rtc/rtc_sam_d_r_h/rtc_calendar.o
LOAD src/ASF/sam0/drivers/rtc/rtc_sam_d_r_h/rtc_calendar_interrupt.o
LOAD src/ASF/sam0/drivers/sercom/sercom.o
LOAD src/ASF/sam0/drivers/sercom/spi/spi.o
LOAD src/ASF/sam0/drivers/sercom/spi/spi_interrupt.o
LOAD src/ASF/sam0/drivers/sercom/sercom_interrupt.o
LOAD src/ASF/sam0/drivers/extint/extint_callback.o
LOAD src/ASF/sam0/drivers/bod/bod_sam_d_r_h/bod.o
LOAD src/ASF/common2/services/delay/sam0/systick_counter.o
LOAD src/ASF/common2/components/memory/sd_mmc/sd_mmc_spi.o
LOAD src/ASF/common/services/sleepmgr/samd/sleepmgr.o
LOAD src/ASF/common/services/storage/ctrl_access/ctrl_access.o
LOAD src/ASF/sam0/drivers/nvm/nvm.o
LOAD src/ASF/sam0/drivers/port/port.o
LOAD src/ASF/sam0/drivers/usb/stack_interface/usb_device_udd.o
LOAD src/ASF/sam0/drivers/usb/stack_interface/usb_dual.o
LOAD src/ASF/sam0/drivers/usb/usb_sam_d_r/usb.o
LOAD src/ASF/common2/boards/user_board/init.o
LOAD src/ASF/common/utils/interrupt/interrupt_sam_nvic.o
LOAD src/ASF/sam0/drivers/system/clock/clock_samd21_r21_da_ha1/clock.o
LOAD src/ASF/sam0/drivers/system/clock/clock_samd21_r21_da_ha1/gclk.o
LOAD src/ASF/sam0/drivers/system/interrupt/system_interrupt.o
LOAD src/ASF/sam0/drivers/system/pinmux/pinmux.o
LOAD src/ASF/sam0/drivers/system/system.o
LOAD src/ASF/sam0/utils/cmsis/samd21/source/gcc/startup_samd21.o
LOAD src/ASF/sam0/utils/cmsis/samd21/source/system_samd21.o
LOAD src/ASF/sam0/utils/stdio/read.o
LOAD src/ASF/sam0/utils/stdio/write.o
LOAD src/ASF/sam0/utils/syscalls/gcc/syscalls.o
LOAD src/ASF/thirdparty/fatfs/fatfs-port-r0.09/diskio.o
LOAD src/ASF/thirdparty/fatfs/fatfs-r0.09/src/ff.o
START GROUP
LOAD ../src/ASF/thirdparty/CMSIS/Lib/GCC\libarm_cortexM0l_math.a
LOAD c:/program files (x86)/atmel/studio/7.0/toolchain/arm/arm-gnu-toolchain/bin/../lib/gcc/arm-none-eabi/6.2.1/../../../../arm-none-eabi/lib/thumb/v6-m\libm.a
END GROUP
START GROUP
LOAD c:/program files (x86)/atmel/studio/7.0/toolchain/arm/arm-gnu-toolchain/bin/../lib/gcc/arm-none-eabi/6.2.1/thumb/v6-m\libgcc.a
LOAD c:/program files (x86)/atmel/studio/7.0/toolchain/arm/arm-gnu-toolchain/bin/../lib/gcc/arm-none-eabi/6.2.1/../../../../arm-none-eabi/lib/thumb/v6-m\libc_nano.a
END GROUP
START GROUP
LOAD c:/program files (x86)/atmel/studio/7.0/toolchain/arm/arm-gnu-toolchain/bin/../lib/gcc/arm-none-eabi/6.2.1/thumb/v6-m\libgcc.a
LOAD c:/program files (x86)/atmel/studio/7.0/toolchain/arm/arm-gnu-toolchain/bin/../lib/gcc/arm-none-eabi/6.2.1/../../../../arm-none-eabi/lib/thumb/v6-m\libc_nano.a
END GROUP
LOAD c:/program files (x86)/atmel/studio/7.0/toolchain/arm/arm-gnu-toolchain/bin/../lib/gcc/arm-none-eabi/6.2.1/thumb/v6-m/crtend.o
LOAD c:/program files (x86)/atmel/studio/7.0/toolchain/arm/arm-gnu-toolchain/bin/../lib/gcc/arm-none-eabi/6.2.1/thumb/v6-m/crtn.o
                0x00002000                STACK_SIZE = DEFINED (STACK_SIZE)?STACK_SIZE:DEFINED (__stack_size__)?__stack_size__:0x2000

.text           0x00000000    0x11dd4
                0x00000000                . = ALIGN (0x4)
                0x00000000                _sfixed = .
 *(.vectors .vectors.*)
 .vectors       0x00000000       0xb4 src/ASF/sam0/utils/cmsis/samd21/source/gcc/startup_samd21.o
                0x00000000                exception_table
 *(.text .text.* .gnu.linkonce.t.*)
 .text          0x000000b4       0x60 c:/program files (x86)/atmel/studio/7.0/toolchain/arm/arm-gnu-toolchain/bin/../lib/gcc/arm-none-eabi/6.2.1/thumb/v6-m/crtbegin.o
 .text.SDMMC_UNSTUFF_BITS
                0x00000114      0x15c src/ASF/common2/components/memory/sd_mmc/sd_mmc.o
 .text.mmc_spi_op_cond
                0x00000270       0xc4 src/ASF/common2/components/memory/sd_mmc/sd_mmc.o
 .text.sd_spi_op_cond
                0x00000334       0xfc src/ASF/common2/components/memory/sd_mmc/sd_mmc.o
 .text.sdio_op_cond
                0x00000430        0xc src/ASF/common2/components/memory/sd_mmc/sd_mmc.o
 .text.sd_cmd8  0x0000043c       0x7c src/ASF/common2/components/memory/sd_mmc/sd_mmc.o
 .text.mmc_cmd8
                0x000004b8      0x144 src/ASF/common2/components/memory/sd_mmc/sd_mmc.o
 .text.sd_mmc_cmd9_spi
                0x000005fc       0x84 src/ASF/common2/components/memory/sd_mmc/sd_mmc.o
 .text.mmc_decode_csd
                0x00000680      0x1b0 src/ASF/common2/components/memory/sd_mmc/sd_mmc.o
 .text.sd_decode_csd
                0x00000830      0x14c src/ASF/common2/components/memory/sd_mmc/sd_mmc.o
 .text.sd_mmc_cmd13
                0x0000097c       0x68 src/ASF/common2/components/memory/sd_mmc/sd_mmc.o
 .text.sd_acmd51
                0x000009e4      0x140 src/ASF/common2/components/memory/sd_mmc/sd_mmc.o
 .text.sd_mmc_select_slot
                0x00000b24       0xf8 src/ASF/common2/components/memory/sd_mmc/sd_mmc.o
 .text.sd_mmc_configure_slot
                0x00000c1c       0x50 src/ASF/common2/components/memory/sd_mmc/sd_mmc.o
 .text.sd_mmc_deselect_slot
                0x00000c6c       0x38 src/ASF/common2/components/memory/sd_mmc/sd_mmc.o
 .text.sd_mmc_spi_card_init
                0x00000ca4      0x200 src/ASF/common2/components/memory/sd_mmc/sd_mmc.o
 .text.sd_mmc_spi_install_mmc
                0x00000ea4      0x11c src/ASF/common2/components/memory/sd_mmc/sd_mmc.o
 .text.sd_mmc_init
                0x00000fc0       0x5c src/ASF/common2/components/memory/sd_mmc/sd_mmc.o
                0x00000fc0                sd_mmc_init
 .text.sd_mmc_check
                0x0000101c       0x8c src/ASF/common2/components/memory/sd_mmc/sd_mmc.o
                0x0000101c                sd_mmc_check
 .text.sd_mmc_get_type
                0x000010a8       0x44 src/ASF/common2/components/memory/sd_mmc/sd_mmc.o
                0x000010a8                sd_mmc_get_type
 .text.sd_mmc_get_capacity
                0x000010ec       0x44 src/ASF/common2/components/memory/sd_mmc/sd_mmc.o
                0x000010ec                sd_mmc_get_capacity
 .text.sd_mmc_is_write_protected
                0x00001130       0x16 src/ASF/common2/components/memory/sd_mmc/sd_mmc.o
                0x00001130                sd_mmc_is_write_protected
 *fill*         0x00001146        0x2 
 .text.sd_mmc_init_read_blocks
                0x00001148      0x108 src/ASF/common2/components/memory/sd_mmc/sd_mmc.o
                0x00001148                sd_mmc_init_read_blocks
 .text.sd_mmc_start_read_blocks
                0x00001250       0x6c src/ASF/common2/components/memory/sd_mmc/sd_mmc.o
                0x00001250                sd_mmc_start_read_blocks
 .text.sd_mmc_wait_end_of_read_blocks
                0x000012bc       0xb8 src/ASF/common2/components/memory/sd_mmc/sd_mmc.o
                0x000012bc                sd_mmc_wait_end_of_read_blocks
 .text.sd_mmc_init_write_blocks
                0x00001374      0x104 src/ASF/common2/components/memory/sd_mmc/sd_mmc.o
                0x00001374                sd_mmc_init_write_blocks
 .text.sd_mmc_start_write_blocks
                0x00001478       0x6c src/ASF/common2/components/memory/sd_mmc/sd_mmc.o
                0x00001478                sd_mmc_start_write_blocks
 .text.sd_mmc_wait_end_of_write_blocks
                0x000014e4       0x88 src/ASF/common2/components/memory/sd_mmc/sd_mmc.o
                0x000014e4                sd_mmc_wait_end_of_write_blocks
 .text.sd_mmc_test_unit_ready
                0x0000156c       0x8c src/ASF/common2/components/memory/sd_mmc/sd_mmc_mem.o
                0x0000156c                sd_mmc_test_unit_ready
 .text.sd_mmc_test_unit_ready_0
                0x000015f8       0x20 src/ASF/common2/components/memory/sd_mmc/sd_mmc_mem.o
                0x000015f8                sd_mmc_test_unit_ready_0
 .text.sd_mmc_read_capacity
                0x00001618       0x4c src/ASF/common2/components/memory/sd_mmc/sd_mmc_mem.o
                0x00001618                sd_mmc_read_capacity
 .text.sd_mmc_read_capacity_0
                0x00001664       0x2c src/ASF/common2/components/memory/sd_mmc/sd_mmc_mem.o
                0x00001664                sd_mmc_read_capacity_0
 .text.sd_mmc_unload
                0x00001690       0x30 src/ASF/common2/components/memory/sd_mmc/sd_mmc_mem.o
                0x00001690                sd_mmc_unload
 .text.sd_mmc_unload_0
                0x000016c0       0x30 src/ASF/common2/components/memory/sd_mmc/sd_mmc_mem.o
                0x000016c0                sd_mmc_unload_0
 .text.sd_mmc_wr_protect
                0x000016f0       0x30 src/ASF/common2/components/memory/sd_mmc/sd_mmc_mem.o
                0x000016f0                sd_mmc_wr_protect
 .text.sd_mmc_wr_protect_0
                0x00001720       0x20 src/ASF/common2/components/memory/sd_mmc/sd_mmc_mem.o
                0x00001720                sd_mmc_wr_protect_0
 .text.sd_mmc_removal
                0x00001740       0x16 src/ASF/common2/components/memory/sd_mmc/sd_mmc_mem.o
                0x00001740                sd_mmc_removal
 *fill*         0x00001756        0x2 
 .text.sd_mmc_removal_0
                0x00001758       0x20 src/ASF/common2/components/memory/sd_mmc/sd_mmc_mem.o
                0x00001758                sd_mmc_removal_0
 .text.sd_mmc_mem_2_ram
                0x00001778       0x78 src/ASF/common2/components/memory/sd_mmc/sd_mmc_mem.o
                0x00001778                sd_mmc_mem_2_ram
 .text.sd_mmc_mem_2_ram_0
                0x000017f0       0x30 src/ASF/common2/components/memory/sd_mmc/sd_mmc_mem.o
                0x000017f0                sd_mmc_mem_2_ram_0
 .text.sd_mmc_ram_2_mem
                0x00001820       0x78 src/ASF/common2/components/memory/sd_mmc/sd_mmc_mem.o
                0x00001820                sd_mmc_ram_2_mem
 .text.sd_mmc_ram_2_mem_0
                0x00001898       0x30 src/ASF/common2/components/memory/sd_mmc/sd_mmc_mem.o
                0x00001898                sd_mmc_ram_2_mem_0
 .text.NVIC_SystemReset
                0x000018c8       0x1c src/bootloader.o
 .text.bod_get_config_defaults
                0x000018e4       0x34 src/bootloader.o
 .text.bod_enable
                0x00001918       0x34 src/bootloader.o
 .text.system_gclk_chan_get_config_defaults
                0x0000194c       0x16 src/bootloader.o
 *fill*         0x00001962        0x2 
 .text.system_pinmux_get_group_from_gpio_pin
                0x00001964       0x60 src/bootloader.o
 .text.nvm_get_config_defaults
                0x000019c4       0x3c src/bootloader.o
 .text.port_get_group_from_gpio_pin
                0x00001a00       0x28 src/bootloader.o
 .text.port_get_config_defaults
                0x00001a28       0x22 src/bootloader.o
 *fill*         0x00001a4a        0x2 
 .text.port_pin_get_input_level
                0x00001a4c       0x48 src/bootloader.o
 .text.port_pin_set_output_level
                0x00001a94       0x54 src/bootloader.o
 .text.system_interrupt_enable_global
                0x00001ae8       0x24 src/bootloader.o
 .text.system_interrupt_disable_global
                0x00001b0c       0x24 src/bootloader.o
 .text.system_interrupt_enable
                0x00001b30       0x2c src/bootloader.o
 .text.system_interrupt_disable
                0x00001b5c       0x30 src/bootloader.o
 .text.rtc_calendar_get_time_defaults
                0x00001b8c       0x3c src/bootloader.o
 .text.rtc_calendar_get_config_defaults
                0x00001bc8       0xb0 src/bootloader.o
 .text.system_set_sleepmode
                0x00001c78       0x88 src/bootloader.o
 .text.system_sleep
                0x00001d00       0x10 src/bootloader.o
 .text.system_reset
                0x00001d10       0x14 src/bootloader.o
 .text.spi_is_syncing
                0x00001d24       0x20 src/bootloader.o
 .text.spi_disable
                0x00001d44       0x6c src/bootloader.o
 .text.configure_wakeup
                0x00001db0       0xc0 src/bootloader.o
 .text.get_fattime
                0x00001e70       0x68 src/bootloader.o
                0x00001e70                get_fattime
 .text.configure_rtc
                0x00001ed8       0xa4 src/bootloader.o
 .text.configure_nvm
                0x00001f7c       0x44 src/bootloader.o
 .text.configure_bod
                0x00001fc0       0xb0 src/bootloader.o
 .text.SYSCTRL_Handler
                0x00002070       0x2c src/bootloader.o
                0x00002070                SYSCTRL_Handler
 .text.main     0x0000209c      0x8b4 src/bootloader.o
                0x0000209c                main
 .text.start_application
                0x00002950       0x58 src/bootloader.o
 .text.program_memory
                0x000029a8      0x204 src/bootloader.o
 .text.led_blink
                0x00002bac      0x140 src/bootloader.o
 .text.fatal_error
                0x00002cec       0x6c src/bootloader.o
 .text.debug_print
                0x00002d58       0x34 src/bootloader.o
 .text.cpu_irq_save
                0x00002d8c       0x3c src/ASF/common/services/usb/class/cdc/device/udi_cdc.o
 .text.cpu_irq_is_enabled_flags
                0x00002dc8       0x18 src/ASF/common/services/usb/class/cdc/device/udi_cdc.o
 .text.cpu_irq_restore
                0x00002de0       0x3c src/ASF/common/services/usb/class/cdc/device/udi_cdc.o
 .text.udi_cdc_comm_enable
                0x00002e1c      0x1a4 src/ASF/common/services/usb/class/cdc/device/udi_cdc.o
                0x00002e1c                udi_cdc_comm_enable
 .text.udi_cdc_data_enable
                0x00002fc0      0x150 src/ASF/common/services/usb/class/cdc/device/udi_cdc.o
                0x00002fc0                udi_cdc_data_enable
 .text.udi_cdc_comm_disable
                0x00003110       0x24 src/ASF/common/services/usb/class/cdc/device/udi_cdc.o
                0x00003110                udi_cdc_comm_disable
 .text.udi_cdc_data_disable
                0x00003134       0x44 src/ASF/common/services/usb/class/cdc/device/udi_cdc.o
                0x00003134                udi_cdc_data_disable
 .text.udi_cdc_comm_setup
                0x00003178       0xf8 src/ASF/common/services/usb/class/cdc/device/udi_cdc.o
                0x00003178                udi_cdc_comm_setup
 .text.udi_cdc_data_setup
                0x00003270        0xc src/ASF/common/services/usb/class/cdc/device/udi_cdc.o
                0x00003270                udi_cdc_data_setup
 .text.udi_cdc_getsetting
                0x0000327c        0xc src/ASF/common/services/usb/class/cdc/device/udi_cdc.o
                0x0000327c                udi_cdc_getsetting
 .text.udi_cdc_data_sof_notify
                0x00003288       0x20 src/ASF/common/services/usb/class/cdc/device/udi_cdc.o
                0x00003288                udi_cdc_data_sof_notify
 .text.udi_cdc_setup_to_port
                0x000032a8       0x3c src/ASF/common/services/usb/class/cdc/device/udi_cdc.o
 .text.udi_cdc_line_coding_received
                0x000032e4       0x20 src/ASF/common/services/usb/class/cdc/device/udi_cdc.o
 .text.udi_cdc_rx_start
                0x00003304      0x150 src/ASF/common/services/usb/class/cdc/device/udi_cdc.o
 .text.udi_cdc_data_received
                0x00003454       0xf0 src/ASF/common/services/usb/class/cdc/device/udi_cdc.o
 .text.udi_cdc_data_sent
                0x00003544       0xac src/ASF/common/services/usb/class/cdc/device/udi_cdc.o
 .text.udi_cdc_tx_send
                0x000035f0      0x2a8 src/ASF/common/services/usb/class/cdc/device/udi_cdc.o
 .text.udi_cdc_multi_get_nb_received_data
                0x00003898       0x84 src/ASF/common/services/usb/class/cdc/device/udi_cdc.o
                0x00003898                udi_cdc_multi_get_nb_received_data
 .text.udi_cdc_multi_is_rx_ready
                0x0000391c       0x34 src/ASF/common/services/usb/class/cdc/device/udi_cdc.o
                0x0000391c                udi_cdc_multi_is_rx_ready
 .text.udi_cdc_multi_getc
                0x00003950      0x158 src/ASF/common/services/usb/class/cdc/device/udi_cdc.o
                0x00003950                udi_cdc_multi_getc
 .text.udi_cdc_getc
                0x00003aa8       0x20 src/ASF/common/services/usb/class/cdc/device/udi_cdc.o
                0x00003aa8                udi_cdc_getc
 .text.udi_cdc_multi_get_free_tx_buffer
                0x00003ac8       0xdc src/ASF/common/services/usb/class/cdc/device/udi_cdc.o
                0x00003ac8                udi_cdc_multi_get_free_tx_buffer
 .text.udi_cdc_multi_is_tx_ready
                0x00003ba4       0x34 src/ASF/common/services/usb/class/cdc/device/udi_cdc.o
                0x00003ba4                udi_cdc_multi_is_tx_ready
 .text.udi_cdc_multi_putc
                0x00003bd8      0x130 src/ASF/common/services/usb/class/cdc/device/udi_cdc.o
                0x00003bd8                udi_cdc_multi_putc
 .text.udi_cdc_putc
                0x00003d08       0x2c src/ASF/common/services/usb/class/cdc/device/udi_cdc.o
                0x00003d08                udi_cdc_putc
 .text.udc_get_string_serial_name
                0x00003d34       0x14 src/ASF/common/services/usb/udc/udc.o
 .text.udc_get_eof_conf
                0x00003d48       0x30 src/ASF/common/services/usb/udc/udc.o
 .text.udc_next_desc_in_iface
                0x00003d78       0x64 src/ASF/common/services/usb/udc/udc.o
 .text.udc_update_iface_desc
                0x00003ddc       0xdc src/ASF/common/services/usb/udc/udc.o
 .text.udc_iface_disable
                0x00003eb8       0xc8 src/ASF/common/services/usb/udc/udc.o
 .text.udc_iface_enable
                0x00003f80       0xc0 src/ASF/common/services/usb/udc/udc.o
 .text.udc_start
                0x00004040       0x1c src/ASF/common/services/usb/udc/udc.o
                0x00004040                udc_start
 .text.udc_reset
                0x0000405c       0x6c src/ASF/common/services/usb/udc/udc.o
                0x0000405c                udc_reset
 .text.udc_sof_notify
                0x000040c8       0x7c src/ASF/common/services/usb/udc/udc.o
                0x000040c8                udc_sof_notify
 .text.udc_req_std_dev_get_status
                0x00004144       0x3c src/ASF/common/services/usb/udc/udc.o
 .text.udc_req_std_ep_get_status
                0x00004180       0x60 src/ASF/common/services/usb/udc/udc.o
 .text.udc_req_std_dev_clear_feature
                0x000041e0       0x50 src/ASF/common/services/usb/udc/udc.o
 .text.udc_req_std_ep_clear_feature
                0x00004230       0x48 src/ASF/common/services/usb/udc/udc.o
 .text.udc_req_std_dev_set_feature
                0x00004278       0x38 src/ASF/common/services/usb/udc/udc.o
 .text.udc_req_std_ep_set_feature
                0x000042b0       0x5c src/ASF/common/services/usb/udc/udc.o
 .text.udc_valid_address
                0x0000430c       0x30 src/ASF/common/services/usb/udc/udc.o
 .text.udc_req_std_dev_set_address
                0x0000433c       0x34 src/ASF/common/services/usb/udc/udc.o
 .text.udc_req_std_dev_get_str_desc
                0x00004370      0x128 src/ASF/common/services/usb/udc/udc.o
 .text.udc_req_std_dev_get_descriptor
                0x00004498      0x160 src/ASF/common/services/usb/udc/udc.o
 .text.udc_req_std_dev_get_configuration
                0x000045f8       0x3c src/ASF/common/services/usb/udc/udc.o
 .text.udc_req_std_dev_set_configuration
                0x00004634      0x100 src/ASF/common/services/usb/udc/udc.o
 .text.udc_req_std_iface_get_setting
                0x00004734       0xc8 src/ASF/common/services/usb/udc/udc.o
 .text.udc_req_std_iface_set_setting
                0x000047fc       0x88 src/ASF/common/services/usb/udc/udc.o
 .text.udc_reqstd
                0x00004884      0x1b8 src/ASF/common/services/usb/udc/udc.o
 .text.udc_req_iface
                0x00004a3c       0xc4 src/ASF/common/services/usb/udc/udc.o
 .text.udc_req_ep
                0x00004b00       0xb4 src/ASF/common/services/usb/udc/udc.o
 .text.udc_process_setup
                0x00004bb4       0xb0 src/ASF/common/services/usb/udc/udc.o
                0x00004bb4                udc_process_setup
 .text.stdio_usb_putchar
                0x00004c64       0x54 src/ASF/common/utils/stdio/stdio_usb/stdio_usb.o
                0x00004c64                stdio_usb_putchar
 .text.stdio_usb_getchar
                0x00004cb8       0x48 src/ASF/common/utils/stdio/stdio_usb/stdio_usb.o
                0x00004cb8                stdio_usb_getchar
 .text.stdio_usb_enable
                0x00004d00       0x18 src/ASF/common/utils/stdio/stdio_usb/stdio_usb.o
                0x00004d00                stdio_usb_enable
 .text.stdio_usb_init
                0x00004d18       0x78 src/ASF/common/utils/stdio/stdio_usb/stdio_usb.o
                0x00004d18                stdio_usb_init
 .text.system_gclk_chan_get_config_defaults
                0x00004d90       0x16 src/ASF/sam0/drivers/extint/extint_sam_d_r_h/extint.o
 *fill*         0x00004da6        0x2 
 .text.system_apb_clock_set_mask
                0x00004da8       0x5c src/ASF/sam0/drivers/extint/extint_sam_d_r_h/extint.o
 .text.system_pinmux_get_config_defaults
                0x00004e04       0x28 src/ASF/sam0/drivers/extint/extint_sam_d_r_h/extint.o
 .text.system_interrupt_enable
                0x00004e2c       0x2c src/ASF/sam0/drivers/extint/extint_sam_d_r_h/extint.o
 .text._extint_get_eic_from_channel
                0x00004e58       0x4c src/ASF/sam0/drivers/extint/extint_sam_d_r_h/extint.o
 .text.extint_is_syncing
                0x00004ea4       0x48 src/ASF/sam0/drivers/extint/extint_sam_d_r_h/extint.o
 .text._system_extint_init
                0x00004eec       0xf8 src/ASF/sam0/drivers/extint/extint_sam_d_r_h/extint.o
                0x00004eec                _system_extint_init
 .text._extint_enable
                0x00004fe4       0x64 src/ASF/sam0/drivers/extint/extint_sam_d_r_h/extint.o
 .text.extint_chan_get_config_defaults
                0x00005048       0x34 src/ASF/sam0/drivers/extint/extint_sam_d_r_h/extint.o
                0x00005048                extint_chan_get_config_defaults
 .text.extint_chan_set_config
                0x0000507c      0x10c src/ASF/sam0/drivers/extint/extint_sam_d_r_h/extint.o
                0x0000507c                extint_chan_set_config
 .text.system_gclk_chan_get_config_defaults
                0x00005188       0x16 src/ASF/sam0/drivers/rtc/rtc_sam_d_r_h/rtc_calendar.o
 *fill*         0x0000519e        0x2 
 .text.system_apb_clock_set_mask
                0x000051a0       0x5c src/ASF/sam0/drivers/rtc/rtc_sam_d_r_h/rtc_calendar.o
 .text.system_interrupt_enable
                0x000051fc       0x2c src/ASF/sam0/drivers/rtc/rtc_sam_d_r_h/rtc_calendar.o
 .text.rtc_calendar_is_syncing
                0x00005228       0x28 src/ASF/sam0/drivers/rtc/rtc_sam_d_r_h/rtc_calendar.o
 .text.rtc_calendar_enable
                0x00005250       0x48 src/ASF/sam0/drivers/rtc/rtc_sam_d_r_h/rtc_calendar.o
                0x00005250                rtc_calendar_enable
 .text.rtc_calendar_time_to_register_value
                0x00005298       0x88 src/ASF/sam0/drivers/rtc/rtc_sam_d_r_h/rtc_calendar.o
                0x00005298                rtc_calendar_time_to_register_value
 .text.rtc_calendar_register_value_to_time
                0x00005320       0xa0 src/ASF/sam0/drivers/rtc/rtc_sam_d_r_h/rtc_calendar.o
                0x00005320                rtc_calendar_register_value_to_time
 .text._rtc_calendar_set_config
                0x000053c0       0xd4 src/ASF/sam0/drivers/rtc/rtc_sam_d_r_h/rtc_calendar.o
 .text.rtc_calendar_init
                0x00005494       0x9c src/ASF/sam0/drivers/rtc/rtc_sam_d_r_h/rtc_calendar.o
                0x00005494                rtc_calendar_init
 .text.rtc_calendar_get_time
                0x00005530       0xa0 src/ASF/sam0/drivers/rtc/rtc_sam_d_r_h/rtc_calendar.o
                0x00005530                rtc_calendar_get_time
 .text.rtc_calendar_set_alarm
                0x000055d0       0x80 src/ASF/sam0/drivers/rtc/rtc_sam_d_r_h/rtc_calendar.o
                0x000055d0                rtc_calendar_set_alarm
 .text._rtc_interrupt_handler
                0x00005650       0xb8 src/ASF/sam0/drivers/rtc/rtc_sam_d_r_h/rtc_calendar_interrupt.o
 .text.RTC_Handler
                0x00005708       0x18 src/ASF/sam0/drivers/rtc/rtc_sam_d_r_h/rtc_calendar_interrupt.o
                0x00005708                RTC_Handler
 .text.system_gclk_chan_get_config_defaults
                0x00005720       0x16 src/ASF/sam0/drivers/sercom/sercom.o
 .text._sercom_get_sync_baud_val
                0x00005736       0x7c src/ASF/sam0/drivers/sercom/sercom.o
                0x00005736                _sercom_get_sync_baud_val
 *fill*         0x000057b2        0x2 
 .text.sercom_set_gclk_generator
                0x000057b4       0xac src/ASF/sam0/drivers/sercom/sercom.o
                0x000057b4                sercom_set_gclk_generator
 .text._sercom_get_default_pad
                0x00005860      0x1e4 src/ASF/sam0/drivers/sercom/sercom.o
                0x00005860                _sercom_get_default_pad
 .text._sercom_get_sercom_inst_index
                0x00005a44       0x50 src/ASF/sam0/drivers/sercom/sercom.o
                0x00005a44                _sercom_get_sercom_inst_index
 .text.system_pinmux_get_config_defaults
                0x00005a94       0x28 src/ASF/sam0/drivers/sercom/spi/spi.o
 .text.system_pinmux_get_group_from_gpio_pin
                0x00005abc       0x60 src/ASF/sam0/drivers/sercom/spi/spi.o
 .text.port_get_group_from_gpio_pin
                0x00005b1c       0x28 src/ASF/sam0/drivers/sercom/spi/spi.o
 .text.port_pin_set_output_level
                0x00005b44       0x54 src/ASF/sam0/drivers/sercom/spi/spi.o
 .text.system_gclk_chan_get_config_defaults
                0x00005b98       0x16 src/ASF/sam0/drivers/sercom/spi/spi.o
 *fill*         0x00005bae        0x2 
 .text.system_apb_clock_set_mask
                0x00005bb0       0x5c src/ASF/sam0/drivers/sercom/spi/spi.o
 .text.system_is_debugger_present
                0x00005c0c       0x20 src/ASF/sam0/drivers/sercom/spi/spi.o
 .text.system_interrupt_enable
                0x00005c2c       0x2c src/ASF/sam0/drivers/sercom/spi/spi.o
 .text.system_interrupt_disable
                0x00005c58       0x30 src/ASF/sam0/drivers/sercom/spi/spi.o
 .text.spi_is_syncing
                0x00005c88       0x20 src/ASF/sam0/drivers/sercom/spi/spi.o
 .text.spi_enable
                0x00005ca8       0x5c src/ASF/sam0/drivers/sercom/spi/spi.o
 .text.spi_disable
                0x00005d04       0x6c src/ASF/sam0/drivers/sercom/spi/spi.o
 .text.spi_is_write_complete
                0x00005d70       0x28 src/ASF/sam0/drivers/sercom/spi/spi.o
 .text.spi_is_ready_to_write
                0x00005d98       0x28 src/ASF/sam0/drivers/sercom/spi/spi.o
 .text.spi_is_ready_to_read
                0x00005dc0       0x28 src/ASF/sam0/drivers/sercom/spi/spi.o
 .text.spi_write
                0x00005de8       0x4c src/ASF/sam0/drivers/sercom/spi/spi.o
 .text.spi_read
                0x00005e34       0x88 src/ASF/sam0/drivers/sercom/spi/spi.o
 .text.spi_reset
                0x00005ebc       0x44 src/ASF/sam0/drivers/sercom/spi/spi.o
                0x00005ebc                spi_reset
 .text.spi_set_baudrate
                0x00005f00       0xe8 src/ASF/sam0/drivers/sercom/spi/spi.o
                0x00005f00                spi_set_baudrate
 .text._spi_set_config
                0x00005fe8      0x228 src/ASF/sam0/drivers/sercom/spi/spi.o
 .text.spi_init
                0x00006210      0x1b0 src/ASF/sam0/drivers/sercom/spi/spi.o
                0x00006210                spi_init
 .text.spi_read_buffer_wait
                0x000063c0      0x13c src/ASF/sam0/drivers/sercom/spi/spi.o
                0x000063c0                spi_read_buffer_wait
 .text.spi_select_slave
                0x000064fc      0x10c src/ASF/sam0/drivers/sercom/spi/spi.o
                0x000064fc                spi_select_slave
 .text.spi_write_buffer_wait
                0x00006608      0x154 src/ASF/sam0/drivers/sercom/spi/spi.o
                0x00006608                spi_write_buffer_wait
 .text._spi_write
                0x0000675c       0x7a src/ASF/sam0/drivers/sercom/spi/spi_interrupt.o
 *fill*         0x000067d6        0x2 
 .text._spi_write_dummy
                0x000067d8       0x3c src/ASF/sam0/drivers/sercom/spi/spi_interrupt.o
 .text._spi_read_dummy
                0x00006814       0x36 src/ASF/sam0/drivers/sercom/spi/spi_interrupt.o
 .text._spi_read
                0x0000684a       0x70 src/ASF/sam0/drivers/sercom/spi/spi_interrupt.o
 *fill*         0x000068ba        0x2 
 .text._spi_interrupt_handler
                0x000068bc      0x290 src/ASF/sam0/drivers/sercom/spi/spi_interrupt.o
                0x000068bc                _spi_interrupt_handler
 .text._sercom_default_handler
                0x00006b4c       0x14 src/ASF/sam0/drivers/sercom/sercom_interrupt.o
 .text._sercom_set_handler
                0x00006b60       0x88 src/ASF/sam0/drivers/sercom/sercom_interrupt.o
                0x00006b60                _sercom_set_handler
 .text._sercom_get_interrupt_vector
                0x00006be8       0x5c src/ASF/sam0/drivers/sercom/sercom_interrupt.o
                0x00006be8                _sercom_get_interrupt_vector
 .text.SERCOM0_Handler
                0x00006c44       0x18 src/ASF/sam0/drivers/sercom/sercom_interrupt.o
                0x00006c44                SERCOM0_Handler
 .text.SERCOM1_Handler
                0x00006c5c       0x18 src/ASF/sam0/drivers/sercom/sercom_interrupt.o
                0x00006c5c                SERCOM1_Handler
 .text.SERCOM2_Handler
                0x00006c74       0x18 src/ASF/sam0/drivers/sercom/sercom_interrupt.o
                0x00006c74                SERCOM2_Handler
 .text.SERCOM3_Handler
                0x00006c8c       0x18 src/ASF/sam0/drivers/sercom/sercom_interrupt.o
                0x00006c8c                SERCOM3_Handler
 .text.SERCOM4_Handler
                0x00006ca4       0x18 src/ASF/sam0/drivers/sercom/sercom_interrupt.o
                0x00006ca4                SERCOM4_Handler
 .text.SERCOM5_Handler
                0x00006cbc       0x18 src/ASF/sam0/drivers/sercom/sercom_interrupt.o
                0x00006cbc                SERCOM5_Handler
 .text._extint_get_eic_from_channel
                0x00006cd4       0x4c src/ASF/sam0/drivers/extint/extint_callback.o
 .text.extint_chan_is_detected
                0x00006d20       0x48 src/ASF/sam0/drivers/extint/extint_callback.o
 .text.extint_chan_clear_detected
                0x00006d68       0x40 src/ASF/sam0/drivers/extint/extint_callback.o
 .text.extint_chan_enable_callback
                0x00006da8       0x48 src/ASF/sam0/drivers/extint/extint_callback.o
                0x00006da8                extint_chan_enable_callback
 .text.EIC_Handler
                0x00006df0       0x8c src/ASF/sam0/drivers/extint/extint_callback.o
                0x00006df0                EIC_Handler
 .text.bod_set_config
                0x00006e7c       0xc4 src/ASF/sam0/drivers/bod/bod_sam_d_r_h/bod.o
                0x00006e7c                bod_set_config
 .text.delay_cycles
                0x00006f40       0x34 src/ASF/common2/services/delay/sam0/systick_counter.o
 .text.delay_init
                0x00006f74       0x80 src/ASF/common2/services/delay/sam0/systick_counter.o
                0x00006f74                delay_init
 .text.delay_cycles_us
                0x00006ff4       0x34 src/ASF/common2/services/delay/sam0/systick_counter.o
                0x00006ff4                delay_cycles_us
 .text.delay_cycles_ms
                0x00007028       0x34 src/ASF/common2/services/delay/sam0/systick_counter.o
                0x00007028                delay_cycles_ms
 .text.system_pinmux_get_group_from_gpio_pin
                0x0000705c       0x60 src/ASF/common2/components/memory/sd_mmc/sd_mmc_spi.o
 .text.port_get_group_from_gpio_pin
                0x000070bc       0x28 src/ASF/common2/components/memory/sd_mmc/sd_mmc_spi.o
 .text.port_get_config_defaults
                0x000070e4       0x22 src/ASF/common2/components/memory/sd_mmc/sd_mmc_spi.o
 *fill*         0x00007106        0x2 
 .text.port_pin_set_output_level
                0x00007108       0x54 src/ASF/common2/components/memory/sd_mmc/sd_mmc_spi.o
 .text.system_interrupt_enable
                0x0000715c       0x2c src/ASF/common2/components/memory/sd_mmc/sd_mmc_spi.o
 .text.spi_is_syncing
                0x00007188       0x20 src/ASF/common2/components/memory/sd_mmc/sd_mmc_spi.o
 .text.spi_get_config_defaults
                0x000071a8       0x90 src/ASF/common2/components/memory/sd_mmc/sd_mmc_spi.o
 .text.spi_slave_inst_get_config_defaults
                0x00007238       0x22 src/ASF/common2/components/memory/sd_mmc/sd_mmc_spi.o
 *fill*         0x0000725a        0x2 
 .text.spi_attach_slave
                0x0000725c       0x74 src/ASF/common2/components/memory/sd_mmc/sd_mmc_spi.o
 .text.spi_enable
                0x000072d0       0x5c src/ASF/common2/components/memory/sd_mmc/sd_mmc_spi.o
 .text.sd_mmc_spi_crc7
                0x0000732c       0xbc src/ASF/common2/components/memory/sd_mmc/sd_mmc_spi.o
 .text.sd_mmc_spi_wait_busy
                0x000073e8       0x90 src/ASF/common2/components/memory/sd_mmc/sd_mmc_spi.o
 .text.sd_mmc_spi_start_read_block
                0x00007478       0xa0 src/ASF/common2/components/memory/sd_mmc/sd_mmc_spi.o
 .text.sd_mmc_spi_stop_read_block
                0x00007518       0x38 src/ASF/common2/components/memory/sd_mmc/sd_mmc_spi.o
 .text.sd_mmc_spi_start_write_block
                0x00007550       0x68 src/ASF/common2/components/memory/sd_mmc/sd_mmc_spi.o
 .text.sd_mmc_spi_stop_write_block
                0x000075b8       0xb8 src/ASF/common2/components/memory/sd_mmc/sd_mmc_spi.o
 .text.sd_mmc_spi_stop_multiwrite_block
                0x00007670       0xc8 src/ASF/common2/components/memory/sd_mmc/sd_mmc_spi.o
 .text.sd_mmc_spi_init
                0x00007738       0xfc src/ASF/common2/components/memory/sd_mmc/sd_mmc_spi.o
                0x00007738                sd_mmc_spi_init
 .text.sd_mmc_spi_select_device
                0x00007834       0xa4 src/ASF/common2/components/memory/sd_mmc/sd_mmc_spi.o
                0x00007834                sd_mmc_spi_select_device
 .text.sd_mmc_spi_deselect_device
                0x000078d8       0x54 src/ASF/common2/components/memory/sd_mmc/sd_mmc_spi.o
                0x000078d8                sd_mmc_spi_deselect_device
 .text.sd_mmc_spi_send_clock
                0x0000792c       0x5c src/ASF/common2/components/memory/sd_mmc/sd_mmc_spi.o
                0x0000792c                sd_mmc_spi_send_clock
 .text.sd_mmc_spi_send_cmd
                0x00007988       0x34 src/ASF/common2/components/memory/sd_mmc/sd_mmc_spi.o
                0x00007988                sd_mmc_spi_send_cmd
 .text.sd_mmc_spi_adtc_start
                0x000079bc      0x2b0 src/ASF/common2/components/memory/sd_mmc/sd_mmc_spi.o
                0x000079bc                sd_mmc_spi_adtc_start
 .text.sd_mmc_spi_get_response
                0x00007c6c       0x14 src/ASF/common2/components/memory/sd_mmc/sd_mmc_spi.o
                0x00007c6c                sd_mmc_spi_get_response
 .text.sd_mmc_spi_read_word
                0x00007c80       0xd8 src/ASF/common2/components/memory/sd_mmc/sd_mmc_spi.o
                0x00007c80                sd_mmc_spi_read_word
 .text.sd_mmc_spi_start_read_blocks
                0x00007d58       0xcc src/ASF/common2/components/memory/sd_mmc/sd_mmc_spi.o
                0x00007d58                sd_mmc_spi_start_read_blocks
 .text.sd_mmc_spi_wait_end_of_read_blocks
                0x00007e24        0xc src/ASF/common2/components/memory/sd_mmc/sd_mmc_spi.o
                0x00007e24                sd_mmc_spi_wait_end_of_read_blocks
 .text.sd_mmc_spi_start_write_blocks
                0x00007e30       0xf0 src/ASF/common2/components/memory/sd_mmc/sd_mmc_spi.o
                0x00007e30                sd_mmc_spi_start_write_blocks
 .text.sd_mmc_spi_wait_end_of_write_blocks
                0x00007f20       0x40 src/ASF/common2/components/memory/sd_mmc/sd_mmc_spi.o
                0x00007f20                sd_mmc_spi_wait_end_of_write_blocks
 .text.mem_test_unit_ready
                0x00007f60       0x44 src/ASF/common/services/storage/ctrl_access/ctrl_access.o
                0x00007f60                mem_test_unit_ready
 .text.mem_read_capacity
                0x00007fa4       0x4c src/ASF/common/services/storage/ctrl_access/ctrl_access.o
                0x00007fa4                mem_read_capacity
 .text.mem_sector_size
                0x00007ff0       0x2a src/ASF/common/services/storage/ctrl_access/ctrl_access.o
                0x00007ff0                mem_sector_size
 *fill*         0x0000801a        0x2 
 .text.mem_wr_protect
                0x0000801c       0x48 src/ASF/common/services/storage/ctrl_access/ctrl_access.o
                0x0000801c                mem_wr_protect
 .text.memory_2_ram
                0x00008064       0x58 src/ASF/common/services/storage/ctrl_access/ctrl_access.o
                0x00008064                memory_2_ram
 .text.ram_2_memory
                0x000080bc       0x58 src/ASF/common/services/storage/ctrl_access/ctrl_access.o
                0x000080bc                ram_2_memory
 .text.nvm_is_ready
                0x00008114       0x28 src/ASF/sam0/drivers/nvm/nvm.o
 .text.system_apb_clock_set_mask
                0x0000813c       0x5c src/ASF/sam0/drivers/nvm/nvm.o
 .text.nvm_set_config
                0x00008198       0xe8 src/ASF/sam0/drivers/nvm/nvm.o
                0x00008198                nvm_set_config
 .text.nvm_execute_command
                0x00008280      0x234 src/ASF/sam0/drivers/nvm/nvm.o
                0x00008280                nvm_execute_command
 .text.nvm_write_buffer
                0x000084b4      0x178 src/ASF/sam0/drivers/nvm/nvm.o
                0x000084b4                nvm_write_buffer
 .text.nvm_erase_row
                0x0000862c       0xbc src/ASF/sam0/drivers/nvm/nvm.o
                0x0000862c                nvm_erase_row
 .text.system_pinmux_get_config_defaults
                0x000086e8       0x28 src/ASF/sam0/drivers/port/port.o
 .text.port_pin_set_config
                0x00008710       0x6c src/ASF/sam0/drivers/port/port.o
                0x00008710                port_pin_set_config
 .text.cpu_irq_save
                0x0000877c       0x3c src/ASF/sam0/drivers/usb/stack_interface/usb_device_udd.o
 .text.cpu_irq_is_enabled_flags
                0x000087b8       0x18 src/ASF/sam0/drivers/usb/stack_interface/usb_device_udd.o
 .text.cpu_irq_restore
                0x000087d0       0x3c src/ASF/sam0/drivers/usb/stack_interface/usb_device_udd.o
 .text.usb_device_attach
                0x0000880c       0x24 src/ASF/sam0/drivers/usb/stack_interface/usb_device_udd.o
 .text.usb_device_get_address
                0x00008830       0x1c src/ASF/sam0/drivers/usb/stack_interface/usb_device_udd.o
 .text.usb_device_set_address
                0x0000884c       0x28 src/ASF/sam0/drivers/usb/stack_interface/usb_device_udd.o
 .text.usb_device_get_frame_number
                0x00008874       0x1c src/ASF/sam0/drivers/usb/stack_interface/usb_device_udd.o
 .text.usb_device_get_micro_frame_number
                0x00008890       0x18 src/ASF/sam0/drivers/usb/stack_interface/usb_device_udd.o
 .text.usb_device_set_lpm_mode
                0x000088a8       0x40 src/ASF/sam0/drivers/usb/stack_interface/usb_device_udd.o
 .text.sleepmgr_lock_mode
                0x000088e8       0x60 src/ASF/sam0/drivers/usb/stack_interface/usb_device_udd.o
 .text.sleepmgr_unlock_mode
                0x00008948       0x60 src/ASF/sam0/drivers/usb/stack_interface/usb_device_udd.o
 .text.udd_wait_clock_ready
                0x000089a8       0x3c src/ASF/sam0/drivers/usb/stack_interface/usb_device_udd.o
 .text.udd_sleep_mode
                0x000089e4       0xa8 src/ASF/sam0/drivers/usb/stack_interface/usb_device_udd.o
 .text.udd_ep_get_job
                0x00008a8c       0x54 src/ASF/sam0/drivers/usb/stack_interface/usb_device_udd.o
 .text.udd_ep_trans_in_next
                0x00008ae0      0x1a4 src/ASF/sam0/drivers/usb/stack_interface/usb_device_udd.o
 .text.udd_ep_trans_out_next
                0x00008c84      0x200 src/ASF/sam0/drivers/usb/stack_interface/usb_device_udd.o
 .text.udd_ep_transfer_process
                0x00008e84       0x4c src/ASF/sam0/drivers/usb/stack_interface/usb_device_udd.o
 .text.udd_ep_abort
                0x00008ed0       0x7c src/ASF/sam0/drivers/usb/stack_interface/usb_device_udd.o
                0x00008ed0                udd_ep_abort
 .text.udd_is_high_speed
                0x00008f4c        0xc src/ASF/sam0/drivers/usb/stack_interface/usb_device_udd.o
                0x00008f4c                udd_is_high_speed
 .text.udd_get_frame_number
                0x00008f58       0x28 src/ASF/sam0/drivers/usb/stack_interface/usb_device_udd.o
                0x00008f58                udd_get_frame_number
 .text.udd_get_micro_frame_number
                0x00008f80       0x28 src/ASF/sam0/drivers/usb/stack_interface/usb_device_udd.o
                0x00008f80                udd_get_micro_frame_number
 .text.udd_ep_free
                0x00008fa8       0xa4 src/ASF/sam0/drivers/usb/stack_interface/usb_device_udd.o
                0x00008fa8                udd_ep_free
 .text.udd_ep_alloc
                0x0000904c      0x1cc src/ASF/sam0/drivers/usb/stack_interface/usb_device_udd.o
                0x0000904c                udd_ep_alloc
 .text.udd_ep_is_halted
                0x00009218       0x38 src/ASF/sam0/drivers/usb/stack_interface/usb_device_udd.o
                0x00009218                udd_ep_is_halted
 .text.udd_ep_set_halt
                0x00009250       0x64 src/ASF/sam0/drivers/usb/stack_interface/usb_device_udd.o
                0x00009250                udd_ep_set_halt
 .text.udd_ep_clear_halt
                0x000092b4       0x88 src/ASF/sam0/drivers/usb/stack_interface/usb_device_udd.o
                0x000092b4                udd_ep_clear_halt
 .text.udd_ctrl_stall_data
                0x0000933c       0x48 src/ASF/sam0/drivers/usb/stack_interface/usb_device_udd.o
 .text.udd_ep_run
                0x00009384      0x31c src/ASF/sam0/drivers/usb/stack_interface/usb_device_udd.o
                0x00009384                udd_ep_run
 .text.udd_set_address
                0x000096a0       0x34 src/ASF/sam0/drivers/usb/stack_interface/usb_device_udd.o
                0x000096a0                udd_set_address
 .text.udd_getaddress
                0x000096d4       0x28 src/ASF/sam0/drivers/usb/stack_interface/usb_device_udd.o
                0x000096d4                udd_getaddress
 .text.udd_set_setup_payload
                0x000096fc       0x34 src/ASF/sam0/drivers/usb/stack_interface/usb_device_udd.o
                0x000096fc                udd_set_setup_payload
 .text.udd_ctrl_fetch_ram
                0x00009730       0x90 src/ASF/sam0/drivers/usb/stack_interface/usb_device_udd.o
 .text.udd_ctrl_send_zlp_in
                0x000097c0       0x5c src/ASF/sam0/drivers/usb/stack_interface/usb_device_udd.o
 .text.udd_ctrl_in_sent
                0x0000981c      0x14c src/ASF/sam0/drivers/usb/stack_interface/usb_device_udd.o
 .text.udd_ctrl_out_received
                0x00009968      0x1dc src/ASF/sam0/drivers/usb/stack_interface/usb_device_udd.o
 .text._usb_ep0_on_setup
                0x00009b44      0x13c src/ASF/sam0/drivers/usb/stack_interface/usb_device_udd.o
 .text.udd_ctrl_underflow
                0x00009c80       0x5c src/ASF/sam0/drivers/usb/stack_interface/usb_device_udd.o
 .text.udd_ctrl_overflow
                0x00009cdc       0x60 src/ASF/sam0/drivers/usb/stack_interface/usb_device_udd.o
 .text._usb_ep0_on_tansfer_fail
                0x00009d3c       0x40 src/ASF/sam0/drivers/usb/stack_interface/usb_device_udd.o
 .text._usb_ep0_on_tansfer_ok
                0x00009d7c       0x74 src/ASF/sam0/drivers/usb/stack_interface/usb_device_udd.o
 .text.udd_ctrl_ep_enable
                0x00009df0       0xe8 src/ASF/sam0/drivers/usb/stack_interface/usb_device_udd.o
 .text._usb_on_suspend
                0x00009ed8       0x50 src/ASF/sam0/drivers/usb/stack_interface/usb_device_udd.o
 .text._usb_device_lpm_suspend
                0x00009f28       0x60 src/ASF/sam0/drivers/usb/stack_interface/usb_device_udd.o
 .text._usb_on_sof_notify
                0x00009f88       0x24 src/ASF/sam0/drivers/usb/stack_interface/usb_device_udd.o
 .text._usb_on_bus_reset
                0x00009fac       0x44 src/ASF/sam0/drivers/usb/stack_interface/usb_device_udd.o
 .text._usb_on_wakeup
                0x00009ff0       0x84 src/ASF/sam0/drivers/usb/stack_interface/usb_device_udd.o
 .text.udd_attach
                0x0000a074       0xf8 src/ASF/sam0/drivers/usb/stack_interface/usb_device_udd.o
                0x0000a074                udd_attach
 .text.udd_enable
                0x0000a16c       0x94 src/ASF/sam0/drivers/usb/stack_interface/usb_device_udd.o
                0x0000a16c                udd_enable
 .text.system_gclk_chan_get_config_defaults
                0x0000a200       0x16 src/ASF/sam0/drivers/usb/usb_sam_d_r/usb.o
 *fill*         0x0000a216        0x2 
 .text.system_apb_clock_set_mask
                0x0000a218       0x5c src/ASF/sam0/drivers/usb/usb_sam_d_r/usb.o
 .text.system_pinmux_get_config_defaults
                0x0000a274       0x28 src/ASF/sam0/drivers/usb/usb_sam_d_r/usb.o
 .text.system_interrupt_enable
                0x0000a29c       0x2c src/ASF/sam0/drivers/usb/usb_sam_d_r/usb.o
 .text._usb_host_interrupt_handler
                0x0000a2c8      0x6b0 src/ASF/sam0/drivers/usb/usb_sam_d_r/usb.o
 .text.usb_device_register_callback
                0x0000a978       0x54 src/ASF/sam0/drivers/usb/usb_sam_d_r/usb.o
                0x0000a978                usb_device_register_callback
 .text.usb_device_enable_callback
                0x0000a9cc       0x68 src/ASF/sam0/drivers/usb/usb_sam_d_r/usb.o
                0x0000a9cc                usb_device_enable_callback
 .text.usb_device_disable_callback
                0x0000aa34       0x5c src/ASF/sam0/drivers/usb/usb_sam_d_r/usb.o
                0x0000aa34                usb_device_disable_callback
 .text.usb_device_endpoint_register_callback
                0x0000aa90       0x80 src/ASF/sam0/drivers/usb/usb_sam_d_r/usb.o
                0x0000aa90                usb_device_endpoint_register_callback
 .text.usb_device_endpoint_unregister_callback
                0x0000ab10       0x7c src/ASF/sam0/drivers/usb/usb_sam_d_r/usb.o
                0x0000ab10                usb_device_endpoint_unregister_callback
 .text.usb_device_endpoint_enable_callback
                0x0000ab8c      0x19c src/ASF/sam0/drivers/usb/usb_sam_d_r/usb.o
                0x0000ab8c                usb_device_endpoint_enable_callback
 .text.usb_device_endpoint_disable_callback
                0x0000ad28      0x1a8 src/ASF/sam0/drivers/usb/usb_sam_d_r/usb.o
                0x0000ad28                usb_device_endpoint_disable_callback
 .text.usb_device_endpoint_get_config_defaults
                0x0000aed0       0x28 src/ASF/sam0/drivers/usb/usb_sam_d_r/usb.o
                0x0000aed0                usb_device_endpoint_get_config_defaults
 .text.usb_device_endpoint_set_config
                0x0000aef8      0x530 src/ASF/sam0/drivers/usb/usb_sam_d_r/usb.o
                0x0000aef8                usb_device_endpoint_set_config
 .text.usb_device_endpoint_abort_job
                0x0000b428       0x88 src/ASF/sam0/drivers/usb/usb_sam_d_r/usb.o
                0x0000b428                usb_device_endpoint_abort_job
 .text.usb_device_endpoint_is_halted
                0x0000b4b0       0x74 src/ASF/sam0/drivers/usb/usb_sam_d_r/usb.o
                0x0000b4b0                usb_device_endpoint_is_halted
 .text.usb_device_endpoint_set_halt
                0x0000b524       0x5c src/ASF/sam0/drivers/usb/usb_sam_d_r/usb.o
                0x0000b524                usb_device_endpoint_set_halt
 .text.usb_device_endpoint_clear_halt
                0x0000b580      0x12c src/ASF/sam0/drivers/usb/usb_sam_d_r/usb.o
                0x0000b580                usb_device_endpoint_clear_halt
 .text.usb_device_endpoint_write_buffer_job
                0x0000b6ac       0xc4 src/ASF/sam0/drivers/usb/usb_sam_d_r/usb.o
                0x0000b6ac                usb_device_endpoint_write_buffer_job
 .text.usb_device_endpoint_read_buffer_job
                0x0000b770       0xbc src/ASF/sam0/drivers/usb/usb_sam_d_r/usb.o
                0x0000b770                usb_device_endpoint_read_buffer_job
 .text.usb_device_endpoint_setup_buffer_job
                0x0000b82c       0x58 src/ASF/sam0/drivers/usb/usb_sam_d_r/usb.o
                0x0000b82c                usb_device_endpoint_setup_buffer_job
 .text._usb_device_interrupt_handler
                0x0000b884      0x6c8 src/ASF/sam0/drivers/usb/usb_sam_d_r/usb.o
 .text.usb_enable
                0x0000bf4c       0x32 src/ASF/sam0/drivers/usb/usb_sam_d_r/usb.o
                0x0000bf4c                usb_enable
 *fill*         0x0000bf7e        0x2 
 .text.USB_Handler
                0x0000bf80       0x38 src/ASF/sam0/drivers/usb/usb_sam_d_r/usb.o
                0x0000bf80                USB_Handler
 .text.usb_get_config_defaults
                0x0000bfb8       0x28 src/ASF/sam0/drivers/usb/usb_sam_d_r/usb.o
                0x0000bfb8                usb_get_config_defaults
 .text.usb_init
                0x0000bfe0      0x380 src/ASF/sam0/drivers/usb/usb_sam_d_r/usb.o
                0x0000bfe0                usb_init
 .text.system_pinmux_get_group_from_gpio_pin
                0x0000c360       0x60 src/ASF/common2/boards/user_board/init.o
 .text.port_get_group_from_gpio_pin
                0x0000c3c0       0x28 src/ASF/common2/boards/user_board/init.o
 .text.port_get_config_defaults
                0x0000c3e8       0x22 src/ASF/common2/boards/user_board/init.o
 *fill*         0x0000c40a        0x2 
 .text.port_pin_set_output_level
                0x0000c40c       0x54 src/ASF/common2/boards/user_board/init.o
 .text.system_board_init
                0x0000c460      0x2b0 src/ASF/common2/boards/user_board/init.o
                0x0000c460                board_init
                0x0000c460                system_board_init
 .text.cpu_irq_enter_critical
                0x0000c710       0x74 src/ASF/common/utils/interrupt/interrupt_sam_nvic.o
                0x0000c710                cpu_irq_enter_critical
 .text.cpu_irq_leave_critical
                0x0000c784       0x58 src/ASF/common/utils/interrupt/interrupt_sam_nvic.o
                0x0000c784                cpu_irq_leave_critical
 .text.system_gclk_gen_get_config_defaults
                0x0000c7dc       0x2e src/ASF/sam0/drivers/system/clock/clock_samd21_r21_da_ha1/clock.o
 .text.system_gclk_chan_get_config_defaults
                0x0000c80a       0x16 src/ASF/sam0/drivers/system/clock/clock_samd21_r21_da_ha1/clock.o
 .text.system_clock_source_xosc32k_get_config_defaults
                0x0000c820       0x48 src/ASF/sam0/drivers/system/clock/clock_samd21_r21_da_ha1/clock.o
 .text.system_clock_source_osc8m_get_config_defaults
                0x0000c868       0x22 src/ASF/sam0/drivers/system/clock/clock_samd21_r21_da_ha1/clock.o
 .text.system_clock_source_dfll_get_config_defaults
                0x0000c88a       0x52 src/ASF/sam0/drivers/system/clock/clock_samd21_r21_da_ha1/clock.o
 .text.system_cpu_clock_set_divider
                0x0000c8dc       0x20 src/ASF/sam0/drivers/system/clock/clock_samd21_r21_da_ha1/clock.o
 .text.system_apb_clock_set_divider
                0x0000c8fc       0x54 src/ASF/sam0/drivers/system/clock/clock_samd21_r21_da_ha1/clock.o
 .text.system_flash_set_waitstates
                0x0000c950       0x34 src/ASF/sam0/drivers/system/clock/clock_samd21_r21_da_ha1/clock.o
 .text._system_dfll_wait_for_sync
                0x0000c984       0x1c src/ASF/sam0/drivers/system/clock/clock_samd21_r21_da_ha1/clock.o
 .text._system_clock_source_dfll_set_config_errata_9905
                0x0000c9a0       0x5c src/ASF/sam0/drivers/system/clock/clock_samd21_r21_da_ha1/clock.o
 .text.system_clock_source_get_hz
                0x0000c9fc      0x108 src/ASF/sam0/drivers/system/clock/clock_samd21_r21_da_ha1/clock.o
                0x0000c9fc                system_clock_source_get_hz
 .text.system_clock_source_osc8m_set_config
                0x0000cb04       0x78 src/ASF/sam0/drivers/system/clock/clock_samd21_r21_da_ha1/clock.o
                0x0000cb04                system_clock_source_osc8m_set_config
 .text.system_clock_source_xosc32k_set_config
                0x0000cb7c      0x120 src/ASF/sam0/drivers/system/clock/clock_samd21_r21_da_ha1/clock.o
                0x0000cb7c                system_clock_source_xosc32k_set_config
 .text.system_clock_source_dfll_set_config
                0x0000cc9c       0xfc src/ASF/sam0/drivers/system/clock/clock_samd21_r21_da_ha1/clock.o
                0x0000cc9c                system_clock_source_dfll_set_config
 .text.system_clock_source_enable
                0x0000cd98       0xd4 src/ASF/sam0/drivers/system/clock/clock_samd21_r21_da_ha1/clock.o
                0x0000cd98                system_clock_source_enable
 .text.system_clock_source_is_ready
                0x0000ce6c       0xa0 src/ASF/sam0/drivers/system/clock/clock_samd21_r21_da_ha1/clock.o
                0x0000ce6c                system_clock_source_is_ready
 .text._switch_peripheral_gclk
                0x0000cf0c       0x44 src/ASF/sam0/drivers/system/clock/clock_samd21_r21_da_ha1/clock.o
 .text.system_clock_init
                0x0000cf50      0x318 src/ASF/sam0/drivers/system/clock/clock_samd21_r21_da_ha1/clock.o
                0x0000cf50                system_clock_init
 .text.system_apb_clock_set_mask
                0x0000d268       0x5c src/ASF/sam0/drivers/system/clock/clock_samd21_r21_da_ha1/gclk.o
 .text.system_interrupt_enter_critical_section
                0x0000d2c4       0x1c src/ASF/sam0/drivers/system/clock/clock_samd21_r21_da_ha1/gclk.o
 .text.system_interrupt_leave_critical_section
                0x0000d2e0       0x1c src/ASF/sam0/drivers/system/clock/clock_samd21_r21_da_ha1/gclk.o
 .text.system_gclk_is_syncing
                0x0000d2fc       0x20 src/ASF/sam0/drivers/system/clock/clock_samd21_r21_da_ha1/gclk.o
 .text.system_gclk_init
                0x0000d31c       0x34 src/ASF/sam0/drivers/system/clock/clock_samd21_r21_da_ha1/gclk.o
                0x0000d31c                system_gclk_init
 .text.system_gclk_gen_set_config
                0x0000d350      0x134 src/ASF/sam0/drivers/system/clock/clock_samd21_r21_da_ha1/gclk.o
                0x0000d350                system_gclk_gen_set_config
 .text.system_gclk_gen_enable
                0x0000d484       0x68 src/ASF/sam0/drivers/system/clock/clock_samd21_r21_da_ha1/gclk.o
                0x0000d484                system_gclk_gen_enable
 .text.system_gclk_gen_get_hz
                0x0000d4ec       0xf8 src/ASF/sam0/drivers/system/clock/clock_samd21_r21_da_ha1/gclk.o
                0x0000d4ec                system_gclk_gen_get_hz
 .text.system_gclk_chan_set_config
                0x0000d5e4       0x50 src/ASF/sam0/drivers/system/clock/clock_samd21_r21_da_ha1/gclk.o
                0x0000d5e4                system_gclk_chan_set_config
 .text.system_gclk_chan_enable
                0x0000d634       0x4c src/ASF/sam0/drivers/system/clock/clock_samd21_r21_da_ha1/gclk.o
                0x0000d634                system_gclk_chan_enable
 .text.system_gclk_chan_disable
                0x0000d680       0x9c src/ASF/sam0/drivers/system/clock/clock_samd21_r21_da_ha1/gclk.o
                0x0000d680                system_gclk_chan_disable
 .text.system_gclk_chan_get_hz
                0x0000d71c       0x64 src/ASF/sam0/drivers/system/clock/clock_samd21_r21_da_ha1/gclk.o
                0x0000d71c                system_gclk_chan_get_hz
 .text.system_pinmux_get_group_from_gpio_pin
                0x0000d780       0x60 src/ASF/sam0/drivers/system/pinmux/pinmux.o
 .text._system_pinmux_config
                0x0000d7e0      0x110 src/ASF/sam0/drivers/system/pinmux/pinmux.o
 .text.system_pinmux_pin_set_config
                0x0000d8f0       0x4c src/ASF/sam0/drivers/system/pinmux/pinmux.o
                0x0000d8f0                system_pinmux_pin_set_config
 .text._system_dummy_init
                0x0000d93c        0xa src/ASF/sam0/drivers/system/system.o
                0x0000d93c                _system_events_init
                0x0000d93c                _system_dummy_init
                0x0000d93c                _system_divas_init
 *fill*         0x0000d946        0x2 
 .text.system_init
                0x0000d948       0x44 src/ASF/sam0/drivers/system/system.o
                0x0000d948                system_init
 .text.Reset_Handler
                0x0000d98c      0x110 src/ASF/sam0/utils/cmsis/samd21/source/gcc/startup_samd21.o
                0x0000d98c                Reset_Handler
 .text.Dummy_Handler
                0x0000da9c        0x6 src/ASF/sam0/utils/cmsis/samd21/source/gcc/startup_samd21.o
                0x0000da9c                DMAC_Handler
                0x0000da9c                HardFault_Handler
                0x0000da9c                AC_Handler
                0x0000da9c                SysTick_Handler
                0x0000da9c                PendSV_Handler
                0x0000da9c                NMI_Handler
                0x0000da9c                ADC_Handler
                0x0000da9c                TCC1_Handler
                0x0000da9c                TCC0_Handler
                0x0000da9c                WDT_Handler
                0x0000da9c                TC4_Handler
                0x0000da9c                TC3_Handler
                0x0000da9c                Dummy_Handler
                0x0000da9c                PM_Handler
                0x0000da9c                SVC_Handler
                0x0000da9c                TCC2_Handler
                0x0000da9c                EVSYS_Handler
                0x0000da9c                I2S_Handler
                0x0000da9c                NVMCTRL_Handler
                0x0000da9c                DAC_Handler
                0x0000da9c                PTC_Handler
                0x0000da9c                TC5_Handler
 *fill*         0x0000daa2        0x2 
 .text._read    0x0000daa4       0x60 src/ASF/sam0/utils/stdio/read.o
                0x0000daa4                _read
 .text._write   0x0000db04       0x78 src/ASF/sam0/utils/stdio/write.o
                0x0000db04                _write
 .text._sbrk    0x0000db7c       0x60 src/ASF/sam0/utils/syscalls/gcc/syscalls.o
                0x0000db7c                _sbrk
 .text._close   0x0000dbdc       0x14 src/ASF/sam0/utils/syscalls/gcc/syscalls.o
                0x0000dbdc                _close
 .text._fstat   0x0000dbf0       0x1c src/ASF/sam0/utils/syscalls/gcc/syscalls.o
                0x0000dbf0                _fstat
 .text._isatty  0x0000dc0c       0x12 src/ASF/sam0/utils/syscalls/gcc/syscalls.o
                0x0000dc0c                _isatty
 .text._lseek   0x0000dc1e       0x16 src/ASF/sam0/utils/syscalls/gcc/syscalls.o
                0x0000dc1e                _lseek
 .text.rtc_calendar_get_time_defaults
                0x0000dc34       0x3c src/ASF/thirdparty/fatfs/fatfs-port-r0.09/diskio.o
 .text.rtc_calendar_get_config_defaults
                0x0000dc70       0xb0 src/ASF/thirdparty/fatfs/fatfs-port-r0.09/diskio.o
 .text.configure_rtc_calendar
                0x0000dd20       0xa8 src/ASF/thirdparty/fatfs/fatfs-port-r0.09/diskio.o
 .text.disk_initialize
                0x0000ddc8       0x94 src/ASF/thirdparty/fatfs/fatfs-port-r0.09/diskio.o
                0x0000ddc8                disk_initialize
 .text.disk_status
                0x0000de5c       0x40 src/ASF/thirdparty/fatfs/fatfs-port-r0.09/diskio.o
                0x0000de5c                disk_status
 .text.disk_read
                0x0000de9c       0xe8 src/ASF/thirdparty/fatfs/fatfs-port-r0.09/diskio.o
                0x0000de9c                disk_read
 .text.disk_write
                0x0000df84       0xe8 src/ASF/thirdparty/fatfs/fatfs-port-r0.09/diskio.o
                0x0000df84                disk_write
 .text.disk_ioctl
                0x0000e06c      0x10c src/ASF/thirdparty/fatfs/fatfs-port-r0.09/diskio.o
                0x0000e06c                disk_ioctl
 .text.mem_cpy  0x0000e178       0x38 src/ASF/thirdparty/fatfs/fatfs-r0.09/src/ff.o
 .text.mem_set  0x0000e1b0       0x30 src/ASF/thirdparty/fatfs/fatfs-r0.09/src/ff.o
 .text.mem_cmp  0x0000e1e0       0x4a src/ASF/thirdparty/fatfs/fatfs-r0.09/src/ff.o
 .text.chk_chr  0x0000e22a       0x32 src/ASF/thirdparty/fatfs/fatfs-r0.09/src/ff.o
 .text.move_window
                0x0000e25c       0xd8 src/ASF/thirdparty/fatfs/fatfs-r0.09/src/ff.o
 .text.sync     0x0000e334      0x1ac src/ASF/thirdparty/fatfs/fatfs-r0.09/src/ff.o
 .text.clust2sect
                0x0000e4e0       0x38 src/ASF/thirdparty/fatfs/fatfs-r0.09/src/ff.o
 .text.get_fat  0x0000e518      0x180 src/ASF/thirdparty/fatfs/fatfs-r0.09/src/ff.o
 .text.put_fat  0x0000e698      0x250 src/ASF/thirdparty/fatfs/fatfs-r0.09/src/ff.o
 .text.remove_chain
                0x0000e8e8       0xcc src/ASF/thirdparty/fatfs/fatfs-r0.09/src/ff.o
 .text.create_chain
                0x0000e9b4      0x14c src/ASF/thirdparty/fatfs/fatfs-r0.09/src/ff.o
 .text.dir_sdi  0x0000eb00      0x134 src/ASF/thirdparty/fatfs/fatfs-r0.09/src/ff.o
 .text.dir_next
                0x0000ec34      0x204 src/ASF/thirdparty/fatfs/fatfs-r0.09/src/ff.o
 .text.dir_find
                0x0000ee38       0xdc src/ASF/thirdparty/fatfs/fatfs-r0.09/src/ff.o
 .text.dir_read
                0x0000ef14       0xd4 src/ASF/thirdparty/fatfs/fatfs-r0.09/src/ff.o
 .text.dir_register
                0x0000efe8      0x10c src/ASF/thirdparty/fatfs/fatfs-r0.09/src/ff.o
 .text.dir_remove
                0x0000f0f4       0x74 src/ASF/thirdparty/fatfs/fatfs-r0.09/src/ff.o
 .text.create_name
                0x0000f168      0x218 src/ASF/thirdparty/fatfs/fatfs-r0.09/src/ff.o
 .text.get_fileinfo
                0x0000f380      0x13e src/ASF/thirdparty/fatfs/fatfs-r0.09/src/ff.o
 *fill*         0x0000f4be        0x2 
 .text.follow_path
                0x0000f4c0      0x140 src/ASF/thirdparty/fatfs/fatfs-r0.09/src/ff.o
 .text.check_fs
                0x0000f600       0xe0 src/ASF/thirdparty/fatfs/fatfs-r0.09/src/ff.o
 .text.chk_mounted
                0x0000f6e0      0x628 src/ASF/thirdparty/fatfs/fatfs-r0.09/src/ff.o
 .text.validate
                0x0000fd08       0x5c src/ASF/thirdparty/fatfs/fatfs-r0.09/src/ff.o
 .text.f_mount  0x0000fd64       0x60 src/ASF/thirdparty/fatfs/fatfs-r0.09/src/ff.o
                0x0000fd64                f_mount
 .text.f_open   0x0000fdc4      0x370 src/ASF/thirdparty/fatfs/fatfs-r0.09/src/ff.o
                0x0000fdc4                f_open
 .text.f_read   0x00010134      0x2b4 src/ASF/thirdparty/fatfs/fatfs-r0.09/src/ff.o
                0x00010134                f_read
 .text.f_stat   0x000103e8       0x98 src/ASF/thirdparty/fatfs/fatfs-r0.09/src/ff.o
                0x000103e8                f_stat
 .text.f_unlink
                0x00010480      0x1f0 src/ASF/thirdparty/fatfs/fatfs-r0.09/src/ff.o
                0x00010480                f_unlink
 .text          0x00010670       0x18 c:/program files (x86)/atmel/studio/7.0/toolchain/arm/arm-gnu-toolchain/bin/../lib/gcc/arm-none-eabi/6.2.1/thumb/v6-m\libgcc.a(_thumb1_case_si.o)
                0x00010670                __gnu_thumb1_case_si
 .text          0x00010688      0x114 c:/program files (x86)/atmel/studio/7.0/toolchain/arm/arm-gnu-toolchain/bin/../lib/gcc/arm-none-eabi/6.2.1/thumb/v6-m\libgcc.a(_udivsi3.o)
                0x00010688                __aeabi_uidiv
                0x00010688                __udivsi3
                0x00010794                __aeabi_uidivmod
 .text          0x0001079c      0x1d4 c:/program files (x86)/atmel/studio/7.0/toolchain/arm/arm-gnu-toolchain/bin/../lib/gcc/arm-none-eabi/6.2.1/thumb/v6-m\libgcc.a(_divsi3.o)
                0x0001079c                __divsi3
                0x0001079c                __aeabi_idiv
                0x00010968                __aeabi_idivmod
 .text          0x00010970        0x4 c:/program files (x86)/atmel/studio/7.0/toolchain/arm/arm-gnu-toolchain/bin/../lib/gcc/arm-none-eabi/6.2.1/thumb/v6-m\libgcc.a(_dvmd_tls.o)
                0x00010970                __aeabi_idiv0
                0x00010970                __aeabi_ldiv0
 .text          0x00010974       0x40 c:/program files (x86)/atmel/studio/7.0/toolchain/arm/arm-gnu-toolchain/bin/../lib/gcc/arm-none-eabi/6.2.1/thumb/v6-m\libgcc.a(_ctzsi2.o)
                0x00010974                __ctzsi2
 .text.__libc_init_array
                0x000109b4       0x48 c:/program files (x86)/atmel/studio/7.0/toolchain/arm/arm-gnu-toolchain/bin/../lib/gcc/arm-none-eabi/6.2.1/../../../../arm-none-eabi/lib/thumb/v6-m\libc_nano.a(lib_a-init.o)
                0x000109b4                __libc_init_array
 .text.memcpy   0x000109fc       0x12 c:/program files (x86)/atmel/studio/7.0/toolchain/arm/arm-gnu-toolchain/bin/../lib/gcc/arm-none-eabi/6.2.1/../../../../arm-none-eabi/lib/thumb/v6-m\libc_nano.a(lib_a-memcpy-stub.o)
                0x000109fc                memcpy
 .text.memset   0x00010a0e       0x10 c:/program files (x86)/atmel/studio/7.0/toolchain/arm/arm-gnu-toolchain/bin/../lib/gcc/arm-none-eabi/6.2.1/../../../../arm-none-eabi/lib/thumb/v6-m\libc_nano.a(lib_a-memset.o)
                0x00010a0e                memset
 .text.setbuf   0x00010a1e       0x12 c:/program files (x86)/atmel/studio/7.0/toolchain/arm/arm-gnu-toolchain/bin/../lib/gcc/arm-none-eabi/6.2.1/../../../../arm-none-eabi/lib/thumb/v6-m\libc_nano.a(lib_a-setbuf.o)
                0x00010a1e                setbuf
 .text.setvbuf  0x00010a30      0x158 c:/program files (x86)/atmel/studio/7.0/toolchain/arm/arm-gnu-toolchain/bin/../lib/gcc/arm-none-eabi/6.2.1/../../../../arm-none-eabi/lib/thumb/v6-m\libc_nano.a(lib_a-setvbuf.o)
                0x00010a30                setvbuf
 .text.vprintf  0x00010b88       0x2c c:/program files (x86)/atmel/studio/7.0/toolchain/arm/arm-gnu-toolchain/bin/../lib/gcc/arm-none-eabi/6.2.1/../../../../arm-none-eabi/lib/thumb/v6-m\libc_nano.a(lib_a-vprintf.o)
                0x00010b88                viprintf
                0x00010b88                vprintf
 .text.__sflush_r
                0x00010bb4      0x114 c:/program files (x86)/atmel/studio/7.0/toolchain/arm/arm-gnu-toolchain/bin/../lib/gcc/arm-none-eabi/6.2.1/../../../../arm-none-eabi/lib/thumb/v6-m\libc_nano.a(lib_a-fflush.o)
                0x00010bb4                __sflush_r
 .text._fflush_r
                0x00010cc8       0x58 c:/program files (x86)/atmel/studio/7.0/toolchain/arm/arm-gnu-toolchain/bin/../lib/gcc/arm-none-eabi/6.2.1/../../../../arm-none-eabi/lib/thumb/v6-m\libc_nano.a(lib_a-fflush.o)
                0x00010cc8                _fflush_r
 .text._cleanup_r
                0x00010d20       0x10 c:/program files (x86)/atmel/studio/7.0/toolchain/arm/arm-gnu-toolchain/bin/../lib/gcc/arm-none-eabi/6.2.1/../../../../arm-none-eabi/lib/thumb/v6-m\libc_nano.a(lib_a-findfp.o)
                0x00010d20                _cleanup_r
 .text.std.isra.0
                0x00010d30       0x48 c:/program files (x86)/atmel/studio/7.0/toolchain/arm/arm-gnu-toolchain/bin/../lib/gcc/arm-none-eabi/6.2.1/../../../../arm-none-eabi/lib/thumb/v6-m\libc_nano.a(lib_a-findfp.o)
 .text.__sfmoreglue
                0x00010d78       0x2c c:/program files (x86)/atmel/studio/7.0/toolchain/arm/arm-gnu-toolchain/bin/../lib/gcc/arm-none-eabi/6.2.1/../../../../arm-none-eabi/lib/thumb/v6-m\libc_nano.a(lib_a-findfp.o)
                0x00010d78                __sfmoreglue
 .text.__sinit  0x00010da4       0x68 c:/program files (x86)/atmel/studio/7.0/toolchain/arm/arm-gnu-toolchain/bin/../lib/gcc/arm-none-eabi/6.2.1/../../../../arm-none-eabi/lib/thumb/v6-m\libc_nano.a(lib_a-findfp.o)
                0x00010da4                __sinit
 .text.__sfp    0x00010e0c       0x80 c:/program files (x86)/atmel/studio/7.0/toolchain/arm/arm-gnu-toolchain/bin/../lib/gcc/arm-none-eabi/6.2.1/../../../../arm-none-eabi/lib/thumb/v6-m\libc_nano.a(lib_a-findfp.o)
                0x00010e0c                __sfp
 .text._fwalk_reent
                0x00010e8c       0x42 c:/program files (x86)/atmel/studio/7.0/toolchain/arm/arm-gnu-toolchain/bin/../lib/gcc/arm-none-eabi/6.2.1/../../../../arm-none-eabi/lib/thumb/v6-m\libc_nano.a(lib_a-fwalk.o)
                0x00010e8c                _fwalk_reent
 *fill*         0x00010ece        0x2 
 .text.__swhatbuf_r
                0x00010ed0       0x50 c:/program files (x86)/atmel/studio/7.0/toolchain/arm/arm-gnu-toolchain/bin/../lib/gcc/arm-none-eabi/6.2.1/../../../../arm-none-eabi/lib/thumb/v6-m\libc_nano.a(lib_a-makebuf.o)
                0x00010ed0                __swhatbuf_r
 .text.__smakebuf_r
                0x00010f20       0x7c c:/program files (x86)/atmel/studio/7.0/toolchain/arm/arm-gnu-toolchain/bin/../lib/gcc/arm-none-eabi/6.2.1/../../../../arm-none-eabi/lib/thumb/v6-m\libc_nano.a(lib_a-makebuf.o)
                0x00010f20                __smakebuf_r
 .text.malloc   0x00010f9c       0x14 c:/program files (x86)/atmel/studio/7.0/toolchain/arm/arm-gnu-toolchain/bin/../lib/gcc/arm-none-eabi/6.2.1/../../../../arm-none-eabi/lib/thumb/v6-m\libc_nano.a(lib_a-malloc.o)
                0x00010f9c                malloc
 .text._free_r  0x00010fb0       0x94 c:/program files (x86)/atmel/studio/7.0/toolchain/arm/arm-gnu-toolchain/bin/../lib/gcc/arm-none-eabi/6.2.1/../../../../arm-none-eabi/lib/thumb/v6-m\libc_nano.a(lib_a-nano-freer.o)
                0x00010fb0                _free_r
 .text._malloc_r
                0x00011044       0xbc c:/program files (x86)/atmel/studio/7.0/toolchain/arm/arm-gnu-toolchain/bin/../lib/gcc/arm-none-eabi/6.2.1/../../../../arm-none-eabi/lib/thumb/v6-m\libc_nano.a(lib_a-nano-mallocr.o)
                0x00011044                _malloc_r
 .text.__sfputc_r
                0x00011100       0x2a c:/program files (x86)/atmel/studio/7.0/toolchain/arm/arm-gnu-toolchain/bin/../lib/gcc/arm-none-eabi/6.2.1/../../../../arm-none-eabi/lib/thumb/v6-m\libc_nano.a(lib_a-nano-vfprintf.o)
 .text.__sfputs_r
                0x0001112a       0x24 c:/program files (x86)/atmel/studio/7.0/toolchain/arm/arm-gnu-toolchain/bin/../lib/gcc/arm-none-eabi/6.2.1/../../../../arm-none-eabi/lib/thumb/v6-m\libc_nano.a(lib_a-nano-vfprintf.o)
                0x0001112a                __sfputs_r
 *fill*         0x0001114e        0x2 
 .text._vfprintf_r
                0x00011150      0x238 c:/program files (x86)/atmel/studio/7.0/toolchain/arm/arm-gnu-toolchain/bin/../lib/gcc/arm-none-eabi/6.2.1/../../../../arm-none-eabi/lib/thumb/v6-m\libc_nano.a(lib_a-nano-vfprintf.o)
                0x00011150                _vfprintf_r
                0x00011150                _vfiprintf_r
 .text._printf_common
                0x00011388       0xda c:/program files (x86)/atmel/studio/7.0/toolchain/arm/arm-gnu-toolchain/bin/../lib/gcc/arm-none-eabi/6.2.1/../../../../arm-none-eabi/lib/thumb/v6-m\libc_nano.a(lib_a-nano-vfprintf_i.o)
                0x00011388                _printf_common
 *fill*         0x00011462        0x2 
 .text._printf_i
                0x00011464      0x234 c:/program files (x86)/atmel/studio/7.0/toolchain/arm/arm-gnu-toolchain/bin/../lib/gcc/arm-none-eabi/6.2.1/../../../../arm-none-eabi/lib/thumb/v6-m\libc_nano.a(lib_a-nano-vfprintf_i.o)
                0x00011464                _printf_i
 .text._sbrk_r  0x00011698       0x24 c:/program files (x86)/atmel/studio/7.0/toolchain/arm/arm-gnu-toolchain/bin/../lib/gcc/arm-none-eabi/6.2.1/../../../../arm-none-eabi/lib/thumb/v6-m\libc_nano.a(lib_a-sbrkr.o)
                0x00011698                _sbrk_r
 .text.__sread  0x000116bc       0x28 c:/program files (x86)/atmel/studio/7.0/toolchain/arm/arm-gnu-toolchain/bin/../lib/gcc/arm-none-eabi/6.2.1/../../../../arm-none-eabi/lib/thumb/v6-m\libc_nano.a(lib_a-stdio.o)
                0x000116bc                __sread
 .text.__swrite
                0x000116e4       0x38 c:/program files (x86)/atmel/studio/7.0/toolchain/arm/arm-gnu-toolchain/bin/../lib/gcc/arm-none-eabi/6.2.1/../../../../arm-none-eabi/lib/thumb/v6-m\libc_nano.a(lib_a-stdio.o)
                0x000116e4                __swrite
 .text.__sseek  0x0001171c       0x2c c:/program files (x86)/atmel/studio/7.0/toolchain/arm/arm-gnu-toolchain/bin/../lib/gcc/arm-none-eabi/6.2.1/../../../../arm-none-eabi/lib/thumb/v6-m\libc_nano.a(lib_a-stdio.o)
                0x0001171c                __sseek
 .text.__sclose
                0x00011748        0xc c:/program files (x86)/atmel/studio/7.0/toolchain/arm/arm-gnu-toolchain/bin/../lib/gcc/arm-none-eabi/6.2.1/../../../../arm-none-eabi/lib/thumb/v6-m\libc_nano.a(lib_a-stdio.o)
                0x00011748                __sclose
 .text.__swbuf_r
                0x00011754       0xac c:/program files (x86)/atmel/studio/7.0/toolchain/arm/arm-gnu-toolchain/bin/../lib/gcc/arm-none-eabi/6.2.1/../../../../arm-none-eabi/lib/thumb/v6-m\libc_nano.a(lib_a-wbuf.o)
                0x00011754                __swbuf_r
 .text._write_r
                0x00011800       0x28 c:/program files (x86)/atmel/studio/7.0/toolchain/arm/arm-gnu-toolchain/bin/../lib/gcc/arm-none-eabi/6.2.1/../../../../arm-none-eabi/lib/thumb/v6-m\libc_nano.a(lib_a-writer.o)
                0x00011800                _write_r
 .text.__swsetup_r
                0x00011828       0xec c:/program files (x86)/atmel/studio/7.0/toolchain/arm/arm-gnu-toolchain/bin/../lib/gcc/arm-none-eabi/6.2.1/../../../../arm-none-eabi/lib/thumb/v6-m\libc_nano.a(lib_a-wsetup.o)
                0x00011828                __swsetup_r
 .text._close_r
                0x00011914       0x24 c:/program files (x86)/atmel/studio/7.0/toolchain/arm/arm-gnu-toolchain/bin/../lib/gcc/arm-none-eabi/6.2.1/../../../../arm-none-eabi/lib/thumb/v6-m\libc_nano.a(lib_a-closer.o)
                0x00011914                _close_r
 .text._fstat_r
                0x00011938       0x24 c:/program files (x86)/atmel/studio/7.0/toolchain/arm/arm-gnu-toolchain/bin/../lib/gcc/arm-none-eabi/6.2.1/../../../../arm-none-eabi/lib/thumb/v6-m\libc_nano.a(lib_a-fstatr.o)
                0x00011938                _fstat_r
 .text._isatty_r
                0x0001195c       0x24 c:/program files (x86)/atmel/studio/7.0/toolchain/arm/arm-gnu-toolchain/bin/../lib/gcc/arm-none-eabi/6.2.1/../../../../arm-none-eabi/lib/thumb/v6-m\libc_nano.a(lib_a-isattyr.o)
                0x0001195c                _isatty_r
 .text._lseek_r
                0x00011980       0x28 c:/program files (x86)/atmel/studio/7.0/toolchain/arm/arm-gnu-toolchain/bin/../lib/gcc/arm-none-eabi/6.2.1/../../../../arm-none-eabi/lib/thumb/v6-m\libc_nano.a(lib_a-lseekr.o)
                0x00011980                _lseek_r
 .text.memchr   0x000119a8       0x16 c:/program files (x86)/atmel/studio/7.0/toolchain/arm/arm-gnu-toolchain/bin/../lib/gcc/arm-none-eabi/6.2.1/../../../../arm-none-eabi/lib/thumb/v6-m\libc_nano.a(lib_a-memchr-stub.o)
                0x000119a8                memchr
 .text.__malloc_lock
                0x000119be        0x2 c:/program files (x86)/atmel/studio/7.0/toolchain/arm/arm-gnu-toolchain/bin/../lib/gcc/arm-none-eabi/6.2.1/../../../../arm-none-eabi/lib/thumb/v6-m\libc_nano.a(lib_a-mlock.o)
                0x000119be                __malloc_lock
 .text.__malloc_unlock
                0x000119c0        0x2 c:/program files (x86)/atmel/studio/7.0/toolchain/arm/arm-gnu-toolchain/bin/../lib/gcc/arm-none-eabi/6.2.1/../../../../arm-none-eabi/lib/thumb/v6-m\libc_nano.a(lib_a-mlock.o)
                0x000119c0                __malloc_unlock
 *fill*         0x000119c2        0x2 
 .text._read_r  0x000119c4       0x28 c:/program files (x86)/atmel/studio/7.0/toolchain/arm/arm-gnu-toolchain/bin/../lib/gcc/arm-none-eabi/6.2.1/../../../../arm-none-eabi/lib/thumb/v6-m\libc_nano.a(lib_a-readr.o)
                0x000119c4                _read_r
 *(.glue_7t)
 .glue_7t       0x000119ec        0x0 linker stubs
 *(.glue_7)
 .glue_7        0x000119ec        0x0 linker stubs
 *(.rodata .rodata* .gnu.linkonce.r.*)
 .rodata.sd_mmc_trans_units
                0x000119ec       0x1c src/ASF/common2/components/memory/sd_mmc/sd_mmc.o
                0x000119ec                sd_mmc_trans_units
 .rodata.sd_trans_multipliers
                0x00011a08       0x40 src/ASF/common2/components/memory/sd_mmc/sd_mmc.o
                0x00011a08                sd_trans_multipliers
 .rodata.mmc_trans_multipliers
                0x00011a48       0x40 src/ASF/common2/components/memory/sd_mmc/sd_mmc.o
                0x00011a48                mmc_trans_multipliers
 .rodata        0x00011a88      0x22a src/bootloader.o
 *fill*         0x00011cb2        0x2 
 .rodata        0x00011cb4        0x8 src/ASF/common/services/usb/udc/udc.o
 .rodata        0x00011cbc       0x18 src/ASF/sam0/drivers/sercom/sercom.o
 .rodata        0x00011cd4        0x6 src/ASF/sam0/drivers/sercom/sercom_interrupt.o
 *fill*         0x00011cda        0x2 
 .rodata        0x00011cdc       0x15 src/ASF/common/services/storage/ctrl_access/ctrl_access.o
 *fill*         0x00011cf1        0x3 
 .rodata        0x00011cf4        0x4 src/ASF/sam0/drivers/usb/stack_interface/usb_device_udd.o
 .rodata._usb_device_irq_bits
                0x00011cf8        0xe src/ASF/sam0/drivers/usb/usb_sam_d_r/usb.o
 *fill*         0x00011d06        0x2 
 .rodata._usb_endpoint_irq_bits
                0x00011d08        0x4 src/ASF/sam0/drivers/usb/usb_sam_d_r/usb.o
 .rodata        0x00011d0c        0xf src/ASF/thirdparty/fatfs/fatfs-r0.09/src/ff.o
 *fill*         0x00011d1b        0x1 
 .rodata._global_impure_ptr
                0x00011d1c        0x4 c:/program files (x86)/atmel/studio/7.0/toolchain/arm/arm-gnu-toolchain/bin/../lib/gcc/arm-none-eabi/6.2.1/../../../../arm-none-eabi/lib/thumb/v6-m\libc_nano.a(lib_a-impure.o)
                0x00011d1c                _global_impure_ptr
 .rodata.__sf_fake_stderr
                0x00011d20       0x20 c:/program files (x86)/atmel/studio/7.0/toolchain/arm/arm-gnu-toolchain/bin/../lib/gcc/arm-none-eabi/6.2.1/../../../../arm-none-eabi/lib/thumb/v6-m\libc_nano.a(lib_a-findfp.o)
                0x00011d20                __sf_fake_stderr
 .rodata.__sf_fake_stdin
                0x00011d40       0x20 c:/program files (x86)/atmel/studio/7.0/toolchain/arm/arm-gnu-toolchain/bin/../lib/gcc/arm-none-eabi/6.2.1/../../../../arm-none-eabi/lib/thumb/v6-m\libc_nano.a(lib_a-findfp.o)
                0x00011d40                __sf_fake_stdin
 .rodata.__sf_fake_stdout
                0x00011d60       0x20 c:/program files (x86)/atmel/studio/7.0/toolchain/arm/arm-gnu-toolchain/bin/../lib/gcc/arm-none-eabi/6.2.1/../../../../arm-none-eabi/lib/thumb/v6-m\libc_nano.a(lib_a-findfp.o)
                0x00011d60                __sf_fake_stdout
 .rodata._vfprintf_r.str1.1
                0x00011d80       0x11 c:/program files (x86)/atmel/studio/7.0/toolchain/arm/arm-gnu-toolchain/bin/../lib/gcc/arm-none-eabi/6.2.1/../../../../arm-none-eabi/lib/thumb/v6-m\libc_nano.a(lib_a-nano-vfprintf.o)
 .rodata._printf_i.str1.1
                0x00011d91       0x22 c:/program files (x86)/atmel/studio/7.0/toolchain/arm/arm-gnu-toolchain/bin/../lib/gcc/arm-none-eabi/6.2.1/../../../../arm-none-eabi/lib/thumb/v6-m\libc_nano.a(lib_a-nano-vfprintf_i.o)
 *(.ARM.extab* .gnu.linkonce.armextab.*)
                0x00011db4                . = ALIGN (0x4)
 *fill*         0x00011db3        0x1 
 *(.init)
 .init          0x00011db4        0x4 c:/program files (x86)/atmel/studio/7.0/toolchain/arm/arm-gnu-toolchain/bin/../lib/gcc/arm-none-eabi/6.2.1/thumb/v6-m/crti.o
                0x00011db4                _init
 .init          0x00011db8        0x8 c:/program files (x86)/atmel/studio/7.0/toolchain/arm/arm-gnu-toolchain/bin/../lib/gcc/arm-none-eabi/6.2.1/thumb/v6-m/crtn.o
                0x00011dc0                . = ALIGN (0x4)
                0x00011dc0                __preinit_array_start = .
 *(.preinit_array)
                0x00011dc0                __preinit_array_end = .
                0x00011dc0                . = ALIGN (0x4)
                0x00011dc0                __init_array_start = .
 *(SORT(.init_array.*))
 *(.init_array)
 .init_array    0x00011dc0        0x4 c:/program files (x86)/atmel/studio/7.0/toolchain/arm/arm-gnu-toolchain/bin/../lib/gcc/arm-none-eabi/6.2.1/thumb/v6-m/crtbegin.o
                0x00011dc4                __init_array_end = .
                0x00011dc4                . = ALIGN (0x4)
 *crtbegin.o(.ctors)
 *(EXCLUDE_FILE(*crtend.o) .ctors)
 *(SORT(.ctors.*))
 *crtend.o(.ctors)
                0x00011dc4                . = ALIGN (0x4)
 *(.fini)
 .fini          0x00011dc4        0x4 c:/program files (x86)/atmel/studio/7.0/toolchain/arm/arm-gnu-toolchain/bin/../lib/gcc/arm-none-eabi/6.2.1/thumb/v6-m/crti.o
                0x00011dc4                _fini
 .fini          0x00011dc8        0x8 c:/program files (x86)/atmel/studio/7.0/toolchain/arm/arm-gnu-toolchain/bin/../lib/gcc/arm-none-eabi/6.2.1/thumb/v6-m/crtn.o
                0x00011dd0                . = ALIGN (0x4)
                0x00011dd0                __fini_array_start = .
 *(.fini_array)
 .fini_array    0x00011dd0        0x4 c:/program files (x86)/atmel/studio/7.0/toolchain/arm/arm-gnu-toolchain/bin/../lib/gcc/arm-none-eabi/6.2.1/thumb/v6-m/crtbegin.o
 *(SORT(.fini_array.*))
                0x00011dd4                __fini_array_end = .
 *crtbegin.o(.dtors)
 *(EXCLUDE_FILE(*crtend.o) .dtors)
 *(SORT(.dtors.*))
 *crtend.o(.dtors)
                0x00011dd4                . = ALIGN (0x4)
                0x00011dd4                _efixed = .
                [!provide]                PROVIDE (__exidx_start, .)

.vfp11_veneer   0x00011dd4        0x0
 .vfp11_veneer  0x00011dd4        0x0 linker stubs

.v4_bx          0x00011dd4        0x0
 .v4_bx         0x00011dd4        0x0 linker stubs

.iplt           0x00011dd4        0x0
 .iplt          0x00011dd4        0x0 c:/program files (x86)/atmel/studio/7.0/toolchain/arm/arm-gnu-toolchain/bin/../lib/gcc/arm-none-eabi/6.2.1/thumb/v6-m/crtbegin.o

.eh_frame       0x00011dd4        0x0
 .eh_frame      0x00011dd4        0x0 c:/program files (x86)/atmel/studio/7.0/toolchain/arm/arm-gnu-toolchain/bin/../lib/gcc/arm-none-eabi/6.2.1/thumb/v6-m/crtbegin.o

.rel.dyn        0x00011dd4        0x0
 .rel.iplt      0x00011dd4        0x0 c:/program files (x86)/atmel/studio/7.0/toolchain/arm/arm-gnu-toolchain/bin/../lib/gcc/arm-none-eabi/6.2.1/thumb/v6-m/crtbegin.o
 .rel.got       0x00011dd4        0x0 c:/program files (x86)/atmel/studio/7.0/toolchain/arm/arm-gnu-toolchain/bin/../lib/gcc/arm-none-eabi/6.2.1/thumb/v6-m/crtbegin.o

.jcr            0x00011dd4        0x0
 .jcr           0x00011dd4        0x0 c:/program files (x86)/atmel/studio/7.0/toolchain/arm/arm-gnu-toolchain/bin/../lib/gcc/arm-none-eabi/6.2.1/thumb/v6-m/crtbegin.o

.igot.plt       0x00011dd4        0x0
 .igot.plt      0x00011dd4        0x0 c:/program files (x86)/atmel/studio/7.0/toolchain/arm/arm-gnu-toolchain/bin/../lib/gcc/arm-none-eabi/6.2.1/thumb/v6-m/crtbegin.o

.got            0x00011dd4      0x2fc
 .got           0x00011dd4      0x2fc c:/program files (x86)/atmel/studio/7.0/toolchain/arm/arm-gnu-toolchain/bin/../lib/gcc/arm-none-eabi/6.2.1/thumb/v6-m/crtbegin.o

.got.plt        0x000120d0        0xc
 .got.plt       0x000120d0        0xc c:/program files (x86)/atmel/studio/7.0/toolchain/arm/arm-gnu-toolchain/bin/../lib/gcc/arm-none-eabi/6.2.1/thumb/v6-m/crtbegin.o
                0x000120d0                _GLOBAL_OFFSET_TABLE_

.ARM.exidx
 *(.ARM.exidx* .gnu.linkonce.armexidx.*)
                [!provide]                PROVIDE (__exidx_end, .)
                0x000120dc                . = ALIGN (0x4)
                0x000120dc                _etext = .

.relocate       0x20000000      0x184 load address 0x000120dc
                0x20000000                . = ALIGN (0x4)
                0x20000000                _srelocate = .
 *(.ramfunc .ramfunc.*)
 *(.data .data.*)
 .data.rel.udi_api_cdc_comm
                0x20000000       0x14 src/ASF/common/services/usb/class/cdc/device/udi_cdc.o
                0x20000000                udi_api_cdc_comm
 .data.rel.udi_api_cdc_data
                0x20000014       0x14 src/ASF/common/services/usb/class/cdc/device/udi_cdc.o
                0x20000014                udi_api_cdc_data
 .data.udc_device_desc
                0x20000028       0x12 src/ASF/common/services/usb/class/cdc/device/udi_cdc_desc.o
                0x20000028                udc_device_desc
 *fill*         0x2000003a        0x2 
 .data.udc_device_lpm
                0x2000003c        0xc src/ASF/common/services/usb/class/cdc/device/udi_cdc_desc.o
                0x2000003c                udc_device_lpm
 .data.udc_desc_fs
                0x20000048       0x43 src/ASF/common/services/usb/class/cdc/device/udi_cdc_desc.o
                0x20000048                udc_desc_fs
 *fill*         0x2000008b        0x1 
 .data.rel.udi_apis
                0x2000008c        0x8 src/ASF/common/services/usb/class/cdc/device/udi_cdc_desc.o
                0x2000008c                udi_apis
 .data.rel.udc_config_fs
                0x20000094        0x8 src/ASF/common/services/usb/class/cdc/device/udi_cdc_desc.o
                0x20000094                udc_config_fs
 .data.rel.udc_config
                0x2000009c        0xc src/ASF/common/services/usb/class/cdc/device/udi_cdc_desc.o
                0x2000009c                udc_config
 .data.udc_string_desc_languageid
                0x200000a8        0x4 src/ASF/common/services/usb/udc/udc.o
 .data.udc_string_manufacturer_name
                0x200000ac        0xc src/ASF/common/services/usb/udc/udc.o
 .data.udc_string_product_name
                0x200000b8       0x11 src/ASF/common/services/usb/udc/udc.o
 *fill*         0x200000c9        0x3 
 .data.udc_string_desc
                0x200000cc       0x22 src/ASF/common/services/usb/udc/udc.o
 *fill*         0x200000ee        0x2 
 .data.cycles_per_ms
                0x200000f0        0x4 src/ASF/common2/services/delay/sam0/systick_counter.o
 .data.cycles_per_us
                0x200000f4        0x4 src/ASF/common2/services/delay/sam0/systick_counter.o
 .data.ss_pins  0x200000f8        0x1 src/ASF/common2/components/memory/sd_mmc/sd_mmc_spi.o
                0x200000f8                ss_pins
 *fill*         0x200000f9        0x3 
 .data.rel.ro.lun_desc
                0x200000fc       0x20 src/ASF/common/services/storage/ctrl_access/ctrl_access.o
 .data.g_interrupt_enabled
                0x2000011c        0x1 src/ASF/common/utils/interrupt/interrupt_sam_nvic.o
                0x2000011c                g_interrupt_enabled
 *fill*         0x2000011d        0x3 
 .data._impure_ptr
                0x20000120        0x4 c:/program files (x86)/atmel/studio/7.0/toolchain/arm/arm-gnu-toolchain/bin/../lib/gcc/arm-none-eabi/6.2.1/../../../../arm-none-eabi/lib/thumb/v6-m\libc_nano.a(lib_a-impure.o)
                0x20000120                _impure_ptr
 .data.impure_data
                0x20000124       0x60 c:/program files (x86)/atmel/studio/7.0/toolchain/arm/arm-gnu-toolchain/bin/../lib/gcc/arm-none-eabi/6.2.1/../../../../arm-none-eabi/lib/thumb/v6-m\libc_nano.a(lib_a-impure.o)
                0x20000184                . = ALIGN (0x4)
                0x20000184                _erelocate = .

.bss            0x20000184      0x8f8 load address 0x00012260
                0x20000184                . = ALIGN (0x4)
                0x20000184                _sbss = .
                0x20000184                _szero = .
 *(.bss .bss.*)
 .bss           0x20000184       0x1c c:/program files (x86)/atmel/studio/7.0/toolchain/arm/arm-gnu-toolchain/bin/../lib/gcc/arm-none-eabi/6.2.1/thumb/v6-m/crtbegin.o
 .bss.sd_mmc_cards
                0x200001a0       0x20 src/ASF/common2/components/memory/sd_mmc/sd_mmc.o
 .bss.sd_mmc_slot_sel
                0x200001c0        0x1 src/ASF/common2/components/memory/sd_mmc/sd_mmc.o
 *fill*         0x200001c1        0x3 
 .bss.sd_mmc_card
                0x200001c4        0x4 src/ASF/common2/components/memory/sd_mmc/sd_mmc.o
 .bss.sd_mmc_nb_block_to_tranfer
                0x200001c8        0x2 src/ASF/common2/components/memory/sd_mmc/sd_mmc.o
 .bss.sd_mmc_nb_block_remaining
                0x200001ca        0x2 src/ASF/common2/components/memory/sd_mmc/sd_mmc.o
 .bss.sd_mmc_ejected
                0x200001cc        0x2 src/ASF/common2/components/memory/sd_mmc/sd_mmc_mem.o
 *fill*         0x200001ce        0x2 
 .bss.buff      0x200001d0      0x200 src/bootloader.o
 .bss.udi_cdc_line_coding
                0x200003d0        0x7 src/ASF/common/services/usb/class/cdc/device/udi_cdc.o
 *fill*         0x200003d7        0x1 
 .bss.udi_cdc_state
                0x200003d8        0x2 src/ASF/common/services/usb/class/cdc/device/udi_cdc.o
 *fill*         0x200003da        0x2 
 .bss.uid_cdc_state_msg
                0x200003dc        0xa src/ASF/common/services/usb/class/cdc/device/udi_cdc.o
 .bss.udi_cdc_nb_comm_enabled
                0x200003e6        0x1 src/ASF/common/services/usb/class/cdc/device/udi_cdc.o
 .bss.udi_cdc_nb_data_enabled
                0x200003e7        0x1 src/ASF/common/services/usb/class/cdc/device/udi_cdc.o
 .bss.udi_cdc_data_running
                0x200003e8        0x1 src/ASF/common/services/usb/class/cdc/device/udi_cdc.o
 *fill*         0x200003e9        0x3 
 .bss.udi_cdc_rx_buf
                0x200003ec       0x80 src/ASF/common/services/usb/class/cdc/device/udi_cdc.o
 .bss.udi_cdc_rx_buf_nb
                0x2000046c        0x4 src/ASF/common/services/usb/class/cdc/device/udi_cdc.o
 .bss.udi_cdc_rx_buf_sel
                0x20000470        0x1 src/ASF/common/services/usb/class/cdc/device/udi_cdc.o
 *fill*         0x20000471        0x3 
 .bss.udi_cdc_rx_pos
                0x20000474        0x2 src/ASF/common/services/usb/class/cdc/device/udi_cdc.o
 *fill*         0x20000476        0x2 
 .bss.udi_cdc_rx_trans_ongoing
                0x20000478        0x1 src/ASF/common/services/usb/class/cdc/device/udi_cdc.o
 *fill*         0x20000479        0x3 
 .bss.udi_cdc_tx_buf
                0x2000047c       0x80 src/ASF/common/services/usb/class/cdc/device/udi_cdc.o
 .bss.udi_cdc_tx_buf_nb
                0x200004fc        0x4 src/ASF/common/services/usb/class/cdc/device/udi_cdc.o
 .bss.udi_cdc_tx_buf_sel
                0x20000500        0x1 src/ASF/common/services/usb/class/cdc/device/udi_cdc.o
 *fill*         0x20000501        0x3 
 .bss.udi_cdc_tx_sof_num
                0x20000504        0x2 src/ASF/common/services/usb/class/cdc/device/udi_cdc.o
 *fill*         0x20000506        0x2 
 .bss.udi_cdc_tx_trans_ongoing
                0x20000508        0x1 src/ASF/common/services/usb/class/cdc/device/udi_cdc.o
 *fill*         0x20000509        0x3 
 .bss.udi_cdc_tx_both_buf_to_send
                0x2000050c        0x1 src/ASF/common/services/usb/class/cdc/device/udi_cdc.o
 .bss.port_notify.12298
                0x2000050d        0x1 src/ASF/common/services/usb/class/cdc/device/udi_cdc.o
 .bss.sof_zlp_counter.12368
                0x2000050e        0x2 src/ASF/common/services/usb/class/cdc/device/udi_cdc.o
 .bss.udc_device_status
                0x20000510        0x2 src/ASF/common/services/usb/udc/udc.o
 *fill*         0x20000512        0x2 
 .bss.udc_iface_setting
                0x20000514        0x1 src/ASF/common/services/usb/udc/udc.o
 *fill*         0x20000515        0x3 
 .bss.udc_num_configuration
                0x20000518        0x1 src/ASF/common/services/usb/udc/udc.o
 *fill*         0x20000519        0x3 
 .bss.udc_ptr_conf
                0x2000051c        0x4 src/ASF/common/services/usb/udc/udc.o
 .bss.udc_ptr_iface
                0x20000520        0x4 src/ASF/common/services/usb/udc/udc.o
 .bss.udc_ep_status.12018
                0x20000524        0x2 src/ASF/common/services/usb/udc/udc.o
 .bss.stdio_usb_interface_enable
                0x20000526        0x1 src/ASF/common/utils/stdio/stdio_usb/stdio_usb.o
 *fill*         0x20000527        0x1 
 .bss._sercom_config
                0x20000528        0x2 src/ASF/sam0/drivers/sercom/sercom.o
 .bss._handler_table_initialized
                0x2000052a        0x1 src/ASF/sam0/drivers/sercom/sercom_interrupt.o
 *fill*         0x2000052b        0x1 
 .bss._sercom_interrupt_handlers
                0x2000052c       0x18 src/ASF/sam0/drivers/sercom/sercom_interrupt.o
 .bss.sd_mmc_master
                0x20000544       0x3c src/ASF/common2/components/memory/sd_mmc/sd_mmc_spi.o
 .bss.sd_mmc_spi_devices
                0x20000580        0x3 src/ASF/common2/components/memory/sd_mmc/sd_mmc_spi.o
 *fill*         0x20000583        0x1 
 .bss.slave_configs
                0x20000584        0x3 src/ASF/common2/components/memory/sd_mmc/sd_mmc_spi.o
 .bss.sd_mmc_spi_err
                0x20000587        0x1 src/ASF/common2/components/memory/sd_mmc/sd_mmc_spi.o
 .bss.sd_mmc_spi_response_32
                0x20000588        0x4 src/ASF/common2/components/memory/sd_mmc/sd_mmc_spi.o
 .bss.sd_mmc_spi_transfert_pos
                0x2000058c        0x4 src/ASF/common2/components/memory/sd_mmc/sd_mmc_spi.o
 .bss.sd_mmc_spi_block_size
                0x20000590        0x2 src/ASF/common2/components/memory/sd_mmc/sd_mmc_spi.o
 .bss.sd_mmc_spi_nb_block
                0x20000592        0x2 src/ASF/common2/components/memory/sd_mmc/sd_mmc_spi.o
 .bss._nvm_dev  0x20000594        0x6 src/ASF/sam0/drivers/nvm/nvm.o
 .bss.udd_ep_control_state