Archive member included to satisfy reference by file (symbol)

c:/program files (x86)/atmel/studio/7.0/toolchain/arm/arm-gnu-toolchain/bin/../lib/gcc/arm-none-eabi/6.2.1/thumb/v6-m\libgcc.a(_thumb1_case_uqi.o)
                              src/ASF/common2/components/memory/sd_mmc/sd_mmc.o (__gnu_thumb1_case_uqi)
c:/program files (x86)/atmel/studio/7.0/toolchain/arm/arm-gnu-toolchain/bin/../lib/gcc/arm-none-eabi/6.2.1/thumb/v6-m\libgcc.a(_thumb1_case_shi.o)
                              src/ASF/common/services/usb/udc/udc.o (__gnu_thumb1_case_shi)
c:/program files (x86)/atmel/studio/7.0/toolchain/arm/arm-gnu-toolchain/bin/../lib/gcc/arm-none-eabi/6.2.1/thumb/v6-m\libgcc.a(_thumb1_case_uhi.o)
                              src/ASF/common/services/usb/udc/udc.o (__gnu_thumb1_case_uhi)
c:/program files (x86)/atmel/studio/7.0/toolchain/arm/arm-gnu-toolchain/bin/../lib/gcc/arm-none-eabi/6.2.1/thumb/v6-m\libgcc.a(_udivsi3.o)
                              src/ASF/thirdparty/fatfs/fatfs-r0.09/src/ff.o (__aeabi_uidiv)
c:/program files (x86)/atmel/studio/7.0/toolchain/arm/arm-gnu-toolchain/bin/../lib/gcc/arm-none-eabi/6.2.1/thumb/v6-m\libgcc.a(_divsi3.o)
                              src/ASF/sam0/drivers/usb/stack_interface/usb_device_udd.o (__aeabi_idivmod)
c:/program files (x86)/atmel/studio/7.0/toolchain/arm/arm-gnu-toolchain/bin/../lib/gcc/arm-none-eabi/6.2.1/thumb/v6-m\libgcc.a(_dvmd_tls.o)
                              c:/program files (x86)/atmel/studio/7.0/toolchain/arm/arm-gnu-toolchain/bin/../lib/gcc/arm-none-eabi/6.2.1/thumb/v6-m\libgcc.a(_udivsi3.o) (__aeabi_idiv0)
c:/program files (x86)/atmel/studio/7.0/toolchain/arm/arm-gnu-toolchain/bin/../lib/gcc/arm-none-eabi/6.2.1/thumb/v6-m\libgcc.a(_ashldi3.o)
                              src/ASF/sam0/drivers/sercom/sercom.o (__aeabi_llsl)
c:/program files (x86)/atmel/studio/7.0/toolchain/arm/arm-gnu-toolchain/bin/../lib/gcc/arm-none-eabi/6.2.1/thumb/v6-m\libgcc.a(_clzsi2.o)
                              src/ASF/sam0/drivers/usb/usb_sam_d_r/usb.o (__clzsi2)
c:/program files (x86)/atmel/studio/7.0/toolchain/arm/arm-gnu-toolchain/bin/../lib/gcc/arm-none-eabi/6.2.1/thumb/v6-m\libgcc.a(_ctzsi2.o)
                              src/ASF/sam0/drivers/usb/usb_sam_d_r/usb.o (__ctzsi2)
c:/program files (x86)/atmel/studio/7.0/toolchain/arm/arm-gnu-toolchain/bin/../lib/gcc/arm-none-eabi/6.2.1/thumb/v6-m\libgcc.a(_muldi3.o)
                              src/ASF/sam0/drivers/sercom/sercom.o (__aeabi_lmul)
c:/program files (x86)/atmel/studio/7.0/toolchain/arm/arm-gnu-toolchain/bin/../lib/gcc/arm-none-eabi/6.2.1/../../../../arm-none-eabi/lib/thumb/v6-m\libc_nano.a(lib_a-exit.o)
                              c:/program files (x86)/atmel/studio/7.0/toolchain/arm/arm-gnu-toolchain/bin/../lib/gcc/arm-none-eabi/6.2.1/../../../../arm-none-eabi/lib/thumb/v6-m/crt0.o (exit)
c:/program files (x86)/atmel/studio/7.0/toolchain/arm/arm-gnu-toolchain/bin/../lib/gcc/arm-none-eabi/6.2.1/../../../../arm-none-eabi/lib/thumb/v6-m\libc_nano.a(lib_a-impure.o)
                              c:/program files (x86)/atmel/studio/7.0/toolchain/arm/arm-gnu-toolchain/bin/../lib/gcc/arm-none-eabi/6.2.1/../../../../arm-none-eabi/lib/thumb/v6-m\libc_nano.a(lib_a-exit.o) (_global_impure_ptr)
c:/program files (x86)/atmel/studio/7.0/toolchain/arm/arm-gnu-toolchain/bin/../lib/gcc/arm-none-eabi/6.2.1/../../../../arm-none-eabi/lib/thumb/v6-m\libc_nano.a(lib_a-init.o)
                              c:/program files (x86)/atmel/studio/7.0/toolchain/arm/arm-gnu-toolchain/bin/../lib/gcc/arm-none-eabi/6.2.1/../../../../arm-none-eabi/lib/thumb/v6-m/crt0.o (__libc_init_array)
c:/program files (x86)/atmel/studio/7.0/toolchain/arm/arm-gnu-toolchain/bin/../lib/gcc/arm-none-eabi/6.2.1/../../../../arm-none-eabi/lib/thumb/v6-m\libc_nano.a(lib_a-memcpy-stub.o)
                              src/ASF/common/services/usb/class/cdc/device/udi_cdc.o (memcpy)
c:/program files (x86)/atmel/studio/7.0/toolchain/arm/arm-gnu-toolchain/bin/../lib/gcc/arm-none-eabi/6.2.1/../../../../arm-none-eabi/lib/thumb/v6-m\libc_nano.a(lib_a-memset.o)
                              c:/program files (x86)/atmel/studio/7.0/toolchain/arm/arm-gnu-toolchain/bin/../lib/gcc/arm-none-eabi/6.2.1/../../../../arm-none-eabi/lib/thumb/v6-m/crt0.o (memset)
c:/program files (x86)/atmel/studio/7.0/toolchain/arm/arm-gnu-toolchain/bin/../lib/gcc/arm-none-eabi/6.2.1/../../../../arm-none-eabi/lib/thumb/v6-m\libc_nano.a(lib_a-setbuf.o)
                              src/ASF/common/utils/stdio/stdio_usb/stdio_usb.o (setbuf)
c:/program files (x86)/atmel/studio/7.0/toolchain/arm/arm-gnu-toolchain/bin/../lib/gcc/arm-none-eabi/6.2.1/../../../../arm-none-eabi/lib/thumb/v6-m\libc_nano.a(lib_a-setvbuf.o)
                              c:/program files (x86)/atmel/studio/7.0/toolchain/arm/arm-gnu-toolchain/bin/../lib/gcc/arm-none-eabi/6.2.1/../../../../arm-none-eabi/lib/thumb/v6-m\libc_nano.a(lib_a-setbuf.o) (setvbuf)
[...]
Memory Configuration

Name             Origin             Length             Attributes
rom              0x00000000         0x00040000         xr
ram              0x20000000         0x00008000         xrw
*default*        0x00000000         0xffffffff

Linker script and memory map

LOAD c:/program files (x86)/atmel/studio/7.0/toolchain/arm/arm-gnu-toolchain/bin/../lib/gcc/arm-none-eabi/6.2.1/thumb/v6-m/crtfastmath.o
LOAD c:/program files (x86)/atmel/studio/7.0/toolchain/arm/arm-gnu-toolchain/bin/../lib/gcc/arm-none-eabi/6.2.1/thumb/v6-m/crti.o
LOAD c:/program files (x86)/atmel/studio/7.0/toolchain/arm/arm-gnu-toolchain/bin/../lib/gcc/arm-none-eabi/6.2.1/thumb/v6-m/crtbegin.o
LOAD c:/program files (x86)/atmel/studio/7.0/toolchain/arm/arm-gnu-toolchain/bin/../lib/gcc/arm-none-eabi/6.2.1/../../../../arm-none-eabi/lib/thumb/v6-m/crt0.o
LOAD src/ASF/common2/components/memory/sd_mmc/sd_mmc.o
LOAD src/ASF/common2/components/memory/sd_mmc/sd_mmc_mem.o
LOAD src/ASF/sam0/drivers/rtc/rtc_sam_d_r_h/rtc_calendar.o
LOAD src/ASF/sam0/drivers/rtc/rtc_sam_d_r_h/rtc_calendar_interrupt.o
LOAD src/ASF/thirdparty/fatfs/fatfs-port-r0.09/diskio.o
LOAD src/ASF/thirdparty/fatfs/fatfs-port-r0.09/sam0/fattime_rtc.o
LOAD src/ASF/thirdparty/fatfs/fatfs-r0.09/src/ff.o
LOAD src/bootloader.o
LOAD src/ASF/common/services/usb/class/cdc/device/udi_cdc.o
LOAD src/ASF/common/services/usb/class/cdc/device/udi_cdc_desc.o
LOAD src/ASF/common/services/usb/udc/udc.o
LOAD src/ASF/common/utils/stdio/stdio_usb/stdio_usb.o
LOAD src/ASF/sam0/drivers/extint/extint_sam_d_r_h/extint.o
LOAD src/ASF/sam0/drivers/sercom/sercom.o
LOAD src/ASF/sam0/drivers/sercom/spi/spi.o
LOAD src/ASF/sam0/drivers/sercom/spi/spi_interrupt.o
LOAD src/ASF/sam0/drivers/sercom/sercom_interrupt.o
LOAD src/ASF/sam0/drivers/extint/extint_callback.o
LOAD src/ASF/sam0/drivers/bod/bod_sam_d_r_h/bod.o
LOAD src/ASF/common2/services/delay/sam0/systick_counter.o
LOAD src/ASF/common2/components/memory/sd_mmc/sd_mmc_spi.o
LOAD src/ASF/common/services/sleepmgr/samd/sleepmgr.o
LOAD src/ASF/common/services/storage/ctrl_access/ctrl_access.o
LOAD src/ASF/sam0/drivers/nvm/nvm.o
LOAD src/ASF/sam0/drivers/port/port.o
LOAD src/ASF/sam0/drivers/usb/stack_interface/usb_device_udd.o
LOAD src/ASF/sam0/drivers/usb/stack_interface/usb_dual.o
LOAD src/ASF/sam0/drivers/usb/usb_sam_d_r/usb.o
LOAD src/ASF/common2/boards/user_board/init.o
LOAD src/ASF/common/utils/interrupt/interrupt_sam_nvic.o
LOAD src/ASF/sam0/drivers/system/clock/clock_samd21_r21_da_ha1/clock.o
LOAD src/ASF/sam0/drivers/system/clock/clock_samd21_r21_da_ha1/gclk.o
LOAD src/ASF/sam0/drivers/system/interrupt/system_interrupt.o
LOAD src/ASF/sam0/drivers/system/pinmux/pinmux.o
LOAD src/ASF/sam0/drivers/system/system.o
LOAD src/ASF/sam0/utils/cmsis/samd21/source/gcc/startup_samd21.o
LOAD src/ASF/sam0/utils/cmsis/samd21/source/system_samd21.o
LOAD src/ASF/sam0/utils/stdio/read.o
LOAD src/ASF/sam0/utils/stdio/write.o
LOAD src/ASF/sam0/utils/syscalls/gcc/syscalls.o
START GROUP
LOAD ../src/ASF/thirdparty/CMSIS/Lib/GCC\libarm_cortexM0l_math.a
LOAD c:/program files (x86)/atmel/studio/7.0/toolchain/arm/arm-gnu-toolchain/bin/../lib/gcc/arm-none-eabi/6.2.1/../../../../arm-none-eabi/lib/thumb/v6-m\libm.a
END GROUP
START GROUP
LOAD c:/program files (x86)/atmel/studio/7.0/toolchain/arm/arm-gnu-toolchain/bin/../lib/gcc/arm-none-eabi/6.2.1/thumb/v6-m\libgcc.a
LOAD c:/program files (x86)/atmel/studio/7.0/toolchain/arm/arm-gnu-toolchain/bin/../lib/gcc/arm-none-eabi/6.2.1/../../../../arm-none-eabi/lib/thumb/v6-m\libc_nano.a
END GROUP
START GROUP
LOAD c:/program files (x86)/atmel/studio/7.0/toolchain/arm/arm-gnu-toolchain/bin/../lib/gcc/arm-none-eabi/6.2.1/thumb/v6-m\libgcc.a
LOAD c:/program files (x86)/atmel/studio/7.0/toolchain/arm/arm-gnu-toolchain/bin/../lib/gcc/arm-none-eabi/6.2.1/../../../../arm-none-eabi/lib/thumb/v6-m\libc_nano.a
END GROUP
LOAD c:/program files (x86)/atmel/studio/7.0/toolchain/arm/arm-gnu-toolchain/bin/../lib/gcc/arm-none-eabi/6.2.1/thumb/v6-m/crtend.o
LOAD c:/program files (x86)/atmel/studio/7.0/toolchain/arm/arm-gnu-toolchain/bin/../lib/gcc/arm-none-eabi/6.2.1/thumb/v6-m/crtn.o
                0x00002000                STACK_SIZE = DEFINED (STACK_SIZE)?STACK_SIZE:DEFINED (__stack_size__)?__stack_size__:0x2000

.text           0x00000000     0x4b74
                0x00000000                . = ALIGN (0x4)
                0x00000000                _sfixed = .
 *(.vectors .vectors.*)
 .vectors       0x00000000       0xb4 src/ASF/sam0/utils/cmsis/samd21/source/gcc/startup_samd21.o
                0x00000000                exception_table
 *(.text .text.* .gnu.linkonce.t.*)
 .text          0x000000b4       0x60 c:/program files (x86)/atmel/studio/7.0/toolchain/arm/arm-gnu-toolchain/bin/../lib/gcc/arm-none-eabi/6.2.1/thumb/v6-m/crtbegin.o
 .text.SDMMC_UNSTUFF_BITS
                0x00000114       0x46 src/ASF/common2/components/memory/sd_mmc/sd_mmc.o
 *fill*         0x0000015a        0x2 
 .text.sd_mmc_configure_slot
                0x0000015c       0x28 src/ASF/common2/components/memory/sd_mmc/sd_mmc.o
 .text.sd_mmc_cmd13
                0x00000184       0x38 src/ASF/common2/components/memory/sd_mmc/sd_mmc.o
 .text.sd_mmc_deselect_slot
                0x000001bc       0x18 src/ASF/common2/components/memory/sd_mmc/sd_mmc.o
 .text.sd_mmc_select_slot
                0x000001d4       0x50 src/ASF/common2/components/memory/sd_mmc/sd_mmc.o
 .text.sd_mmc_cmd9_spi
                0x00000224       0x48 src/ASF/common2/components/memory/sd_mmc/sd_mmc.o
 .text.sd_mmc_init
                0x0000026c       0x20 src/ASF/common2/components/memory/sd_mmc/sd_mmc.o
                0x0000026c                sd_mmc_init
 .text.sd_mmc_check
                0x0000028c      0x414 src/ASF/common2/components/memory/sd_mmc/sd_mmc.o
                0x0000028c                sd_mmc_check
 .text.sd_mmc_get_type
                0x000006a0       0x28 src/ASF/common2/components/memory/sd_mmc/sd_mmc.o
                0x000006a0                sd_mmc_get_type
 .text.sd_mmc_get_capacity
                0x000006c8       0x28 src/ASF/common2/components/memory/sd_mmc/sd_mmc.o
                0x000006c8                sd_mmc_get_capacity
 .text.sd_mmc_is_write_protected
                0x000006f0        0x4 src/ASF/common2/components/memory/sd_mmc/sd_mmc.o
                0x000006f0                sd_mmc_is_write_protected
 .text.sd_mmc_init_read_blocks
                0x000006f4       0x78 src/ASF/common2/components/memory/sd_mmc/sd_mmc.o
                0x000006f4                sd_mmc_init_read_blocks
 .text.sd_mmc_start_read_blocks
                0x0000076c       0x28 src/ASF/common2/components/memory/sd_mmc/sd_mmc.o
                0x0000076c                sd_mmc_start_read_blocks
 .text.sd_mmc_wait_end_of_read_blocks
                0x00000794       0x60 src/ASF/common2/components/memory/sd_mmc/sd_mmc.o
                0x00000794                sd_mmc_wait_end_of_read_blocks
 .text.sd_mmc_init_write_blocks
                0x000007f4       0x6c src/ASF/common2/components/memory/sd_mmc/sd_mmc.o
                0x000007f4                sd_mmc_init_write_blocks
 .text.sd_mmc_start_write_blocks
                0x00000860       0x28 src/ASF/common2/components/memory/sd_mmc/sd_mmc.o
                0x00000860                sd_mmc_start_write_blocks
 .text.sd_mmc_wait_end_of_write_blocks
                0x00000888       0x38 src/ASF/common2/components/memory/sd_mmc/sd_mmc.o
                0x00000888                sd_mmc_wait_end_of_write_blocks
 .text.sd_mmc_test_unit_ready
                0x000008c0       0x48 src/ASF/common2/components/memory/sd_mmc/sd_mmc_mem.o
                0x000008c0                sd_mmc_test_unit_ready
 .text.sd_mmc_test_unit_ready_0
                0x00000908       0x10 src/ASF/common2/components/memory/sd_mmc/sd_mmc_mem.o
                0x00000908                sd_mmc_test_unit_ready_0
 .text.sd_mmc_read_capacity
                0x00000918       0x20 src/ASF/common2/components/memory/sd_mmc/sd_mmc_mem.o
                0x00000918                sd_mmc_read_capacity
 .text.sd_mmc_read_capacity_0
                0x00000938       0x10 src/ASF/common2/components/memory/sd_mmc/sd_mmc_mem.o
                0x00000938                sd_mmc_read_capacity_0
 .text.sd_mmc_wr_protect_0
                0x00000948       0x10 src/ASF/common2/components/memory/sd_mmc/sd_mmc_mem.o
                0x00000948                sd_mmc_wr_protect_0
 .text.sd_mmc_mem_2_ram
                0x00000958       0x40 src/ASF/common2/components/memory/sd_mmc/sd_mmc_mem.o
                0x00000958                sd_mmc_mem_2_ram
 .text.sd_mmc_mem_2_ram_0
                0x00000998       0x14 src/ASF/common2/components/memory/sd_mmc/sd_mmc_mem.o
                0x00000998                sd_mmc_mem_2_ram_0
 .text.sd_mmc_ram_2_mem
                0x000009ac       0x40 src/ASF/common2/components/memory/sd_mmc/sd_mmc_mem.o
                0x000009ac                sd_mmc_ram_2_mem
 .text.sd_mmc_ram_2_mem_0
                0x000009ec       0x14 src/ASF/common2/components/memory/sd_mmc/sd_mmc_mem.o
                0x000009ec                sd_mmc_ram_2_mem_0
 .text.rtc_calendar_is_syncing
                0x00000a00        0x8 src/ASF/sam0/drivers/rtc/rtc_sam_d_r_h/rtc_calendar.o
 .text.rtc_calendar_enable
                0x00000a08       0x28 src/ASF/sam0/drivers/rtc/rtc_sam_d_r_h/rtc_calendar.o
                0x00000a08                rtc_calendar_enable
 .text.rtc_calendar_disable
                0x00000a30       0x30 src/ASF/sam0/drivers/rtc/rtc_sam_d_r_h/rtc_calendar.o
                0x00000a30                rtc_calendar_disable
 .text.rtc_calendar_reset
                0x00000a60       0x2c src/ASF/sam0/drivers/rtc/rtc_sam_d_r_h/rtc_calendar.o
                0x00000a60                rtc_calendar_reset
 .text.rtc_calendar_time_to_register_value
                0x00000a8c       0x3a src/ASF/sam0/drivers/rtc/rtc_sam_d_r_h/rtc_calendar.o
                0x00000a8c                rtc_calendar_time_to_register_value
 .text.rtc_calendar_register_value_to_time
                0x00000ac6       0x40 src/ASF/sam0/drivers/rtc/rtc_sam_d_r_h/rtc_calendar.o
                0x00000ac6                rtc_calendar_register_value_to_time
 *fill*         0x00000b06        0x2 
 .text.rtc_calendar_get_time
                0x00000b08       0x50 src/ASF/sam0/drivers/rtc/rtc_sam_d_r_h/rtc_calendar.o
                0x00000b08                rtc_calendar_get_time
 .text.rtc_calendar_set_alarm
                0x00000b58       0x3c src/ASF/sam0/drivers/rtc/rtc_sam_d_r_h/rtc_calendar.o
                0x00000b58                rtc_calendar_set_alarm
 .text.rtc_calendar_init
                0x00000b94       0x90 src/ASF/sam0/drivers/rtc/rtc_sam_d_r_h/rtc_calendar.o
                0x00000b94                rtc_calendar_init
 .text.RTC_Handler
                0x00000c24       0x40 src/ASF/sam0/drivers/rtc/rtc_sam_d_r_h/rtc_calendar_interrupt.o
                0x00000c24                RTC_Handler
 .text.disk_initialize
                0x00000c64       0x8c src/ASF/thirdparty/fatfs/fatfs-port-r0.09/diskio.o
                0x00000c64                disk_initialize
 .text.disk_status
                0x00000cf0       0x1c src/ASF/thirdparty/fatfs/fatfs-port-r0.09/diskio.o
                0x00000cf0                disk_status
 .text.disk_read
                0x00000d0c       0x70 src/ASF/thirdparty/fatfs/fatfs-port-r0.09/diskio.o
                0x00000d0c                disk_read
 .text.disk_write
                0x00000d7c       0x70 src/ASF/thirdparty/fatfs/fatfs-port-r0.09/diskio.o
                0x00000d7c                disk_write
 .text.disk_ioctl
                0x00000dec       0x68 src/ASF/thirdparty/fatfs/fatfs-port-r0.09/diskio.o
                0x00000dec                disk_ioctl
 .text.get_fattime
                0x00000e54       0x48 src/ASF/thirdparty/fatfs/fatfs-port-r0.09/sam0/fattime_rtc.o
                0x00000e54                get_fattime
 .text.mem_cpy  0x00000e9c       0x12 src/ASF/thirdparty/fatfs/fatfs-r0.09/src/ff.o
 .text.clust2sect
                0x00000eae       0x18 src/ASF/thirdparty/fatfs/fatfs-r0.09/src/ff.o
 .text.get_fileinfo
                0x00000ec6       0x88 src/ASF/thirdparty/fatfs/fatfs-r0.09/src/ff.o
 *fill*         0x00000f4e        0x2 
 .text.move_window
                0x00000f50       0x80 src/ASF/thirdparty/fatfs/fatfs-r0.09/src/ff.o
 .text.validate
                0x00000fd0       0x2c src/ASF/thirdparty/fatfs/fatfs-r0.09/src/ff.o
 .text.check_fs
                0x00000ffc       0x80 src/ASF/thirdparty/fatfs/fatfs-r0.09/src/ff.o
 .text.chk_mounted
                0x0000107c      0x27c src/ASF/thirdparty/fatfs/fatfs-r0.09/src/ff.o
 .text.get_fat  0x000012f8       0xd8 src/ASF/thirdparty/fatfs/fatfs-r0.09/src/ff.o
 .text.dir_sdi  0x000013d0       0x90 src/ASF/thirdparty/fatfs/fatfs-r0.09/src/ff.o
 .text.put_fat  0x00001460      0x108 src/ASF/thirdparty/fatfs/fatfs-r0.09/src/ff.o
 .text.create_chain
                0x00001568       0xa4 src/ASF/thirdparty/fatfs/fatfs-r0.09/src/ff.o
 .text.dir_next
                0x0000160c      0x104 src/ASF/thirdparty/fatfs/fatfs-r0.09/src/ff.o
 .text.dir_read
                0x00001710       0x58 src/ASF/thirdparty/fatfs/fatfs-r0.09/src/ff.o
 .text.remove_chain
                0x00001768       0x60 src/ASF/thirdparty/fatfs/fatfs-r0.09/src/ff.o
 .text.dir_remove
                0x000017c8       0x30 src/ASF/thirdparty/fatfs/fatfs-r0.09/src/ff.o
 .text.dir_register
                0x000017f8       0x70 src/ASF/thirdparty/fatfs/fatfs-r0.09/src/ff.o
 .text.follow_path
                0x00001868      0x198 src/ASF/thirdparty/fatfs/fatfs-r0.09/src/ff.o
 .text.sync     0x00001a00       0xf4 src/ASF/thirdparty/fatfs/fatfs-r0.09/src/ff.o
 .text.f_mount  0x00001af4       0x24 src/ASF/thirdparty/fatfs/fatfs-r0.09/src/ff.o
                0x00001af4                f_mount
 .text.f_open   0x00001b18      0x150 src/ASF/thirdparty/fatfs/fatfs-r0.09/src/ff.o
                0x00001b18                f_open
 .text.f_read   0x00001c68      0x164 src/ASF/thirdparty/fatfs/fatfs-r0.09/src/ff.o
                0x00001c68                f_read
 .text.f_stat   0x00001dcc       0x4c src/ASF/thirdparty/fatfs/fatfs-r0.09/src/ff.o
                0x00001dcc                f_stat
 .text.f_unlink
                0x00001e18       0xc8 src/ASF/thirdparty/fatfs/fatfs-r0.09/src/ff.o
                0x00001e18                f_unlink
 .text.NVIC_SystemReset
                0x00001ee0       0x18 src/bootloader.o
 .text.led_blink
                0x00001ef8       0x88 src/bootloader.o
 .text.fatal_error
                0x00001f80       0x2c src/bootloader.o
 .text.SYSCTRL_Handler
                0x00001fac       0x1c src/bootloader.o
                0x00001fac                SYSCTRL_Handler
 .text.startup.main
                0x00001fc8      0x498 src/bootloader.o
                0x00001fc8                main
 .text.extint_is_syncing
                0x00002460        0xc src/ASF/sam0/drivers/extint/extint_sam_d_r_h/extint.o
 .text._extint_enable
                0x0000246c       0x20 src/ASF/sam0/drivers/extint/extint_sam_d_r_h/extint.o
 .text._system_extint_init
                0x0000248c       0x68 src/ASF/sam0/drivers/extint/extint_sam_d_r_h/extint.o
                0x0000248c                _system_extint_init
 .text.extint_chan_get_config_defaults
                0x000024f4       0x14 src/ASF/sam0/drivers/extint/extint_sam_d_r_h/extint.o
                0x000024f4                extint_chan_get_config_defaults
 .text.extint_chan_set_config
                0x00002508       0x70 src/ASF/sam0/drivers/extint/extint_sam_d_r_h/extint.o
                0x00002508                extint_chan_set_config
 .text._sercom_get_sync_baud_val
                0x00002578       0x28 src/ASF/sam0/drivers/sercom/sercom.o
                0x00002578                _sercom_get_sync_baud_val
 .text.sercom_set_gclk_generator
                0x000025a0       0x44 src/ASF/sam0/drivers/sercom/sercom.o
                0x000025a0                sercom_set_gclk_generator
 .text._sercom_get_default_pad
                0x000025e4      0x15c src/ASF/sam0/drivers/sercom/sercom.o
                0x000025e4                _sercom_get_default_pad
 .text._sercom_get_sercom_inst_index
                0x00002740       0x30 src/ASF/sam0/drivers/sercom/sercom.o
                0x00002740                _sercom_get_sercom_inst_index
 .text.port_pin_set_output_level
                0x00002770       0x2c src/ASF/sam0/drivers/sercom/spi/spi.o
 .text.spi_disable
                0x0000279c       0x38 src/ASF/sam0/drivers/sercom/spi/spi.o
 .text.spi_write
                0x000027d4       0x14 src/ASF/sam0/drivers/sercom/spi/spi.o
 .text.spi_read
                0x000027e8       0x30 src/ASF/sam0/drivers/sercom/spi/spi.o
 .text.spi_reset
                0x00002818       0x20 src/ASF/sam0/drivers/sercom/spi/spi.o
                0x00002818                spi_reset
 .text.spi_set_baudrate
                0x00002838       0x8c src/ASF/sam0/drivers/sercom/spi/spi.o
                0x00002838                spi_set_baudrate
 .text.spi_init
                0x000028c4      0x1c8 src/ASF/sam0/drivers/sercom/spi/spi.o
                0x000028c4                spi_init
 .text.spi_read_buffer_wait
                0x00002a8c       0x90 src/ASF/sam0/drivers/sercom/spi/spi.o
                0x00002a8c                spi_read_buffer_wait
 .text.spi_select_slave
                0x00002b1c       0x7c src/ASF/sam0/drivers/sercom/spi/spi.o
                0x00002b1c                spi_select_slave
 .text.spi_write_buffer_wait
                0x00002b98       0x8c src/ASF/sam0/drivers/sercom/spi/spi.o
                0x00002b98                spi_write_buffer_wait
 .text._spi_interrupt_handler
                0x00002c24      0x1ac src/ASF/sam0/drivers/sercom/spi/spi_interrupt.o
                0x00002c24                _spi_interrupt_handler
 .text._sercom_default_handler
                0x00002dd0        0x2 src/ASF/sam0/drivers/sercom/sercom_interrupt.o
 *fill*         0x00002dd2        0x2 
 .text._sercom_set_handler
                0x00002dd4       0x38 src/ASF/sam0/drivers/sercom/sercom_interrupt.o
                0x00002dd4                _sercom_set_handler
 .text._sercom_get_interrupt_vector
                0x00002e0c       0x2c src/ASF/sam0/drivers/sercom/sercom_interrupt.o
                0x00002e0c                _sercom_get_interrupt_vector
 .text.SERCOM0_Handler
                0x00002e38       0x10 src/ASF/sam0/drivers/sercom/sercom_interrupt.o
                0x00002e38                SERCOM0_Handler
 .text.SERCOM1_Handler
                0x00002e48       0x10 src/ASF/sam0/drivers/sercom/sercom_interrupt.o
                0x00002e48                SERCOM1_Handler
 .text.SERCOM2_Handler
                0x00002e58       0x10 src/ASF/sam0/drivers/sercom/sercom_interrupt.o
                0x00002e58                SERCOM2_Handler
 .text.SERCOM3_Handler
                0x00002e68       0x10 src/ASF/sam0/drivers/sercom/sercom_interrupt.o
                0x00002e68                SERCOM3_Handler
 .text.SERCOM4_Handler
                0x00002e78       0x10 src/ASF/sam0/drivers/sercom/sercom_interrupt.o
                0x00002e78                SERCOM4_Handler
 .text.SERCOM5_Handler
                0x00002e88       0x10 src/ASF/sam0/drivers/sercom/sercom_interrupt.o
                0x00002e88                SERCOM5_Handler
 .text.extint_chan_enable_callback
                0x00002e98       0x20 src/ASF/sam0/drivers/extint/extint_callback.o
                0x00002e98                extint_chan_enable_callback
 .text.EIC_Handler
                0x00002eb8       0x40 src/ASF/sam0/drivers/extint/extint_callback.o
                0x00002eb8                EIC_Handler
 .text.bod_set_config
                0x00002ef8       0x6c src/ASF/sam0/drivers/bod/bod_sam_d_r_h/bod.o
                0x00002ef8                bod_set_config
 .text.delay_init
                0x00002f64       0x40 src/ASF/common2/services/delay/sam0/systick_counter.o
                0x00002f64                delay_init
 .text.delay_cycles_us
                0x00002fa4       0x2c src/ASF/common2/services/delay/sam0/systick_counter.o
                0x00002fa4                delay_cycles_us
 .text.delay_cycles_ms
                0x00002fd0       0x2c src/ASF/common2/services/delay/sam0/systick_counter.o
                0x00002fd0                delay_cycles_ms
 .text.sd_mmc_spi_start_write_block
                0x00002ffc       0x3c src/ASF/common2/components/memory/sd_mmc/sd_mmc_spi.o
 .text.sd_mmc_spi_wait_busy
                0x00003038       0x50 src/ASF/common2/components/memory/sd_mmc/sd_mmc_spi.o
 .text.sd_mmc_spi_start_read_block
                0x00003088       0x60 src/ASF/common2/components/memory/sd_mmc/sd_mmc_spi.o
 .text.sd_mmc_spi_stop_write_block
                0x000030e8       0x64 src/ASF/common2/components/memory/sd_mmc/sd_mmc_spi.o
 .text.sd_mmc_spi_stop_multiwrite_block
                0x0000314c       0x70 src/ASF/common2/components/memory/sd_mmc/sd_mmc_spi.o
 .text.sd_mmc_spi_init
                0x000031bc       0xf8 src/ASF/common2/components/memory/sd_mmc/sd_mmc_spi.o
                0x000031bc                sd_mmc_spi_init
 .text.sd_mmc_spi_select_device
                0x000032b4       0x54 src/ASF/common2/components/memory/sd_mmc/sd_mmc_spi.o
                0x000032b4                sd_mmc_spi_select_device
 .text.sd_mmc_spi_deselect_device
                0x00003308       0x28 src/ASF/common2/components/memory/sd_mmc/sd_mmc_spi.o
                0x00003308                sd_mmc_spi_deselect_device
 .text.sd_mmc_spi_send_clock
                0x00003330       0x34 src/ASF/common2/components/memory/sd_mmc/sd_mmc_spi.o
                0x00003330                sd_mmc_spi_send_clock
 .text.sd_mmc_spi_adtc_start
                0x00003364      0x15c src/ASF/common2/components/memory/sd_mmc/sd_mmc_spi.o
                0x00003364                sd_mmc_spi_adtc_start
 .text.sd_mmc_spi_send_cmd
                0x000034c0       0x14 src/ASF/common2/components/memory/sd_mmc/sd_mmc_spi.o
                0x000034c0                sd_mmc_spi_send_cmd
 .text.sd_mmc_spi_get_response
                0x000034d4        0xc src/ASF/common2/components/memory/sd_mmc/sd_mmc_spi.o
                0x000034d4                sd_mmc_spi_get_response
 .text.sd_mmc_spi_read_word
                0x000034e0       0x70 src/ASF/common2/components/memory/sd_mmc/sd_mmc_spi.o
                0x000034e0                sd_mmc_spi_read_word
 .text.sd_mmc_spi_start_read_blocks
                0x00003550       0x68 src/ASF/common2/components/memory/sd_mmc/sd_mmc_spi.o
                0x00003550                sd_mmc_spi_start_read_blocks
 .text.sd_mmc_spi_wait_end_of_read_blocks
                0x000035b8        0x4 src/ASF/common2/components/memory/sd_mmc/sd_mmc_spi.o
                0x000035b8                sd_mmc_spi_wait_end_of_read_blocks
 .text.sd_mmc_spi_start_write_blocks
                0x000035bc       0x74 src/ASF/common2/components/memory/sd_mmc/sd_mmc_spi.o
                0x000035bc                sd_mmc_spi_start_write_blocks
 .text.sd_mmc_spi_wait_end_of_write_blocks
                0x00003630       0x24 src/ASF/common2/components/memory/sd_mmc/sd_mmc_spi.o
                0x00003630                sd_mmc_spi_wait_end_of_write_blocks
 .text.mem_test_unit_ready
                0x00003654       0x14 src/ASF/common/services/storage/ctrl_access/ctrl_access.o
                0x00003654                mem_test_unit_ready
 .text.mem_read_capacity
                0x00003668       0x18 src/ASF/common/services/storage/ctrl_access/ctrl_access.o
                0x00003668                mem_read_capacity
 .text.mem_sector_size
                0x00003680        0x8 src/ASF/common/services/storage/ctrl_access/ctrl_access.o
                0x00003680                mem_sector_size
 .text.mem_wr_protect
                0x00003688       0x14 src/ASF/common/services/storage/ctrl_access/ctrl_access.o
                0x00003688                mem_wr_protect
 .text.memory_2_ram
                0x0000369c       0x1c src/ASF/common/services/storage/ctrl_access/ctrl_access.o
                0x0000369c                memory_2_ram
 .text.ram_2_memory
                0x000036b8       0x1c src/ASF/common/services/storage/ctrl_access/ctrl_access.o
                0x000036b8                ram_2_memory
 .text.nvm_is_ready
                0x000036d4       0x10 src/ASF/sam0/drivers/nvm/nvm.o
 .text.nvm_set_config
                0x000036e4       0x88 src/ASF/sam0/drivers/nvm/nvm.o
                0x000036e4                nvm_set_config
 .text.nvm_execute_command
                0x0000376c       0xa4 src/ASF/sam0/drivers/nvm/nvm.o
                0x0000376c                nvm_execute_command
 .text.nvm_write_buffer
                0x00003810       0x9c src/ASF/sam0/drivers/nvm/nvm.o
                0x00003810                nvm_write_buffer
 .text.nvm_erase_row
                0x000038ac       0x60 src/ASF/sam0/drivers/nvm/nvm.o
                0x000038ac                nvm_erase_row
 .text.port_pin_set_config
                0x0000390c       0x20 src/ASF/sam0/drivers/port/port.o
                0x0000390c                port_pin_set_config
 .text.USB_Handler
                0x0000392c      0x4c8 src/ASF/sam0/drivers/usb/usb_sam_d_r/usb.o
                0x0000392c                USB_Handler
 .text.system_board_init
                0x00003df4      0x140 src/ASF/common2/boards/user_board/init.o
                0x00003df4                board_init
                0x00003df4                system_board_init
 .text.cpu_irq_enter_critical
                0x00003f34       0x34 src/ASF/common/utils/interrupt/interrupt_sam_nvic.o
                0x00003f34                cpu_irq_enter_critical
 .text.cpu_irq_leave_critical
                0x00003f68       0x30 src/ASF/common/utils/interrupt/interrupt_sam_nvic.o
                0x00003f68                cpu_irq_leave_critical
 .text._system_dfll_wait_for_sync
                0x00003f98       0x10 src/ASF/sam0/drivers/system/clock/clock_samd21_r21_da_ha1/clock.o
 .text.system_clock_source_enable.part.0
                0x00003fa8       0x38 src/ASF/sam0/drivers/system/clock/clock_samd21_r21_da_ha1/clock.o
 .text.system_clock_source_get_hz
                0x00003fe0       0x8c src/ASF/sam0/drivers/system/clock/clock_samd21_r21_da_ha1/clock.o
                0x00003fe0                system_clock_source_get_hz
 .text.system_clock_source_osc8m_set_config
                0x0000406c       0x3c src/ASF/sam0/drivers/system/clock/clock_samd21_r21_da_ha1/clock.o
                0x0000406c                system_clock_source_osc8m_set_config
 .text.system_clock_source_xosc32k_set_config
                0x000040a8       0x9c src/ASF/sam0/drivers/system/clock/clock_samd21_r21_da_ha1/clock.o
                0x000040a8                system_clock_source_xosc32k_set_config
 .text.system_clock_source_dfll_set_config
                0x00004144       0x7c src/ASF/sam0/drivers/system/clock/clock_samd21_r21_da_ha1/clock.o
                0x00004144                system_clock_source_dfll_set_config
 .text.system_clock_source_enable
                0x000041c0       0x68 src/ASF/sam0/drivers/system/clock/clock_samd21_r21_da_ha1/clock.o
                0x000041c0                system_clock_source_enable
 .text.system_clock_init
                0x00004228      0x17c src/ASF/sam0/drivers/system/clock/clock_samd21_r21_da_ha1/clock.o
                0x00004228                system_clock_init
 .text.system_gclk_is_syncing
                0x000043a4        0xc src/ASF/sam0/drivers/system/clock/clock_samd21_r21_da_ha1/gclk.o
 .text.system_gclk_init
                0x000043b0       0x20 src/ASF/sam0/drivers/system/clock/clock_samd21_r21_da_ha1/gclk.o
                0x000043b0                system_gclk_init
 .text.system_gclk_gen_set_config
                0x000043d0       0xa4 src/ASF/sam0/drivers/system/clock/clock_samd21_r21_da_ha1/gclk.o
                0x000043d0                system_gclk_gen_set_config
 .text.system_gclk_gen_enable
                0x00004474       0x40 src/ASF/sam0/drivers/system/clock/clock_samd21_r21_da_ha1/gclk.o
                0x00004474                system_gclk_gen_enable
 .text.system_gclk_gen_get_hz
                0x000044b4       0x88 src/ASF/sam0/drivers/system/clock/clock_samd21_r21_da_ha1/gclk.o
                0x000044b4                system_gclk_gen_get_hz
 .text.system_gclk_chan_enable
                0x0000453c       0x30 src/ASF/sam0/drivers/system/clock/clock_samd21_r21_da_ha1/gclk.o
                0x0000453c                system_gclk_chan_enable
 .text.system_gclk_chan_disable
                0x0000456c       0x58 src/ASF/sam0/drivers/system/clock/clock_samd21_r21_da_ha1/gclk.o
                0x0000456c                system_gclk_chan_disable
 .text.system_gclk_chan_set_config
                0x000045c4       0x1c src/ASF/sam0/drivers/system/clock/clock_samd21_r21_da_ha1/gclk.o
                0x000045c4                system_gclk_chan_set_config
 .text.system_gclk_chan_get_hz
                0x000045e0       0x34 src/ASF/sam0/drivers/system/clock/clock_samd21_r21_da_ha1/gclk.o
                0x000045e0                system_gclk_chan_get_hz
 .text._system_pinmux_config
                0x00004614       0x84 src/ASF/sam0/drivers/system/pinmux/pinmux.o
 .text.system_pinmux_pin_set_config
                0x00004698       0x2c src/ASF/sam0/drivers/system/pinmux/pinmux.o
                0x00004698                system_pinmux_pin_set_config
 .text._system_dummy_init
                0x000046c4        0x2 src/ASF/sam0/drivers/system/system.o
                0x000046c4                _system_events_init
                0x000046c4                _system_dummy_init
                0x000046c4                _system_divas_init
 *fill*         0x000046c6        0x2 
 .text.system_init
                0x000046c8       0x2c src/ASF/sam0/drivers/system/system.o
                0x000046c8                system_init
 .text.Dummy_Handler
                0x000046f4        0x2 src/ASF/sam0/utils/cmsis/samd21/source/gcc/startup_samd21.o
                0x000046f4                DMAC_Handler
                0x000046f4                HardFault_Handler
                0x000046f4                AC_Handler
                0x000046f4                SysTick_Handler
                0x000046f4                PendSV_Handler
                0x000046f4                NMI_Handler
                0x000046f4                ADC_Handler
                0x000046f4                TCC1_Handler
                0x000046f4                TCC0_Handler
                0x000046f4                WDT_Handler
                0x000046f4                TC4_Handler
                0x000046f4                TC3_Handler
                0x000046f4                Dummy_Handler
                0x000046f4                PM_Handler
                0x000046f4                SVC_Handler
                0x000046f4                TCC2_Handler
                0x000046f4                EVSYS_Handler
                0x000046f4                I2S_Handler
                0x000046f4                NVMCTRL_Handler
                0x000046f4                DAC_Handler
                0x000046f4                PTC_Handler
                0x000046f4                TC5_Handler
 *fill*         0x000046f6        0x2 
 .text.Reset_Handler
                0x000046f8       0xbc src/ASF/sam0/utils/cmsis/samd21/source/gcc/startup_samd21.o
                0x000046f8                Reset_Handler
 .text          0x000047b4       0x14 c:/program files (x86)/atmel/studio/7.0/toolchain/arm/arm-gnu-toolchain/bin/../lib/gcc/arm-none-eabi/6.2.1/thumb/v6-m\libgcc.a(_thumb1_case_uqi.o)
                0x000047b4                __gnu_thumb1_case_uqi
 .text          0x000047c8      0x114 c:/program files (x86)/atmel/studio/7.0/toolchain/arm/arm-gnu-toolchain/bin/../lib/gcc/arm-none-eabi/6.2.1/thumb/v6-m\libgcc.a(_udivsi3.o)
                0x000047c8                __aeabi_uidiv
                0x000047c8                __udivsi3
                0x000048d4                __aeabi_uidivmod
 .text          0x000048dc        0x4 c:/program files (x86)/atmel/studio/7.0/toolchain/arm/arm-gnu-toolchain/bin/../lib/gcc/arm-none-eabi/6.2.1/thumb/v6-m\libgcc.a(_dvmd_tls.o)
                0x000048dc                __aeabi_idiv0
                0x000048dc                __aeabi_ldiv0
 .text          0x000048e0       0x40 c:/program files (x86)/atmel/studio/7.0/toolchain/arm/arm-gnu-toolchain/bin/../lib/gcc/arm-none-eabi/6.2.1/thumb/v6-m\libgcc.a(_ctzsi2.o)
                0x000048e0                __ctzsi2
 .text.__libc_init_array
                0x00004920       0x48 c:/program files (x86)/atmel/studio/7.0/toolchain/arm/arm-gnu-toolchain/bin/../lib/gcc/arm-none-eabi/6.2.1/../../../../arm-none-eabi/lib/thumb/v6-m\libc_nano.a(lib_a-init.o)
                0x00004920                __libc_init_array
 .text.memset   0x00004968       0x10 c:/program files (x86)/atmel/studio/7.0/toolchain/arm/arm-gnu-toolchain/bin/../lib/gcc/arm-none-eabi/6.2.1/../../../../arm-none-eabi/lib/thumb/v6-m\libc_nano.a(lib_a-memset.o)
                0x00004968                memset
 *(.glue_7t)
 .glue_7t       0x00004978        0x0 linker stubs
 *(.glue_7)
 .glue_7        0x00004978        0x0 linker stubs
 *(.rodata .rodata* .gnu.linkonce.r.*)
 .rodata.mmc_trans_multipliers
                0x00004978       0x40 src/ASF/common2/components/memory/sd_mmc/sd_mmc.o
                0x00004978                mmc_trans_multipliers
 .rodata.sd_mmc_trans_units
                0x000049b8       0x1c src/ASF/common2/components/memory/sd_mmc/sd_mmc.o
                0x000049b8                sd_mmc_trans_units
 .rodata.sd_trans_multipliers
                0x000049d4       0x40 src/ASF/common2/components/memory/sd_mmc/sd_mmc.o
                0x000049d4                sd_trans_multipliers
 .rodata.follow_path.str1.1
                0x00004a14        0xf src/ASF/thirdparty/fatfs/fatfs-r0.09/src/ff.o
 .rodata.main.str1.1
                0x00004a23      0x107 src/bootloader.o
 *fill*         0x00004b2a        0x2 
 .rodata        0x00004b2c       0x18 src/ASF/sam0/drivers/sercom/sercom.o
 .rodata._usb_device_irq_bits
                0x00004b44        0xe src/ASF/sam0/drivers/usb/usb_sam_d_r/usb.o
 *(.ARM.extab* .gnu.linkonce.armextab.*)
                0x00004b54                . = ALIGN (0x4)
 *fill*         0x00004b52        0x2 
 *(.init)
 .init          0x00004b54        0x4 c:/program files (x86)/atmel/studio/7.0/toolchain/arm/arm-gnu-toolchain/bin/../lib/gcc/arm-none-eabi/6.2.1/thumb/v6-m/crti.o
                0x00004b54                _init
 .init          0x00004b58        0x8 c:/program files (x86)/atmel/studio/7.0/toolchain/arm/arm-gnu-toolchain/bin/../lib/gcc/arm-none-eabi/6.2.1/thumb/v6-m/crtn.o
                0x00004b60                . = ALIGN (0x4)
                0x00004b60                __preinit_array_start = .
 *(.preinit_array)
                0x00004b60                __preinit_array_end = .
                0x00004b60                . = ALIGN (0x4)
                0x00004b60                __init_array_start = .
 *(SORT(.init_array.*))
 *(.init_array)
 .init_array    0x00004b60        0x4 c:/program files (x86)/atmel/studio/7.0/toolchain/arm/arm-gnu-toolchain/bin/../lib/gcc/arm-none-eabi/6.2.1/thumb/v6-m/crtbegin.o
                0x00004b64                __init_array_end = .
                0x00004b64                . = ALIGN (0x4)
 *crtbegin.o(.ctors)
 *(EXCLUDE_FILE(*crtend.o) .ctors)
 *(SORT(.ctors.*))
 *crtend.o(.ctors)
                0x00004b64                . = ALIGN (0x4)
 *(.fini)
 .fini          0x00004b64        0x4 c:/program files (x86)/atmel/studio/7.0/toolchain/arm/arm-gnu-toolchain/bin/../lib/gcc/arm-none-eabi/6.2.1/thumb/v6-m/crti.o
                0x00004b64                _fini
 .fini          0x00004b68        0x8 c:/program files (x86)/atmel/studio/7.0/toolchain/arm/arm-gnu-toolchain/bin/../lib/gcc/arm-none-eabi/6.2.1/thumb/v6-m/crtn.o
                0x00004b70                . = ALIGN (0x4)
                0x00004b70                __fini_array_start = .
 *(.fini_array)
 .fini_array    0x00004b70        0x4 c:/program files (x86)/atmel/studio/7.0/toolchain/arm/arm-gnu-toolchain/bin/../lib/gcc/arm-none-eabi/6.2.1/thumb/v6-m/crtbegin.o
 *(SORT(.fini_array.*))
                0x00004b74                __fini_array_end = .
 *crtbegin.o(.dtors)
 *(EXCLUDE_FILE(*crtend.o) .dtors)
 *(SORT(.dtors.*))
 *crtend.o(.dtors)
                0x00004b74                . = ALIGN (0x4)
                0x00004b74                _efixed = .
                [!provide]                PROVIDE (__exidx_start, .)

.vfp11_veneer   0x00004b74        0x0
 .vfp11_veneer  0x00004b74        0x0 linker stubs

.v4_bx          0x00004b74        0x0
 .v4_bx         0x00004b74        0x0 linker stubs

.iplt           0x00004b74        0x0
 .iplt          0x00004b74        0x0 c:/program files (x86)/atmel/studio/7.0/toolchain/arm/arm-gnu-toolchain/bin/../lib/gcc/arm-none-eabi/6.2.1/thumb/v6-m/crtbegin.o

.eh_frame       0x00004b74        0x0
 .eh_frame      0x00004b74        0x0 c:/program files (x86)/atmel/studio/7.0/toolchain/arm/arm-gnu-toolchain/bin/../lib/gcc/arm-none-eabi/6.2.1/thumb/v6-m/crtbegin.o

.rel.dyn        0x00004b74        0x0
 .rel.iplt      0x00004b74        0x0 c:/program files (x86)/atmel/studio/7.0/toolchain/arm/arm-gnu-toolchain/bin/../lib/gcc/arm-none-eabi/6.2.1/thumb/v6-m/crtbegin.o

.jcr            0x00004b74        0x0
 .jcr           0x00004b74        0x0 c:/program files (x86)/atmel/studio/7.0/toolchain/arm/arm-gnu-toolchain/bin/../lib/gcc/arm-none-eabi/6.2.1/thumb/v6-m/crtbegin.o

.igot.plt       0x00004b74        0x0
 .igot.plt      0x00004b74        0x0 c:/program files (x86)/atmel/studio/7.0/toolchain/arm/arm-gnu-toolchain/bin/../lib/gcc/arm-none-eabi/6.2.1/thumb/v6-m/crtbegin.o

.ARM.exidx
 *(.ARM.exidx* .gnu.linkonce.armexidx.*)
                [!provide]                PROVIDE (__exidx_end, .)
                0x00004b74                . = ALIGN (0x4)
                0x00004b74                _etext = .

.relocate       0x20000000        0xc load address 0x00004b74
                0x20000000                . = ALIGN (0x4)
                0x20000000                _srelocate = .
 *(.ramfunc .ramfunc.*)
 *(.data .data.*)
 .data.cycles_per_ms
                0x20000000        0x4 src/ASF/common2/services/delay/sam0/systick_counter.o
 .data.cycles_per_us
                0x20000004        0x4 src/ASF/common2/services/delay/sam0/systick_counter.o
 .data.ss_pins  0x20000008        0x1 src/ASF/common2/components/memory/sd_mmc/sd_mmc_spi.o
                0x20000008                ss_pins
 .data.g_interrupt_enabled
                0x20000009        0x1 src/ASF/common/utils/interrupt/interrupt_sam_nvic.o
                0x20000009                g_interrupt_enabled
                0x2000000c                . = ALIGN (0x4)
 *fill*         0x2000000a        0x2 
                0x2000000c                _erelocate = .

.bss            0x2000000c      0x478 load address 0x00004b80
                0x2000000c                . = ALIGN (0x4)
                0x2000000c                _sbss = .
                0x2000000c                _szero = .
 *(.bss .bss.*)
 .bss           0x2000000c       0x1c c:/program files (x86)/atmel/studio/7.0/toolchain/arm/arm-gnu-toolchain/bin/../lib/gcc/arm-none-eabi/6.2.1/thumb/v6-m/crtbegin.o
 .bss.sd_mmc_card
                0x20000028        0x4 src/ASF/common2/components/memory/sd_mmc/sd_mmc.o
 .bss.sd_mmc_cards
                0x2000002c       0x20 src/ASF/common2/components/memory/sd_mmc/sd_mmc.o
 .bss.sd_mmc_nb_block_remaining
                0x2000004c        0x2 src/ASF/common2/components/memory/sd_mmc/sd_mmc.o
 .bss.sd_mmc_nb_block_to_tranfer
                0x2000004e        0x2 src/ASF/common2/components/memory/sd_mmc/sd_mmc.o
 .bss.sd_mmc_slot_sel
                0x20000050        0x1 src/ASF/common2/components/memory/sd_mmc/sd_mmc.o
 .bss.sd_mmc_ejected
                0x20000051        0x2 src/ASF/common2/components/memory/sd_mmc/sd_mmc_mem.o
 *fill*         0x20000053        0x1 
 .bss.FatFs     0x20000054        0x4 src/ASF/thirdparty/fatfs/fatfs-r0.09/src/ff.o
 .bss.Fsid      0x20000058        0x2 src/ASF/thirdparty/fatfs/fatfs-r0.09/src/ff.o
 .bss.buff      0x2000005a      0x200 src/bootloader.o
 .bss._sercom_config
                0x2000025a        0x2 src/ASF/sam0/drivers/sercom/sercom.o
 .bss._handler_table_initialized
                0x2000025c        0x1 src/ASF/sam0/drivers/sercom/sercom_interrupt.o
 *fill*         0x2000025d        0x3 
 .bss._sercom_interrupt_handlers
                0x20000260       0x18 src/ASF/sam0/drivers/sercom/sercom_interrupt.o
 .bss.sd_mmc_master
                0x20000278       0x3c src/ASF/common2/components/memory/sd_mmc/sd_mmc_spi.o
 .bss.sd_mmc_spi_block_size
                0x200002b4        0x2 src/ASF/common2/components/memory/sd_mmc/sd_mmc_spi.o
 .bss.sd_mmc_spi_devices
                0x200002b6        0x3 src/ASF/common2/components/memory/sd_mmc/sd_mmc_spi.o
 .bss.sd_mmc_spi_err
                0x200002b9        0x1 src/ASF/common2/components/memory/sd_mmc/sd_mmc_spi.o
 .bss.sd_mmc_spi_nb_block
                0x200002ba        0x2 src/ASF/common2/components/memory/sd_mmc/sd_mmc_spi.o
 .bss.sd_mmc_spi_response_32
                0x200002bc        0x4 src/ASF/common2/components/memory/sd_mmc/sd_mmc_spi.o
 .bss.sd_mmc_spi_transfert_pos
                0x200002c0        0x4 src/ASF/common2/components/memory/sd_mmc/sd_mmc_spi.o
 .bss.slave_configs
                0x200002c4        0x3 src/ASF/common2/components/memory/sd_mmc/sd_mmc_spi.o
 *fill*         0x200002c7        0x1 
 .bss._nvm_dev  0x200002c8        0x6 src/ASF/sam0/drivers/nvm/nvm.o
 *fill*         0x200002ce        0x2 
 .bss._usb_instances
                0x200002d0        0x4 src/ASF/sam0/drivers/usb/usb_sam_d_r/usb.o
 .bss.device_callback_lpm_wakeup_enable
                0x200002d4        0x4 src/ASF/sam0/drivers/usb/usb_sam_d_r/usb.o
 .bss.ep_callback_para
                0x200002d8        0x8 src/ASF/sam0/drivers/usb/usb_sam_d_r/usb.o
 .bss.host_pipe_job_busy_status
                0x200002e0        0x4 src/ASF/sam0/drivers/usb/usb_sam_d_r/usb.o
                0x200002e0                host_pipe_job_busy_status
 .bss.pipe_callback_para
                0x200002e4        0x6 src/ASF/sam0/drivers/usb/usb_sam_d_r/usb.o
 *fill*         0x200002ea        0x2 
 .bss.cpu_irq_critical_section_counter
                0x200002ec        0x4 src/ASF/common/utils/interrupt/interrupt_sam_nvic.o
 .bss.cpu_irq_prev_interrupt_state
                0x200002f0        0x1 src/ASF/common/utils/interrupt/interrupt_sam_nvic.o
 *fill*         0x200002f1        0x3 
 .bss._system_clock_inst
                0x200002f4       0x18 src/ASF/sam0/drivers/system/clock/clock_samd21_r21_da_ha1/clock.o
 *(COMMON)
 COMMON         0x2000030c        0x4 src/ASF/sam0/drivers/rtc/rtc_sam_d_r_h/rtc_calendar.o
                0x2000030c                _rtc_instance
 COMMON         0x20000310       0x14 src/ASF/thirdparty/fatfs/fatfs-port-r0.09/diskio.o
                0x20000310                rtc_instance
 COMMON         0x20000324       0x40 src/ASF/sam0/drivers/extint/extint_sam_d_r_h/extint.o
                0x20000324                _extint_dev
 COMMON         0x20000364        0x2 src/ASF/sam0/drivers/sercom/spi/spi_interrupt.o
                0x20000364                dummy_write
 *fill*         0x20000366        0x2 
 COMMON         0x20000368       0x18 src/ASF/sam0/drivers/sercom/sercom_interrupt.o
                0x20000368                _sercom_instances
 COMMON         0x20000380        0x1 src/ASF/sam0/drivers/extint/extint_callback.o
                0x20000380                _current_channel
 *fill*         0x20000381        0x3 
 COMMON         0x20000384      0x100 src/ASF/sam0/drivers/usb/usb_sam_d_r/usb.o
                0x20000384                usb_descriptor_table
                0x20000484                . = ALIGN (0x4)
                0x20000484                _ebss = .
                0x20000484                _ezero = .

.stack          0x20000484     0x2004 load address 0x00004ff8
                0x20000488                . = ALIGN (0x8)
 *fill*         0x20000484        0x4 
                0x20000488                _sstack = .
                0x20002488                . = (. + STACK_SIZE)
 *fill*         0x20000488     0x2000 
                0x20002488                . = ALIGN (0x8)
                0x20002488                _estack = .
                0x20002488                . = ALIGN (0x4)
                0x20002488                _end = .
OUTPUT(Bootloader_1.elf elf32-littlearm)

.ARM.attributes
                0x00000000       0x2a
 .ARM.attributes
                0x00000000       0x1e c:/program files (x86)/atmel/studio/7.0/toolchain/arm/arm-gnu-toolchain/bin/../lib/gcc/arm-none-eabi/6.2.1/thumb/v6-m/crti.o
 .ARM.attributes
                0x0000001e       0x2c c:/program files (x86)/atmel/studio/7.0/toolchain/arm/arm-gnu-toolchain/bin/../lib/gcc/arm-none-eabi/6.2.1/thumb/v6-m/crtbegin.o
 .ARM.attributes
                0x0000004a       0x2e src/ASF/common2/components/memory/sd_mmc/sd_mmc.o
 .ARM.attributes
                0x00000078       0x2e src/ASF/common2/components/memory/sd_mmc/sd_mmc_mem.o
 .ARM.attributes
                0x000000a6       0x2e src/ASF/sam0/drivers/rtc/rtc_sam_d_r_h/rtc_calendar.o
 .ARM.attributes
                0x000000d4       0x2e src/ASF/sam0/drivers/rtc/rtc_sam_d_r_h/rtc_calendar_interrupt.o
 .ARM.attributes
                0x00000102       0x2e src/ASF/thirdparty/fatfs/fatfs-port-r0.09/diskio.o
 .ARM.attributes
                0x00000130       0x2e src/ASF/thirdparty/fatfs/fatfs-port-r0.09/sam0/fattime_rtc.o
 .ARM.attributes
                0x0000015e       0x2e src/ASF/thirdparty/fatfs/fatfs-r0.09/src/ff.o
 .ARM.attributes
                0x0000018c       0x2e src/bootloader.o
 .ARM.attributes
                0x000001ba       0x2e src/ASF/sam0/drivers/extint/extint_sam_d_r_h/extint.o
 .ARM.attributes
                0x000001e8       0x2e src/ASF/sam0/drivers/sercom/sercom.o
 .ARM.attributes
                0x00000216       0x2e src/ASF/sam0/drivers/sercom/spi/spi.o
 .ARM.attributes
                0x00000244       0x2e src/ASF/sam0/drivers/sercom/spi/spi_interrupt.o
 .ARM.attributes
                0x00000272       0x2e src/ASF/sam0/drivers/sercom/sercom_interrupt.o
 .ARM.attributes
                0x000002a0       0x2e src/ASF/sam0/drivers/extint/extint_callback.o
 .ARM.attributes
                0x000002ce       0x2e src/ASF/sam0/drivers/bod/bod_sam_d_r_h/bod.o
 .ARM.attributes
                0x000002fc       0x2e src/ASF/common2/services/delay/sam0/systick_counter.o
 .ARM.attributes
                0x0000032a       0x2e src/ASF/common2/components/memory/sd_mmc/sd_mmc_spi.o
 .ARM.attributes
                0x00000358       0x2e src/ASF/common/services/storage/ctrl_access/ctrl_access.o
 .ARM.attributes
                0x00000386       0x2e src/ASF/sam0/drivers/nvm/nvm.o
 .ARM.attributes
                0x000003b4       0x2e src/ASF/sam0/drivers/port/port.o
 .ARM.attributes
                0x000003e2       0x2e src/ASF/sam0/drivers/usb/usb_sam_d_r/usb.o
 .ARM.attributes
                0x00000410       0x2e src/ASF/common2/boards/user_board/init.o
 .ARM.attributes
                0x0000043e       0x2e src/ASF/common/utils/interrupt/interrupt_sam_nvic.o
 .ARM.attributes
                0x0000046c       0x2e src/ASF/sam0/drivers/system/clock/clock_samd21_r21_da_ha1/clock.o
 .ARM.attributes
                0x0000049a       0x2e src/ASF/sam0/drivers/system/clock/clock_samd21_r21_da_ha1/gclk.o
 .ARM.attributes
                0x000004c8       0x2e src/ASF/sam0/drivers/system/pinmux/pinmux.o
 .ARM.attributes
                0x000004f6       0x2e src/ASF/sam0/drivers/system/system.o
 .ARM.attributes
                0x00000524       0x2e src/ASF/sam0/utils/cmsis/samd21/source/gcc/startup_samd21.o
 .ARM.attributes
                0x00000552       0x1e c:/program files (x86)/atmel/studio/7.0/toolchain/arm/arm-gnu-toolchain/bin/../lib/gcc/arm-none-eabi/6.2.1/thumb/v6-m\libgcc.a(_thumb1_case_uqi.o)
 .ARM.attributes
                0x00000570       0x1e c:/program files (x86)/atmel/studio/7.0/toolchain/arm/arm-gnu-toolchain/bin/../lib/gcc/arm-none-eabi/6.2.1/thumb/v6-m\libgcc.a(_udivsi3.o)
 .ARM.attributes
                0x0000058e       0x1e c:/program files (x86)/atmel/studio/7.0/toolchain/arm/arm-gnu-toolchain/bin/../lib/gcc/arm-none-eabi/6.2.1/thumb/v6-m\libgcc.a(_dvmd_tls.o)
 .ARM.attributes
                0x000005ac       0x1e c:/program files (x86)/atmel/studio/7.0/toolchain/arm/arm-gnu-toolchain/bin/../lib/gcc/arm-none-eabi/6.2.1/thumb/v6-m\libgcc.a(_ctzsi2.o)
 .ARM.attributes
                0x000005ca       0x2c c:/program files (x86)/atmel/studio/7.0/toolchain/arm/arm-gnu-toolchain/bin/../lib/gcc/arm-none-eabi/6.2.1/../../../../arm-none-eabi/lib/thumb/v6-m\libc_nano.a(lib_a-init.o)
 .ARM.attributes
                0x000005f6       0x2c c:/program files (x86)/atmel/studio/7.0/toolchain/arm/arm-gnu-toolchain/bin/../lib/gcc/arm-none-eabi/6.2.1/../../../../arm-none-eabi/lib/thumb/v6-m\libc_nano.a(lib_a-memset.o)
 .ARM.attributes
                0x00000622       0x1e c:/program files (x86)/atmel/studio/7.0/toolchain/arm/arm-gnu-toolchain/bin/../lib/gcc/arm-none-eabi/6.2.1/thumb/v6-m/crtn.o

.comment        0x00000000       0x59
 .comment       0x00000000       0x59 src/ASF/common2/components/memory/sd_mmc/sd_mmc.o
                                 0x5a (size before relaxing)
 .comment       0x00000059       0x5a src/ASF/common2/components/memory/sd_mmc/sd_mmc_mem.o
 .comment       0x00000059       0x5a src/ASF/sam0/drivers/rtc/rtc_sam_d_r_h/rtc_calendar.o
 .comment       0x00000059       0x5a src/ASF/sam0/drivers/rtc/rtc_sam_d_r_h/rtc_calendar_interrupt.o
 .comment       0x00000059       0x5a src/ASF/thirdparty/fatfs/fatfs-port-r0.09/diskio.o
 .comment       0x00000059       0x5a src/ASF/thirdparty/fatfs/fatfs-port-r0.09/sam0/fattime_rtc.o
 .comment       0x00000059       0x5a src/ASF/thirdparty/fatfs/fatfs-r0.09/src/ff.o
 .comment       0x00000059       0x5a src/bootloader.o
 .comment       0x00000059       0x5a src/ASF/sam0/drivers/extint/extint_sam_d_r_h/extint.o
 .comment       0x00000059       0x5a src/ASF/sam0/drivers/sercom/sercom.o
 .comment       0x00000059       0x5a src/ASF/sam0/drivers/sercom/spi/spi.o
 .comment       0x00000059       0x5a src/ASF/sam0/drivers/sercom/spi/spi_interrupt.o
 .comment       0x00000059       0x5a src/ASF/sam0/drivers/sercom/sercom_interrupt.o
 .comment       0x00000059       0x5a src/ASF/sam0/drivers/extint/extint_callback.o
 .comment       0x00000059       0x5a src/ASF/sam0/drivers/bod/bod_sam_d_r_h/bod.o
 .comment       0x00000059       0x5a src/ASF/common2/services/delay/sam0/systick_counter.o
 .comment       0x00000059       0x5a src/ASF/common2/components/memory/sd_mmc/sd_mmc_spi.o
 .comment       0x00000059       0x5a src/ASF/common/services/storage/ctrl_access/ctrl_access.o
 .comment       0x00000059       0x5a src/ASF/sam0/drivers/nvm/nvm.o
 .comment       0x00000059       0x5a src/ASF/sam0/drivers/port/port.o
 .comment       0x00000059       0x5a src/ASF/sam0/drivers/usb/usb_sam_d_r/usb.o
 .comment       0x00000059       0x5a src/ASF/common2/boards/user_board/init.o
 .comment       0x00000059       0x5a src/ASF/common/utils/interrupt/interrupt_sam_nvic.o
 .comment       0x00000059       0x5a src/ASF/sam0/drivers/system/clock/clock_samd21_r21_da_ha1/clock.o
 .comment       0x00000059       0x5a src/ASF/sam0/drivers/system/clock/clock_samd21_r21_da_ha1/gclk.o
 .comment       0x00000059       0x5a src/ASF/sam0/drivers/system/pinmux/pinmux.o
 .comment       0x00000059       0x5a src/ASF/sam0/drivers/system/system.o
 .comment       0x00000059       0x5a src/ASF/sam0/utils/cmsis/samd21/source/gcc/startup_samd21.o

.debug_info     0x00000000     0x2ef9
 .debug_info    0x00000000      0x2c7 src/ASF/common2/components/memory/sd_mmc/sd_mmc.o
 .debug_info    0x000002c7      0x251 src/ASF/common2/components/memory/sd_mmc/sd_mmc_mem.o
 .debug_info    0x00000518      0x1ba src/ASF/sam0/drivers/rtc/rtc_sam_d_r_h/rtc_calendar.o
 .debug_info    0x000006d2       0xb0 src/ASF/sam0/drivers/rtc/rtc_sam_d_r_h/rtc_calendar_interrupt.o
 .debug_info    0x00000782       0xd2 src/ASF/thirdparty/fatfs/fatfs-port-r0.09/diskio.o
 .debug_info    0x00000854       0x3f src/ASF/thirdparty/fatfs/fatfs-port-r0.09/sam0/fattime_rtc.o
 .debug_info    0x00000893      0x444 src/ASF/thirdparty/fatfs/fatfs-r0.09/src/ff.o
 .debug_info    0x00000cd7      0x476 src/bootloader.o
 .debug_info    0x0000114d      0x183 src/ASF/sam0/drivers/extint/extint_sam_d_r_h/extint.o
 .debug_info    0x000012d0       0xb1 src/ASF/sam0/drivers/sercom/sercom.o
 .debug_info    0x00001381      0x3b5 src/ASF/sam0/drivers/sercom/spi/spi.o
 .debug_info    0x00001736      0x17f src/ASF/sam0/drivers/sercom/spi/spi_interrupt.o
 .debug_info    0x000018b5       0xe5 src/ASF/sam0/drivers/sercom/sercom_interrupt.o
 .debug_info    0x0000199a      0x10b src/ASF/sam0/drivers/extint/extint_callback.o
 .debug_info    0x00001aa5       0x3f src/ASF/sam0/drivers/bod/bod_sam_d_r_h/bod.o
 .debug_info    0x00001ae4       0x99 src/ASF/common2/services/delay/sam0/systick_counter.o
 .debug_info    0x00001b7d      0x320 src/ASF/common2/components/memory/sd_mmc/sd_mmc_spi.o
 .debug_info    0x00001e9d      0x118 src/ASF/common/services/storage/ctrl_access/ctrl_access.o
 .debug_info    0x00001fb5      0x1a0 src/ASF/sam0/drivers/nvm/nvm.o
 .debug_info    0x00002155       0x85 src/ASF/sam0/drivers/port/port.o
 .debug_info    0x000021da      0x475 src/ASF/sam0/drivers/usb/usb_sam_d_r/usb.o
 .debug_info    0x0000264f       0x95 src/ASF/common2/boards/user_board/init.o
 .debug_info    0x000026e4       0xcb src/ASF/common/utils/interrupt/interrupt_sam_nvic.o
 .debug_info    0x000027af      0x2e0 src/ASF/sam0/drivers/system/clock/clock_samd21_r21_da_ha1/clock.o
 .debug_info    0x00002a8f      0x314 src/ASF/sam0/drivers/system/clock/clock_samd21_r21_da_ha1/gclk.o
 .debug_info    0x00002da3       0xaf src/ASF/sam0/drivers/system/pinmux/pinmux.o
 .debug_info    0x00002e52       0x53 src/ASF/sam0/drivers/system/system.o
 .debug_info    0x00002ea5       0x54 src/ASF/sam0/utils/cmsis/samd21/source/gcc/startup_samd21.o

.debug_abbrev   0x00000000     0x118f
 .debug_abbrev  0x00000000       0xeb src/ASF/common2/components/memory/sd_mmc/sd_mmc.o
 .debug_abbrev  0x000000eb       0xdb src/ASF/common2/components/memory/sd_mmc/sd_mmc_mem.o
 .debug_abbrev  0x000001c6       0xc7 src/ASF/sam0/drivers/rtc/rtc_sam_d_r_h/rtc_calendar.o
 .debug_abbrev  0x0000028d       0x76 src/ASF/sam0/drivers/rtc/rtc_sam_d_r_h/rtc_calendar_interrupt.o
 .debug_abbrev  0x00000303       0x92 src/ASF/thirdparty/fatfs/fatfs-port-r0.09/diskio.o
 .debug_abbrev  0x00000395       0x2c src/ASF/thirdparty/fatfs/fatfs-port-r0.09/sam0/fattime_rtc.o
 .debug_abbrev  0x000003c1      0x128 src/ASF/thirdparty/fatfs/fatfs-r0.09/src/ff.o
 .debug_abbrev  0x000004e9      0x10a src/bootloader.o
 .debug_abbrev  0x000005f3       0xe1 src/ASF/sam0/drivers/extint/extint_sam_d_r_h/extint.o
 .debug_abbrev  0x000006d4       0x79 src/ASF/sam0/drivers/sercom/sercom.o
 .debug_abbrev  0x0000074d      0x10d src/ASF/sam0/drivers/sercom/spi/spi.o
 .debug_abbrev  0x0000085a       0xaa src/ASF/sam0/drivers/sercom/spi/spi_interrupt.o
 .debug_abbrev  0x00000904       0x56 src/ASF/sam0/drivers/sercom/sercom_interrupt.o
 .debug_abbrev  0x0000095a       0x9d src/ASF/sam0/drivers/extint/extint_callback.o
 .debug_abbrev  0x000009f7       0x2c src/ASF/sam0/drivers/bod/bod_sam_d_r_h/bod.o
 .debug_abbrev  0x00000a23       0x60 src/ASF/common2/services/delay/sam0/systick_counter.o
 .debug_abbrev  0x00000a83       0xe5 src/ASF/common2/components/memory/sd_mmc/sd_mmc_spi.o
 .debug_abbrev  0x00000b68       0x42 src/ASF/common/services/storage/ctrl_access/ctrl_access.o
 .debug_abbrev  0x00000baa       0xfb src/ASF/sam0/drivers/nvm/nvm.o
 .debug_abbrev  0x00000ca5       0x4a src/ASF/sam0/drivers/port/port.o
 .debug_abbrev  0x00000cef       0xdf src/ASF/sam0/drivers/usb/usb_sam_d_r/usb.o
 .debug_abbrev  0x00000dce       0x59 src/ASF/common2/boards/user_board/init.o
 .debug_abbrev  0x00000e27       0x4a src/ASF/common/utils/interrupt/interrupt_sam_nvic.o
 .debug_abbrev  0x00000e71      0x12b src/ASF/sam0/drivers/system/clock/clock_samd21_r21_da_ha1/clock.o
 .debug_abbrev  0x00000f9c       0xcf src/ASF/sam0/drivers/system/clock/clock_samd21_r21_da_ha1/gclk.o
 .debug_abbrev  0x0000106b       0xa0 src/ASF/sam0/drivers/system/pinmux/pinmux.o
 .debug_abbrev  0x0000110b       0x42 src/ASF/sam0/drivers/system/system.o
 .debug_abbrev  0x0000114d       0x42 src/ASF/sam0/utils/cmsis/samd21/source/gcc/startup_samd21.o

.debug_loc      0x00000000     0x118b
 .debug_loc     0x00000000      0x154 src/ASF/common2/components/memory/sd_mmc/sd_mmc.o
 .debug_loc     0x00000154      0x12c src/ASF/common2/components/memory/sd_mmc/sd_mmc_mem.o
 .debug_loc     0x00000280       0xf0 src/ASF/sam0/drivers/rtc/rtc_sam_d_r_h/rtc_calendar.o
 .debug_loc     0x00000370       0x50 src/ASF/sam0/drivers/rtc/rtc_sam_d_r_h/rtc_calendar_interrupt.o
 .debug_loc     0x000003c0       0x64 src/ASF/thirdparty/fatfs/fatfs-port-r0.09/diskio.o
 .debug_loc     0x00000424       0x14 src/ASF/thirdparty/fatfs/fatfs-port-r0.09/sam0/fattime_rtc.o
 .debug_loc     0x00000438      0x29a src/ASF/thirdparty/fatfs/fatfs-r0.09/src/ff.o
 .debug_loc     0x000006d2       0x3d src/bootloader.o
 .debug_loc     0x0000070f       0x78 src/ASF/sam0/drivers/extint/extint_sam_d_r_h/extint.o
 .debug_loc     0x00000787       0x78 src/ASF/sam0/drivers/sercom/sercom.o
 .debug_loc     0x000007ff       0xdc src/ASF/sam0/drivers/sercom/spi/spi.o
 .debug_loc     0x000008db       0x50 src/ASF/sam0/drivers/sercom/spi/spi_interrupt.o
 .debug_loc     0x0000092b       0xa0 src/ASF/sam0/drivers/sercom/sercom_interrupt.o
 .debug_loc     0x000009cb       0x3c src/ASF/sam0/drivers/extint/extint_callback.o
 .debug_loc     0x00000a07       0x14 src/ASF/sam0/drivers/bod/bod_sam_d_r_h/bod.o
 .debug_loc     0x00000a1b       0x3c src/ASF/common2/services/delay/sam0/systick_counter.o
 .debug_loc     0x00000a57      0x141 src/ASF/common2/components/memory/sd_mmc/sd_mmc_spi.o
 .debug_loc     0x00000b98       0x8c src/ASF/common/services/storage/ctrl_access/ctrl_access.o
 .debug_loc     0x00000c24       0xca src/ASF/sam0/drivers/nvm/nvm.o
 .debug_loc     0x00000cee       0x28 src/ASF/sam0/drivers/port/port.o
 .debug_loc     0x00000d16      0x1f4 src/ASF/sam0/drivers/usb/usb_sam_d_r/usb.o
 .debug_loc     0x00000f0a       0x14 src/ASF/common2/boards/user_board/init.o
 .debug_loc     0x00000f1e      0x105 src/ASF/sam0/drivers/system/clock/clock_samd21_r21_da_ha1/clock.o
 .debug_loc     0x00001023       0xf0 src/ASF/sam0/drivers/system/clock/clock_samd21_r21_da_ha1/gclk.o
 .debug_loc     0x00001113       0x50 src/ASF/sam0/drivers/system/pinmux/pinmux.o
 .debug_loc     0x00001163       0x14 src/ASF/sam0/drivers/system/system.o
 .debug_loc     0x00001177       0x14 src/ASF/sam0/utils/cmsis/samd21/source/gcc/startup_samd21.o

.debug_aranges  0x00000000      0xb50
 .debug_aranges
                0x00000000       0xb0 src/ASF/common2/components/memory/sd_mmc/sd_mmc.o
 .debug_aranges
                0x000000b0       0xb8 src/ASF/common2/components/memory/sd_mmc/sd_mmc_mem.o
 .debug_aranges
                0x00000168       0x80 src/ASF/sam0/drivers/rtc/rtc_sam_d_r_h/rtc_calendar.o
 .debug_aranges
                0x000001e8       0x40 src/ASF/sam0/drivers/rtc/rtc_sam_d_r_h/rtc_calendar_interrupt.o
 .debug_aranges
                0x00000228       0x40 src/ASF/thirdparty/fatfs/fatfs-port-r0.09/diskio.o
 .debug_aranges
                0x00000268       0x20 src/ASF/thirdparty/fatfs/fatfs-port-r0.09/sam0/fattime_rtc.o
 .debug_aranges
                0x00000288      0x130 src/ASF/thirdparty/fatfs/fatfs-r0.09/src/ff.o
 .debug_aranges
                0x000003b8       0x40 src/bootloader.o
 .debug_aranges
                0x000003f8       0x58 src/ASF/sam0/drivers/extint/extint_sam_d_r_h/extint.o
 .debug_aranges
                0x00000450       0x48 src/ASF/sam0/drivers/sercom/sercom.o
 .debug_aranges
                0x00000498       0x78 src/ASF/sam0/drivers/sercom/spi/spi.o
 .debug_aranges
                0x00000510       0x50 src/ASF/sam0/drivers/sercom/spi/spi_interrupt.o
 .debug_aranges
                0x00000560       0x60 src/ASF/sam0/drivers/sercom/sercom_interrupt.o
 .debug_aranges
                0x000005c0       0x48 src/ASF/sam0/drivers/extint/extint_callback.o
 .debug_aranges
                0x00000608       0x20 src/ASF/sam0/drivers/bod/bod_sam_d_r_h/bod.o
 .debug_aranges
                0x00000628       0x30 src/ASF/common2/services/delay/sam0/systick_counter.o
 .debug_aranges
                0x00000658       0xb0 src/ASF/common2/components/memory/sd_mmc/sd_mmc_spi.o
 .debug_aranges
                0x00000708       0x70 src/ASF/common/services/storage/ctrl_access/ctrl_access.o
 .debug_aranges
                0x00000778       0x70 src/ASF/sam0/drivers/nvm/nvm.o
 .debug_aranges
                0x000007e8       0x28 src/ASF/sam0/drivers/port/port.o
 .debug_aranges
                0x00000810      0x158 src/ASF/sam0/drivers/usb/usb_sam_d_r/usb.o
 .debug_aranges
                0x00000968       0x20 src/ASF/common2/boards/user_board/init.o
 .debug_aranges
                0x00000988       0x28 src/ASF/common/utils/interrupt/interrupt_sam_nvic.o
 .debug_aranges
                0x000009b0       0x88 src/ASF/sam0/drivers/system/clock/clock_samd21_r21_da_ha1/clock.o
 .debug_aranges
                0x00000a38       0x88 src/ASF/sam0/drivers/system/clock/clock_samd21_r21_da_ha1/gclk.o
 .debug_aranges
                0x00000ac0       0x40 src/ASF/sam0/drivers/system/pinmux/pinmux.o
 .debug_aranges
                0x00000b00       0x28 src/ASF/sam0/drivers/system/system.o
 .debug_aranges
                0x00000b28       0x28 src/ASF/sam0/utils/cmsis/samd21/source/gcc/startup_samd21.o

.debug_ranges   0x00000000     0x1390
 .debug_ranges  0x00000000      0x188 src/ASF/common2/components/memory/sd_mmc/sd_mmc.o
 .debug_ranges  0x00000188       0xd8 src/ASF/common2/components/memory/sd_mmc/sd_mmc_mem.o
 .debug_ranges  0x00000260       0xf0 src/ASF/sam0/drivers/rtc/rtc_sam_d_r_h/rtc_calendar.o
 .debug_ranges  0x00000350       0x48 src/ASF/sam0/drivers/rtc/rtc_sam_d_r_h/rtc_calendar_interrupt.o
 .debug_ranges  0x00000398       0x78 src/ASF/thirdparty/fatfs/fatfs-port-r0.09/diskio.o
 .debug_ranges  0x00000410       0x10 src/ASF/thirdparty/fatfs/fatfs-port-r0.09/sam0/fattime_rtc.o
 .debug_ranges  0x00000420      0x238 src/ASF/thirdparty/fatfs/fatfs-r0.09/src/ff.o
 .debug_ranges  0x00000658      0x188 src/bootloader.o
 .debug_ranges  0x000007e0       0xb0 src/ASF/sam0/drivers/extint/extint_sam_d_r_h/extint.o
 .debug_ranges  0x00000890       0x38 src/ASF/sam0/drivers/sercom/sercom.o
 .debug_ranges  0x000008c8      0x188 src/ASF/sam0/drivers/sercom/spi/spi.o
 .debug_ranges  0x00000a50       0xa8 src/ASF/sam0/drivers/sercom/spi/spi_interrupt.o
 .debug_ranges  0x00000af8       0x50 src/ASF/sam0/drivers/sercom/sercom_interrupt.o
 .debug_ranges  0x00000b48       0x50 src/ASF/sam0/drivers/extint/extint_callback.o
 .debug_ranges  0x00000b98       0x10 src/ASF/sam0/drivers/bod/bod_sam_d_r_h/bod.o
 .debug_ranges  0x00000ba8       0x70 src/ASF/common2/services/delay/sam0/systick_counter.o
 .debug_ranges  0x00000c18      0x180 src/ASF/common2/components/memory/sd_mmc/sd_mmc_spi.o
 .debug_ranges  0x00000d98       0x60 src/ASF/common/services/storage/ctrl_access/ctrl_access.o
 .debug_ranges  0x00000df8       0xb8 src/ASF/sam0/drivers/nvm/nvm.o
 .debug_ranges  0x00000eb0       0x18 src/ASF/sam0/drivers/port/port.o
 .debug_ranges  0x00000ec8      0x1d0 src/ASF/sam0/drivers/usb/usb_sam_d_r/usb.o
 .debug_ranges  0x00001098       0x40 src/ASF/common2/boards/user_board/init.o
 .debug_ranges  0x000010d8       0x18 src/ASF/common/utils/interrupt/interrupt_sam_nvic.o
 .debug_ranges  0x000010f0      0x180 src/ASF/sam0/drivers/system/clock/clock_samd21_r21_da_ha1/clock.o
 .debug_ranges  0x00001270       0xc0 src/ASF/sam0/drivers/system/clock/clock_samd21_r21_da_ha1/gclk.o
 .debug_ranges  0x00001330       0x30 src/ASF/sam0/drivers/system/pinmux/pinmux.o
 .debug_ranges  0x00001360       0x18 src/ASF/sam0/drivers/system/system.o
 .debug_ranges  0x00001378       0x18 src/ASF/sam0/utils/cmsis/samd21/source/gcc/startup_samd21.o

.debug_line     0x00000000     0x4c76
 .debug_line    0x00000000      0x395 src/ASF/common2/components/memory/sd_mmc/sd_mmc.o
 .debug_line    0x00000395      0x213 src/ASF/common2/components/memory/sd_mmc/sd_mmc_mem.o
 .debug_line    0x000005a8      0x39f src/ASF/sam0/drivers/rtc/rtc_sam_d_r_h/rtc_calendar.o
 .debug_line    0x00000947       0xf2 src/ASF/sam0/drivers/rtc/rtc_sam_d_r_h/rtc_calendar_interrupt.o
 .debug_line    0x00000a39      0x193 src/ASF/thirdparty/fatfs/fatfs-port-r0.09/diskio.o
 .debug_line    0x00000bcc       0x81 src/ASF/thirdparty/fatfs/fatfs-port-r0.09/sam0/fattime_rtc.o
 .debug_line    0x00000c4d      0xa18 src/ASF/thirdparty/fatfs/fatfs-r0.09/src/ff.o
 .debug_line    0x00001665      0x5f8 src/bootloader.o
 .debug_line    0x00001c5d      0x315 src/ASF/sam0/drivers/extint/extint_sam_d_r_h/extint.o
 .debug_line    0x00001f72      0x1b6 src/ASF/sam0/drivers/sercom/sercom.o
 .debug_line    0x00002128      0x627 src/ASF/sam0/drivers/sercom/spi/spi.o
 .debug_line    0x0000274f      0x1df src/ASF/sam0/drivers/sercom/spi/spi_interrupt.o
 .debug_line    0x0000292e      0x110 src/ASF/sam0/drivers/sercom/sercom_interrupt.o
 .debug_line    0x00002a3e      0x135 src/ASF/sam0/drivers/extint/extint_callback.o
 .debug_line    0x00002b73       0x80 src/ASF/sam0/drivers/bod/bod_sam_d_r_h/bod.o
 .debug_line    0x00002bf3       0xf0 src/ASF/common2/services/delay/sam0/systick_counter.o
 .debug_line    0x00002ce3      0x46b src/ASF/common2/components/memory/sd_mmc/sd_mmc_spi.o
 .debug_line    0x0000314e      0x18e src/ASF/common/services/storage/ctrl_access/ctrl_access.o
 .debug_line    0x000032dc      0x41e src/ASF/sam0/drivers/nvm/nvm.o
 .debug_line    0x000036fa       0xbb src/ASF/sam0/drivers/port/port.o
 .debug_line    0x000037b5      0x8b3 src/ASF/sam0/drivers/usb/usb_sam_d_r/usb.o
 .debug_line    0x00004068      0x11e src/ASF/common2/boards/user_board/init.o
 .debug_line    0x00004186       0xfe src/ASF/common/utils/interrupt/interrupt_sam_nvic.o
 .debug_line    0x00004284      0x451 src/ASF/sam0/drivers/system/clock/clock_samd21_r21_da_ha1/clock.o
 .debug_line    0x000046d5      0x380 src/ASF/sam0/drivers/system/clock/clock_samd21_r21_da_ha1/gclk.o
 .debug_line    0x00004a55      0x112 src/ASF/sam0/drivers/system/pinmux/pinmux.o
 .debug_line    0x00004b67       0x6e src/ASF/sam0/drivers/system/system.o
 .debug_line    0x00004bd5       0xa1 src/ASF/sam0/utils/cmsis/samd21/source/gcc/startup_samd21.o

.debug_str      0x00000000     0x2538
 .debug_str     0x00000000      0x3bc src/ASF/common2/components/memory/sd_mmc/sd_mmc.o
 .debug_str     0x000003bc      0x1cc src/ASF/common2/components/memory/sd_mmc/sd_mmc_mem.o
                                0x339 (size before relaxing)
 .debug_str     0x00000588      0x208 src/ASF/sam0/drivers/rtc/rtc_sam_d_r_h/rtc_calendar.o
                                0x375 (size before relaxing)
 .debug_str     0x00000790       0xe1 src/ASF/sam0/drivers/rtc/rtc_sam_d_r_h/rtc_calendar_interrupt.o
                                0x24e (size before relaxing)
 .debug_str     0x00000871       0xc9 src/ASF/thirdparty/fatfs/fatfs-port-r0.09/diskio.o
                                0x236 (size before relaxing)
 .debug_str     0x0000093a       0x4c src/ASF/thirdparty/fatfs/fatfs-port-r0.09/sam0/fattime_rtc.o
                                0x1b9 (size before relaxing)
 .debug_str     0x00000986      0x19f src/ASF/thirdparty/fatfs/fatfs-r0.09/src/ff.o
                                0x311 (size before relaxing)
 .debug_str     0x00000b25      0x242 src/bootloader.o
                                0x445 (size before relaxing)
 .debug_str     0x00000d67      0x135 src/ASF/sam0/drivers/extint/extint_sam_d_r_h/extint.o
                                0x2f9 (size before relaxing)
 .debug_str     0x00000e9c       0xbb src/ASF/sam0/drivers/sercom/sercom.o
                                0x24d (size before relaxing)
 .debug_str     0x00000f57      0x126 src/ASF/sam0/drivers/sercom/spi/spi.o
                                0x3b9 (size before relaxing)
 .debug_str     0x0000107d      0x139 src/ASF/sam0/drivers/sercom/spi/spi_interrupt.o
                                0x2a6 (size before relaxing)
 .debug_str     0x000011b6       0xdb src/ASF/sam0/drivers/sercom/sercom_interrupt.o
                                0x248 (size before relaxing)
 .debug_str     0x00001291       0xf8 src/ASF/sam0/drivers/extint/extint_callback.o
                                0x282 (size before relaxing)
 .debug_str     0x00001389       0x3f src/ASF/sam0/drivers/bod/bod_sam_d_r_h/bod.o
                                0x1ac (size before relaxing)
 .debug_str     0x000013c8       0x71 src/ASF/common2/services/delay/sam0/systick_counter.o
                                0x1de (size before relaxing)
 .debug_str     0x00001439      0x299 src/ASF/common2/components/memory/sd_mmc/sd_mmc_spi.o
                                0x4ae (size before relaxing)
 .debug_str     0x000016d2       0xd3 src/ASF/common/services/storage/ctrl_access/ctrl_access.o
                                0x240 (size before relaxing)
 .debug_str     0x000017a5      0x14b src/ASF/sam0/drivers/nvm/nvm.o
                                0x2d2 (size before relaxing)
 .debug_str     0x000018f0       0x4e src/ASF/sam0/drivers/port/port.o
                                0x1dd (size before relaxing)
 .debug_str     0x0000193e      0x4ea src/ASF/sam0/drivers/usb/usb_sam_d_r/usb.o
                                0x6d0 (size before relaxing)
 .debug_str     0x00001e28       0x3e src/ASF/common2/boards/user_board/init.o
                                0x221 (size before relaxing)
 .debug_str     0x00001e66       0x73 src/ASF/common/utils/interrupt/interrupt_sam_nvic.o
                                0x201 (size before relaxing)
 .debug_str     0x00001ed9      0x350 src/ASF/sam0/drivers/system/clock/clock_samd21_r21_da_ha1/clock.o
                                0x4e2 (size before relaxing)
 .debug_str     0x00002229      0x19a src/ASF/sam0/drivers/system/clock/clock_samd21_r21_da_ha1/gclk.o
                                0x371 (size before relaxing)
 .debug_str     0x000023c3       0xd3 src/ASF/sam0/drivers/system/pinmux/pinmux.o
                                0x266 (size before relaxing)
 .debug_str     0x00002496       0x47 src/ASF/sam0/drivers/system/system.o
                                0x1b4 (size before relaxing)
 .debug_str     0x000024dd       0x5b src/ASF/sam0/utils/cmsis/samd21/source/gcc/startup_samd21.o
                                0x1c8 (size before relaxing)

.debug_frame    0x00000000     0x1e90
 .debug_frame   0x00000000      0x1f0 src/ASF/common2/components/memory/sd_mmc/sd_mmc.o
 .debug_frame   0x000001f0      0x1e0 src/ASF/common2/components/memory/sd_mmc/sd_mmc_mem.o
 .debug_frame   0x000003d0      0x17c src/ASF/sam0/drivers/rtc/rtc_sam_d_r_h/rtc_calendar.o
 .debug_frame   0x0000054c       0x84 src/ASF/sam0/drivers/rtc/rtc_sam_d_r_h/rtc_calendar_interrupt.o
 .debug_frame   0x000005d0       0xa4 src/ASF/thirdparty/fatfs/fatfs-port-r0.09/diskio.o
 .debug_frame   0x00000674       0x2c src/ASF/thirdparty/fatfs/fatfs-port-r0.09/sam0/fattime_rtc.o
 .debug_frame   0x000006a0      0x41c src/ASF/thirdparty/fatfs/fatfs-r0.09/src/ff.o
 .debug_frame   0x00000abc       0x90 src/bootloader.o
 .debug_frame   0x00000b4c       0xd8 src/ASF/sam0/drivers/extint/extint_sam_d_r_h/extint.o
 .debug_frame   0x00000c24       0xc0 src/ASF/sam0/drivers/sercom/sercom.o
 .debug_frame   0x00000ce4      0x170 src/ASF/sam0/drivers/sercom/spi/spi.o
 .debug_frame   0x00000e54       0xb4 src/ASF/sam0/drivers/sercom/spi/spi_interrupt.o
 .debug_frame   0x00000f08       0xec src/ASF/sam0/drivers/sercom/sercom_interrupt.o
 .debug_frame   0x00000ff4       0x90 src/ASF/sam0/drivers/extint/extint_callback.o
 .debug_frame   0x00001084       0x2c src/ASF/sam0/drivers/bod/bod_sam_d_r_h/bod.o
 .debug_frame   0x000010b0       0x64 src/ASF/common2/services/delay/sam0/systick_counter.o
 .debug_frame   0x00001114      0x23c src/ASF/common2/components/memory/sd_mmc/sd_mmc_spi.o
 .debug_frame   0x00001350       0xf8 src/ASF/common/services/storage/ctrl_access/ctrl_access.o
 .debug_frame   0x00001448      0x154 src/ASF/sam0/drivers/nvm/nvm.o
 .debug_frame   0x0000159c       0x48 src/ASF/sam0/drivers/port/port.o
 .debug_frame   0x000015e4      0x3cc src/ASF/sam0/drivers/usb/usb_sam_d_r/usb.o
 .debug_frame   0x000019b0       0x34 src/ASF/common2/boards/user_board/init.o
 .debug_frame   0x000019e4       0x30 src/ASF/common/utils/interrupt/interrupt_sam_nvic.o
 .debug_frame   0x00001a14      0x198 src/ASF/sam0/drivers/system/clock/clock_samd21_r21_da_ha1/clock.o
 .debug_frame   0x00001bac      0x16c src/ASF/sam0/drivers/system/clock/clock_samd21_r21_da_ha1/gclk.o
 .debug_frame   0x00001d18       0x98 src/ASF/sam0/drivers/system/pinmux/pinmux.o
 .debug_frame   0x00001db0       0x38 src/ASF/sam0/drivers/system/system.o
 .debug_frame   0x00001de8       0x3c src/ASF/sam0/utils/cmsis/samd21/source/gcc/startup_samd21.o
 .debug_frame   0x00001e24       0x20 c:/program files (x86)/atmel/studio/7.0/toolchain/arm/arm-gnu-toolchain/bin/../lib/gcc/arm-none-eabi/6.2.1/thumb/v6-m\libgcc.a(_udivsi3.o)
 .debug_frame   0x00001e44       0x2c c:/program files (x86)/atmel/studio/7.0/toolchain/arm/arm-gnu-toolchain/bin/../lib/gcc/arm-none-eabi/6.2.1/../../../../arm-none-eabi/lib/thumb/v6-m\libc_nano.a(lib_a-init.o)
 .debug_frame   0x00001e70       0x20 c:/program files (x86)/atmel/studio/7.0/toolchain/arm/arm-gnu-toolchain/bin/../lib/gcc/arm-none-eabi/6.2.1/../../../../arm-none-eabi/lib/thumb/v6-m\libc_nano.a(lib_a-memset.o)

Cross Reference Table

Symbol                                            File
AC_Handler                                        src/ASF/sam0/utils/cmsis/samd21/source/gcc/startup_samd21.o
ADC_Handler                                       src/ASF/sam0/utils/cmsis/samd21/source/gcc/startup_samd21.o
DAC_Handler                                       src/ASF/sam0/utils/cmsis/samd21/source/gcc/startup_samd21.o
DMAC_Handler                                      src/ASF/sam0/utils/cmsis/samd21/source/gcc/startup_samd21.o
Dummy_Handler                                     src/ASF/sam0/utils/cmsis/samd21/source/gcc/startup_samd21.o
EIC_Handler                                       src/ASF/sam0/drivers/extint/extint_callback.o
EVSYS_Handler                                     src/ASF/sam0/utils/cmsis/samd21/source/gcc/startup_samd21.o
HardFault_Handler                                 src/ASF/sam0/utils/cmsis/samd21/source/gcc/startup_samd21.o
I2S_Handler                                       src/ASF/sam0/utils/cmsis/samd21/source/gcc/startup_samd21.o
NMI_Handler                                       src/ASF/sam0/utils/cmsis/samd21/source/gcc/startup_samd21.o
NVMCTRL_Handler                                   src/ASF/sam0/utils/cmsis/samd21/source/gcc/startup_samd21.o
PM_Handler                                        src/ASF/sam0/utils/cmsis/samd21/source/gcc/startup_samd21.o
PTC_Handler                                       src/ASF/sam0/utils/cmsis/samd21/source/gcc/startup_samd21.o
PendSV_Handler                                    src/ASF/sam0/utils/cmsis/samd21/source/gcc/startup_samd21.o
RTC_Handler                                       src/ASF/sam0/drivers/rtc/rtc_sam_d_r_h/rtc_calendar_interrupt.o
Reset_Handler                                     src/ASF/sam0/utils/cmsis/samd21/source/gcc/startup_samd21.o
SERCOM0_Handler                                   src/ASF/sam0/drivers/sercom/sercom_interrupt.o
SERCOM1_Handler                                   src/ASF/sam0/drivers/sercom/sercom_interrupt.o
SERCOM2_Handler                                   src/ASF/sam0/drivers/sercom/sercom_interrupt.o
SERCOM3_Handler                                   src/ASF/sam0/drivers/sercom/sercom_interrupt.o
SERCOM4_Handler                                   src/ASF/sam0/drivers/sercom/sercom_interrupt.o
SERCOM5_Handler                                   src/ASF/sam0/drivers/sercom/sercom_interrupt.o
SVC_Handler                                       src/ASF/sam0/utils/cmsis/samd21/source/gcc/startup_samd21.o
SYSCTRL_Handler                                   src/bootloader.o
SysTick_Handler                                   src/ASF/sam0/utils/cmsis/samd21/source/gcc/startup_samd21.o
SystemCoreClock                                   src/ASF/sam0/utils/cmsis/samd21/source/system_samd21.o
SystemCoreClockUpdate                             src/ASF/sam0/utils/cmsis/samd21/source/system_samd21.o
SystemInit                                        src/ASF/sam0/utils/cmsis/samd21/source/system_samd21.o
TC3_Handler                                       src/ASF/sam0/utils/cmsis/samd21/source/gcc/startup_samd21.o
TC4_Handler                                       src/ASF/sam0/utils/cmsis/samd21/source/gcc/startup_samd21.o
TC5_Handler                                       src/ASF/sam0/utils/cmsis/samd21/source/gcc/startup_samd21.o
TCC0_Handler                                      src/ASF/sam0/utils/cmsis/samd21/source/gcc/startup_samd21.o
TCC1_Handler                                      src/ASF/sam0/utils/cmsis/samd21/source/gcc/startup_samd21.o
TCC2_Handler                                      src/ASF/sam0/utils/cmsis/samd21/source/gcc/startup_samd21.o
USB_Handler                                       src/ASF/sam0/drivers/usb/usb_sam_d_r/usb.o
WDT_Handler                                       src/ASF/sam0/utils/cmsis/samd21/source/gcc/startup_samd21.o
_Jv_RegisterClasses                               c:/program files (x86)/atmel/studio/7.0/toolchain/arm/arm-gnu-toolchain/bin/../lib/gcc/arm-none-eabi/6.2.1/thumb/v6-m/crtbegin.o
__aeabi_idiv                                      c:/program files (x86)/atmel/studio/7.0/toolchain/arm/arm-gnu-toolchain/bin/../lib/gcc/arm-none-eabi/6.2.1/thumb/v6-m\libgcc.a(_divsi3.o)
__aeabi_idiv0                                     c:/program files (x86)/atmel/studio/7.0/toolchain/arm/arm-gnu-toolchain/bin/../lib/gcc/arm-none-eabi/6.2.1/thumb/v6-m\libgcc.a(_dvmd_tls.o)
                                                  c:/program files (x86)/atmel/studio/7.0/toolchain/arm/arm-gnu-toolchain/bin/../lib/gcc/arm-none-eabi/6.2.1/thumb/v6-m\libgcc.a(_divsi3.o)
                                                  c:/program files (x86)/atmel/studio/7.0/toolchain/arm/arm-gnu-toolchain/bin/../lib/gcc/arm-none-eabi/6.2.1/thumb/v6-m\libgcc.a(_udivsi3.o)
__aeabi_idivmod                                   c:/program files (x86)/atmel/studio/7.0/toolchain/arm/arm-gnu-toolchain/bin/../lib/gcc/arm-none-eabi/6.2.1/thumb/v6-m\libgcc.a(_divsi3.o)
                                                  src/ASF/sam0/drivers/usb/stack_interface/usb_device_udd.o
__aeabi_ldiv0                                     c:/program files (x86)/atmel/studio/7.0/toolchain/arm/arm-gnu-toolchain/bin/../lib/gcc/arm-none-eabi/6.2.1/thumb/v6-m\libgcc.a(_dvmd_tls.o)
__aeabi_llsl                                      c:/program files (x86)/atmel/studio/7.0/toolchain/arm/arm-gnu-toolchain/bin/../lib/gcc/arm-none-eabi/6.2.1/thumb/v6-m\libgcc.a(_ashldi3.o)
                                                  src/ASF/sam0/drivers/sercom/sercom.o
__aeabi_lmul                                      c:/program files (x86)/atmel/studio/7.0/toolchain/arm/arm-gnu-toolchain/bin/../lib/gcc/arm-none-eabi/6.2.1/thumb/v6-m\libgcc.a(_muldi3.o)
                                                  src/ASF/sam0/drivers/sercom/sercom.o
__aeabi_uidiv                                     c:/program files (x86)/atmel/studio/7.0/toolchain/arm/arm-gnu-toolchain/bin/../lib/gcc/arm-none-eabi/6.2.1/thumb/v6-m\libgcc.a(_udivsi3.o)
                                                  src/ASF/sam0/drivers/system/clock/clock_samd21_r21_da_ha1/gclk.o
                                                  src/ASF/sam0/drivers/system/clock/clock_samd21_r21_da_ha1/clock.o
                                                  src/ASF/sam0/drivers/nvm/nvm.o
                                                  src/ASF/common2/components/memory/sd_mmc/sd_mmc_spi.o
                                                  src/ASF/common2/services/delay/sam0/systick_counter.o
                                                  src/ASF/thirdparty/fatfs/fatfs-r0.09/src/ff.o
__aeabi_uidivmod                                  c:/program files (x86)/atmel/studio/7.0/toolchain/arm/arm-gnu-toolchain/bin/../lib/gcc/arm-none-eabi/6.2.1/thumb/v6-m\libgcc.a(_udivsi3.o)
                                                  src/ASF/sam0/drivers/usb/stack_interface/usb_device_udd.o
                                                  src/ASF/sam0/drivers/nvm/nvm.o
                                                  src/ASF/common2/components/memory/sd_mmc/sd_mmc_spi.o
                                                  src/ASF/sam0/drivers/rtc/rtc_sam_d_r_h/rtc_calendar.o
__ashldi3                                         c:/program files (x86)/atmel/studio/7.0/toolchain/arm/arm-gnu-toolchain/bin/../lib/gcc/arm-none-eabi/6.2.1/thumb/v6-m\libgcc.a(_ashldi3.o)
__bss_end__                                       c:/program files (x86)/atmel/studio/7.0/toolchain/arm/arm-gnu-toolchain/bin/../lib/gcc/arm-none-eabi/6.2.1/../../../../arm-none-eabi/lib/thumb/v6-m/crt0.o
__bss_start__                                     c:/program files (x86)/atmel/studio/7.0/toolchain/arm/arm-gnu-toolchain/bin/../lib/gcc/arm-none-eabi/6.2.1/../../../../arm-none-eabi/lib/thumb/v6-m/crt0.o
__call_exitprocs                                  c:/program files (x86)/atmel/studio/7.0/toolchain/arm/arm-gnu-toolchain/bin/../lib/gcc/arm-none-eabi/6.2.1/../../../../arm-none-eabi/lib/thumb/v6-m\libc_nano.a(lib_a-exit.o)
__clzsi2                                          c:/program files (x86)/atmel/studio/7.0/toolchain/arm/arm-gnu-toolchain/bin/../lib/gcc/arm-none-eabi/6.2.1/thumb/v6-m\libgcc.a(_clzsi2.o)
                                                  src/ASF/sam0/drivers/usb/usb_sam_d_r/usb.o
__ctzsi2                                          c:/program files (x86)/atmel/studio/7.0/toolchain/arm/arm-gnu-toolchain/bin/../lib/gcc/arm-none-eabi/6.2.1/thumb/v6-m\libgcc.a(_ctzsi2.o)
                                                  src/ASF/sam0/drivers/usb/usb_sam_d_r/usb.o
__deregister_frame_info                           c:/program files (x86)/atmel/studio/7.0/toolchain/arm/arm-gnu-toolchain/bin/../lib/gcc/arm-none-eabi/6.2.1/thumb/v6-m/crtbegin.o
__divsi3                                          c:/program files (x86)/atmel/studio/7.0/toolchain/arm/arm-gnu-toolchain/bin/../lib/gcc/arm-none-eabi/6.2.1/thumb/v6-m\libgcc.a(_divsi3.o)
__dso_handle                                      c:/program files (x86)/atmel/studio/7.0/toolchain/arm/arm-gnu-toolchain/bin/../lib/gcc/arm-none-eabi/6.2.1/thumb/v6-m/crtbegin.o
__fp_lock_all                                     c:/program files (x86)/atmel/studio/7.0/toolchain/arm/arm-gnu-toolchain/bin/../lib/gcc/arm-none-eabi/6.2.1/../../../../arm-none-eabi/lib/thumb/v6-m\libc_nano.a(lib_a-findfp.o)
__fp_unlock_all                                   c:/program files (x86)/atmel/studio/7.0/toolchain/arm/arm-gnu-toolchain/bin/../lib/gcc/arm-none-eabi/6.2.1/../../../../arm-none-eabi/lib/thumb/v6-m\libc_nano.a(lib_a-findfp.o)
__gnu_thumb1_case_shi                             c:/program files (x86)/atmel/studio/7.0/toolchain/arm/arm-gnu-toolchain/bin/../lib/gcc/arm-none-eabi/6.2.1/thumb/v6-m\libgcc.a(_thumb1_case_shi.o)
                                                  src/ASF/common/services/usb/udc/udc.o
__gnu_thumb1_case_uhi                             c:/program files (x86)/atmel/studio/7.0/toolchain/arm/arm-gnu-toolchain/bin/../lib/gcc/arm-none-eabi/6.2.1/thumb/v6-m\libgcc.a(_thumb1_case_uhi.o)
                                                  src/ASF/common/services/usb/udc/udc.o
__gnu_thumb1_case_uqi                             c:/program files (x86)/atmel/studio/7.0/toolchain/arm/arm-gnu-toolchain/bin/../lib/gcc/arm-none-eabi/6.2.1/thumb/v6-m\libgcc.a(_thumb1_case_uqi.o)
                                                  src/ASF/sam0/drivers/system/clock/clock_samd21_r21_da_ha1/clock.o
                                                  src/ASF/sam0/drivers/usb/usb_sam_d_r/usb.o
                                                  src/ASF/sam0/drivers/sercom/sercom.o
                                                  src/ASF/thirdparty/fatfs/fatfs-port-r0.09/diskio.o
                                                  src/ASF/common2/components/memory/sd_mmc/sd_mmc.o
__init_array_end                                  c:/program files (x86)/atmel/studio/7.0/toolchain/arm/arm-gnu-toolchain/bin/../lib/gcc/arm-none-eabi/6.2.1/../../../../arm-none-eabi/lib/thumb/v6-m\libc_nano.a(lib_a-init.o)
__init_array_start                                c:/program files (x86)/atmel/studio/7.0/toolchain/arm/arm-gnu-toolchain/bin/../lib/gcc/arm-none-eabi/6.2.1/../../../../arm-none-eabi/lib/thumb/v6-m\libc_nano.a(lib_a-init.o)
__libc_fini_array                                 c:/program files (x86)/atmel/studio/7.0/toolchain/arm/arm-gnu-toolchain/bin/../lib/gcc/arm-none-eabi/6.2.1/../../../../arm-none-eabi/lib/thumb/v6-m/crt0.o
__libc_init_array                                 c:/program files (x86)/atmel/studio/7.0/toolchain/arm/arm-gnu-toolchain/bin/../lib/gcc/arm-none-eabi/6.2.1/../../../../arm-none-eabi/lib/thumb/v6-m\libc_nano.a(lib_a-init.o)
                                                  src/ASF/sam0/utils/cmsis/samd21/source/gcc/startup_samd21.o
                                                  c:/program files (x86)/atmel/studio/7.0/toolchain/arm/arm-gnu-toolchain/bin/../lib/gcc/arm-none-eabi/6.2.1/../../../../arm-none-eabi/lib/thumb/v6-m/crt0.o
__malloc_free_list                                c:/program files (x86)/atmel/studio/7.0/toolchain/arm/arm-gnu-toolchain/bin/../lib/gcc/arm-none-eabi/6.2.1/../../../../arm-none-eabi/lib/thumb/v6-m\libc_nano.a(lib_a-nano-mallocr.o)
                                                  c:/program files (x86)/atmel/studio/7.0/toolchain/arm/arm-gnu-toolchain/bin/../lib/gcc/arm-none-eabi/6.2.1/../../../../arm-none-eabi/lib/thumb/v6-m\libc_nano.a(lib_a-nano-freer.o)
__malloc_lock                                     c:/program files (x86)/atmel/studio/7.0/toolchain/arm/arm-gnu-toolchain/bin/../lib/gcc/arm-none-eabi/6.2.1/../../../../arm-none-eabi/lib/thumb/v6-m\libc_nano.a(lib_a-mlock.o)
                                                  c:/program files (x86)/atmel/studio/7.0/toolchain/arm/arm-gnu-toolchain/bin/../lib/gcc/arm-none-eabi/6.2.1/../../../../arm-none-eabi/lib/thumb/v6-m\libc_nano.a(lib_a-nano-mallocr.o)
                                                  c:/program files (x86)/atmel/studio/7.0/toolchain/arm/arm-gnu-toolchain/bin/../lib/gcc/arm-none-eabi/6.2.1/../../../../arm-none-eabi/lib/thumb/v6-m\libc_nano.a(lib_a-nano-freer.o)
__malloc_sbrk_start                               c:/program files (x86)/atmel/studio/7.0/toolchain/arm/arm-gnu-toolchain/bin/../lib/gcc/arm-none-eabi/6.2.1/../../../../arm-none-eabi/lib/thumb/v6-m\libc_nano.a(lib_a-nano-mallocr.o)
__malloc_unlock                                   c:/program files (x86)/atmel/studio/7.0/toolchain/arm/arm-gnu-toolchain/bin/../lib/gcc/arm-none-eabi/6.2.1/../../../../arm-none-eabi/lib/thumb/v6-m\libc_nano.a(lib_a-mlock.o)
                                                  c:/program files (x86)/atmel/studio/7.0/toolchain/arm/arm-gnu-toolchain/bin/../lib/gcc/arm-none-eabi/6.2.1/../../../../arm-none-eabi/lib/thumb/v6-m\libc_nano.a(lib_a-nano-mallocr.o)
                                                  c:/program files (x86)/atmel/studio/7.0/toolchain/arm/arm-gnu-toolchain/bin/../lib/gcc/arm-none-eabi/6.2.1/../../../../arm-none-eabi/lib/thumb/v6-m\libc_nano.a(lib_a-nano-freer.o)
__muldi3                                          c:/program files (x86)/atmel/studio/7.0/toolchain/arm/arm-gnu-toolchain/bin/../lib/gcc/arm-none-eabi/6.2.1/thumb/v6-m\libgcc.a(_muldi3.o)
__preinit_array_end                               c:/program files (x86)/atmel/studio/7.0/toolchain/arm/arm-gnu-toolchain/bin/../lib/gcc/arm-none-eabi/6.2.1/../../../../arm-none-eabi/lib/thumb/v6-m\libc_nano.a(lib_a-init.o)
__preinit_array_start                             c:/program files (x86)/atmel/studio/7.0/toolchain/arm/arm-gnu-toolchain/bin/../lib/gcc/arm-none-eabi/6.2.1/../../../../arm-none-eabi/lib/thumb/v6-m\libc_nano.a(lib_a-init.o)
__register_frame_info                             c:/program files (x86)/atmel/studio/7.0/toolchain/arm/arm-gnu-toolchain/bin/../lib/gcc/arm-none-eabi/6.2.1/thumb/v6-m/crtbegin.o
__sclose                                          c:/program files (x86)/atmel/studio/7.0/toolchain/arm/arm-gnu-toolchain/bin/../lib/gcc/arm-none-eabi/6.2.1/../../../../arm-none-eabi/lib/thumb/v6-m\libc_nano.a(lib_a-stdio.o)
                                                  c:/program files (x86)/atmel/studio/7.0/toolchain/arm/arm-gnu-toolchain/bin/../lib/gcc/arm-none-eabi/6.2.1/../../../../arm-none-eabi/lib/thumb/v6-m\libc_nano.a(lib_a-findfp.o)
__seofread                                        c:/program files (x86)/atmel/studio/7.0/toolchain/arm/arm-gnu-toolchain/bin/../lib/gcc/arm-none-eabi/6.2.1/../../../../arm-none-eabi/lib/thumb/v6-m\libc_nano.a(lib_a-stdio.o)
__sf_fake_stderr                                  c:/program files (x86)/atmel/studio/7.0/toolchain/arm/arm-gnu-toolchain/bin/../lib/gcc/arm-none-eabi/6.2.1/../../../../arm-none-eabi/lib/thumb/v6-m\libc_nano.a(lib_a-findfp.o)
                                                  c:/program files (x86)/atmel/studio/7.0/toolchain/arm/arm-gnu-toolchain/bin/../lib/gcc/arm-none-eabi/6.2.1/../../../../arm-none-eabi/lib/thumb/v6-m\libc_nano.a(lib_a-fflush.o)
                                                  c:/program files (x86)/atmel/studio/7.0/toolchain/arm/arm-gnu-toolchain/bin/../lib/gcc/arm-none-eabi/6.2.1/../../../../arm-none-eabi/lib/thumb/v6-m\libc_nano.a(lib_a-setvbuf.o)
                                                  c:/program files (x86)/atmel/studio/7.0/toolchain/arm/arm-gnu-toolchain/bin/../lib/gcc/arm-none-eabi/6.2.1/../../../../arm-none-eabi/lib/thumb/v6-m\libc_nano.a(lib_a-impure.o)
__sf_fake_stdin                                   c:/program files (x86)/atmel/studio/7.0/toolchain/arm/arm-gnu-toolchain/bin/../lib/gcc/arm-none-eabi/6.2.1/../../../../arm-none-eabi/lib/thumb/v6-m\libc_nano.a(lib_a-findfp.o)
                                                  c:/program files (x86)/atmel/studio/7.0/toolchain/arm/arm-gnu-toolchain/bin/../lib/gcc/arm-none-eabi/6.2.1/../../../../arm-none-eabi/lib/thumb/v6-m\libc_nano.a(lib_a-fflush.o)
                                                  c:/program files (x86)/atmel/studio/7.0/toolchain/arm/arm-gnu-toolchain/bin/../lib/gcc/arm-none-eabi/6.2.1/../../../../arm-none-eabi/lib/thumb/v6-m\libc_nano.a(lib_a-setvbuf.o)
                                                  c:/program files (x86)/atmel/studio/7.0/toolchain/arm/arm-gnu-toolchain/bin/../lib/gcc/arm-none-eabi/6.2.1/../../../../arm-none-eabi/lib/thumb/v6-m\libc_nano.a(lib_a-impure.o)
__sf_fake_stdout                                  c:/program files (x86)/atmel/studio/7.0/toolchain/arm/arm-gnu-toolchain/bin/../lib/gcc/arm-none-eabi/6.2.1/../../../../arm-none-eabi/lib/thumb/v6-m\libc_nano.a(lib_a-findfp.o)
                                                  c:/program files (x86)/atmel/studio/7.0/toolchain/arm/arm-gnu-toolchain/bin/../lib/gcc/arm-none-eabi/6.2.1/../../../../arm-none-eabi/lib/thumb/v6-m\libc_nano.a(lib_a-fflush.o)
                                                  c:/program files (x86)/atmel/studio/7.0/toolchain/arm/arm-gnu-toolchain/bin/../lib/gcc/arm-none-eabi/6.2.1/../../../../arm-none-eabi/lib/thumb/v6-m\libc_nano.a(lib_a-setvbuf.o)
                                                  c:/program files (x86)/atmel/studio/7.0/toolchain/arm/arm-gnu-toolchain/bin/../lib/gcc/arm-none-eabi/6.2.1/../../../../arm-none-eabi/lib/thumb/v6-m\libc_nano.a(lib_a-impure.o)
__sflush_r                                        c:/program files (x86)/atmel/studio/7.0/toolchain/arm/arm-gnu-toolchain/bin/../lib/gcc/arm-none-eabi/6.2.1/../../../../arm-none-eabi/lib/thumb/v6-m\libc_nano.a(lib_a-fflush.o)
__sfmoreglue                                      c:/program files (x86)/atmel/studio/7.0/toolchain/arm/arm-gnu-toolchain/bin/../lib/gcc/arm-none-eabi/6.2.1/../../../../arm-none-eabi/lib/thumb/v6-m\libc_nano.a(lib_a-findfp.o)
__sfp                                             c:/program files (x86)/atmel/studio/7.0/toolchain/arm/arm-gnu-toolchain/bin/../lib/gcc/arm-none-eabi/6.2.1/../../../../arm-none-eabi/lib/thumb/v6-m\libc_nano.a(lib_a-findfp.o)
__sfp_lock_acquire                                c:/program files (x86)/atmel/studio/7.0/toolchain/arm/arm-gnu-toolchain/bin/../lib/gcc/arm-none-eabi/6.2.1/../../../../arm-none-eabi/lib/thumb/v6-m\libc_nano.a(lib_a-findfp.o)
__sfp_lock_release                                c:/program files (x86)/atmel/studio/7.0/toolchain/arm/arm-gnu-toolchain/bin/../lib/gcc/arm-none-eabi/6.2.1/../../../../arm-none-eabi/lib/thumb/v6-m\libc_nano.a(lib_a-findfp.o)
__sinit                                           c:/program files (x86)/atmel/studio/7.0/toolchain/arm/arm-gnu-toolchain/bin/../lib/gcc/arm-none-eabi/6.2.1/../../../../arm-none-eabi/lib/thumb/v6-m\libc_nano.a(lib_a-findfp.o)
                                                  c:/program files (x86)/atmel/studio/7.0/toolchain/arm/arm-gnu-toolchain/bin/../lib/gcc/arm-none-eabi/6.2.1/../../../../arm-none-eabi/lib/thumb/v6-m\libc_nano.a(lib_a-fflush.o)
                                                  c:/program files (x86)/atmel/studio/7.0/toolchain/arm/arm-gnu-toolchain/bin/../lib/gcc/arm-none-eabi/6.2.1/../../../../arm-none-eabi/lib/thumb/v6-m\libc_nano.a(lib_a-setvbuf.o)
__sinit_lock_acquire                              c:/program files (x86)/atmel/studio/7.0/toolchain/arm/arm-gnu-toolchain/bin/../lib/gcc/arm-none-eabi/6.2.1/../../../../arm-none-eabi/lib/thumb/v6-m\libc_nano.a(lib_a-findfp.o)