Archive member included to satisfy reference by file (symbol)

c:/program files (x86)/atmel/studio/7.0/toolchain/arm/arm-gnu-toolchain/bin/../lib/gcc/arm-none-eabi/6.2.1/thumb/v6-m\libgcc.a(_udivsi3.o)
                              src/iot/sw_timer.o (__aeabi_uidiv)
c:/program files (x86)/atmel/studio/7.0/toolchain/arm/arm-gnu-toolchain/bin/../lib/gcc/arm-none-eabi/6.2.1/thumb/v6-m\libgcc.a(_divsi3.o)
                              src/iot/sw_timer.o (__aeabi_idiv)
c:/program files (x86)/atmel/studio/7.0/toolchain/arm/arm-gnu-toolchain/bin/../lib/gcc/arm-none-eabi/6.2.1/thumb/v6-m\libgcc.a(_dvmd_tls.o)
                              c:/program files (x86)/atmel/studio/7.0/toolchain/arm/arm-gnu-toolchain/bin/../lib/gcc/arm-none-eabi/6.2.1/thumb/v6-m\libgcc.a(_udivsi3.o) (__aeabi_idiv0)
c:/program files (x86)/atmel/studio/7.0/toolchain/arm/arm-gnu-toolchain/bin/../lib/gcc/arm-none-eabi/6.2.1/thumb/v6-m\libgcc.a(_clzsi2.o)
                              src/ASF/sam0/drivers/usb/usb_sam_d_r/usb.o (__clzsi2)
c:/program files (x86)/atmel/studio/7.0/toolchain/arm/arm-gnu-toolchain/bin/../lib/gcc/arm-none-eabi/6.2.1/thumb/v6-m\libgcc.a(_ctzsi2.o)
                              src/ASF/sam0/drivers/usb/usb_sam_d_r/usb.o (__ctzsi2)
c:/program files (x86)/atmel/studio/7.0/toolchain/arm/arm-gnu-toolchain/bin/../lib/gcc/arm-none-eabi/6.2.1/thumb/v6-m\libgcc.a(_muldi3.o)
                              src/ASF/sam0/drivers/sercom/sercom.o (__aeabi_lmul)
c:/program files (x86)/atmel/studio/7.0/toolchain/arm/arm-gnu-toolchain/bin/../lib/gcc/arm-none-eabi/6.2.1/../../../../arm-none-eabi/lib/thumb/v6-m\libc_nano.a(lib_a-atoi.o)
                              src/iot/http/http_client.o (atoi)
c:/program files (x86)/atmel/studio/7.0/toolchain/arm/arm-gnu-toolchain/bin/../lib/gcc/arm-none-eabi/6.2.1/../../../../arm-none-eabi/lib/thumb/v6-m\libc_nano.a(lib_a-exit.o)
                              c:/program files (x86)/atmel/studio/7.0/toolchain/arm/arm-gnu-toolchain/bin/../lib/gcc/arm-none-eabi/6.2.1/../../../../arm-none-eabi/lib/thumb/v6-m/crt0.o (exit)
c:/program files (x86)/atmel/studio/7.0/toolchain/arm/arm-gnu-toolchain/bin/../lib/gcc/arm-none-eabi/6.2.1/../../../../arm-none-eabi/lib/thumb/v6-m\libc_nano.a(lib_a-impure.o)
                              c:/program files (x86)/atmel/studio/7.0/toolchain/arm/arm-gnu-toolchain/bin/../lib/gcc/arm-none-eabi/6.2.1/../../../../arm-none-eabi/lib/thumb/v6-m\libc_nano.a(lib_a-exit.o) (_global_impure_ptr)
c:/program files (x86)/atmel/studio/7.0/toolchain/arm/arm-gnu-toolchain/bin/../lib/gcc/arm-none-eabi/6.2.1/../../../../arm-none-eabi/lib/thumb/v6-m\libc_nano.a(lib_a-init.o)
                              c:/program files (x86)/atmel/studio/7.0/toolchain/arm/arm-gnu-toolchain/bin/../lib/gcc/arm-none-eabi/6.2.1/../../../../arm-none-eabi/lib/thumb/v6-m/crt0.o (__libc_init_array)
c:/program files (x86)/atmel/studio/7.0/toolchain/arm/arm-gnu-toolchain/bin/../lib/gcc/arm-none-eabi/6.2.1/../../../../arm-none-eabi/lib/thumb/v6-m\libc_nano.a(lib_a-malloc.o)
                              src/iot/http/http_client.o (malloc)
c:/program files (x86)/atmel/studio/7.0/toolchain/arm/arm-gnu-toolchain/bin/../lib/gcc/arm-none-eabi/6.2.1/../../../../arm-none-eabi/lib/thumb/v6-m\libc_nano.a(lib_a-memcpy-stub.o)
                              src/iot/http/http_client.o (memcpy)
c:/program files (x86)/atmel/studio/7.0/toolchain/arm/arm-gnu-toolchain/bin/../lib/gcc/arm-none-eabi/6.2.1/../../../../arm-none-eabi/lib/thumb/v6-m\libc_nano.a(lib_a-memmove.o)
                              src/iot/http/http_client.o (memmove)
c:/program files (x86)/atmel/studio/7.0/toolchain/arm/arm-gnu-toolchain/bin/../lib/gcc/arm-none-eabi/6.2.1/../../../../arm-none-eabi/lib/thumb/v6-m\libc_nano.a(lib_a-memset.o)
                              c:/program files (x86)/atmel/studio/7.0/toolchain/arm/arm-gnu-toolchain/bin/../lib/gcc/arm-none-eabi/6.2.1/../../../../arm-none-eabi/lib/thumb/v6-m/crt0.o (memset)
c:/program files (x86)/atmel/studio/7.0/toolchain/arm/arm-gnu-toolchain/bin/../lib/gcc/arm-none-eabi/6.2.1/../../../../arm-none-eabi/lib/thumb/v6-m\libc_nano.a(lib_a-nano-freer.o)
                              c:/program files (x86)/atmel/studio/7.0/toolchain/arm/arm-gnu-toolchain/bin/../lib/gcc/arm-none-eabi/6.2.1/../../../../arm-none-eabi/lib/thumb/v6-m\libc_nano.a(lib_a-malloc.o) (_free_r)
c:/program files (x86)/atmel/studio/7.0/toolchain/arm/arm-gnu-toolchain/bin/../lib/gcc/arm-none-eabi/6.2.1/../../../../arm-none-eabi/lib/thumb/v6-m\libc_nano.a(lib_a-nano-mallocr.o)
                              c:/program files (x86)/atmel/studio/7.0/toolchain/arm/arm-gnu-toolchain/bin/../lib/gcc/arm-none-eabi/6.2.1/../../../../arm-none-eabi/lib/thumb/v6-m\libc_nano.a(lib_a-malloc.o) (_malloc_r)
c:/program files (x86)/atmel/studio/7.0/toolchain/arm/arm-gnu-toolchain/bin/../lib/gcc/arm-none-eabi/6.2.1/../../../../arm-none-eabi/lib/thumb/v6-m\libc_nano.a(lib_a-printf.o)
                              src/application.o (printf)
[...]
Memory Configuration

Name             Origin             Length             Attributes
rom              0x00008000         0x00038000         xr
ram              0x20000000         0x00008000         xrw
*default*        0x00000000         0xffffffff

Linker script and memory map

LOAD c:/program files (x86)/atmel/studio/7.0/toolchain/arm/arm-gnu-toolchain/bin/../lib/gcc/arm-none-eabi/6.2.1/thumb/v6-m/crtfastmath.o
LOAD c:/program files (x86)/atmel/studio/7.0/toolchain/arm/arm-gnu-toolchain/bin/../lib/gcc/arm-none-eabi/6.2.1/thumb/v6-m/crti.o
LOAD c:/program files (x86)/atmel/studio/7.0/toolchain/arm/arm-gnu-toolchain/bin/../lib/gcc/arm-none-eabi/6.2.1/thumb/v6-m/crtbegin.o
LOAD c:/program files (x86)/atmel/studio/7.0/toolchain/arm/arm-gnu-toolchain/bin/../lib/gcc/arm-none-eabi/6.2.1/../../../../arm-none-eabi/lib/thumb/v6-m/crt0.o
LOAD src/ASF/common2/components/memory/sd_mmc/sd_mmc_mem.o
LOAD src/ASF/sam0/drivers/tcc/tcc.o
LOAD src/ASF/sam0/drivers/tcc/tcc_callback.o
LOAD src/iot/http/http_client.o
LOAD src/iot/stream_writer.o
LOAD src/iot/sw_timer.o
LOAD src/application.o
LOAD src/ASF/common2/boards/user_board/init.o
LOAD src/ASF/common2/components/memory/sd_mmc/sd_mmc.o
LOAD src/ASF/common2/components/memory/sd_mmc/sd_mmc_spi.o
LOAD src/ASF/common2/services/delay/sam0/systick_counter.o
LOAD src/ASF/common/components/wifi/winc1500/bsp/source/nm_bsp_samd21.o
LOAD src/ASF/common/components/wifi/winc1500/bus_wrapper/source/nm_bus_wrapper_samd21.o
LOAD src/ASF/common/components/wifi/winc1500/common/source/nm_common.o
LOAD src/ASF/common/components/wifi/winc1500/driver/source/m2m_ate_mode.o
LOAD src/ASF/common/components/wifi/winc1500/driver/source/m2m_crypto.o
LOAD src/ASF/common/components/wifi/winc1500/driver/source/m2m_hif.o
LOAD src/ASF/common/components/wifi/winc1500/driver/source/m2m_ota.o
LOAD src/ASF/common/components/wifi/winc1500/driver/source/m2m_periph.o
LOAD src/ASF/common/components/wifi/winc1500/driver/source/m2m_ssl.o
LOAD src/ASF/common/components/wifi/winc1500/driver/source/m2m_wifi.o
LOAD src/ASF/common/components/wifi/winc1500/driver/source/nmasic.o
LOAD src/ASF/common/components/wifi/winc1500/driver/source/nmbus.o
LOAD src/ASF/common/components/wifi/winc1500/driver/source/nmdrv.o
LOAD src/ASF/common/components/wifi/winc1500/driver/source/nmi2c.o
LOAD src/ASF/common/components/wifi/winc1500/driver/source/nmspi.o
LOAD src/ASF/common/components/wifi/winc1500/driver/source/nmuart.o
LOAD src/ASF/common/components/wifi/winc1500/socket/source/socket.o
LOAD src/ASF/common/components/wifi/winc1500/spi_flash/source/spi_flash.o
LOAD src/ASF/common/services/sleepmgr/samd/sleepmgr.o
LOAD src/ASF/common/services/storage/ctrl_access/ctrl_access.o
LOAD src/ASF/common/services/usb/class/cdc/device/udi_cdc.o
LOAD src/ASF/common/services/usb/class/cdc/device/udi_cdc_desc.o
LOAD src/ASF/common/services/usb/udc/udc.o
LOAD src/ASF/common/utils/interrupt/interrupt_sam_nvic.o
LOAD src/ASF/common/utils/stdio/stdio_usb/stdio_usb.o
LOAD src/ASF/sam0/drivers/bod/bod_sam_d_r_h/bod.o
LOAD src/ASF/sam0/drivers/dma/dma.o
LOAD src/ASF/sam0/drivers/extint/extint_callback.o
LOAD src/ASF/sam0/drivers/extint/extint_sam_d_r_h/extint.o
LOAD src/ASF/sam0/drivers/port/port.o
LOAD src/ASF/sam0/drivers/rtc/rtc_sam_d_r_h/rtc_calendar.o
LOAD src/ASF/sam0/drivers/rtc/rtc_sam_d_r_h/rtc_calendar_interrupt.o
LOAD src/ASF/sam0/drivers/sercom/sercom.o
LOAD src/ASF/sam0/drivers/sercom/sercom_interrupt.o
LOAD src/ASF/sam0/drivers/sercom/spi/spi.o
LOAD src/ASF/sam0/drivers/sercom/spi/spi_interrupt.o
LOAD src/ASF/sam0/drivers/system/clock/clock_samd21_r21_da_ha1/clock.o
LOAD src/ASF/sam0/drivers/system/clock/clock_samd21_r21_da_ha1/gclk.o
LOAD src/ASF/sam0/drivers/system/interrupt/system_interrupt.o
LOAD src/ASF/sam0/drivers/system/pinmux/pinmux.o
LOAD src/ASF/sam0/drivers/system/system.o
LOAD src/ASF/sam0/drivers/usb/stack_interface/usb_device_udd.o
LOAD src/ASF/sam0/drivers/usb/stack_interface/usb_dual.o
LOAD src/ASF/sam0/drivers/usb/usb_sam_d_r/usb.o
LOAD src/ASF/sam0/utils/cmsis/samd21/source/gcc/startup_samd21.o
LOAD src/ASF/sam0/utils/cmsis/samd21/source/system_samd21.o
LOAD src/ASF/sam0/utils/stdio/read.o
LOAD src/ASF/sam0/utils/stdio/write.o
LOAD src/ASF/sam0/utils/syscalls/gcc/syscalls.o
LOAD src/ASF/thirdparty/fatfs/fatfs-port-r0.09/diskio.o
LOAD src/ASF/thirdparty/fatfs/fatfs-port-r0.09/sam0/fattime_rtc.o
LOAD src/ASF/thirdparty/fatfs/fatfs-r0.09/src/ff.o
START GROUP
LOAD ../src/ASF/thirdparty/CMSIS/Lib/GCC\libarm_cortexM0l_math.a
LOAD c:/program files (x86)/atmel/studio/7.0/toolchain/arm/arm-gnu-toolchain/bin/../lib/gcc/arm-none-eabi/6.2.1/../../../../arm-none-eabi/lib/thumb/v6-m\libm.a
END GROUP
START GROUP
LOAD c:/program files (x86)/atmel/studio/7.0/toolchain/arm/arm-gnu-toolchain/bin/../lib/gcc/arm-none-eabi/6.2.1/thumb/v6-m\libgcc.a
LOAD c:/program files (x86)/atmel/studio/7.0/toolchain/arm/arm-gnu-toolchain/bin/../lib/gcc/arm-none-eabi/6.2.1/../../../../arm-none-eabi/lib/thumb/v6-m\libc_nano.a
END GROUP
START GROUP
LOAD c:/program files (x86)/atmel/studio/7.0/toolchain/arm/arm-gnu-toolchain/bin/../lib/gcc/arm-none-eabi/6.2.1/thumb/v6-m\libgcc.a
LOAD c:/program files (x86)/atmel/studio/7.0/toolchain/arm/arm-gnu-toolchain/bin/../lib/gcc/arm-none-eabi/6.2.1/../../../../arm-none-eabi/lib/thumb/v6-m\libc_nano.a
END GROUP
LOAD c:/program files (x86)/atmel/studio/7.0/toolchain/arm/arm-gnu-toolchain/bin/../lib/gcc/arm-none-eabi/6.2.1/thumb/v6-m/crtend.o
LOAD c:/program files (x86)/atmel/studio/7.0/toolchain/arm/arm-gnu-toolchain/bin/../lib/gcc/arm-none-eabi/6.2.1/thumb/v6-m/crtn.o
                0x00002000                STACK_SIZE = DEFINED (STACK_SIZE)?STACK_SIZE:DEFINED (__stack_size__)?__stack_size__:0x2000

.text           0x00008000     0xe5c0
                0x00008000                . = ALIGN (0x4)
                0x00008000                _sfixed = .
 *(.vectors .vectors.*)
 .vectors       0x00008000       0xb4 src/ASF/sam0/utils/cmsis/samd21/source/gcc/startup_samd21.o
                0x00008000                exception_table
 *(.text .text.* .gnu.linkonce.t.*)
 .text          0x000080b4       0x60 c:/program files (x86)/atmel/studio/7.0/toolchain/arm/arm-gnu-toolchain/bin/../lib/gcc/arm-none-eabi/6.2.1/thumb/v6-m/crtbegin.o
 .text.sd_mmc_test_unit_ready
                0x00008114       0x48 src/ASF/common2/components/memory/sd_mmc/sd_mmc_mem.o
                0x00008114                sd_mmc_test_unit_ready
 .text.sd_mmc_test_unit_ready_0
                0x0000815c       0x10 src/ASF/common2/components/memory/sd_mmc/sd_mmc_mem.o
                0x0000815c                sd_mmc_test_unit_ready_0
 .text.sd_mmc_read_capacity
                0x0000816c       0x20 src/ASF/common2/components/memory/sd_mmc/sd_mmc_mem.o
                0x0000816c                sd_mmc_read_capacity
 .text.sd_mmc_read_capacity_0
                0x0000818c       0x10 src/ASF/common2/components/memory/sd_mmc/sd_mmc_mem.o
                0x0000818c                sd_mmc_read_capacity_0
 .text.sd_mmc_wr_protect_0
                0x0000819c       0x10 src/ASF/common2/components/memory/sd_mmc/sd_mmc_mem.o
                0x0000819c                sd_mmc_wr_protect_0
 .text._tcc_get_inst_index
                0x000081ac       0x30 src/ASF/sam0/drivers/tcc/tcc.o
                0x000081ac                _tcc_get_inst_index
 .text.tcc_get_config_defaults
                0x000081dc      0x164 src/ASF/sam0/drivers/tcc/tcc.o
                0x000081dc                tcc_get_config_defaults
 .text.tcc_init
                0x00008340      0x3e8 src/ASF/sam0/drivers/tcc/tcc.o
                0x00008340                tcc_init
 .text.tcc_register_callback
                0x00008728       0x18 src/ASF/sam0/drivers/tcc/tcc_callback.o
                0x00008728                tcc_register_callback
 .text.tcc_enable_callback
                0x00008740       0x40 src/ASF/sam0/drivers/tcc/tcc_callback.o
                0x00008740                tcc_enable_callback
 .text._tcc_interrupt_handler
                0x00008780       0x50 src/ASF/sam0/drivers/tcc/tcc_callback.o
                0x00008780                _tcc_interrupt_handler
 .text.TCC0_Handler
                0x000087d0       0x10 src/ASF/sam0/drivers/tcc/tcc_callback.o
                0x000087d0                TCC0_Handler
 .text.TCC1_Handler
                0x000087e0       0x10 src/ASF/sam0/drivers/tcc/tcc_callback.o
                0x000087e0                TCC1_Handler
 .text.TCC2_Handler
                0x000087f0       0x10 src/ASF/sam0/drivers/tcc/tcc_callback.o
                0x000087f0                TCC2_Handler
 .text._http_client_send_wait
                0x00008800       0x6c src/iot/http/http_client.o
                0x00008800                _http_client_send_wait
 .text.http_client_get_config_defaults
                0x0000886c       0x28 src/iot/http/http_client.o
                0x0000886c                http_client_get_config_defaults
 .text.http_client_init
                0x00008894       0x9c src/iot/http/http_client.o
                0x00008894                http_client_init
 .text.http_client_register_callback
                0x00008930       0x10 src/iot/http/http_client.o
                0x00008930                http_client_register_callback
 .text._http_client_clear_conn
                0x00008940       0x84 src/iot/http/http_client.o
                0x00008940                _http_client_clear_conn
 .text.http_client_socket_resolve_handler
                0x000089c4       0x84 src/iot/http/http_client.o
                0x000089c4                http_client_socket_resolve_handler
 .text.http_client_timer_callback
                0x00008a48       0x18 src/iot/http/http_client.o
                0x00008a48                http_client_timer_callback
 .text._http_client_request
                0x00008a60      0x398 src/iot/http/http_client.o
                0x00008a60                _http_client_request
 .text.http_client_send_request
                0x00008df8      0x290 src/iot/http/http_client.o
                0x00008df8                http_client_send_request
 .text._http_client_recv_packet
                0x00009088       0x38 src/iot/http/http_client.o
                0x00009088                _http_client_recv_packet
 .text._http_client_handle_header
                0x000090c0      0x220 src/iot/http/http_client.o
                0x000090c0                _http_client_handle_header
 .text._http_client_handle_entity
                0x000092e0      0x280 src/iot/http/http_client.o
                0x000092e0                _http_client_handle_entity
 .text._http_client_handle_response
                0x00009560       0x28 src/iot/http/http_client.o
                0x00009560                _http_client_handle_response
 .text._http_client_recved_packet
                0x00009588       0x34 src/iot/http/http_client.o
                0x00009588                _http_client_recved_packet
 .text.http_client_socket_event_handler
                0x000095bc      0x19c src/iot/http/http_client.o
                0x000095bc                http_client_socket_event_handler
 .text.stream_writer_init
                0x00009758       0x10 src/iot/stream_writer.o
                0x00009758                stream_writer_init
 .text.stream_writer_send_8
                0x00009768       0x2c src/iot/stream_writer.o
                0x00009768                stream_writer_send_8
 .text.stream_writer_send_buffer
                0x00009794       0x24 src/iot/stream_writer.o
                0x00009794                stream_writer_send_buffer
 .text.stream_writer_send_remain
                0x000097b8       0x18 src/iot/stream_writer.o
                0x000097b8                stream_writer_send_remain
 .text.sw_timer_tcc_callback
                0x000097d0       0x10 src/iot/sw_timer.o
 .text.sw_timer_get_config_defaults
                0x000097e0        0xc src/iot/sw_timer.o
                0x000097e0                sw_timer_get_config_defaults
 .text.sw_timer_init
                0x000097ec       0xa8 src/iot/sw_timer.o
                0x000097ec                sw_timer_init
 .text.sw_timer_enable
                0x00009894       0x14 src/iot/sw_timer.o
                0x00009894                sw_timer_enable
 .text.sw_timer_register_callback
                0x000098a8       0x4c src/iot/sw_timer.o
                0x000098a8                sw_timer_register_callback
 .text.sw_timer_enable_callback
                0x000098f4       0x2c src/iot/sw_timer.o
                0x000098f4                sw_timer_enable_callback
 .text.sw_timer_disable_callback
                0x00009920       0x10 src/iot/sw_timer.o
                0x00009920                sw_timer_disable_callback
 .text.sw_timer_task
                0x00009930       0x90 src/iot/sw_timer.o
                0x00009930                sw_timer_task
 .text.resolve_cb
                0x000099c0       0x3c src/application.o
 .text.socket_cb
                0x000099fc        0xc src/application.o
 .text.start_download
                0x00009a08       0x7c src/application.o
 .text.wifi_cb  0x00009a84       0xbc src/application.o
 .text.rename_to_unique.constprop.3
                0x00009b40      0x190 src/application.o
 .text.store_file_packet.part.2
                0x00009cd0      0x13c src/application.o
 .text.http_client_callback
                0x00009e0c      0x110 src/application.o
 .text.SYSCTRL_Handler
                0x00009f1c       0x1c src/application.o
                0x00009f1c                SYSCTRL_Handler
 .text.startup.main
                0x00009f38      0x2f0 src/application.o
                0x00009f38                main
 .text.system_board_init
                0x0000a228      0x14c src/ASF/common2/boards/user_board/init.o
                0x0000a228                board_init
                0x0000a228                system_board_init
 .text.sd_mmc_configure_slot
                0x0000a374       0x28 src/ASF/common2/components/memory/sd_mmc/sd_mmc.o
 .text.sd_mmc_cmd13
                0x0000a39c       0x44 src/ASF/common2/components/memory/sd_mmc/sd_mmc.o
 .text.sd_mmc_select_slot.part.0
                0x0000a3e0       0x50 src/ASF/common2/components/memory/sd_mmc/sd_mmc.o
 .text.sd_mmc_cmd9_spi
                0x0000a430       0x4c src/ASF/common2/components/memory/sd_mmc/sd_mmc.o
 .text.sd_mmc_init
                0x0000a47c       0x20 src/ASF/common2/components/memory/sd_mmc/sd_mmc.o
                0x0000a47c                sd_mmc_init
 .text.sd_mmc_check
                0x0000a49c      0x488 src/ASF/common2/components/memory/sd_mmc/sd_mmc.o
                0x0000a49c                sd_mmc_check
 .text.sd_mmc_get_type
                0x0000a924       0x3c src/ASF/common2/components/memory/sd_mmc/sd_mmc.o
                0x0000a924                sd_mmc_get_type
 .text.sd_mmc_get_capacity
                0x0000a960       0x3c src/ASF/common2/components/memory/sd_mmc/sd_mmc.o
                0x0000a960                sd_mmc_get_capacity
 .text.sd_mmc_is_write_protected
                0x0000a99c        0x4 src/ASF/common2/components/memory/sd_mmc/sd_mmc.o
                0x0000a99c                sd_mmc_is_write_protected
 .text.sd_mmc_spi_wait_busy
                0x0000a9a0       0x5c src/ASF/common2/components/memory/sd_mmc/sd_mmc_spi.o
 .text.sd_mmc_spi_start_read_block
                0x0000a9fc       0x6c src/ASF/common2/components/memory/sd_mmc/sd_mmc_spi.o
 .text.sd_mmc_spi_init
                0x0000aa68       0xfc src/ASF/common2/components/memory/sd_mmc/sd_mmc_spi.o
                0x0000aa68                sd_mmc_spi_init
 .text.sd_mmc_spi_select_device
                0x0000ab64       0x54 src/ASF/common2/components/memory/sd_mmc/sd_mmc_spi.o
                0x0000ab64                sd_mmc_spi_select_device
 .text.sd_mmc_spi_deselect_device
                0x0000abb8       0x28 src/ASF/common2/components/memory/sd_mmc/sd_mmc_spi.o
                0x0000abb8                sd_mmc_spi_deselect_device
 .text.sd_mmc_spi_send_clock
                0x0000abe0       0x38 src/ASF/common2/components/memory/sd_mmc/sd_mmc_spi.o
                0x0000abe0                sd_mmc_spi_send_clock
 .text.sd_mmc_spi_adtc_start
                0x0000ac18      0x18c src/ASF/common2/components/memory/sd_mmc/sd_mmc_spi.o
                0x0000ac18                sd_mmc_spi_adtc_start
 .text.sd_mmc_spi_send_cmd
                0x0000ada4       0x18 src/ASF/common2/components/memory/sd_mmc/sd_mmc_spi.o
                0x0000ada4                sd_mmc_spi_send_cmd
 .text.sd_mmc_spi_get_response
                0x0000adbc        0xc src/ASF/common2/components/memory/sd_mmc/sd_mmc_spi.o
                0x0000adbc                sd_mmc_spi_get_response
 .text.sd_mmc_spi_read_word
                0x0000adc8       0x78 src/ASF/common2/components/memory/sd_mmc/sd_mmc_spi.o
                0x0000adc8                sd_mmc_spi_read_word
 .text.sd_mmc_spi_start_read_blocks
                0x0000ae40       0x90 src/ASF/common2/components/memory/sd_mmc/sd_mmc_spi.o
                0x0000ae40                sd_mmc_spi_start_read_blocks
 .text.sd_mmc_spi_wait_end_of_read_blocks
                0x0000aed0        0x4 src/ASF/common2/components/memory/sd_mmc/sd_mmc_spi.o
                0x0000aed0                sd_mmc_spi_wait_end_of_read_blocks
 .text.delay_init
                0x0000aed4       0x40 src/ASF/common2/services/delay/sam0/systick_counter.o
                0x0000aed4                delay_init
 .text.delay_cycles_ms
                0x0000af14       0x30 src/ASF/common2/services/delay/sam0/systick_counter.o
                0x0000af14                delay_cycles_ms
 .text.chip_isr
                0x0000af44       0x14 src/ASF/common/components/wifi/winc1500/bsp/source/nm_bsp_samd21.o
 .text.nm_bsp_reset
                0x0000af58       0x50 src/ASF/common/components/wifi/winc1500/bsp/source/nm_bsp_samd21.o
                0x0000af58                nm_bsp_reset
 .text.nm_bsp_init
                0x0000afa8       0x7c src/ASF/common/components/wifi/winc1500/bsp/source/nm_bsp_samd21.o
                0x0000afa8                nm_bsp_init
 .text.nm_bsp_sleep
                0x0000b024       0x18 src/ASF/common/components/wifi/winc1500/bsp/source/nm_bsp_samd21.o
                0x0000b024                nm_bsp_sleep
 .text.nm_bsp_register_isr
                0x0000b03c       0x58 src/ASF/common/components/wifi/winc1500/bsp/source/nm_bsp_samd21.o
                0x0000b03c                nm_bsp_register_isr
 .text.nm_bsp_interrupt_ctrl
                0x0000b094       0x20 src/ASF/common/components/wifi/winc1500/bsp/source/nm_bsp_samd21.o
                0x0000b094                nm_bsp_interrupt_ctrl
 .text.nm_bus_init
                0x0000b0b4      0x108 src/ASF/common/components/wifi/winc1500/bus_wrapper/source/nm_bus_wrapper_samd21.o
                0x0000b0b4                nm_bus_init
 .text.nm_bus_ioctl
                0x0000b1bc      0x140 src/ASF/common/components/wifi/winc1500/bus_wrapper/source/nm_bus_wrapper_samd21.o
                0x0000b1bc                nm_bus_ioctl
 .text.nm_bus_deinit
                0x0000b2fc       0x6c src/ASF/common/components/wifi/winc1500/bus_wrapper/source/nm_bus_wrapper_samd21.o
                0x0000b2fc                nm_bus_deinit
 .text.m2m_memcpy
                0x0000b368       0x18 src/ASF/common/components/wifi/winc1500/common/source/nm_common.o
                0x0000b368                m2m_memcpy
 .text.m2m_memset
                0x0000b380       0x10 src/ASF/common/components/wifi/winc1500/common/source/nm_common.o
                0x0000b380                m2m_memset
 .text.m2m_strlen
                0x0000b390       0x18 src/ASF/common/components/wifi/winc1500/common/source/nm_common.o
                0x0000b390                m2m_strlen
 .text.isr      0x0000b3a8       0x10 src/ASF/common/components/wifi/winc1500/driver/source/m2m_hif.o
 .text.m2m_hif_cb
                0x0000b3b8        0x4 src/ASF/common/components/wifi/winc1500/driver/source/m2m_hif.o
 .text.hif_set_rx_done
                0x0000b3bc       0x44 src/ASF/common/components/wifi/winc1500/driver/source/m2m_hif.o
 .text.hif_chip_wake.part.0
                0x0000b400       0x30 src/ASF/common/components/wifi/winc1500/driver/source/m2m_hif.o
 .text.hif_chip_sleep
                0x0000b430       0x30 src/ASF/common/components/wifi/winc1500/driver/source/m2m_hif.o
                0x0000b430                hif_chip_sleep
 .text.hif_send
                0x0000b460      0x250 src/ASF/common/components/wifi/winc1500/driver/source/m2m_hif.o
                0x0000b460                hif_send
 .text.hif_handle_isr
                0x0000b6b0      0x36c src/ASF/common/components/wifi/winc1500/driver/source/m2m_hif.o
                0x0000b6b0                hif_handle_isr
 .text.hif_receive
                0x0000ba1c       0xc8 src/ASF/common/components/wifi/winc1500/driver/source/m2m_hif.o
                0x0000ba1c                hif_receive
 .text.hif_register_cb
                0x0000bae4       0x84 src/ASF/common/components/wifi/winc1500/driver/source/m2m_hif.o
                0x0000bae4                hif_register_cb
 .text.hif_init
                0x0000bb68       0x38 src/ASF/common/components/wifi/winc1500/driver/source/m2m_hif.o
                0x0000bb68                hif_init
 .text.m2m_wifi_cb
                0x0000bba0      0x2ac src/ASF/common/components/wifi/winc1500/driver/source/m2m_wifi.o
 .text.m2m_wifi_init
                0x0000be4c      0x138 src/ASF/common/components/wifi/winc1500/driver/source/m2m_wifi.o
                0x0000be4c                m2m_wifi_init
 .text.m2m_wifi_handle_events
                0x0000bf84        0xc src/ASF/common/components/wifi/winc1500/driver/source/m2m_wifi.o
                0x0000bf84                m2m_wifi_handle_events
 .text.m2m_wifi_connect_sc
                0x0000bf90      0x214 src/ASF/common/components/wifi/winc1500/driver/source/m2m_wifi.o
                0x0000bf90                m2m_wifi_connect_sc
 .text.m2m_wifi_connect
                0x0000c1a4       0x1c src/ASF/common/components/wifi/winc1500/driver/source/m2m_wifi.o
                0x0000c1a4                m2m_wifi_connect
 .text.m2m_wifi_request_dhcp_client
                0x0000c1c0        0x4 src/ASF/common/components/wifi/winc1500/driver/source/m2m_wifi.o
                0x0000c1c0                m2m_wifi_request_dhcp_client
 .text.chip_apply_conf
                0x0000c1c4       0x38 src/ASF/common/components/wifi/winc1500/driver/source/nmasic.o
                0x0000c1c4                chip_apply_conf
 .text.enable_interrupts
                0x0000c1fc       0x58 src/ASF/common/components/wifi/winc1500/driver/source/nmasic.o
                0x0000c1fc                enable_interrupts
 .text.nmi_get_chipid
                0x0000c254       0xc4 src/ASF/common/components/wifi/winc1500/driver/source/nmasic.o
                0x0000c254                nmi_get_chipid
 .text.chip_sleep
                0x0000c318       0x64 src/ASF/common/components/wifi/winc1500/driver/source/nmasic.o
                0x0000c318                chip_sleep
 .text.chip_wake
                0x0000c37c       0xe8 src/ASF/common/components/wifi/winc1500/driver/source/nmasic.o
                0x0000c37c                chip_wake
 .text.wait_for_bootrom
                0x0000c464       0xf8 src/ASF/common/components/wifi/winc1500/driver/source/nmasic.o
                0x0000c464                wait_for_bootrom
 .text.wait_for_firmware_start
                0x0000c55c       0x78 src/ASF/common/components/wifi/winc1500/driver/source/nmasic.o
                0x0000c55c                wait_for_firmware_start
 .text.chip_deinit
                0x0000c5d4       0x78 src/ASF/common/components/wifi/winc1500/driver/source/nmasic.o
                0x0000c5d4                chip_deinit
 .text.nm_bus_iface_init
                0x0000c64c        0xc src/ASF/common/components/wifi/winc1500/driver/source/nmbus.o
                0x0000c64c                nm_bus_iface_init
 .text.nm_bus_iface_deinit
                0x0000c658        0xc src/ASF/common/components/wifi/winc1500/driver/source/nmbus.o
                0x0000c658                nm_bus_iface_deinit
 .text.nm_bus_reset
                0x0000c664        0xc src/ASF/common/components/wifi/winc1500/driver/source/nmbus.o
                0x0000c664                nm_bus_reset
 .text.nm_read_reg
                0x0000c670        0xc src/ASF/common/components/wifi/winc1500/driver/source/nmbus.o
                0x0000c670                nm_read_reg
 .text.nm_read_reg_with_ret
                0x0000c67c        0xc src/ASF/common/components/wifi/winc1500/driver/source/nmbus.o
                0x0000c67c                nm_read_reg_with_ret
 .text.nm_write_reg
                0x0000c688        0xc src/ASF/common/components/wifi/winc1500/driver/source/nmbus.o
                0x0000c688                nm_write_reg
 .text.nm_read_block
                0x0000c694       0x64 src/ASF/common/components/wifi/winc1500/driver/source/nmbus.o
                0x0000c694                nm_read_block
 .text.nm_write_block
                0x0000c6f8       0x64 src/ASF/common/components/wifi/winc1500/driver/source/nmbus.o
                0x0000c6f8                nm_write_block
 .text.nm_get_firmware_full_info
                0x0000c75c       0xc8 src/ASF/common/components/wifi/winc1500/driver/source/nmdrv.o
                0x0000c75c                nm_get_firmware_full_info
 .text.nm_drv_init
                0x0000c824       0xdc src/ASF/common/components/wifi/winc1500/driver/source/nmdrv.o
                0x0000c824                nm_drv_init
 .text.nm_drv_deinit
                0x0000c900       0x90 src/ASF/common/components/wifi/winc1500/driver/source/nmdrv.o
                0x0000c900                nm_drv_deinit
 .text.spi_cmd  0x0000c990      0x164 src/ASF/common/components/wifi/winc1500/driver/source/nmspi.o
 .text.spi_cmd_rsp
                0x0000caf4      0x104 src/ASF/common/components/wifi/winc1500/driver/source/nmspi.o
 .text.spi_data_read
                0x0000cbf8      0x16c src/ASF/common/components/wifi/winc1500/driver/source/nmspi.o
 .text.spi_write_reg
                0x0000cd64      0x114 src/ASF/common/components/wifi/winc1500/driver/source/nmspi.o
 .text.spi_read_reg
                0x0000ce78      0x15c src/ASF/common/components/wifi/winc1500/driver/source/nmspi.o
 .text.nm_spi_reset
                0x0000cfd4       0x28 src/ASF/common/components/wifi/winc1500/driver/source/nmspi.o
                0x0000cfd4                nm_spi_reset
 .text.nm_spi_init
                0x0000cffc      0x134 src/ASF/common/components/wifi/winc1500/driver/source/nmspi.o
                0x0000cffc                nm_spi_init
 .text.nm_spi_deinit
                0x0000d130       0x10 src/ASF/common/components/wifi/winc1500/driver/source/nmspi.o
                0x0000d130                nm_spi_deinit
 .text.nm_spi_read_reg
                0x0000d140       0x14 src/ASF/common/components/wifi/winc1500/driver/source/nmspi.o
                0x0000d140                nm_spi_read_reg
 .text.nm_spi_read_reg_with_ret
                0x0000d154       0x18 src/ASF/common/components/wifi/winc1500/driver/source/nmspi.o
                0x0000d154                nm_spi_read_reg_with_ret
 .text.nm_spi_write_reg
                0x0000d16c       0x18 src/ASF/common/components/wifi/winc1500/driver/source/nmspi.o
                0x0000d16c                nm_spi_write_reg
 .text.nm_spi_read_block
                0x0000d184      0x160 src/ASF/common/components/wifi/winc1500/driver/source/nmspi.o
                0x0000d184                nm_spi_read_block
 .text.nm_spi_write_block
                0x0000d2e4      0x2c8 src/ASF/common/components/wifi/winc1500/driver/source/nmspi.o
                0x0000d2e4                nm_spi_write_block
 .text.Socket_ReadSocketData.part.0
                0x0000d5ac      0x114 src/ASF/common/components/wifi/winc1500/socket/source/socket.o
 .text.m2m_ip_cb
                0x0000d6c0      0x2f0 src/ASF/common/components/wifi/winc1500/socket/source/socket.o
 .text.socketInit
                0x0000d9b0       0x40 src/ASF/common/components/wifi/winc1500/socket/source/socket.o
                0x0000d9b0                socketInit
 .text.registerSocketCallback
                0x0000d9f0       0x14 src/ASF/common/components/wifi/winc1500/socket/source/socket.o
                0x0000d9f0                registerSocketCallback
 .text.socket   0x0000da04      0x128 src/ASF/common/components/wifi/winc1500/socket/source/socket.o
                0x0000da04                socket
 .text.connect  0x0000db2c       0x74 src/ASF/common/components/wifi/winc1500/socket/source/socket.o
                0x0000db2c                connect
 .text.send     0x0000dba0       0x7c src/ASF/common/components/wifi/winc1500/socket/source/socket.o
                0x0000dba0                send
 .text.recv     0x0000dc1c       0x7c src/ASF/common/components/wifi/winc1500/socket/source/socket.o
                0x0000dc1c                recv
 .text.close    0x0000dc98       0x90 src/ASF/common/components/wifi/winc1500/socket/source/socket.o
                0x0000dc98                close
 .text.nmi_inet_addr
                0x0000dd28       0x58 src/ASF/common/components/wifi/winc1500/socket/source/socket.o
                0x0000dd28                nmi_inet_addr
 .text.gethostbyname
                0x0000dd80       0x3c src/ASF/common/components/wifi/winc1500/socket/source/socket.o
                0x0000dd80                gethostbyname
 .text.spi_flash_enable
                0x0000ddbc       0xd8 src/ASF/common/components/wifi/winc1500/spi_flash/source/spi_flash.o
                0x0000ddbc                spi_flash_enable
 .text.mem_test_unit_ready
                0x0000de94       0x14 src/ASF/common/services/storage/ctrl_access/ctrl_access.o
                0x0000de94                mem_test_unit_ready
 .text.mem_read_capacity
                0x0000dea8       0x18 src/ASF/common/services/storage/ctrl_access/ctrl_access.o
                0x0000dea8                mem_read_capacity
 .text.mem_sector_size
                0x0000dec0        0x8 src/ASF/common/services/storage/ctrl_access/ctrl_access.o
                0x0000dec0                mem_sector_size
 .text.mem_wr_protect
                0x0000dec8       0x14 src/ASF/common/services/storage/ctrl_access/ctrl_access.o
                0x0000dec8                mem_wr_protect
 .text.udi_cdc_comm_enable
                0x0000dedc       0x50 src/ASF/common/services/usb/class/cdc/device/udi_cdc.o
                0x0000dedc                udi_cdc_comm_enable
 .text.udi_cdc_comm_disable
                0x0000df2c       0x10 src/ASF/common/services/usb/class/cdc/device/udi_cdc.o
                0x0000df2c                udi_cdc_comm_disable
 .text.udi_cdc_data_disable
                0x0000df3c       0x1c src/ASF/common/services/usb/class/cdc/device/udi_cdc.o
                0x0000df3c                udi_cdc_data_disable
 .text.udi_cdc_data_setup
                0x0000df58        0x4 src/ASF/common/services/usb/class/cdc/device/udi_cdc.o
                0x0000df58                udi_cdc_data_setup
 .text.udi_cdc_getsetting
                0x0000df5c        0x4 src/ASF/common/services/usb/class/cdc/device/udi_cdc.o
                0x0000df5c                udi_cdc_getsetting
 .text.udi_cdc_line_coding_received
                0x0000df60        0x4 src/ASF/common/services/usb/class/cdc/device/udi_cdc.o
 .text.udi_cdc_comm_setup
                0x0000df64       0x5c src/ASF/common/services/usb/class/cdc/device/udi_cdc.o
                0x0000df64                udi_cdc_comm_setup
 .text.udi_cdc_tx_send.isra.2
                0x0000dfc0      0x170 src/ASF/common/services/usb/class/cdc/device/udi_cdc.o
 .text.udi_cdc_data_sent
                0x0000e130       0x38 src/ASF/common/services/usb/class/cdc/device/udi_cdc.o
 .text.udi_cdc_data_sof_notify
                0x0000e168        0xc src/ASF/common/services/usb/class/cdc/device/udi_cdc.o
                0x0000e168                udi_cdc_data_sof_notify
 .text.udi_cdc_multi_get_nb_received_data
                0x0000e174       0x50 src/ASF/common/services/usb/class/cdc/device/udi_cdc.o
                0x0000e174                udi_cdc_multi_get_nb_received_data
 .text.udi_cdc_rx_start.isra.9
                0x0000e1c4       0xc0 src/ASF/common/services/usb/class/cdc/device/udi_cdc.o
 .text.udi_cdc_data_enable
                0x0000e284       0x8c src/ASF/common/services/usb/class/cdc/device/udi_cdc.o
                0x0000e284                udi_cdc_data_enable
 .text.udi_cdc_data_received
                0x0000e310       0x60 src/ASF/common/services/usb/class/cdc/device/udi_cdc.o
 .text.udi_cdc_multi_getc
                0x0000e370       0xc4 src/ASF/common/services/usb/class/cdc/device/udi_cdc.o
                0x0000e370                udi_cdc_multi_getc
 .text.udi_cdc_getc
                0x0000e434       0x10 src/ASF/common/services/usb/class/cdc/device/udi_cdc.o
                0x0000e434                udi_cdc_getc
 .text.udi_cdc_multi_get_free_tx_buffer
                0x0000e444       0x78 src/ASF/common/services/usb/class/cdc/device/udi_cdc.o
                0x0000e444                udi_cdc_multi_get_free_tx_buffer
 .text.udi_cdc_multi_putc
                0x0000e4bc       0xb4 src/ASF/common/services/usb/class/cdc/device/udi_cdc.o
                0x0000e4bc                udi_cdc_multi_putc
 .text.udi_cdc_putc
                0x0000e570       0x10 src/ASF/common/services/usb/class/cdc/device/udi_cdc.o
                0x0000e570                udi_cdc_putc
 .text.udc_valid_address
                0x0000e580       0x18 src/ASF/common/services/usb/udc/udc.o
 .text.udc_update_iface_desc.part.0
                0x0000e598       0x5c src/ASF/common/services/usb/udc/udc.o
 .text.udc_iface_disable
                0x0000e5f4       0x90 src/ASF/common/services/usb/udc/udc.o
 .text.udc_iface_enable
                0x0000e684       0x78 src/ASF/common/services/usb/udc/udc.o
 .text.udc_start
                0x0000e6fc        0xc src/ASF/common/services/usb/udc/udc.o
                0x0000e6fc                udc_start
 .text.udc_reset
                0x0000e708       0x48 src/ASF/common/services/usb/udc/udc.o
                0x0000e708                udc_reset
 .text.udc_sof_notify
                0x0000e750       0x40 src/ASF/common/services/usb/udc/udc.o
                0x0000e750                udc_sof_notify
 .text.udc_process_setup
                0x0000e790      0x424 src/ASF/common/services/usb/udc/udc.o
                0x0000e790                udc_process_setup
 .text.cpu_irq_enter_critical
                0x0000ebb4       0x3c src/ASF/common/utils/interrupt/interrupt_sam_nvic.o
                0x0000ebb4                cpu_irq_enter_critical
 .text.cpu_irq_leave_critical
                0x0000ebf0       0x30 src/ASF/common/utils/interrupt/interrupt_sam_nvic.o
                0x0000ebf0                cpu_irq_leave_critical
 .text.stdio_usb_getchar
                0x0000ec20       0x20 src/ASF/common/utils/stdio/stdio_usb/stdio_usb.o
                0x0000ec20                stdio_usb_getchar
 .text.stdio_usb_putchar
                0x0000ec40       0x24 src/ASF/common/utils/stdio/stdio_usb/stdio_usb.o
                0x0000ec40                stdio_usb_putchar
 .text.stdio_usb_enable
                0x0000ec64       0x10 src/ASF/common/utils/stdio/stdio_usb/stdio_usb.o
                0x0000ec64                stdio_usb_enable
 .text.stdio_usb_init
                0x0000ec74       0x50 src/ASF/common/utils/stdio/stdio_usb/stdio_usb.o
                0x0000ec74                stdio_usb_init
 .text.bod_set_config
                0x0000ecc4       0x70 src/ASF/sam0/drivers/bod/bod_sam_d_r_h/bod.o
                0x0000ecc4                bod_set_config
 .text.DMAC_Handler
                0x0000ed34       0xa8 src/ASF/sam0/drivers/dma/dma.o
                0x0000ed34                DMAC_Handler
 .text.extint_register_callback
                0x0000eddc       0x28 src/ASF/sam0/drivers/extint/extint_callback.o
                0x0000eddc                extint_register_callback
 .text.extint_chan_enable_callback
                0x0000ee04       0x24 src/ASF/sam0/drivers/extint/extint_callback.o
                0x0000ee04                extint_chan_enable_callback
 .text.extint_chan_disable_callback
                0x0000ee28       0x24 src/ASF/sam0/drivers/extint/extint_callback.o
                0x0000ee28                extint_chan_disable_callback
 .text.EIC_Handler
                0x0000ee4c       0x40 src/ASF/sam0/drivers/extint/extint_callback.o
                0x0000ee4c                EIC_Handler
 .text._system_extint_init
                0x0000ee8c       0x74 src/ASF/sam0/drivers/extint/extint_sam_d_r_h/extint.o
                0x0000ee8c                _system_extint_init
 .text.extint_chan_get_config_defaults
                0x0000ef00       0x14 src/ASF/sam0/drivers/extint/extint_sam_d_r_h/extint.o
                0x0000ef00                extint_chan_get_config_defaults
 .text.extint_chan_set_config
                0x0000ef14       0x78 src/ASF/sam0/drivers/extint/extint_sam_d_r_h/extint.o
                0x0000ef14                extint_chan_set_config
 .text.port_pin_set_config
                0x0000ef8c       0x24 src/ASF/sam0/drivers/port/port.o
                0x0000ef8c                port_pin_set_config
 .text.rtc_calendar_enable
                0x0000efb0       0x20 src/ASF/sam0/drivers/rtc/rtc_sam_d_r_h/rtc_calendar.o
                0x0000efb0                rtc_calendar_enable
 .text.rtc_calendar_reset
                0x0000efd0       0x44 src/ASF/sam0/drivers/rtc/rtc_sam_d_r_h/rtc_calendar.o
                0x0000efd0                rtc_calendar_reset
 .text.rtc_calendar_time_to_register_value
                0x0000f014       0x3c src/ASF/sam0/drivers/rtc/rtc_sam_d_r_h/rtc_calendar.o
                0x0000f014                rtc_calendar_time_to_register_value
 .text.rtc_calendar_register_value_to_time
                0x0000f050       0x44 src/ASF/sam0/drivers/rtc/rtc_sam_d_r_h/rtc_calendar.o
                0x0000f050                rtc_calendar_register_value_to_time
 .text.rtc_calendar_get_time
                0x0000f094       0x48 src/ASF/sam0/drivers/rtc/rtc_sam_d_r_h/rtc_calendar.o
                0x0000f094                rtc_calendar_get_time
 .text.rtc_calendar_set_alarm
                0x0000f0dc       0x30 src/ASF/sam0/drivers/rtc/rtc_sam_d_r_h/rtc_calendar.o
                0x0000f0dc                rtc_calendar_set_alarm
 .text.rtc_calendar_init
                0x0000f10c       0x94 src/ASF/sam0/drivers/rtc/rtc_sam_d_r_h/rtc_calendar.o
                0x0000f10c                rtc_calendar_init
 .text.RTC_Handler
                0x0000f1a0       0x48 src/ASF/sam0/drivers/rtc/rtc_sam_d_r_h/rtc_calendar_interrupt.o
                0x0000f1a0                RTC_Handler
 .text._sercom_get_sync_baud_val
                0x0000f1e8       0x28 src/ASF/sam0/drivers/sercom/sercom.o
                0x0000f1e8                _sercom_get_sync_baud_val
 .text.sercom_set_gclk_generator
                0x0000f210       0x48 src/ASF/sam0/drivers/sercom/sercom.o
                0x0000f210                sercom_set_gclk_generator
 .text._sercom_get_default_pad
                0x0000f258      0x160 src/ASF/sam0/drivers/sercom/sercom.o
                0x0000f258                _sercom_get_default_pad
 .text._sercom_get_sercom_inst_index
                0x0000f3b8       0x30 src/ASF/sam0/drivers/sercom/sercom.o
                0x0000f3b8                _sercom_get_sercom_inst_index
 .text._sercom_default_handler
                0x0000f3e8        0x4 src/ASF/sam0/drivers/sercom/sercom_interrupt.o
 .text._sercom_set_handler
                0x0000f3ec       0x44 src/ASF/sam0/drivers/sercom/sercom_interrupt.o
                0x0000f3ec                _sercom_set_handler
 .text._sercom_get_interrupt_vector
                0x0000f430       0x30 src/ASF/sam0/drivers/sercom/sercom_interrupt.o
                0x0000f430                _sercom_get_interrupt_vector
 .text.SERCOM0_Handler
                0x0000f460       0x10 src/ASF/sam0/drivers/sercom/sercom_interrupt.o
                0x0000f460                SERCOM0_Handler
 .text.SERCOM1_Handler
                0x0000f470       0x10 src/ASF/sam0/drivers/sercom/sercom_interrupt.o
                0x0000f470                SERCOM1_Handler
 .text.SERCOM2_Handler
                0x0000f480       0x10 src/ASF/sam0/drivers/sercom/sercom_interrupt.o
                0x0000f480                SERCOM2_Handler
 .text.SERCOM3_Handler
                0x0000f490       0x10 src/ASF/sam0/drivers/sercom/sercom_interrupt.o
                0x0000f490                SERCOM3_Handler
 .text.SERCOM4_Handler
                0x0000f4a0       0x10 src/ASF/sam0/drivers/sercom/sercom_interrupt.o
                0x0000f4a0                SERCOM4_Handler
 .text.SERCOM5_Handler
                0x0000f4b0       0x10 src/ASF/sam0/drivers/sercom/sercom_interrupt.o
                0x0000f4b0                SERCOM5_Handler
 .text.spi_set_baudrate
                0x0000f4c0       0xb4 src/ASF/sam0/drivers/sercom/spi/spi.o
                0x0000f4c0                spi_set_baudrate
 .text.spi_init
                0x0000f574      0x1f8 src/ASF/sam0/drivers/sercom/spi/spi.o
                0x0000f574                spi_init
 .text.spi_read_buffer_wait
                0x0000f76c       0xd0 src/ASF/sam0/drivers/sercom/spi/spi.o
                0x0000f76c                spi_read_buffer_wait
 .text.spi_select_slave
                0x0000f83c       0xd4 src/ASF/sam0/drivers/sercom/spi/spi.o
                0x0000f83c                spi_select_slave
 .text.spi_write_buffer_wait
                0x0000f910       0xc4 src/ASF/sam0/drivers/sercom/spi/spi.o
                0x0000f910                spi_write_buffer_wait
 .text._spi_interrupt_handler
                0x0000f9d4      0x1c4 src/ASF/sam0/drivers/sercom/spi/spi_interrupt.o
                0x0000f9d4                _spi_interrupt_handler
 .text.system_clock_source_enable.part.0
                0x0000fb98       0x40 src/ASF/sam0/drivers/system/clock/clock_samd21_r21_da_ha1/clock.o
 .text.system_clock_source_get_hz
                0x0000fbd8       0x8c src/ASF/sam0/drivers/system/clock/clock_samd21_r21_da_ha1/clock.o
                0x0000fbd8                system_clock_source_get_hz
 .text.system_clock_source_xosc32k_set_config
                0x0000fc64       0xb8 src/ASF/sam0/drivers/system/clock/clock_samd21_r21_da_ha1/clock.o
                0x0000fc64                system_clock_source_xosc32k_set_config
 .text.system_clock_source_dfll_set_config
                0x0000fd1c       0x7c src/ASF/sam0/drivers/system/clock/clock_samd21_r21_da_ha1/clock.o
                0x0000fd1c                system_clock_source_dfll_set_config
 .text.system_clock_init
                0x0000fd98      0x1a8 src/ASF/sam0/drivers/system/clock/clock_samd21_r21_da_ha1/clock.o
                0x0000fd98                system_clock_init
 .text.system_gclk_init
                0x0000ff40       0x24 src/ASF/sam0/drivers/system/clock/clock_samd21_r21_da_ha1/gclk.o
                0x0000ff40                system_gclk_init
 .text.system_gclk_gen_set_config
                0x0000ff64       0xb4 src/ASF/sam0/drivers/system/clock/clock_samd21_r21_da_ha1/gclk.o
                0x0000ff64                system_gclk_gen_set_config
 .text.system_gclk_gen_enable
                0x00010018       0x40 src/ASF/sam0/drivers/system/clock/clock_samd21_r21_da_ha1/gclk.o
                0x00010018                system_gclk_gen_enable
 .text.system_gclk_gen_get_hz
                0x00010058       0x88 src/ASF/sam0/drivers/system/clock/clock_samd21_r21_da_ha1/gclk.o
                0x00010058                system_gclk_gen_get_hz
 .text.system_gclk_chan_enable
                0x000100e0       0x30 src/ASF/sam0/drivers/system/clock/clock_samd21_r21_da_ha1/gclk.o
                0x000100e0                system_gclk_chan_enable
 .text.system_gclk_chan_disable
                0x00010110       0x58 src/ASF/sam0/drivers/system/clock/clock_samd21_r21_da_ha1/gclk.o
                0x00010110                system_gclk_chan_disable
 .text.system_gclk_chan_set_config
                0x00010168       0x1c src/ASF/sam0/drivers/system/clock/clock_samd21_r21_da_ha1/gclk.o
                0x00010168                system_gclk_chan_set_config
 .text.system_gclk_chan_get_hz
                0x00010184       0x34 src/ASF/sam0/drivers/system/clock/clock_samd21_r21_da_ha1/gclk.o
                0x00010184                system_gclk_chan_get_hz
 .text._system_pinmux_config
                0x000101b8       0xb0 src/ASF/sam0/drivers/system/pinmux/pinmux.o
 .text.system_pinmux_pin_set_config
                0x00010268       0x30 src/ASF/sam0/drivers/system/pinmux/pinmux.o
                0x00010268                system_pinmux_pin_set_config
 .text._system_dummy_init
                0x00010298        0x4 src/ASF/sam0/drivers/system/system.o
                0x00010298                _system_events_init
                0x00010298                _system_dummy_init
                0x00010298                _system_divas_init
 .text.system_init
                0x0001029c       0x2c src/ASF/sam0/drivers/system/system.o
                0x0001029c                system_init
 .text.udd_ep_transfer_process
                0x000102c8      0x20c src/ASF/sam0/drivers/usb/stack_interface/usb_device_udd.o
 .text.udd_ctrl_stall_data
                0x000104d4       0x2c src/ASF/sam0/drivers/usb/stack_interface/usb_device_udd.o
 .text._usb_on_bus_reset
                0x00010500       0xb0 src/ASF/sam0/drivers/usb/stack_interface/usb_device_udd.o
 .text.udd_ctrl_send_zlp_in
                0x000105b0       0x3c src/ASF/sam0/drivers/usb/stack_interface/usb_device_udd.o
 .text._usb_ep0_on_tansfer_fail
                0x000105ec       0x48 src/ASF/sam0/drivers/usb/stack_interface/usb_device_udd.o
 .text.udd_ctrl_in_sent
                0x00010634       0xa4 src/ASF/sam0/drivers/usb/stack_interface/usb_device_udd.o
 .text._usb_on_sof_notify
                0x000106d8        0xc src/ASF/sam0/drivers/usb/stack_interface/usb_device_udd.o
 .text._usb_ep0_on_setup
                0x000106e4       0xd4 src/ASF/sam0/drivers/usb/stack_interface/usb_device_udd.o
 .text.udd_sleep_mode
                0x000107b8       0xb8 src/ASF/sam0/drivers/usb/stack_interface/usb_device_udd.o
 .text._usb_device_lpm_suspend
                0x00010870       0x34 src/ASF/sam0/drivers/usb/stack_interface/usb_device_udd.o
 .text._usb_on_suspend
                0x000108a4       0x2c src/ASF/sam0/drivers/usb/stack_interface/usb_device_udd.o
 .text._usb_on_wakeup
                0x000108d0       0x68 src/ASF/sam0/drivers/usb/stack_interface/usb_device_udd.o
 .text.udd_ep_abort
                0x00010938       0x54 src/ASF/sam0/drivers/usb/stack_interface/usb_device_udd.o
                0x00010938                udd_ep_abort
 .text.udd_ep_set_halt.part.12
                0x0001098c       0x24 src/ASF/sam0/drivers/usb/stack_interface/usb_device_udd.o
 .text._usb_ep0_on_tansfer_ok
                0x000109b0       0xf0 src/ASF/sam0/drivers/usb/stack_interface/usb_device_udd.o
 .text.udd_is_high_speed
                0x00010aa0        0x4 src/ASF/sam0/drivers/usb/stack_interface/usb_device_udd.o
                0x00010aa0                udd_is_high_speed
 .text.udd_get_frame_number
                0x00010aa4       0x10 src/ASF/sam0/drivers/usb/stack_interface/usb_device_udd.o
                0x00010aa4                udd_get_frame_number
 .text.udd_get_micro_frame_number
                0x00010ab4       0x10 src/ASF/sam0/drivers/usb/stack_interface/usb_device_udd.o
                0x00010ab4                udd_get_micro_frame_number
 .text.udd_ep_free
                0x00010ac4       0x58 src/ASF/sam0/drivers/usb/stack_interface/usb_device_udd.o
                0x00010ac4                udd_ep_free
 .text.udd_ep_alloc
                0x00010b1c      0x10c src/ASF/sam0/drivers/usb/stack_interface/usb_device_udd.o
                0x00010b1c                udd_ep_alloc
 .text.udd_ep_is_halted
                0x00010c28       0x14 src/ASF/sam0/drivers/usb/stack_interface/usb_device_udd.o
                0x00010c28                udd_ep_is_halted
 .text.udd_ep_set_halt
                0x00010c3c       0x1c src/ASF/sam0/drivers/usb/stack_interface/usb_device_udd.o
                0x00010c3c                udd_ep_set_halt
 .text.udd_ep_clear_halt
                0x00010c58       0x5c src/ASF/sam0/drivers/usb/stack_interface/usb_device_udd.o
                0x00010c58                udd_ep_clear_halt
 .text.udd_ep_run
                0x00010cb4      0x230 src/ASF/sam0/drivers/usb/stack_interface/usb_device_udd.o
                0x00010cb4                udd_ep_run
 .text.udd_set_address
                0x00010ee4       0x10 src/ASF/sam0/drivers/usb/stack_interface/usb_device_udd.o
                0x00010ee4                udd_set_address
 .text.udd_getaddress
                0x00010ef4       0x10 src/ASF/sam0/drivers/usb/stack_interface/usb_device_udd.o
                0x00010ef4                udd_getaddress
 .text.udd_set_setup_payload
                0x00010f04        0xc src/ASF/sam0/drivers/usb/stack_interface/usb_device_udd.o
                0x00010f04                udd_set_setup_payload
 .text.udd_attach
                0x00010f10       0x84 src/ASF/sam0/drivers/usb/stack_interface/usb_device_udd.o
                0x00010f10                udd_attach
 .text.udd_enable
                0x00010f94       0x98 src/ASF/sam0/drivers/usb/stack_interface/usb_device_udd.o
                0x00010f94                udd_enable
 .text.usb_device_register_callback
                0x0001102c       0x24 src/ASF/sam0/drivers/usb/usb_sam_d_r/usb.o
                0x0001102c                usb_device_register_callback
 .text.usb_device_enable_callback
                0x00011050       0x20 src/ASF/sam0/drivers/usb/usb_sam_d_r/usb.o
                0x00011050                usb_device_enable_callback
 .text.usb_device_disable_callback
                0x00011070       0x1c src/ASF/sam0/drivers/usb/usb_sam_d_r/usb.o
                0x00011070                usb_device_disable_callback
 .text.usb_device_endpoint_register_callback
                0x0001108c       0x28 src/ASF/sam0/drivers/usb/usb_sam_d_r/usb.o
                0x0001108c                usb_device_endpoint_register_callback
 .text.usb_device_endpoint_unregister_callback
                0x000110b4       0x28 src/ASF/sam0/drivers/usb/usb_sam_d_r/usb.o
                0x000110b4                usb_device_endpoint_unregister_callback
 .text.usb_device_endpoint_enable_callback
                0x000110dc       0xb0 src/ASF/sam0/drivers/usb/usb_sam_d_r/usb.o
                0x000110dc                usb_device_endpoint_enable_callback
 .text.usb_device_endpoint_disable_callback
                0x0001118c       0xb0 src/ASF/sam0/drivers/usb/usb_sam_d_r/usb.o
                0x0001118c                usb_device_endpoint_disable_callback
 .text.usb_device_endpoint_get_config_defaults
                0x0001123c       0x10 src/ASF/sam0/drivers/usb/usb_sam_d_r/usb.o
                0x0001123c                usb_device_endpoint_get_config_defaults
 .text.usb_device_endpoint_set_config
                0x0001124c      0x1ec src/ASF/sam0/drivers/usb/usb_sam_d_r/usb.o
                0x0001124c                usb_device_endpoint_set_config
 .text.usb_device_endpoint_abort_job
                0x00011438       0x30 src/ASF/sam0/drivers/usb/usb_sam_d_r/usb.o
                0x00011438                usb_device_endpoint_abort_job
 .text.usb_device_endpoint_is_halted
                0x00011468       0x20 src/ASF/sam0/drivers/usb/usb_sam_d_r/usb.o
                0x00011468                usb_device_endpoint_is_halted
 .text.usb_device_endpoint_set_halt
                0x00011488       0x20 src/ASF/sam0/drivers/usb/usb_sam_d_r/usb.o
                0x00011488                usb_device_endpoint_set_halt
 .text.usb_device_endpoint_clear_halt
                0x000114a8       0x7c src/ASF/sam0/drivers/usb/usb_sam_d_r/usb.o
                0x000114a8                usb_device_endpoint_clear_halt
 .text.usb_device_endpoint_write_buffer_job
                0x00011524       0x4c src/ASF/sam0/drivers/usb/usb_sam_d_r/usb.o
                0x00011524                usb_device_endpoint_write_buffer_job
 .text.usb_device_endpoint_read_buffer_job
                0x00011570       0x48 src/ASF/sam0/drivers/usb/usb_sam_d_r/usb.o
                0x00011570                usb_device_endpoint_read_buffer_job
 .text.usb_device_endpoint_setup_buffer_job
                0x000115b8       0x30 src/ASF/sam0/drivers/usb/usb_sam_d_r/usb.o
                0x000115b8                usb_device_endpoint_setup_buffer_job
 .text.usb_enable
                0x000115e8       0x14 src/ASF/sam0/drivers/usb/usb_sam_d_r/usb.o
                0x000115e8                usb_enable
 .text.USB_Handler
                0x000115fc      0x578 src/ASF/sam0/drivers/usb/usb_sam_d_r/usb.o
                0x000115fc                USB_Handler
 .text.usb_get_config_defaults
                0x00011b74       0x10 src/ASF/sam0/drivers/usb/usb_sam_d_r/usb.o
                0x00011b74                usb_get_config_defaults
 .text.usb_init
                0x00011b84      0x208 src/ASF/sam0/drivers/usb/usb_sam_d_r/usb.o
                0x00011b84                usb_init
 .text.Dummy_Handler
                0x00011d8c        0x4 src/ASF/sam0/utils/cmsis/samd21/source/gcc/startup_samd21.o
                0x00011d8c                HardFault_Handler
                0x00011d8c                AC_Handler
                0x00011d8c                SysTick_Handler
                0x00011d8c                PendSV_Handler
                0x00011d8c                NMI_Handler
                0x00011d8c                ADC_Handler
                0x00011d8c                WDT_Handler
                0x00011d8c                TC4_Handler
                0x00011d8c                TC3_Handler
                0x00011d8c                Dummy_Handler
                0x00011d8c                PM_Handler
                0x00011d8c                SVC_Handler
                0x00011d8c                EVSYS_Handler
                0x00011d8c                I2S_Handler
                0x00011d8c                NVMCTRL_Handler
                0x00011d8c                DAC_Handler
                0x00011d8c                PTC_Handler
                0x00011d8c                TC5_Handler
 .text.Reset_Handler
                0x00011d90       0xd8 src/ASF/sam0/utils/cmsis/samd21/source/gcc/startup_samd21.o
                0x00011d90                Reset_Handler
 .text._read    0x00011e68       0x44 src/ASF/sam0/utils/stdio/read.o
                0x00011e68                _read
 .text._write   0x00011eac       0x48 src/ASF/sam0/utils/stdio/write.o
                0x00011eac                _write
 .text._sbrk    0x00011ef4       0x1c src/ASF/sam0/utils/syscalls/gcc/syscalls.o
                0x00011ef4                _sbrk
 .text._close   0x00011f10        0x8 src/ASF/sam0/utils/syscalls/gcc/syscalls.o
                0x00011f10                _close
 .text._fstat   0x00011f18        0xc src/ASF/sam0/utils/syscalls/gcc/syscalls.o
                0x00011f18                _fstat
 .text._isatty  0x00011f24        0x4 src/ASF/sam0/utils/syscalls/gcc/syscalls.o
                0x00011f24                _isatty
 .text._lseek   0x00011f28        0x4 src/ASF/sam0/utils/syscalls/gcc/syscalls.o
                0x00011f28                _lseek
 .text.disk_initialize
                0x00011f2c       0x8c src/ASF/thirdparty/fatfs/fatfs-port-r0.09/diskio.o
                0x00011f2c                disk_initialize
 .text.disk_status
                0x00011fb8       0x20 src/ASF/thirdparty/fatfs/fatfs-port-r0.09/diskio.o
                0x00011fb8                disk_status
 .text.disk_read
                0x00011fd8        0x4 src/ASF/thirdparty/fatfs/fatfs-port-r0.09/diskio.o
                0x00011fd8                disk_read
 .text.disk_write
                0x00011fdc        0x4 src/ASF/thirdparty/fatfs/fatfs-port-r0.09/diskio.o
                0x00011fdc                disk_write
 .text.disk_ioctl
                0x00011fe0       0x6c src/ASF/thirdparty/fatfs/fatfs-port-r0.09/diskio.o
                0x00011fe0                disk_ioctl
 .text.get_fattime
                0x0001204c       0x50 src/ASF/thirdparty/fatfs/fatfs-port-r0.09/sam0/fattime_rtc.o
                0x0001204c                get_fattime
 .text.move_window
                0x0001209c       0x8c src/ASF/thirdparty/fatfs/fatfs-r0.09/src/ff.o
 .text.sync     0x00012128       0xf4 src/ASF/thirdparty/fatfs/fatfs-r0.09/src/ff.o
 .text.validate.part.2
                0x0001221c       0x18 src/ASF/thirdparty/fatfs/fatfs-r0.09/src/ff.o
 .text.check_fs
                0x00012234       0x84 src/ASF/thirdparty/fatfs/fatfs-r0.09/src/ff.o
 .text.chk_mounted
                0x000122b8      0x2c8 src/ASF/thirdparty/fatfs/fatfs-r0.09/src/ff.o
 .text.get_fat.part.4
                0x00012580       0xdc src/ASF/thirdparty/fatfs/fatfs-r0.09/src/ff.o
 .text.dir_sdi  0x0001265c       0xa8 src/ASF/thirdparty/fatfs/fatfs-r0.09/src/ff.o
 .text.put_fat.part.5
                0x00012704      0x130 src/ASF/thirdparty/fatfs/fatfs-r0.09/src/ff.o
 .text.create_chain
                0x00012834       0xd8 src/ASF/thirdparty/fatfs/fatfs-r0.09/src/ff.o
 .text.dir_next
                0x0001290c      0x150 src/ASF/thirdparty/fatfs/fatfs-r0.09/src/ff.o
 .text.follow_path
                0x00012a5c      0x220 src/ASF/thirdparty/fatfs/fatfs-r0.09/src/ff.o
 .text.remove_chain.part.6
                0x00012c7c       0x74 src/ASF/thirdparty/fatfs/fatfs-r0.09/src/ff.o
 .text.dir_register
                0x00012cf0       0x74 src/ASF/thirdparty/fatfs/fatfs-r0.09/src/ff.o
 .text.f_mount  0x00012d64       0x28 src/ASF/thirdparty/fatfs/fatfs-r0.09/src/ff.o
                0x00012d64                f_mount
 .text.f_open   0x00012d8c      0x17c src/ASF/thirdparty/fatfs/fatfs-r0.09/src/ff.o
                0x00012d8c                f_open
 .text.f_write  0x00012f08      0x22c src/ASF/thirdparty/fatfs/fatfs-r0.09/src/ff.o
                0x00012f08                f_write
 .text.f_sync   0x00013134       0xa4 src/ASF/thirdparty/fatfs/fatfs-r0.09/src/ff.o
                0x00013134                f_sync
 .text.f_close  0x000131d8       0x14 src/ASF/thirdparty/fatfs/fatfs-r0.09/src/ff.o
                0x000131d8                f_close
 .text          0x000131ec      0x114 c:/program files (x86)/atmel/studio/7.0/toolchain/arm/arm-gnu-toolchain/bin/../lib/gcc/arm-none-eabi/6.2.1/thumb/v6-m\libgcc.a(_udivsi3.o)
                0x000131ec                __aeabi_uidiv
                0x000131ec                __udivsi3
                0x000132f8                __aeabi_uidivmod
 .text          0x00013300      0x1d4 c:/program files (x86)/atmel/studio/7.0/toolchain/arm/arm-gnu-toolchain/bin/../lib/gcc/arm-none-eabi/6.2.1/thumb/v6-m\libgcc.a(_divsi3.o)
                0x00013300                __divsi3
                0x00013300                __aeabi_idiv
                0x000134cc                __aeabi_idivmod
 .text          0x000134d4        0x4 c:/program files (x86)/atmel/studio/7.0/toolchain/arm/arm-gnu-toolchain/bin/../lib/gcc/arm-none-eabi/6.2.1/thumb/v6-m\libgcc.a(_dvmd_tls.o)
                0x000134d4                __aeabi_idiv0
                0x000134d4                __aeabi_ldiv0
 .text          0x000134d8       0x40 c:/program files (x86)/atmel/studio/7.0/toolchain/arm/arm-gnu-toolchain/bin/../lib/gcc/arm-none-eabi/6.2.1/thumb/v6-m\libgcc.a(_ctzsi2.o)
                0x000134d8                __ctzsi2
 .text.atoi     0x00013518        0xc c:/program files (x86)/atmel/studio/7.0/toolchain/arm/arm-gnu-toolchain/bin/../lib/gcc/arm-none-eabi/6.2.1/../../../../arm-none-eabi/lib/thumb/v6-m\libc_nano.a(lib_a-atoi.o)
                0x00013518                atoi
 .text.__libc_init_array
                0x00013524       0x48 c:/program files (x86)/atmel/studio/7.0/toolchain/arm/arm-gnu-toolchain/bin/../lib/gcc/arm-none-eabi/6.2.1/../../../../arm-none-eabi/lib/thumb/v6-m\libc_nano.a(lib_a-init.o)
                0x00013524                __libc_init_array
 .text.malloc   0x0001356c       0x14 c:/program files (x86)/atmel/studio/7.0/toolchain/arm/arm-gnu-toolchain/bin/../lib/gcc/arm-none-eabi/6.2.1/../../../../arm-none-eabi/lib/thumb/v6-m\libc_nano.a(lib_a-malloc.o)
                0x0001356c                malloc
 .text.free     0x00013580       0x14 c:/program files (x86)/atmel/studio/7.0/toolchain/arm/arm-gnu-toolchain/bin/../lib/gcc/arm-none-eabi/6.2.1/../../../../arm-none-eabi/lib/thumb/v6-m\libc_nano.a(lib_a-malloc.o)
                0x00013580                free
 .text.memcpy   0x00013594       0x12 c:/program files (x86)/atmel/studio/7.0/toolchain/arm/arm-gnu-toolchain/bin/../lib/gcc/arm-none-eabi/6.2.1/../../../../arm-none-eabi/lib/thumb/v6-m\libc_nano.a(lib_a-memcpy-stub.o)
                0x00013594                memcpy
 .text.memmove  0x000135a6       0x24 c:/program files (x86)/atmel/studio/7.0/toolchain/arm/arm-gnu-toolchain/bin/../lib/gcc/arm-none-eabi/6.2.1/../../../../arm-none-eabi/lib/thumb/v6-m\libc_nano.a(lib_a-memmove.o)
                0x000135a6                memmove
 .text.memset   0x000135ca       0x10 c:/program files (x86)/atmel/studio/7.0/toolchain/arm/arm-gnu-toolchain/bin/../lib/gcc/arm-none-eabi/6.2.1/../../../../arm-none-eabi/lib/thumb/v6-m\libc_nano.a(lib_a-memset.o)
                0x000135ca                memset
 *fill*         0x000135da        0x2 
 .text._free_r  0x000135dc       0x94 c:/program files (x86)/atmel/studio/7.0/toolchain/arm/arm-gnu-toolchain/bin/../lib/gcc/arm-none-eabi/6.2.1/../../../../arm-none-eabi/lib/thumb/v6-m\libc_nano.a(lib_a-nano-freer.o)
                0x000135dc                _free_r
 .text._malloc_r
                0x00013670       0xbc c:/program files (x86)/atmel/studio/7.0/toolchain/arm/arm-gnu-toolchain/bin/../lib/gcc/arm-none-eabi/6.2.1/../../../../arm-none-eabi/lib/thumb/v6-m\libc_nano.a(lib_a-nano-mallocr.o)
                0x00013670                _malloc_r
 .text.printf   0x0001372c       0x34 c:/program files (x86)/atmel/studio/7.0/toolchain/arm/arm-gnu-toolchain/bin/../lib/gcc/arm-none-eabi/6.2.1/../../../../arm-none-eabi/lib/thumb/v6-m\libc_nano.a(lib_a-printf.o)
                0x0001372c                iprintf
                0x0001372c                printf
 .text.putchar  0x00013760       0x28 c:/program files (x86)/atmel/studio/7.0/toolchain/arm/arm-gnu-toolchain/bin/../lib/gcc/arm-none-eabi/6.2.1/../../../../arm-none-eabi/lib/thumb/v6-m\libc_nano.a(lib_a-putchar.o)
                0x00013760                putchar
 .text._puts_r  0x00013788       0xc0 c:/program files (x86)/atmel/studio/7.0/toolchain/arm/arm-gnu-toolchain/bin/../lib/gcc/arm-none-eabi/6.2.1/../../../../arm-none-eabi/lib/thumb/v6-m\libc_nano.a(lib_a-puts.o)
                0x00013788                _puts_r
 .text.puts     0x00013848       0x14 c:/program files (x86)/atmel/studio/7.0/toolchain/arm/arm-gnu-toolchain/bin/../lib/gcc/arm-none-eabi/6.2.1/../../../../arm-none-eabi/lib/thumb/v6-m\libc_nano.a(lib_a-puts.o)
                0x00013848                puts
 .text._sbrk_r  0x0001385c       0x24 c:/program files (x86)/atmel/studio/7.0/toolchain/arm/arm-gnu-toolchain/bin/../lib/gcc/arm-none-eabi/6.2.1/../../../../arm-none-eabi/lib/thumb/v6-m\libc_nano.a(lib_a-sbrkr.o)
                0x0001385c                _sbrk_r
 .text.setbuf   0x00013880       0x12 c:/program files (x86)/atmel/studio/7.0/toolchain/arm/arm-gnu-toolchain/bin/../lib/gcc/arm-none-eabi/6.2.1/../../../../arm-none-eabi/lib/thumb/v6-m\libc_nano.a(lib_a-setbuf.o)
                0x00013880                setbuf
 *fill*         0x00013892        0x2 
 .text.setvbuf  0x00013894      0x158 c:/program files (x86)/atmel/studio/7.0/toolchain/arm/arm-gnu-toolchain/bin/../lib/gcc/arm-none-eabi/6.2.1/../../../../arm-none-eabi/lib/thumb/v6-m\libc_nano.a(lib_a-setvbuf.o)
                0x00013894                setvbuf
 .text.sprintf  0x000139ec       0x44 c:/program files (x86)/atmel/studio/7.0/toolchain/arm/arm-gnu-toolchain/bin/../lib/gcc/arm-none-eabi/6.2.1/../../../../arm-none-eabi/lib/thumb/v6-m\libc_nano.a(lib_a-sprintf.o)
                0x000139ec                siprintf
                0x000139ec                sprintf
 .text          0x00013a30       0x14 c:/program files (x86)/atmel/studio/7.0/toolchain/arm/arm-gnu-toolchain/bin/../lib/gcc/arm-none-eabi/6.2.1/../../../../arm-none-eabi/lib/thumb/v6-m\libc_nano.a(lib_a-strcmp.o)
                0x00013a30                strcmp
 .text.strcpy   0x00013a44       0x10 c:/program files (x86)/atmel/studio/7.0/toolchain/arm/arm-gnu-toolchain/bin/../lib/gcc/arm-none-eabi/6.2.1/../../../../arm-none-eabi/lib/thumb/v6-m\libc_nano.a(lib_a-strcpy.o)
                0x00013a44                strcpy
 .text.strdup   0x00013a54       0x14 c:/program files (x86)/atmel/studio/7.0/toolchain/arm/arm-gnu-toolchain/bin/../lib/gcc/arm-none-eabi/6.2.1/../../../../arm-none-eabi/lib/thumb/v6-m\libc_nano.a(lib_a-strdup.o)
                0x00013a54                strdup
 .text._strdup_r
                0x00013a68       0x26 c:/program files (x86)/atmel/studio/7.0/toolchain/arm/arm-gnu-toolchain/bin/../lib/gcc/arm-none-eabi/6.2.1/../../../../arm-none-eabi/lib/thumb/v6-m\libc_nano.a(lib_a-strdup_r.o)
                0x00013a68                _strdup_r
 .text          0x00013a8e        0xe c:/program files (x86)/atmel/studio/7.0/toolchain/arm/arm-gnu-toolchain/bin/../lib/gcc/arm-none-eabi/6.2.1/../../../../arm-none-eabi/lib/thumb/v6-m\libc_nano.a(lib_a-strlen.o)
                0x00013a8e                strlen
 .text.strncmp  0x00013a9c       0x22 c:/program files (x86)/atmel/studio/7.0/toolchain/arm/arm-gnu-toolchain/bin/../lib/gcc/arm-none-eabi/6.2.1/../../../../arm-none-eabi/lib/thumb/v6-m\libc_nano.a(lib_a-strncmp.o)
                0x00013a9c                strncmp
 .text.strncpy  0x00013abe       0x2a c:/program files (x86)/atmel/studio/7.0/toolchain/arm/arm-gnu-toolchain/bin/../lib/gcc/arm-none-eabi/6.2.1/../../../../arm-none-eabi/lib/thumb/v6-m\libc_nano.a(lib_a-strncpy.o)
                0x00013abe                strncpy
 .text.strrchr  0x00013ae8       0x24 c:/program files (x86)/atmel/studio/7.0/toolchain/arm/arm-gnu-toolchain/bin/../lib/gcc/arm-none-eabi/6.2.1/../../../../arm-none-eabi/lib/thumb/v6-m\libc_nano.a(lib_a-strrchr.o)
                0x00013ae8                strrchr
 .text.strstr   0x00013b0c       0x30 c:/program files (x86)/atmel/studio/7.0/toolchain/arm/arm-gnu-toolchain/bin/../lib/gcc/arm-none-eabi/6.2.1/../../../../arm-none-eabi/lib/thumb/v6-m\libc_nano.a(lib_a-strstr.o)
                0x00013b0c                strstr
 .text._strtol_l.isra.0
                0x00013b3c      0x10c c:/program files (x86)/atmel/studio/7.0/toolchain/arm/arm-gnu-toolchain/bin/../lib/gcc/arm-none-eabi/6.2.1/../../../../arm-none-eabi/lib/thumb/v6-m\libc_nano.a(lib_a-strtol.o)
 .text.strtol   0x00013c48       0x28 c:/program files (x86)/atmel/studio/7.0/toolchain/arm/arm-gnu-toolchain/bin/../lib/gcc/arm-none-eabi/6.2.1/../../../../arm-none-eabi/lib/thumb/v6-m\libc_nano.a(lib_a-strtol.o)
                0x00013c48                strtol
 .text.__swbuf_r
                0x00013c70       0xac c:/program files (x86)/atmel/studio/7.0/toolchain/arm/arm-gnu-toolchain/bin/../lib/gcc/arm-none-eabi/6.2.1/../../../../arm-none-eabi/lib/thumb/v6-m\libc_nano.a(lib_a-wbuf.o)
                0x00013c70                __swbuf_r
 .text.__swsetup_r
                0x00013d1c       0xec c:/program files (x86)/atmel/studio/7.0/toolchain/arm/arm-gnu-toolchain/bin/../lib/gcc/arm-none-eabi/6.2.1/../../../../arm-none-eabi/lib/thumb/v6-m\libc_nano.a(lib_a-wsetup.o)
                0x00013d1c                __swsetup_r
 .text.__sflush_r
                0x00013e08      0x114 c:/program files (x86)/atmel/studio/7.0/toolchain/arm/arm-gnu-toolchain/bin/../lib/gcc/arm-none-eabi/6.2.1/../../../../arm-none-eabi/lib/thumb/v6-m\libc_nano.a(lib_a-fflush.o)
                0x00013e08                __sflush_r
 .text._fflush_r
                0x00013f1c       0x58 c:/program files (x86)/atmel/studio/7.0/toolchain/arm/arm-gnu-toolchain/bin/../lib/gcc/arm-none-eabi/6.2.1/../../../../arm-none-eabi/lib/thumb/v6-m\libc_nano.a(lib_a-fflush.o)
                0x00013f1c                _fflush_r
 .text._cleanup_r
                0x00013f74       0x10 c:/program files (x86)/atmel/studio/7.0/toolchain/arm/arm-gnu-toolchain/bin/../lib/gcc/arm-none-eabi/6.2.1/../../../../arm-none-eabi/lib/thumb/v6-m\libc_nano.a(lib_a-findfp.o)
                0x00013f74                _cleanup_r
 .text.std.isra.0
                0x00013f84       0x48 c:/program files (x86)/atmel/studio/7.0/toolchain/arm/arm-gnu-toolchain/bin/../lib/gcc/arm-none-eabi/6.2.1/../../../../arm-none-eabi/lib/thumb/v6-m\libc_nano.a(lib_a-findfp.o)
 .text.__sfmoreglue
                0x00013fcc       0x2c c:/program files (x86)/atmel/studio/7.0/toolchain/arm/arm-gnu-toolchain/bin/../lib/gcc/arm-none-eabi/6.2.1/../../../../arm-none-eabi/lib/thumb/v6-m\libc_nano.a(lib_a-findfp.o)
                0x00013fcc                __sfmoreglue
 .text.__sinit  0x00013ff8       0x68 c:/program files (x86)/atmel/studio/7.0/toolchain/arm/arm-gnu-toolchain/bin/../lib/gcc/arm-none-eabi/6.2.1/../../../../arm-none-eabi/lib/thumb/v6-m\libc_nano.a(lib_a-findfp.o)
                0x00013ff8                __sinit
 .text.__sfp    0x00014060       0x80 c:/program files (x86)/atmel/studio/7.0/toolchain/arm/arm-gnu-toolchain/bin/../lib/gcc/arm-none-eabi/6.2.1/../../../../arm-none-eabi/lib/thumb/v6-m\libc_nano.a(lib_a-findfp.o)
                0x00014060                __sfp
 .text._fwalk_reent
                0x000140e0       0x42 c:/program files (x86)/atmel/studio/7.0/toolchain/arm/arm-gnu-toolchain/bin/../lib/gcc/arm-none-eabi/6.2.1/../../../../arm-none-eabi/lib/thumb/v6-m\libc_nano.a(lib_a-fwalk.o)
                0x000140e0                _fwalk_reent
 .text.__locale_ctype_ptr_l
                0x00014122        0x6 c:/program files (x86)/atmel/studio/7.0/toolchain/arm/arm-gnu-toolchain/bin/../lib/gcc/arm-none-eabi/6.2.1/../../../../arm-none-eabi/lib/thumb/v6-m\libc_nano.a(lib_a-locale.o)
                0x00014122                __locale_ctype_ptr_l
 .text.__swhatbuf_r
                0x00014128       0x50 c:/program files (x86)/atmel/studio/7.0/toolchain/arm/arm-gnu-toolchain/bin/../lib/gcc/arm-none-eabi/6.2.1/../../../../arm-none-eabi/lib/thumb/v6-m\libc_nano.a(lib_a-makebuf.o)
                0x00014128                __swhatbuf_r
 .text.__smakebuf_r
                0x00014178       0x7c c:/program files (x86)/atmel/studio/7.0/toolchain/arm/arm-gnu-toolchain/bin/../lib/gcc/arm-none-eabi/6.2.1/../../../../arm-none-eabi/lib/thumb/v6-m\libc_nano.a(lib_a-makebuf.o)
                0x00014178                __smakebuf_r
 .text.__ascii_mbtowc
                0x000141f4       0x24 c:/program files (x86)/atmel/studio/7.0/toolchain/arm/arm-gnu-toolchain/bin/../lib/gcc/arm-none-eabi/6.2.1/../../../../arm-none-eabi/lib/thumb/v6-m\libc_nano.a(lib_a-mbtowc_r.o)
                0x000141f4                __ascii_mbtowc
 .text.__malloc_lock
                0x00014218        0x2 c:/program files (x86)/atmel/studio/7.0/toolchain/arm/arm-gnu-toolchain/bin/../lib/gcc/arm-none-eabi/6.2.1/../../../../arm-none-eabi/lib/thumb/v6-m\libc_nano.a(lib_a-mlock.o)
                0x00014218                __malloc_lock
 .text.__malloc_unlock
                0x0001421a        0x2 c:/program files (x86)/atmel/studio/7.0/toolchain/arm/arm-gnu-toolchain/bin/../lib/gcc/arm-none-eabi/6.2.1/../../../../arm-none-eabi/lib/thumb/v6-m\libc_nano.a(lib_a-mlock.o)
                0x0001421a                __malloc_unlock
 .text.__ssputs_r
                0x0001421c       0xc4 c:/program files (x86)/atmel/studio/7.0/toolchain/arm/arm-gnu-toolchain/bin/../lib/gcc/arm-none-eabi/6.2.1/../../../../arm-none-eabi/lib/thumb/v6-m\libc_nano.a(lib_a-nano-svfprintf.o)
                0x0001421c                __ssputs_r
 .text._svfprintf_r
                0x000142e0      0x208 c:/program files (x86)/atmel/studio/7.0/toolchain/arm/arm-gnu-toolchain/bin/../lib/gcc/arm-none-eabi/6.2.1/../../../../arm-none-eabi/lib/thumb/v6-m\libc_nano.a(lib_a-nano-svfprintf.o)
                0x000142e0                _svfiprintf_r
                0x000142e0                _svfprintf_r
 .text.__sfputc_r
                0x000144e8       0x2a c:/program files (x86)/atmel/studio/7.0/toolchain/arm/arm-gnu-toolchain/bin/../lib/gcc/arm-none-eabi/6.2.1/../../../../arm-none-eabi/lib/thumb/v6-m\libc_nano.a(lib_a-nano-vfprintf.o)
 .text.__sfputs_r
                0x00014512       0x24 c:/program files (x86)/atmel/studio/7.0/toolchain/arm/arm-gnu-toolchain/bin/../lib/gcc/arm-none-eabi/6.2.1/../../../../arm-none-eabi/lib/thumb/v6-m\libc_nano.a(lib_a-nano-vfprintf.o)
                0x00014512                __sfputs_r
 *fill*         0x00014536        0x2 
 .text._vfprintf_r
                0x00014538      0x238 c:/program files (x86)/atmel/studio/7.0/toolchain/arm/arm-gnu-toolchain/bin/../lib/gcc/arm-none-eabi/6.2.1/../../../../arm-none-eabi/lib/thumb/v6-m\libc_nano.a(lib_a-nano-vfprintf.o)
                0x00014538                _vfprintf_r
                0x00014538                _vfiprintf_r
 .text._printf_common
                0x00014770       0xda c:/program files (x86)/atmel/studio/7.0/toolchain/arm/arm-gnu-toolchain/bin/../lib/gcc/arm-none-eabi/6.2.1/../../../../arm-none-eabi/lib/thumb/v6-m\libc_nano.a(lib_a-nano-vfprintf_i.o)
                0x00014770                _printf_common
 *fill*         0x0001484a        0x2 
 .text._printf_i
                0x0001484c      0x234 c:/program files (x86)/atmel/studio/7.0/toolchain/arm/arm-gnu-toolchain/bin/../lib/gcc/arm-none-eabi/6.2.1/../../../../arm-none-eabi/lib/thumb/v6-m\libc_nano.a(lib_a-nano-vfprintf_i.o)
                0x0001484c                _printf_i
 .text._putc_r  0x00014a80       0x6c c:/program files (x86)/atmel/studio/7.0/toolchain/arm/arm-gnu-toolchain/bin/../lib/gcc/arm-none-eabi/6.2.1/../../../../arm-none-eabi/lib/thumb/v6-m\libc_nano.a(lib_a-putc.o)
                0x00014a80                _putc_r
 .text.__sread  0x00014aec       0x28 c:/program files (x86)/atmel/studio/7.0/toolchain/arm/arm-gnu-toolchain/bin/../lib/gcc/arm-none-eabi/6.2.1/../../../../arm-none-eabi/lib/thumb/v6-m\libc_nano.a(lib_a-stdio.o)
                0x00014aec                __sread
 .text.__swrite
                0x00014b14       0x38 c:/program files (x86)/atmel/studio/7.0/toolchain/arm/arm-gnu-toolchain/bin/../lib/gcc/arm-none-eabi/6.2.1/../../../../arm-none-eabi/lib/thumb/v6-m\libc_nano.a(lib_a-stdio.o)
                0x00014b14                __swrite
 .text.__sseek  0x00014b4c       0x2c c:/program files (x86)/atmel/studio/7.0/toolchain/arm/arm-gnu-toolchain/bin/../lib/gcc/arm-none-eabi/6.2.1/../../../../arm-none-eabi/lib/thumb/v6-m\libc_nano.a(lib_a-stdio.o)
                0x00014b4c                __sseek
 .text.__sclose
                0x00014b78        0xc c:/program files (x86)/atmel/studio/7.0/toolchain/arm/arm-gnu-toolchain/bin/../lib/gcc/arm-none-eabi/6.2.1/../../../../arm-none-eabi/lib/thumb/v6-m\libc_nano.a(lib_a-stdio.o)
                0x00014b78                __sclose
 .text.strchr   0x00014b84       0x1c c:/program files (x86)/atmel/studio/7.0/toolchain/arm/arm-gnu-toolchain/bin/../lib/gcc/arm-none-eabi/6.2.1/../../../../arm-none-eabi/lib/thumb/v6-m\libc_nano.a(lib_a-strchr.o)
                0x00014b84                strchr
 .text.__ascii_wctomb
                0x00014ba0       0x18 c:/program files (x86)/atmel/studio/7.0/toolchain/arm/arm-gnu-toolchain/bin/../lib/gcc/arm-none-eabi/6.2.1/../../../../arm-none-eabi/lib/thumb/v6-m\libc_nano.a(lib_a-wctomb_r.o)
                0x00014ba0                __ascii_wctomb
 .text._write_r
                0x00014bb8       0x28 c:/program files (x86)/atmel/studio/7.0/toolchain/arm/arm-gnu-toolchain/bin/../lib/gcc/arm-none-eabi/6.2.1/../../../../arm-none-eabi/lib/thumb/v6-m\libc_nano.a(lib_a-writer.o)
                0x00014bb8                _write_r
 .text._close_r
                0x00014be0       0x24 c:/program files (x86)/atmel/studio/7.0/toolchain/arm/arm-gnu-toolchain/bin/../lib/gcc/arm-none-eabi/6.2.1/../../../../arm-none-eabi/lib/thumb/v6-m\libc_nano.a(lib_a-closer.o)
                0x00014be0                _close_r
 .text._fstat_r
                0x00014c04       0x24 c:/program files (x86)/atmel/studio/7.0/toolchain/arm/arm-gnu-toolchain/bin/../lib/gcc/arm-none-eabi/6.2.1/../../../../arm-none-eabi/lib/thumb/v6-m\libc_nano.a(lib_a-fstatr.o)
                0x00014c04                _fstat_r
 .text._isatty_r
                0x00014c28       0x24 c:/program files (x86)/atmel/studio/7.0/toolchain/arm/arm-gnu-toolchain/bin/../lib/gcc/arm-none-eabi/6.2.1/../../../../arm-none-eabi/lib/thumb/v6-m\libc_nano.a(lib_a-isattyr.o)
                0x00014c28                _isatty_r
 .text._lseek_r
                0x00014c4c       0x28 c:/program files (x86)/atmel/studio/7.0/toolchain/arm/arm-gnu-toolchain/bin/../lib/gcc/arm-none-eabi/6.2.1/../../../../arm-none-eabi/lib/thumb/v6-m\libc_nano.a(lib_a-lseekr.o)
                0x00014c4c                _lseek_r
 .text.memchr   0x00014c74       0x16 c:/program files (x86)/atmel/studio/7.0/toolchain/arm/arm-gnu-toolchain/bin/../lib/gcc/arm-none-eabi/6.2.1/../../../../arm-none-eabi/lib/thumb/v6-m\libc_nano.a(lib_a-memchr-stub.o)
                0x00014c74                memchr
 .text._realloc_r
                0x00014c8a       0x4c c:/program files (x86)/atmel/studio/7.0/toolchain/arm/arm-gnu-toolchain/bin/../lib/gcc/arm-none-eabi/6.2.1/../../../../arm-none-eabi/lib/thumb/v6-m\libc_nano.a(lib_a-nano-reallocr.o)
                0x00014c8a                _realloc_r
 *fill*         0x00014cd6        0x2 
 .text._read_r  0x00014cd8       0x28 c:/program files (x86)/atmel/studio/7.0/toolchain/arm/arm-gnu-toolchain/bin/../lib/gcc/arm-none-eabi/6.2.1/../../../../arm-none-eabi/lib/thumb/v6-m\libc_nano.a(lib_a-readr.o)
                0x00014cd8                _read_r
 .text._malloc_usable_size_r
                0x00014d00       0x10 c:/program files (x86)/atmel/studio/7.0/toolchain/arm/arm-gnu-toolchain/bin/../lib/gcc/arm-none-eabi/6.2.1/../../../../arm-none-eabi/lib/thumb/v6-m\libc_nano.a(lib_a-nano-msizer.o)
                0x00014d00                _malloc_usable_size_r
 *(.glue_7t)
 .glue_7t       0x00014d10        0x0 linker stubs
 *(.glue_7)
 .glue_7        0x00014d10        0x0 linker stubs
 *(.rodata .rodata* .gnu.linkonce.r.*)
 .rodata._tcc_cc_nums
                0x00014d10        0x3 src/ASF/sam0/drivers/tcc/tcc.o
                0x00014d10                _tcc_cc_nums
 *fill*         0x00014d13        0x1 
 .rodata._tcc_gclk_ids
                0x00014d14        0x3 src/ASF/sam0/drivers/tcc/tcc.o
                0x00014d14                _tcc_gclk_ids
 *fill*         0x00014d17        0x1 
 .rodata._tcc_maxs
                0x00014d18        0xc src/ASF/sam0/drivers/tcc/tcc.o
                0x00014d18                _tcc_maxs
 .rodata._tcc_ow_nums
                0x00014d24        0x3 src/ASF/sam0/drivers/tcc/tcc.o
                0x00014d24                _tcc_ow_nums
 *fill*         0x00014d27        0x1 
 .rodata._tcc_intflag
                0x00014d28       0x30 src/ASF/sam0/drivers/tcc/tcc_callback.o
                0x00014d28                _tcc_intflag
 .rodata.tcc_interrupt_vectors.12434
                0x00014d58        0x3 src/ASF/sam0/drivers/tcc/tcc_callback.o
 *fill*         0x00014d5b        0x1 
 .rodata.http_client_socket_event_handler
                0x00014d5c       0xac src/iot/http/http_client.o
 .rodata        0x00014e08       0x10 src/iot/http/http_client.o
 .rodata._http_client_handle_entity.str1.4
                0x00014e18        0x3 src/iot/http/http_client.o
 *fill*         0x00014e1b        0x1 
 .rodata._http_client_handle_header.str1.4
                0x00014e1c       0x2a src/iot/http/http_client.o
 *fill*         0x00014e46        0x2 
 .rodata._http_client_request.str1.4
                0x00014e48       0xd5 src/iot/http/http_client.o
                                 0xd9 (size before relaxing)
 *fill*         0x00014f1d        0x3 
 .rodata.http_client_get_config_defaults.str1.4
                0x00014f20        0xc src/iot/http/http_client.o
 .rodata.http_client_send_request.str1.4
                0x00014f2c       0x11 src/iot/http/http_client.o
 *fill*         0x00014f3d        0x3 
 .rodata        0x00014f40        0xc src/iot/sw_timer.o
 .rodata.http_client_callback
                0x00014f4c       0x14 src/application.o
 .rodata.http_client_callback.str1.4
                0x00014f60       0xf0 src/application.o
 .rodata.main.str1.4
                0x00015050      0x19d src/application.o
 *fill*         0x000151ed        0x3 
 .rodata.rename_to_unique.constprop.3.str1.4
                0x000151f0        0x5 src/application.o
 *fill*         0x000151f5        0x3 
 .rodata.resolve_cb.str1.4
                0x000151f8       0x2d src/application.o
 *fill*         0x00015225        0x3 
 .rodata.start_download.str1.4
                0x00015228      0x109 src/application.o
 *fill*         0x00015331        0x3 
 .rodata.store_file_packet.part.2.str1.4
                0x00015334      0x13e src/application.o
 *fill*         0x00015472        0x2 
 .rodata.wifi_cb.str1.4
                0x00015474       0x7d src/application.o
 *fill*         0x000154f1        0x3 
 .rodata.mmc_trans_multipliers
                0x000154f4       0x40 src/ASF/common2/components/memory/sd_mmc/sd_mmc.o
                0x000154f4                mmc_trans_multipliers
 .rodata.sd_mmc_trans_units
                0x00015534       0x1c src/ASF/common2/components/memory/sd_mmc/sd_mmc.o
                0x00015534                sd_mmc_trans_units
 .rodata.sd_trans_multipliers
                0x00015550       0x40 src/ASF/common2/components/memory/sd_mmc/sd_mmc.o
                0x00015550                sd_trans_multipliers
 .rodata.__FUNCTION__.15277
                0x00015590        0xd src/ASF/common/components/wifi/winc1500/bus_wrapper/source/nm_bus_wrapper_samd21.o
 *fill*         0x0001559d        0x3 
 .rodata.nm_bus_ioctl.str1.4
                0x000155a0       0x27 src/ASF/common/components/wifi/winc1500/bus_wrapper/source/nm_bus_wrapper_samd21.o
 *fill*         0x000155c7        0x1 
 .rodata.hif_register_cb
                0x000155c8       0x20 src/ASF/common/components/wifi/winc1500/driver/source/m2m_hif.o
 .rodata.__FUNCTION__.13058
                0x000155e8        0x9 src/ASF/common/components/wifi/winc1500/driver/source/m2m_hif.o
 *fill*         0x000155f1        0x3 
 .rodata.__FUNCTION__.13068
                0x000155f4        0x8 src/ASF/common/components/wifi/winc1500/driver/source/m2m_hif.o
 .rodata.__FUNCTION__.13074
                0x000155fc        0xf src/ASF/common/components/wifi/winc1500/driver/source/m2m_hif.o
 *fill*         0x0001560b        0x1 
 .rodata.__FUNCTION__.13086
                0x0001560c        0xc src/ASF/common/components/wifi/winc1500/driver/source/m2m_hif.o
 .rodata.__FUNCTION__.13102
                0x00015618       0x10 src/ASF/common/components/wifi/winc1500/driver/source/m2m_hif.o
 .rodata.hif_handle_isr.str1.4
                0x00015628      0x1ef src/ASF/common/components/wifi/winc1500/driver/source/m2m_hif.o
 *fill*         0x00015817        0x1 
 .rodata.hif_receive.str1.4
                0x00015818       0xab src/ASF/common/components/wifi/winc1500/driver/source/m2m_hif.o
 *fill*         0x000158c3        0x1 
 .rodata.hif_register_cb.str1.4
                0x000158c4        0xa src/ASF/common/components/wifi/winc1500/driver/source/m2m_hif.o
 *fill*         0x000158ce        0x2 
 .rodata.hif_send.str1.4
                0x000158d0       0x38 src/ASF/common/components/wifi/winc1500/driver/source/m2m_hif.o
                                 0x4c (size before relaxing)
 .rodata.__FUNCTION__.13037
                0x00015908        0xc src/ASF/common/components/wifi/winc1500/driver/source/m2m_wifi.o
 .rodata.__FUNCTION__.13066
                0x00015914        0xe src/ASF/common/components/wifi/winc1500/driver/source/m2m_wifi.o
 *fill*         0x00015922        0x2 
 .rodata.__FUNCTION__.13094
                0x00015924       0x14 src/ASF/common/components/wifi/winc1500/driver/source/m2m_wifi.o
 .rodata.m2m_wifi_cb.str1.4
                0x00015938       0x34 src/ASF/common/components/wifi/winc1500/driver/source/m2m_wifi.o
                                 0x54 (size before relaxing)
 .rodata.m2m_wifi_connect_sc.str1.4
                0x0001596c       0xa7 src/ASF/common/components/wifi/winc1500/driver/source/m2m_wifi.o
 *fill*         0x00015a13        0x1 
 .rodata.m2m_wifi_init.str1.4
                0x00015a14       0xca src/ASF/common/components/wifi/winc1500/driver/source/m2m_wifi.o
 *fill*         0x00015ade        0x2 
 .rodata.__FUNCTION__.12900
                0x00015ae0        0xa src/ASF/common/components/wifi/winc1500/driver/source/nmasic.o
 *fill*         0x00015aea        0x2 
 .rodata.__FUNCTION__.12949
                0x00015aec        0xc src/ASF/common/components/wifi/winc1500/driver/source/nmasic.o
 .rodata.chip_deinit.str1.4
                0x00015af8       0x18 src/ASF/common/components/wifi/winc1500/driver/source/nmasic.o
 .rodata.chip_wake.str1.4
                0x00015b10       0x31 src/ASF/common/components/wifi/winc1500/driver/source/nmasic.o
                                 0x45 (size before relaxing)
 *fill*         0x00015b41        0x3 
 .rodata.wait_for_bootrom.str1.4
                0x00015b44       0x18 src/ASF/common/components/wifi/winc1500/driver/source/nmasic.o
                                 0x24 (size before relaxing)
 .rodata.__FUNCTION__.12947
                0x00015b5c        0xc src/ASF/common/components/wifi/winc1500/driver/source/nmdrv.o
 .rodata.__FUNCTION__.12954
                0x00015b68        0xe src/ASF/common/components/wifi/winc1500/driver/source/nmdrv.o
 *fill*         0x00015b76        0x2 
 .rodata.nm_drv_deinit.str1.4
                0x00015b78       0x5e src/ASF/common/components/wifi/winc1500/driver/source/nmdrv.o
 *fill*         0x00015bd6        0x2 
 .rodata.nm_drv_init.str1.4
                0x00015bd8       0x1e src/ASF/common/components/wifi/winc1500/driver/source/nmdrv.o
 *fill*         0x00015bf6        0x2 
 .rodata.nm_drv_init_download_mode.str1.4
                0x00015bf8       0x29 src/ASF/common/components/wifi/winc1500/driver/source/nmdrv.o
                                 0x49 (size before relaxing)
 *fill*         0x00015c21        0x3 
 .rodata.spi_cmd
                0x00015c24       0x3c src/ASF/common/components/wifi/winc1500/driver/source/nmspi.o
 .rodata.spi_data_read.cst2
                0x00015c60        0x2 src/ASF/common/components/wifi/winc1500/driver/source/nmspi.o
 .rodata.spi_write_reg.cst1
                0x00015c62        0x2 src/ASF/common/components/wifi/winc1500/driver/source/nmspi.o
 .rodata.spi_read_reg.cst1
                0x00015c64        0x2 src/ASF/common/components/wifi/winc1500/driver/source/nmspi.o
 .rodata.nm_spi_write_block.cst2
                0x00015c66        0x2 src/ASF/common/components/wifi/winc1500/driver/source/nmspi.o
 *fill*         0x00015c66        0x2 
 .rodata.__FUNCTION__.12253
                0x00015c68        0x8 src/ASF/common/components/wifi/winc1500/driver/source/nmspi.o
 .rodata.__FUNCTION__.12260
                0x00015c70        0xd src/ASF/common/components/wifi/winc1500/driver/source/nmspi.o
 *fill*         0x00015c7d        0x3 
 .rodata.__FUNCTION__.12269
                0x00015c80        0xc src/ASF/common/components/wifi/winc1500/driver/source/nmspi.o
 .rodata.__FUNCTION__.12285
                0x00015c8c        0xe src/ASF/common/components/wifi/winc1500/driver/source/nmspi.o
 *fill*         0x00015c9a        0x2 
 .rodata.__FUNCTION__.12300
                0x00015c9c        0xf src/ASF/common/components/wifi/winc1500/driver/source/nmspi.o
 *fill*         0x00015cab        0x1 
 .rodata.__FUNCTION__.12312
                0x00015cac        0xe src/ASF/common/components/wifi/winc1500/driver/source/nmspi.o
 *fill*         0x00015cba        0x2 
 .rodata.__FUNCTION__.12323
                0x00015cbc        0xd src/ASF/common/components/wifi/winc1500/driver/source/nmspi.o
 *fill*         0x00015cc9        0x3 
 .rodata.__FUNCTION__.12335
                0x00015ccc        0xd src/ASF/common/components/wifi/winc1500/driver/source/nmspi.o
 *fill*         0x00015cd9        0x3 
 .rodata.__FUNCTION__.12348
                0x00015cdc        0xc src/ASF/common/components/wifi/winc1500/driver/source/nmspi.o
 .rodata.__FUNCTION__.12369
                0x00015ce8        0xc src/ASF/common/components/wifi/winc1500/driver/source/nmspi.o
 .rodata.crc7_syndrome_table
                0x00015cf4      0x100 src/ASF/common/components/wifi/winc1500/driver/source/nmspi.o
 .rodata.nm_spi_init.str1.4
                0x00015df4       0xd4 src/ASF/common/components/wifi/winc1500/driver/source/nmspi.o
 .rodata.nm_spi_read_block.str1.4
                0x00015ec8       0xab src/ASF/common/components/wifi/winc1500/driver/source/nmspi.o
 *fill*         0x00015f73        0x1 
 .rodata.nm_spi_write_block.str1.4
                0x00015f74      0x182 src/ASF/common/components/wifi/winc1500/driver/source/nmspi.o
 *fill*         0x000160f6        0x2 
 .rodata.spi_cmd.str1.4
                0x000160f8       0x2a src/ASF/common/components/wifi/winc1500/driver/source/nmspi.o
                                 0x3e (size before relaxing)
 *fill*         0x00016122        0x2 
 .rodata.spi_cmd_rsp.str1.4
                0x00016124       0x32 src/ASF/common/components/wifi/winc1500/driver/source/nmspi.o
 *fill*         0x00016156        0x2 
 .rodata.spi_data_read.str1.4
                0x00016158       0xc8 src/ASF/common/components/wifi/winc1500/driver/source/nmspi.o
 .rodata.spi_read_reg.str1.4
                0x00016220       0x98 src/ASF/common/components/wifi/winc1500/driver/source/nmspi.o
 .rodata.spi_write_reg.str1.4
                0x000162b8       0x80 src/ASF/common/components/wifi/winc1500/driver/source/nmspi.o
 .rodata.Socket_ReadSocketData.part.0.str1.4
                0x00016338       0x14 src/ASF/common/components/wifi/winc1500/socket/source/socket.o
                                 0x20 (size before relaxing)
 .rodata.close.str1.4
                0x0001634c       0x15 src/ASF/common/components/wifi/winc1500/socket/source/socket.o
 *fill*         0x00016361        0x3 
 .rodata.socket.str1.4
                0x00016364       0x1c src/ASF/common/components/wifi/winc1500/socket/source/socket.o
 .rodata.udc_process_setup.str1.4
                0x00016380        0x8 src/ASF/common/services/usb/udc/udc.o
 .rodata        0x00016388       0x18 src/ASF/sam0/drivers/sercom/sercom.o
 .rodata.system_clock_source_get_hz
                0x000163a0       0x24 src/ASF/sam0/drivers/system/clock/clock_samd21_r21_da_ha1/clock.o
 .rodata.usb_device_endpoint_set_config
                0x000163c4       0x14 src/ASF/sam0/drivers/usb/usb_sam_d_r/usb.o
 .rodata._usb_device_irq_bits
                0x000163d8        0xe src/ASF/sam0/drivers/usb/usb_sam_d_r/usb.o
 *fill*         0x000163e6        0x2 
 .rodata._usb_endpoint_irq_bits
                0x000163e8        0x4 src/ASF/sam0/drivers/usb/usb_sam_d_r/usb.o
 .rodata.follow_path.str1.4
                0x000163ec       0x10 src/ASF/thirdparty/fatfs/fatfs-r0.09/src/ff.o
                                  0xf (size before relaxing)
 .rodata._global_impure_ptr
                0x000163fc        0x4 c:/program files (x86)/atmel/studio/7.0/toolchain/arm/arm-gnu-toolchain/bin/../lib/gcc/arm-none-eabi/6.2.1/../../../../arm-none-eabi/lib/thumb/v6-m\libc_nano.a(lib_a-impure.o)
                0x000163fc                _global_impure_ptr
 .rodata.__sf_fake_stderr
                0x00016400       0x20 c:/program files (x86)/atmel/studio/7.0/toolchain/arm/arm-gnu-toolchain/bin/../lib/gcc/arm-none-eabi/6.2.1/../../../../arm-none-eabi/lib/thumb/v6-m\libc_nano.a(lib_a-findfp.o)
                0x00016400                __sf_fake_stderr
 .rodata.__sf_fake_stdin
                0x00016420       0x20 c:/program files (x86)/atmel/studio/7.0/toolchain/arm/arm-gnu-toolchain/bin/../lib/gcc/arm-none-eabi/6.2.1/../../../../arm-none-eabi/lib/thumb/v6-m\libc_nano.a(lib_a-findfp.o)
                0x00016420                __sf_fake_stdin
 .rodata.__sf_fake_stdout
                0x00016440       0x20 c:/program files (x86)/atmel/studio/7.0/toolchain/arm/arm-gnu-toolchain/bin/../lib/gcc/arm-none-eabi/6.2.1/../../../../arm-none-eabi/lib/thumb/v6-m\libc_nano.a(lib_a-findfp.o)
                0x00016440                __sf_fake_stdout
 .rodata._setlocale_r.str1.1
                0x00016460        0x8 c:/program files (x86)/atmel/studio/7.0/toolchain/arm/arm-gnu-toolchain/bin/../lib/gcc/arm-none-eabi/6.2.1/../../../../arm-none-eabi/lib/thumb/v6-m\libc_nano.a(lib_a-locale.o)
                                  0x9 (size before relaxing)
 .rodata.str1.1
                0x00016468        0x2 c:/program files (x86)/atmel/studio/7.0/toolchain/arm/arm-gnu-toolchain/bin/../lib/gcc/arm-none-eabi/6.2.1/../../../../arm-none-eabi/lib/thumb/v6-m\libc_nano.a(lib_a-locale.o)
 .rodata._svfprintf_r.str1.1
                0x0001646a       0x11 c:/program files (x86)/atmel/studio/7.0/toolchain/arm/arm-gnu-toolchain/bin/../lib/gcc/arm-none-eabi/6.2.1/../../../../arm-none-eabi/lib/thumb/v6-m\libc_nano.a(lib_a-nano-svfprintf.o)
 .rodata._vfprintf_r.str1.1
                0x0001647b       0x11 c:/program files (x86)/atmel/studio/7.0/toolchain/arm/arm-gnu-toolchain/bin/../lib/gcc/arm-none-eabi/6.2.1/../../../../arm-none-eabi/lib/thumb/v6-m\libc_nano.a(lib_a-nano-vfprintf.o)
 .rodata._printf_i.str1.1
                0x0001647b       0x22 c:/program files (x86)/atmel/studio/7.0/toolchain/arm/arm-gnu-toolchain/bin/../lib/gcc/arm-none-eabi/6.2.1/../../../../arm-none-eabi/lib/thumb/v6-m\libc_nano.a(lib_a-nano-vfprintf_i.o)
 .rodata._ctype_
                0x0001649d      0x101 c:/program files (x86)/atmel/studio/7.0/toolchain/arm/arm-gnu-toolchain/bin/../lib/gcc/arm-none-eabi/6.2.1/../../../../arm-none-eabi/lib/thumb/v6-m\libc_nano.a(lib_a-ctype_.o)
                0x0001649d                _ctype_
 *(.ARM.extab* .gnu.linkonce.armextab.*)
                0x000165a0                . = ALIGN (0x4)