Archive member included to satisfy reference by file (symbol)

c:/program files (x86)/atmel/studio/7.0/toolchain/arm/arm-gnu-toolchain/bin/../lib/gcc/arm-none-eabi/6.2.1/thumb/v6-m\libgcc.a(_thumb1_case_uqi.o)
                              src/ASF/common2/components/memory/sd_mmc/sd_mmc.o (__gnu_thumb1_case_uqi)
c:/program files (x86)/atmel/studio/7.0/toolchain/arm/arm-gnu-toolchain/bin/../lib/gcc/arm-none-eabi/6.2.1/thumb/v6-m\libgcc.a(_udivsi3.o)
                              src/ASF/common2/services/delay/sam0/systick_counter.o (__aeabi_uidiv)
c:/program files (x86)/atmel/studio/7.0/toolchain/arm/arm-gnu-toolchain/bin/../lib/gcc/arm-none-eabi/6.2.1/thumb/v6-m\libgcc.a(_dvmd_tls.o)
                              c:/program files (x86)/atmel/studio/7.0/toolchain/arm/arm-gnu-toolchain/bin/../lib/gcc/arm-none-eabi/6.2.1/thumb/v6-m\libgcc.a(_udivsi3.o) (__aeabi_idiv0)
c:/program files (x86)/atmel/studio/7.0/toolchain/arm/arm-gnu-toolchain/bin/../lib/gcc/arm-none-eabi/6.2.1/thumb/v6-m\libgcc.a(_muldi3.o)
                              src/ASF/sam0/drivers/sercom/sercom.o (__aeabi_lmul)
c:/program files (x86)/atmel/studio/7.0/toolchain/arm/arm-gnu-toolchain/bin/../lib/gcc/arm-none-eabi/6.2.1/../../../../arm-none-eabi/lib/thumb/v6-m\libc_nano.a(lib_a-exit.o)
                              c:/program files (x86)/atmel/studio/7.0/toolchain/arm/arm-gnu-toolchain/bin/../lib/gcc/arm-none-eabi/6.2.1/../../../../arm-none-eabi/lib/thumb/v6-m/crt0.o (exit)
c:/program files (x86)/atmel/studio/7.0/toolchain/arm/arm-gnu-toolchain/bin/../lib/gcc/arm-none-eabi/6.2.1/../../../../arm-none-eabi/lib/thumb/v6-m\libc_nano.a(lib_a-impure.o)
                              c:/program files (x86)/atmel/studio/7.0/toolchain/arm/arm-gnu-toolchain/bin/../lib/gcc/arm-none-eabi/6.2.1/../../../../arm-none-eabi/lib/thumb/v6-m\libc_nano.a(lib_a-exit.o) (_global_impure_ptr)
c:/program files (x86)/atmel/studio/7.0/toolchain/arm/arm-gnu-toolchain/bin/../lib/gcc/arm-none-eabi/6.2.1/../../../../arm-none-eabi/lib/thumb/v6-m\libc_nano.a(lib_a-init.o)
                              c:/program files (x86)/atmel/studio/7.0/toolchain/arm/arm-gnu-toolchain/bin/../lib/gcc/arm-none-eabi/6.2.1/../../../../arm-none-eabi/lib/thumb/v6-m/crt0.o (__libc_init_array)
c:/program files (x86)/atmel/studio/7.0/toolchain/arm/arm-gnu-toolchain/bin/../lib/gcc/arm-none-eabi/6.2.1/../../../../arm-none-eabi/lib/thumb/v6-m\libc_nano.a(lib_a-memcpy-stub.o)
                              src/ASF/sam0/services/eeprom/emulator/main_array/eeprom.o (memcpy)
c:/program files (x86)/atmel/studio/7.0/toolchain/arm/arm-gnu-toolchain/bin/../lib/gcc/arm-none-eabi/6.2.1/../../../../arm-none-eabi/lib/thumb/v6-m\libc_nano.a(lib_a-memset.o)
                              c:/program files (x86)/atmel/studio/7.0/toolchain/arm/arm-gnu-toolchain/bin/../lib/gcc/arm-none-eabi/6.2.1/../../../../arm-none-eabi/lib/thumb/v6-m/crt0.o (memset)

Allocating common symbols
Common symbol       size              file

dummy_write         0x2               src/ASF/sam0/drivers/sercom/spi/spi_interrupt.o
_sercom_instances   0x18              src/ASF/sam0/drivers/sercom/sercom_interrupt.o
_extint_dev         0x40              src/ASF/sam0/drivers/extint/extint_sam_d_r_h/extint.o
_current_channel    0x1               src/ASF/sam0/drivers/extint/extint_callback.o
sleepmgr_locks      0x5               src/ASF/common/services/sleepmgr/samd/sleepmgr.o

Discarded input sections

 .text          0x00000000        0x0 c:/program files (x86)/atmel/studio/7.0/toolchain/arm/arm-gnu-toolchain/bin/../lib/gcc/arm-none-eabi/6.2.1/thumb/v6-m/crtfastmath.o
 .data          0x00000000        0x0 c:/program files (x86)/atmel/studio/7.0/toolchain/arm/arm-gnu-toolchain/bin/../lib/gcc/arm-none-eabi/6.2.1/thumb/v6-m/crtfastmath.o
 .bss           0x00000000        0x0 c:/program files (x86)/atmel/studio/7.0/toolchain/arm/arm-gnu-toolchain/bin/../lib/gcc/arm-none-eabi/6.2.1/thumb/v6-m/crtfastmath.o
 .ARM.attributes
                0x00000000       0x2c c:/program files (x86)/atmel/studio/7.0/toolchain/arm/arm-gnu-toolchain/bin/../lib/gcc/arm-none-eabi/6.2.1/thumb/v6-m/crtfastmath.o
 .text          0x00000000        0x0 c:/program files (x86)/atmel/studio/7.0/toolchain/arm/arm-gnu-toolchain/bin/../lib/gcc/arm-none-eabi/6.2.1/thumb/v6-m/crti.o
 .data          0x00000000        0x0 c:/program files (x86)/atmel/studio/7.0/toolchain/arm/arm-gnu-toolchain/bin/../lib/gcc/arm-none-eabi/6.2.1/thumb/v6-m/crti.o
 .bss           0x00000000        0x0 c:/program files (x86)/atmel/studio/7.0/toolchain/arm/arm-gnu-toolchain/bin/../lib/gcc/arm-none-eabi/6.2.1/thumb/v6-m/crti.o
 .data          0x00000000        0x4 c:/program files (x86)/atmel/studio/7.0/toolchain/arm/arm-gnu-toolchain/bin/../lib/gcc/arm-none-eabi/6.2.1/thumb/v6-m/crtbegin.o
 .text          0x00000000       0x78 c:/program files (x86)/atmel/studio/7.0/toolchain/arm/arm-gnu-toolchain/bin/../lib/gcc/arm-none-eabi/6.2.1/../../../../arm-none-eabi/lib/thumb/v6-m/crt0.o
[...]
Memory Configuration

Name             Origin             Length             Attributes
rom              0x00000000         0x00040000         xr
ram              0x20000000         0x00008000         xrw
*default*        0x00000000         0xffffffff

Linker script and memory map

LOAD c:/program files (x86)/atmel/studio/7.0/toolchain/arm/arm-gnu-toolchain/bin/../lib/gcc/arm-none-eabi/6.2.1/thumb/v6-m/crtfastmath.o
LOAD c:/program files (x86)/atmel/studio/7.0/toolchain/arm/arm-gnu-toolchain/bin/../lib/gcc/arm-none-eabi/6.2.1/thumb/v6-m/crti.o
LOAD c:/program files (x86)/atmel/studio/7.0/toolchain/arm/arm-gnu-toolchain/bin/../lib/gcc/arm-none-eabi/6.2.1/thumb/v6-m/crtbegin.o
LOAD c:/program files (x86)/atmel/studio/7.0/toolchain/arm/arm-gnu-toolchain/bin/../lib/gcc/arm-none-eabi/6.2.1/../../../../arm-none-eabi/lib/thumb/v6-m/crt0.o
LOAD src/ASF/common2/components/memory/sd_mmc/sd_mmc.o
LOAD src/ASF/common2/components/memory/sd_mmc/sd_mmc_mem.o
LOAD src/ASF/sam0/drivers/extint/extint_sam_d_r_h/extint.o
LOAD src/ASF/sam0/drivers/pac/pac_sam_d_r_h/pac.o
LOAD src/ASF/sam0/drivers/sercom/sercom.o
LOAD src/ASF/sam0/drivers/sercom/spi/spi.o
LOAD src/ASF/sam0/drivers/sercom/spi/spi_interrupt.o
LOAD src/ASF/sam0/drivers/sercom/sercom_interrupt.o
LOAD src/ASF/sam0/drivers/extint/extint_callback.o
LOAD src/ASF/sam0/drivers/bod/bod_sam_d_r_h/bod.o
LOAD src/ASF/common2/services/delay/sam0/systick_counter.o
LOAD src/ASF/common2/components/memory/sd_mmc/sd_mmc_spi.o
LOAD src/ASF/common/services/sleepmgr/samd/sleepmgr.o
LOAD src/ASF/common/services/storage/ctrl_access/ctrl_access.o
LOAD src/ASF/sam0/drivers/dsu/crc32/crc32.o
LOAD src/ASF/sam0/drivers/nvm/nvm.o
LOAD src/ASF/sam0/drivers/port/port.o
LOAD src/ASF/sam0/services/eeprom/emulator/main_array/eeprom.o
LOAD src/ASF/common2/boards/user_board/init.o
LOAD src/ASF/common/utils/interrupt/interrupt_sam_nvic.o
LOAD src/ASF/sam0/drivers/system/clock/clock_samd21_r21_da_ha1/clock.o
LOAD src/ASF/sam0/drivers/system/clock/clock_samd21_r21_da_ha1/gclk.o
LOAD src/ASF/sam0/drivers/system/interrupt/system_interrupt.o
LOAD src/ASF/sam0/drivers/system/pinmux/pinmux.o
LOAD src/ASF/sam0/drivers/system/system.o
LOAD src/ASF/sam0/utils/cmsis/samd21/source/gcc/startup_samd21.o
LOAD src/ASF/sam0/utils/cmsis/samd21/source/system_samd21.o
LOAD src/ASF/sam0/utils/syscalls/gcc/syscalls.o
LOAD src/main.o
START GROUP
LOAD ../src/ASF/thirdparty/CMSIS/Lib/GCC\libarm_cortexM0l_math.a
LOAD c:/program files (x86)/atmel/studio/7.0/toolchain/arm/arm-gnu-toolchain/bin/../lib/gcc/arm-none-eabi/6.2.1/../../../../arm-none-eabi/lib/thumb/v6-m\libm.a
END GROUP
START GROUP
LOAD c:/program files (x86)/atmel/studio/7.0/toolchain/arm/arm-gnu-toolchain/bin/../lib/gcc/arm-none-eabi/6.2.1/thumb/v6-m\libgcc.a
LOAD c:/program files (x86)/atmel/studio/7.0/toolchain/arm/arm-gnu-toolchain/bin/../lib/gcc/arm-none-eabi/6.2.1/../../../../arm-none-eabi/lib/thumb/v6-m\libc_nano.a
END GROUP
START GROUP
LOAD c:/program files (x86)/atmel/studio/7.0/toolchain/arm/arm-gnu-toolchain/bin/../lib/gcc/arm-none-eabi/6.2.1/thumb/v6-m\libgcc.a
LOAD c:/program files (x86)/atmel/studio/7.0/toolchain/arm/arm-gnu-toolchain/bin/../lib/gcc/arm-none-eabi/6.2.1/../../../../arm-none-eabi/lib/thumb/v6-m\libc_nano.a
END GROUP
LOAD c:/program files (x86)/atmel/studio/7.0/toolchain/arm/arm-gnu-toolchain/bin/../lib/gcc/arm-none-eabi/6.2.1/thumb/v6-m/crtend.o
LOAD c:/program files (x86)/atmel/studio/7.0/toolchain/arm/arm-gnu-toolchain/bin/../lib/gcc/arm-none-eabi/6.2.1/thumb/v6-m/crtn.o
                0x00002000                STACK_SIZE = DEFINED (STACK_SIZE)?STACK_SIZE:DEFINED (__stack_size__)?__stack_size__:0x2000

.text           0x00000000     0x1284
                0x00000000                . = ALIGN (0x4)
                0x00000000                _sfixed = .
 *(.vectors .vectors.*)
 .vectors       0x00000000       0xb4 src/ASF/sam0/utils/cmsis/samd21/source/gcc/startup_samd21.o
                0x00000000                exception_table
 *(.text .text.* .gnu.linkonce.t.*)
 .text          0x000000b4       0x60 c:/program files (x86)/atmel/studio/7.0/toolchain/arm/arm-gnu-toolchain/bin/../lib/gcc/arm-none-eabi/6.2.1/thumb/v6-m/crtbegin.o
 .text._extint_enable
                0x00000114       0x18 src/ASF/sam0/drivers/extint/extint_sam_d_r_h/extint.o
 .text._system_extint_init
                0x0000012c       0x80 src/ASF/sam0/drivers/extint/extint_sam_d_r_h/extint.o
                0x0000012c                _system_extint_init
 .text.SERCOM0_Handler
                0x000001ac       0x14 src/ASF/sam0/drivers/sercom/sercom_interrupt.o
                0x000001ac                SERCOM0_Handler
 .text.SERCOM1_Handler
                0x000001c0       0x14 src/ASF/sam0/drivers/sercom/sercom_interrupt.o
                0x000001c0                SERCOM1_Handler
 .text.SERCOM2_Handler
                0x000001d4       0x14 src/ASF/sam0/drivers/sercom/sercom_interrupt.o
                0x000001d4                SERCOM2_Handler
 .text.SERCOM3_Handler
                0x000001e8       0x14 src/ASF/sam0/drivers/sercom/sercom_interrupt.o
                0x000001e8                SERCOM3_Handler
 .text.SERCOM4_Handler
                0x000001fc       0x14 src/ASF/sam0/drivers/sercom/sercom_interrupt.o
                0x000001fc                SERCOM4_Handler
 .text.SERCOM5_Handler
                0x00000210       0x14 src/ASF/sam0/drivers/sercom/sercom_interrupt.o
                0x00000210                SERCOM5_Handler
 .text.EIC_Handler
                0x00000224       0x70 src/ASF/sam0/drivers/extint/extint_callback.o
                0x00000224                EIC_Handler
 .text.delay_init
                0x00000294       0x58 src/ASF/common2/services/delay/sam0/systick_counter.o
                0x00000294                delay_init
 .text.delay_cycles_ms
                0x000002ec       0x30 src/ASF/common2/services/delay/sam0/systick_counter.o
                0x000002ec                delay_cycles_ms
 .text.port_pin_set_config
                0x0000031c       0x30 src/ASF/sam0/drivers/port/port.o
                0x0000031c                port_pin_set_config
 .text.system_board_init
                0x0000034c      0x168 src/ASF/common2/boards/user_board/init.o
                0x0000034c                board_init
                0x0000034c                system_board_init
 .text.cpu_irq_enter_critical
                0x000004b4       0x64 src/ASF/common/utils/interrupt/interrupt_sam_nvic.o
                0x000004b4                cpu_irq_enter_critical
 .text.cpu_irq_leave_critical
                0x00000518       0x48 src/ASF/common/utils/interrupt/interrupt_sam_nvic.o
                0x00000518                cpu_irq_leave_critical
 .text.system_clock_source_get_hz
                0x00000560       0xc0 src/ASF/sam0/drivers/system/clock/clock_samd21_r21_da_ha1/clock.o
                0x00000560                system_clock_source_get_hz
 .text.system_clock_source_osc8m_set_config
                0x00000620       0x3c src/ASF/sam0/drivers/system/clock/clock_samd21_r21_da_ha1/clock.o
                0x00000620                system_clock_source_osc8m_set_config
 .text.system_clock_source_xosc32k_set_config
                0x0000065c       0xbc src/ASF/sam0/drivers/system/clock/clock_samd21_r21_da_ha1/clock.o
                0x0000065c                system_clock_source_xosc32k_set_config
 .text.system_clock_source_dfll_set_config
                0x00000718       0x90 src/ASF/sam0/drivers/system/clock/clock_samd21_r21_da_ha1/clock.o
                0x00000718                system_clock_source_dfll_set_config
 .text.system_clock_source_enable
                0x000007a8       0xbc src/ASF/sam0/drivers/system/clock/clock_samd21_r21_da_ha1/clock.o
                0x000007a8                system_clock_source_enable
 .text.system_clock_source_is_ready
                0x00000864       0x58 src/ASF/sam0/drivers/system/clock/clock_samd21_r21_da_ha1/clock.o
                0x00000864                system_clock_source_is_ready
 .text.system_clock_init
                0x000008bc      0x1d8 src/ASF/sam0/drivers/system/clock/clock_samd21_r21_da_ha1/clock.o
                0x000008bc                system_clock_init
 .text.system_gclk_init
                0x00000a94       0x24 src/ASF/sam0/drivers/system/clock/clock_samd21_r21_da_ha1/gclk.o
                0x00000a94                system_gclk_init
 .text.system_gclk_gen_set_config
                0x00000ab8       0xcc src/ASF/sam0/drivers/system/clock/clock_samd21_r21_da_ha1/gclk.o
                0x00000ab8                system_gclk_gen_set_config
 .text.system_gclk_gen_enable
                0x00000b84       0x58 src/ASF/sam0/drivers/system/clock/clock_samd21_r21_da_ha1/gclk.o
                0x00000b84                system_gclk_gen_enable
 .text.system_gclk_gen_get_hz
                0x00000bdc       0xa8 src/ASF/sam0/drivers/system/clock/clock_samd21_r21_da_ha1/gclk.o
                0x00000bdc                system_gclk_gen_get_hz
 .text.system_gclk_chan_enable
                0x00000c84       0x44 src/ASF/sam0/drivers/system/clock/clock_samd21_r21_da_ha1/gclk.o
                0x00000c84                system_gclk_chan_enable
 .text.system_gclk_chan_disable
                0x00000cc8       0x70 src/ASF/sam0/drivers/system/clock/clock_samd21_r21_da_ha1/gclk.o
                0x00000cc8                system_gclk_chan_disable
 .text.system_gclk_chan_set_config
                0x00000d38       0x2c src/ASF/sam0/drivers/system/clock/clock_samd21_r21_da_ha1/gclk.o
                0x00000d38                system_gclk_chan_set_config
 .text.system_gclk_chan_get_hz
                0x00000d64       0x4c src/ASF/sam0/drivers/system/clock/clock_samd21_r21_da_ha1/gclk.o
                0x00000d64                system_gclk_chan_get_hz
 .text._system_pinmux_config
                0x00000db0       0xa8 src/ASF/sam0/drivers/system/pinmux/pinmux.o
 .text.system_pinmux_pin_set_config
                0x00000e58       0x30 src/ASF/sam0/drivers/system/pinmux/pinmux.o
                0x00000e58                system_pinmux_pin_set_config
 .text._system_dummy_init
                0x00000e88        0x2 src/ASF/sam0/drivers/system/system.o
                0x00000e88                _system_events_init
                0x00000e88                _system_dummy_init
                0x00000e88                _system_divas_init
 *fill*         0x00000e8a        0x2 
 .text.system_init
                0x00000e8c       0x4c src/ASF/sam0/drivers/system/system.o
                0x00000e8c                system_init
 .text.Dummy_Handler
                0x00000ed8        0x2 src/ASF/sam0/utils/cmsis/samd21/source/gcc/startup_samd21.o
                0x00000ed8                DMAC_Handler
                0x00000ed8                HardFault_Handler
                0x00000ed8                AC_Handler
                0x00000ed8                SysTick_Handler
                0x00000ed8                PendSV_Handler
                0x00000ed8                NMI_Handler
                0x00000ed8                ADC_Handler
                0x00000ed8                TCC1_Handler
                0x00000ed8                TCC0_Handler
                0x00000ed8                RTC_Handler
                0x00000ed8                WDT_Handler
                0x00000ed8                TC4_Handler
                0x00000ed8                USB_Handler
                0x00000ed8                TC3_Handler
                0x00000ed8                Dummy_Handler
                0x00000ed8                PM_Handler
                0x00000ed8                SVC_Handler
                0x00000ed8                TCC2_Handler
                0x00000ed8                EVSYS_Handler
                0x00000ed8                I2S_Handler
                0x00000ed8                NVMCTRL_Handler
                0x00000ed8                DAC_Handler
                0x00000ed8                PTC_Handler
                0x00000ed8                TC5_Handler
                0x00000ed8                SYSCTRL_Handler
 *fill*         0x00000eda        0x2 
 .text.Reset_Handler
                0x00000edc      0x140 src/ASF/sam0/utils/cmsis/samd21/source/gcc/startup_samd21.o
                0x00000edc                Reset_Handler
 .text.main     0x0000101c       0xd4 src/main.o
                0x0000101c                main
 .text          0x000010f0       0x14 c:/program files (x86)/atmel/studio/7.0/toolchain/arm/arm-gnu-toolchain/bin/../lib/gcc/arm-none-eabi/6.2.1/thumb/v6-m\libgcc.a(_thumb1_case_uqi.o)
                0x000010f0                __gnu_thumb1_case_uqi
 .text          0x00001104      0x114 c:/program files (x86)/atmel/studio/7.0/toolchain/arm/arm-gnu-toolchain/bin/../lib/gcc/arm-none-eabi/6.2.1/thumb/v6-m\libgcc.a(_udivsi3.o)
                0x00001104                __aeabi_uidiv
                0x00001104                __udivsi3
                0x00001210                __aeabi_uidivmod
 .text          0x00001218        0x4 c:/program files (x86)/atmel/studio/7.0/toolchain/arm/arm-gnu-toolchain/bin/../lib/gcc/arm-none-eabi/6.2.1/thumb/v6-m\libgcc.a(_dvmd_tls.o)
                0x00001218                __aeabi_idiv0
                0x00001218                __aeabi_ldiv0
 .text.__libc_init_array
                0x0000121c       0x48 c:/program files (x86)/atmel/studio/7.0/toolchain/arm/arm-gnu-toolchain/bin/../lib/gcc/arm-none-eabi/6.2.1/../../../../arm-none-eabi/lib/thumb/v6-m\libc_nano.a(lib_a-init.o)
                0x0000121c                __libc_init_array
 *(.glue_7t)
 .glue_7t       0x00001264        0x0 linker stubs
 *(.glue_7)
 .glue_7        0x00001264        0x0 linker stubs
 *(.rodata .rodata* .gnu.linkonce.r.*)
 *(.ARM.extab* .gnu.linkonce.armextab.*)
                0x00001264                . = ALIGN (0x4)
 *(.init)
 .init          0x00001264        0x4 c:/program files (x86)/atmel/studio/7.0/toolchain/arm/arm-gnu-toolchain/bin/../lib/gcc/arm-none-eabi/6.2.1/thumb/v6-m/crti.o
                0x00001264                _init
 .init          0x00001268        0x8 c:/program files (x86)/atmel/studio/7.0/toolchain/arm/arm-gnu-toolchain/bin/../lib/gcc/arm-none-eabi/6.2.1/thumb/v6-m/crtn.o
                0x00001270                . = ALIGN (0x4)
                0x00001270                __preinit_array_start = .
 *(.preinit_array)
                0x00001270                __preinit_array_end = .
                0x00001270                . = ALIGN (0x4)
                0x00001270                __init_array_start = .
 *(SORT(.init_array.*))
 *(.init_array)
 .init_array    0x00001270        0x4 c:/program files (x86)/atmel/studio/7.0/toolchain/arm/arm-gnu-toolchain/bin/../lib/gcc/arm-none-eabi/6.2.1/thumb/v6-m/crtbegin.o
                0x00001274                __init_array_end = .
                0x00001274                . = ALIGN (0x4)
 *crtbegin.o(.ctors)
 *(EXCLUDE_FILE(*crtend.o) .ctors)
 *(SORT(.ctors.*))
 *crtend.o(.ctors)
                0x00001274                . = ALIGN (0x4)
 *(.fini)
 .fini          0x00001274        0x4 c:/program files (x86)/atmel/studio/7.0/toolchain/arm/arm-gnu-toolchain/bin/../lib/gcc/arm-none-eabi/6.2.1/thumb/v6-m/crti.o
                0x00001274                _fini
 .fini          0x00001278        0x8 c:/program files (x86)/atmel/studio/7.0/toolchain/arm/arm-gnu-toolchain/bin/../lib/gcc/arm-none-eabi/6.2.1/thumb/v6-m/crtn.o
                0x00001280                . = ALIGN (0x4)
                0x00001280                __fini_array_start = .
 *(.fini_array)
 .fini_array    0x00001280        0x4 c:/program files (x86)/atmel/studio/7.0/toolchain/arm/arm-gnu-toolchain/bin/../lib/gcc/arm-none-eabi/6.2.1/thumb/v6-m/crtbegin.o
 *(SORT(.fini_array.*))
                0x00001284                __fini_array_end = .
 *crtbegin.o(.dtors)
 *(EXCLUDE_FILE(*crtend.o) .dtors)
 *(SORT(.dtors.*))
 *crtend.o(.dtors)
                0x00001284                . = ALIGN (0x4)
                0x00001284                _efixed = .
                [!provide]                PROVIDE (__exidx_start, .)

.vfp11_veneer   0x00001284        0x0
 .vfp11_veneer  0x00001284        0x0 linker stubs

.v4_bx          0x00001284        0x0
 .v4_bx         0x00001284        0x0 linker stubs

.iplt           0x00001284        0x0
 .iplt          0x00001284        0x0 c:/program files (x86)/atmel/studio/7.0/toolchain/arm/arm-gnu-toolchain/bin/../lib/gcc/arm-none-eabi/6.2.1/thumb/v6-m/crtbegin.o

.eh_frame       0x00001284        0x0
 .eh_frame      0x00001284        0x0 c:/program files (x86)/atmel/studio/7.0/toolchain/arm/arm-gnu-toolchain/bin/../lib/gcc/arm-none-eabi/6.2.1/thumb/v6-m/crtbegin.o

.rel.dyn        0x00001284        0x0
 .rel.iplt      0x00001284        0x0 c:/program files (x86)/atmel/studio/7.0/toolchain/arm/arm-gnu-toolchain/bin/../lib/gcc/arm-none-eabi/6.2.1/thumb/v6-m/crtbegin.o
 .rel.got       0x00001284        0x0 c:/program files (x86)/atmel/studio/7.0/toolchain/arm/arm-gnu-toolchain/bin/../lib/gcc/arm-none-eabi/6.2.1/thumb/v6-m/crtbegin.o

.jcr            0x00001284        0x0
 .jcr           0x00001284        0x0 c:/program files (x86)/atmel/studio/7.0/toolchain/arm/arm-gnu-toolchain/bin/../lib/gcc/arm-none-eabi/6.2.1/thumb/v6-m/crtbegin.o

.igot.plt       0x00001284        0x0
 .igot.plt      0x00001284        0x0 c:/program files (x86)/atmel/studio/7.0/toolchain/arm/arm-gnu-toolchain/bin/../lib/gcc/arm-none-eabi/6.2.1/thumb/v6-m/crtbegin.o

.got            0x00001284       0x98
 .got           0x00001284       0x98 c:/program files (x86)/atmel/studio/7.0/toolchain/arm/arm-gnu-toolchain/bin/../lib/gcc/arm-none-eabi/6.2.1/thumb/v6-m/crtbegin.o

.got.plt        0x0000131c        0xc
 .got.plt       0x0000131c        0xc c:/program files (x86)/atmel/studio/7.0/toolchain/arm/arm-gnu-toolchain/bin/../lib/gcc/arm-none-eabi/6.2.1/thumb/v6-m/crtbegin.o
                0x0000131c                _GLOBAL_OFFSET_TABLE_

.ARM.exidx
 *(.ARM.exidx* .gnu.linkonce.armexidx.*)
                [!provide]                PROVIDE (__exidx_end, .)
                0x00001328                . = ALIGN (0x4)
                0x00001328                _etext = .

.relocate       0x20000000        0xc load address 0x00001328
                0x20000000                . = ALIGN (0x4)
                0x20000000                _srelocate = .
 *(.ramfunc .ramfunc.*)
 *(.data .data.*)
 .data.cycles_per_ms
                0x20000000        0x4 src/ASF/common2/services/delay/sam0/systick_counter.o
 .data.cycles_per_us
                0x20000004        0x4 src/ASF/common2/services/delay/sam0/systick_counter.o
 .data.g_interrupt_enabled
                0x20000008        0x1 src/ASF/common/utils/interrupt/interrupt_sam_nvic.o
                0x20000008                g_interrupt_enabled
                0x2000000c                . = ALIGN (0x4)
 *fill*         0x20000009        0x3 
                0x2000000c                _erelocate = .

.bss            0x2000000c       0x98 load address 0x00001334
                0x2000000c                . = ALIGN (0x4)
                0x2000000c                _sbss = .
                0x2000000c                _szero = .
 *(.bss .bss.*)
 .bss           0x2000000c       0x1c c:/program files (x86)/atmel/studio/7.0/toolchain/arm/arm-gnu-toolchain/bin/../lib/gcc/arm-none-eabi/6.2.1/thumb/v6-m/crtbegin.o
 .bss._sercom_interrupt_handlers
                0x20000028       0x18 src/ASF/sam0/drivers/sercom/sercom_interrupt.o
 .bss.cpu_irq_critical_section_counter
                0x20000040        0x4 src/ASF/common/utils/interrupt/interrupt_sam_nvic.o
 .bss.cpu_irq_prev_interrupt_state
                0x20000044        0x1 src/ASF/common/utils/interrupt/interrupt_sam_nvic.o
 *fill*         0x20000045        0x3 
 .bss._system_clock_inst
                0x20000048       0x18 src/ASF/sam0/drivers/system/clock/clock_samd21_r21_da_ha1/clock.o
 *(COMMON)
 COMMON         0x20000060       0x40 src/ASF/sam0/drivers/extint/extint_sam_d_r_h/extint.o
                0x20000060                _extint_dev
 COMMON         0x200000a0        0x1 src/ASF/sam0/drivers/extint/extint_callback.o
                0x200000a0                _current_channel
                0x200000a4                . = ALIGN (0x4)
 *fill*         0x200000a1        0x3 
                0x200000a4                _ebss = .
                0x200000a4                _ezero = .

.stack          0x200000a4     0x2004 load address 0x000013cc
                0x200000a8                . = ALIGN (0x8)
 *fill*         0x200000a4        0x4 
                0x200000a8                _sstack = .
                0x200020a8                . = (. + STACK_SIZE)
 *fill*         0x200000a8     0x2000 
                0x200020a8                . = ALIGN (0x8)
                0x200020a8                _estack = .
                0x200020a8                . = ALIGN (0x4)
                0x200020a8                _end = .
OUTPUT(Bootloader_1.elf elf32-littlearm)

.ARM.attributes
                0x00000000       0x2a
 .ARM.attributes
                0x00000000       0x1e c:/program files (x86)/atmel/studio/7.0/toolchain/arm/arm-gnu-toolchain/bin/../lib/gcc/arm-none-eabi/6.2.1/thumb/v6-m/crti.o
 .ARM.attributes
                0x0000001e       0x2c c:/program files (x86)/atmel/studio/7.0/toolchain/arm/arm-gnu-toolchain/bin/../lib/gcc/arm-none-eabi/6.2.1/thumb/v6-m/crtbegin.o
 .ARM.attributes
                0x0000004a       0x2e src/ASF/sam0/drivers/extint/extint_sam_d_r_h/extint.o
 .ARM.attributes
                0x00000078       0x2e src/ASF/sam0/drivers/sercom/sercom_interrupt.o
 .ARM.attributes
                0x000000a6       0x2e src/ASF/sam0/drivers/extint/extint_callback.o
 .ARM.attributes
                0x000000d4       0x2e src/ASF/common2/services/delay/sam0/systick_counter.o
 .ARM.attributes
                0x00000102       0x2e src/ASF/sam0/drivers/port/port.o
 .ARM.attributes
                0x00000130       0x2e src/ASF/common2/boards/user_board/init.o
 .ARM.attributes
                0x0000015e       0x2e src/ASF/common/utils/interrupt/interrupt_sam_nvic.o
 .ARM.attributes
                0x0000018c       0x2e src/ASF/sam0/drivers/system/clock/clock_samd21_r21_da_ha1/clock.o
 .ARM.attributes
                0x000001ba       0x2e src/ASF/sam0/drivers/system/clock/clock_samd21_r21_da_ha1/gclk.o
 .ARM.attributes
                0x000001e8       0x2e src/ASF/sam0/drivers/system/pinmux/pinmux.o
 .ARM.attributes
                0x00000216       0x2e src/ASF/sam0/drivers/system/system.o
 .ARM.attributes
                0x00000244       0x2e src/ASF/sam0/utils/cmsis/samd21/source/gcc/startup_samd21.o
 .ARM.attributes
                0x00000272       0x2e src/main.o
 .ARM.attributes
                0x000002a0       0x1e c:/program files (x86)/atmel/studio/7.0/toolchain/arm/arm-gnu-toolchain/bin/../lib/gcc/arm-none-eabi/6.2.1/thumb/v6-m\libgcc.a(_thumb1_case_uqi.o)
 .ARM.attributes
                0x000002be       0x1e c:/program files (x86)/atmel/studio/7.0/toolchain/arm/arm-gnu-toolchain/bin/../lib/gcc/arm-none-eabi/6.2.1/thumb/v6-m\libgcc.a(_udivsi3.o)
 .ARM.attributes
                0x000002dc       0x1e c:/program files (x86)/atmel/studio/7.0/toolchain/arm/arm-gnu-toolchain/bin/../lib/gcc/arm-none-eabi/6.2.1/thumb/v6-m\libgcc.a(_dvmd_tls.o)
 .ARM.attributes
                0x000002fa       0x2c c:/program files (x86)/atmel/studio/7.0/toolchain/arm/arm-gnu-toolchain/bin/../lib/gcc/arm-none-eabi/6.2.1/../../../../arm-none-eabi/lib/thumb/v6-m\libc_nano.a(lib_a-init.o)
 .ARM.attributes
                0x00000326       0x1e c:/program files (x86)/atmel/studio/7.0/toolchain/arm/arm-gnu-toolchain/bin/../lib/gcc/arm-none-eabi/6.2.1/thumb/v6-m/crtn.o

.comment        0x00000000       0x59
 .comment       0x00000000       0x59 src/ASF/sam0/drivers/extint/extint_sam_d_r_h/extint.o
                                 0x5a (size before relaxing)
 .comment       0x00000059       0x5a src/ASF/sam0/drivers/sercom/sercom_interrupt.o
 .comment       0x00000059       0x5a src/ASF/sam0/drivers/extint/extint_callback.o
 .comment       0x00000059       0x5a src/ASF/common2/services/delay/sam0/systick_counter.o
 .comment       0x00000059       0x5a src/ASF/sam0/drivers/port/port.o
 .comment       0x00000059       0x5a src/ASF/common2/boards/user_board/init.o
 .comment       0x00000059       0x5a src/ASF/common/utils/interrupt/interrupt_sam_nvic.o
 .comment       0x00000059       0x5a src/ASF/sam0/drivers/system/clock/clock_samd21_r21_da_ha1/clock.o
 .comment       0x00000059       0x5a src/ASF/sam0/drivers/system/clock/clock_samd21_r21_da_ha1/gclk.o
 .comment       0x00000059       0x5a src/ASF/sam0/drivers/system/pinmux/pinmux.o
 .comment       0x00000059       0x5a src/ASF/sam0/drivers/system/system.o
 .comment       0x00000059       0x5a src/ASF/sam0/utils/cmsis/samd21/source/gcc/startup_samd21.o
 .comment       0x00000059       0x5a src/main.o

.debug_info     0x00000000    0x18129
 .debug_info    0x00000000     0x2ae1 src/ASF/sam0/drivers/extint/extint_sam_d_r_h/extint.o
 .debug_info    0x00002ae1     0x2bc2 src/ASF/sam0/drivers/sercom/sercom_interrupt.o
 .debug_info    0x000056a3     0x199a src/ASF/sam0/drivers/extint/extint_callback.o
 .debug_info    0x0000703d      0xb7d src/ASF/common2/services/delay/sam0/systick_counter.o
 .debug_info    0x00007bba     0x12a6 src/ASF/sam0/drivers/port/port.o
 .debug_info    0x00008e60      0xf1c src/ASF/common2/boards/user_board/init.o
 .debug_info    0x00009d7c      0xaf9 src/ASF/common/utils/interrupt/interrupt_sam_nvic.o
 .debug_info    0x0000a875     0x39ee src/ASF/sam0/drivers/system/clock/clock_samd21_r21_da_ha1/clock.o
 .debug_info    0x0000e263     0x1ec1 src/ASF/sam0/drivers/system/clock/clock_samd21_r21_da_ha1/gclk.o
 .debug_info    0x00010124     0x13e5 src/ASF/sam0/drivers/system/pinmux/pinmux.o
 .debug_info    0x00011509      0xa63 src/ASF/sam0/drivers/system/system.o
 .debug_info    0x00011f6c     0x3a45 src/ASF/sam0/utils/cmsis/samd21/source/gcc/startup_samd21.o
 .debug_info    0x000159b1     0x2778 src/main.o

.debug_abbrev   0x00000000     0x2790
 .debug_abbrev  0x00000000      0x4a4 src/ASF/sam0/drivers/extint/extint_sam_d_r_h/extint.o
 .debug_abbrev  0x000004a4      0x2d5 src/ASF/sam0/drivers/sercom/sercom_interrupt.o
 .debug_abbrev  0x00000779      0x34c src/ASF/sam0/drivers/extint/extint_callback.o
 .debug_abbrev  0x00000ac5      0x248 src/ASF/common2/services/delay/sam0/systick_counter.o
 .debug_abbrev  0x00000d0d      0x295 src/ASF/sam0/drivers/port/port.o
 .debug_abbrev  0x00000fa2      0x242 src/ASF/common2/boards/user_board/init.o
 .debug_abbrev  0x000011e4      0x229 src/ASF/common/utils/interrupt/interrupt_sam_nvic.o
 .debug_abbrev  0x0000140d      0x449 src/ASF/sam0/drivers/system/clock/clock_samd21_r21_da_ha1/clock.o
 .debug_abbrev  0x00001856      0x3f1 src/ASF/sam0/drivers/system/clock/clock_samd21_r21_da_ha1/gclk.o
 .debug_abbrev  0x00001c47      0x378 src/ASF/sam0/drivers/system/pinmux/pinmux.o
 .debug_abbrev  0x00001fbf      0x1de src/ASF/sam0/drivers/system/system.o
 .debug_abbrev  0x0000219d      0x231 src/ASF/sam0/utils/cmsis/samd21/source/gcc/startup_samd21.o
 .debug_abbrev  0x000023ce      0x3c2 src/main.o

.debug_loc      0x00000000     0x2852
 .debug_loc     0x00000000      0x41d src/ASF/sam0/drivers/extint/extint_sam_d_r_h/extint.o
 .debug_loc     0x0000041d      0x161 src/ASF/sam0/drivers/sercom/sercom_interrupt.o
 .debug_loc     0x0000057e      0x33b src/ASF/sam0/drivers/extint/extint_callback.o
 .debug_loc     0x000008b9       0xf0 src/ASF/common2/services/delay/sam0/systick_counter.o
 .debug_loc     0x000009a9      0x13d src/ASF/sam0/drivers/port/port.o
 .debug_loc     0x00000ae6       0x58 src/ASF/common2/boards/user_board/init.o
 .debug_loc     0x00000b3e       0x40 src/ASF/common/utils/interrupt/interrupt_sam_nvic.o
 .debug_loc     0x00000b7e     0x123c src/ASF/sam0/drivers/system/clock/clock_samd21_r21_da_ha1/clock.o
 .debug_loc     0x00001dba      0x57d src/ASF/sam0/drivers/system/clock/clock_samd21_r21_da_ha1/gclk.o
 .debug_loc     0x00002337      0x36d src/ASF/sam0/drivers/system/pinmux/pinmux.o
 .debug_loc     0x000026a4       0x2c src/ASF/sam0/drivers/system/system.o
 .debug_loc     0x000026d0       0x4c src/ASF/sam0/utils/cmsis/samd21/source/gcc/startup_samd21.o
 .debug_loc     0x0000271c      0x136 src/main.o

.debug_aranges  0x00000000      0x340
 .debug_aranges
                0x00000000       0x50 src/ASF/sam0/drivers/extint/extint_sam_d_r_h/extint.o
 .debug_aranges
                0x00000050       0x60 src/ASF/sam0/drivers/sercom/sercom_interrupt.o
 .debug_aranges
                0x000000b0       0x48 src/ASF/sam0/drivers/extint/extint_callback.o
 .debug_aranges
                0x000000f8       0x30 src/ASF/common2/services/delay/sam0/systick_counter.o
 .debug_aranges
                0x00000128       0x28 src/ASF/sam0/drivers/port/port.o
 .debug_aranges
                0x00000150       0x20 src/ASF/common2/boards/user_board/init.o
 .debug_aranges
                0x00000170       0x28 src/ASF/common/utils/interrupt/interrupt_sam_nvic.o
 .debug_aranges
                0x00000198       0x78 src/ASF/sam0/drivers/system/clock/clock_samd21_r21_da_ha1/clock.o
 .debug_aranges
                0x00000210       0x80 src/ASF/sam0/drivers/system/clock/clock_samd21_r21_da_ha1/gclk.o
 .debug_aranges
                0x00000290       0x40 src/ASF/sam0/drivers/system/pinmux/pinmux.o
 .debug_aranges
                0x000002d0       0x28 src/ASF/sam0/drivers/system/system.o
 .debug_aranges
                0x000002f8       0x28 src/ASF/sam0/utils/cmsis/samd21/source/gcc/startup_samd21.o
 .debug_aranges
                0x00000320       0x20 src/main.o

.debug_ranges   0x00000000      0x368
 .debug_ranges  0x00000000       0x40 src/ASF/sam0/drivers/extint/extint_sam_d_r_h/extint.o
 .debug_ranges  0x00000040       0x50 src/ASF/sam0/drivers/sercom/sercom_interrupt.o
 .debug_ranges  0x00000090       0x88 src/ASF/sam0/drivers/extint/extint_callback.o
 .debug_ranges  0x00000118       0x50 src/ASF/common2/services/delay/sam0/systick_counter.o
 .debug_ranges  0x00000168       0x18 src/ASF/sam0/drivers/port/port.o
 .debug_ranges  0x00000180       0x10 src/ASF/common2/boards/user_board/init.o
 .debug_ranges  0x00000190       0x18 src/ASF/common/utils/interrupt/interrupt_sam_nvic.o
 .debug_ranges  0x000001a8       0x68 src/ASF/sam0/drivers/system/clock/clock_samd21_r21_da_ha1/clock.o
 .debug_ranges  0x00000210       0x88 src/ASF/sam0/drivers/system/clock/clock_samd21_r21_da_ha1/gclk.o
 .debug_ranges  0x00000298       0x30 src/ASF/sam0/drivers/system/pinmux/pinmux.o
 .debug_ranges  0x000002c8       0x18 src/ASF/sam0/drivers/system/system.o
 .debug_ranges  0x000002e0       0x18 src/ASF/sam0/utils/cmsis/samd21/source/gcc/startup_samd21.o
 .debug_ranges  0x000002f8       0x70 src/main.o

.debug_line     0x00000000     0x3a8b
 .debug_line    0x00000000      0x649 src/ASF/sam0/drivers/extint/extint_sam_d_r_h/extint.o
 .debug_line    0x00000649      0x48a src/ASF/sam0/drivers/sercom/sercom_interrupt.o
 .debug_line    0x00000ad3      0x456 src/ASF/sam0/drivers/extint/extint_callback.o
 .debug_line    0x00000f29      0x3c1 src/ASF/common2/services/delay/sam0/systick_counter.o
 .debug_line    0x000012ea      0x3c4 src/ASF/sam0/drivers/port/port.o
 .debug_line    0x000016ae      0x3e1 src/ASF/common2/boards/user_board/init.o
 .debug_line    0x00001a8f      0x365 src/ASF/common/utils/interrupt/interrupt_sam_nvic.o
 .debug_line    0x00001df4      0x679 src/ASF/sam0/drivers/system/clock/clock_samd21_r21_da_ha1/clock.o
 .debug_line    0x0000246d      0x6de src/ASF/sam0/drivers/system/clock/clock_samd21_r21_da_ha1/gclk.o
 .debug_line    0x00002b4b      0x411 src/ASF/sam0/drivers/system/pinmux/pinmux.o
 .debug_line    0x00002f5c      0x2f9 src/ASF/sam0/drivers/system/system.o
 .debug_line    0x00003255      0x291 src/ASF/sam0/utils/cmsis/samd21/source/gcc/startup_samd21.o
 .debug_line    0x000034e6      0x5a5 src/main.o

.debug_str      0x00000000     0x53f6
 .debug_str     0x00000000     0x1a10 src/ASF/sam0/drivers/extint/extint_sam_d_r_h/extint.o
                               0x1b1c (size before relaxing)
 .debug_str     0x00001a10      0x756 src/ASF/sam0/drivers/sercom/sercom_interrupt.o
                               0x144d (size before relaxing)
 .debug_str     0x00002166      0x131 src/ASF/sam0/drivers/extint/extint_callback.o
                                0xef0 (size before relaxing)
 .debug_str     0x00002297       0xbc src/ASF/common2/services/delay/sam0/systick_counter.o
                                0x799 (size before relaxing)
 .debug_str     0x00002353      0x273 src/ASF/sam0/drivers/port/port.o
                                0xb0f (size before relaxing)
 .debug_str     0x000025c6       0x66 src/ASF/common2/boards/user_board/init.o
                                0x84d (size before relaxing)
 .debug_str     0x0000262c       0x94 src/ASF/common/utils/interrupt/interrupt_sam_nvic.o
                                0x773 (size before relaxing)
 .debug_str     0x000026c0     0x1657 src/ASF/sam0/drivers/system/clock/clock_samd21_r21_da_ha1/clock.o
                               0x2516 (size before relaxing)
 .debug_str     0x00003d17      0x212 src/ASF/sam0/drivers/system/clock/clock_samd21_r21_da_ha1/gclk.o
                               0x123e (size before relaxing)
 .debug_str     0x00003f29      0x1c1 src/ASF/sam0/drivers/system/pinmux/pinmux.o
                                0xbc0 (size before relaxing)
 .debug_str     0x000040ea       0x47 src/ASF/sam0/drivers/system/system.o
                                0x71f (size before relaxing)
 .debug_str     0x00004131      0xf1a src/ASF/sam0/utils/cmsis/samd21/source/gcc/startup_samd21.o
                               0x13f8 (size before relaxing)
 .debug_str     0x0000504b      0x3ab src/main.o
                               0x1307 (size before relaxing)

.debug_frame    0x00000000      0x7e0
 .debug_frame   0x00000000       0xbc src/ASF/sam0/drivers/extint/extint_sam_d_r_h/extint.o
 .debug_frame   0x000000bc       0xec src/ASF/sam0/drivers/sercom/sercom_interrupt.o
 .debug_frame   0x000001a8       0x9c src/ASF/sam0/drivers/extint/extint_callback.o
 .debug_frame   0x00000244       0x64 src/ASF/common2/services/delay/sam0/systick_counter.o
 .debug_frame   0x000002a8       0x48 src/ASF/sam0/drivers/port/port.o
 .debug_frame   0x000002f0       0x38 src/ASF/common2/boards/user_board/init.o
 .debug_frame   0x00000328       0x38 src/ASF/common/utils/interrupt/interrupt_sam_nvic.o
 .debug_frame   0x00000360      0x170 src/ASF/sam0/drivers/system/clock/clock_samd21_r21_da_ha1/clock.o
 .debug_frame   0x000004d0      0x178 src/ASF/sam0/drivers/system/clock/clock_samd21_r21_da_ha1/gclk.o
 .debug_frame   0x00000648       0x98 src/ASF/sam0/drivers/system/pinmux/pinmux.o
 .debug_frame   0x000006e0       0x3c src/ASF/sam0/drivers/system/system.o
 .debug_frame   0x0000071c       0x40 src/ASF/sam0/utils/cmsis/samd21/source/gcc/startup_samd21.o
 .debug_frame   0x0000075c       0x38 src/main.o
 .debug_frame   0x00000794       0x20 c:/program files (x86)/atmel/studio/7.0/toolchain/arm/arm-gnu-toolchain/bin/../lib/gcc/arm-none-eabi/6.2.1/thumb/v6-m\libgcc.a(_udivsi3.o)
 .debug_frame   0x000007b4       0x2c c:/program files (x86)/atmel/studio/7.0/toolchain/arm/arm-gnu-toolchain/bin/../lib/gcc/arm-none-eabi/6.2.1/../../../../arm-none-eabi/lib/thumb/v6-m\libc_nano.a(lib_a-init.o)

Cross Reference Table

Symbol                                            File
AC_Handler                                        src/ASF/sam0/utils/cmsis/samd21/source/gcc/startup_samd21.o
ADC_Handler                                       src/ASF/sam0/utils/cmsis/samd21/source/gcc/startup_samd21.o
DAC_Handler                                       src/ASF/sam0/utils/cmsis/samd21/source/gcc/startup_samd21.o
DMAC_Handler                                      src/ASF/sam0/utils/cmsis/samd21/source/gcc/startup_samd21.o
Dummy_Handler                                     src/ASF/sam0/utils/cmsis/samd21/source/gcc/startup_samd21.o
EIC_Handler                                       src/ASF/sam0/drivers/extint/extint_callback.o
EVSYS_Handler                                     src/ASF/sam0/utils/cmsis/samd21/source/gcc/startup_samd21.o
HardFault_Handler                                 src/ASF/sam0/utils/cmsis/samd21/source/gcc/startup_samd21.o
I2S_Handler                                       src/ASF/sam0/utils/cmsis/samd21/source/gcc/startup_samd21.o
NMI_Handler                                       src/ASF/sam0/utils/cmsis/samd21/source/gcc/startup_samd21.o
NVMCTRL_Handler                                   src/ASF/sam0/utils/cmsis/samd21/source/gcc/startup_samd21.o
PM_Handler                                        src/ASF/sam0/utils/cmsis/samd21/source/gcc/startup_samd21.o
PTC_Handler                                       src/ASF/sam0/utils/cmsis/samd21/source/gcc/startup_samd21.o
PendSV_Handler                                    src/ASF/sam0/utils/cmsis/samd21/source/gcc/startup_samd21.o
RTC_Handler                                       src/ASF/sam0/utils/cmsis/samd21/source/gcc/startup_samd21.o
Reset_Handler                                     src/ASF/sam0/utils/cmsis/samd21/source/gcc/startup_samd21.o
SERCOM0_Handler                                   src/ASF/sam0/drivers/sercom/sercom_interrupt.o
SERCOM1_Handler                                   src/ASF/sam0/drivers/sercom/sercom_interrupt.o
SERCOM2_Handler                                   src/ASF/sam0/drivers/sercom/sercom_interrupt.o
SERCOM3_Handler                                   src/ASF/sam0/drivers/sercom/sercom_interrupt.o
SERCOM4_Handler                                   src/ASF/sam0/drivers/sercom/sercom_interrupt.o
SERCOM5_Handler                                   src/ASF/sam0/drivers/sercom/sercom_interrupt.o
SVC_Handler                                       src/ASF/sam0/utils/cmsis/samd21/source/gcc/startup_samd21.o
SYSCTRL_Handler                                   src/ASF/sam0/utils/cmsis/samd21/source/gcc/startup_samd21.o
SysTick_Handler                                   src/ASF/sam0/utils/cmsis/samd21/source/gcc/startup_samd21.o
SystemCoreClock                                   src/ASF/sam0/utils/cmsis/samd21/source/system_samd21.o
SystemCoreClockUpdate                             src/ASF/sam0/utils/cmsis/samd21/source/system_samd21.o
SystemInit                                        src/ASF/sam0/utils/cmsis/samd21/source/system_samd21.o
TC3_Handler                                       src/ASF/sam0/utils/cmsis/samd21/source/gcc/startup_samd21.o
TC4_Handler                                       src/ASF/sam0/utils/cmsis/samd21/source/gcc/startup_samd21.o
TC5_Handler                                       src/ASF/sam0/utils/cmsis/samd21/source/gcc/startup_samd21.o
TCC0_Handler                                      src/ASF/sam0/utils/cmsis/samd21/source/gcc/startup_samd21.o
TCC1_Handler                                      src/ASF/sam0/utils/cmsis/samd21/source/gcc/startup_samd21.o
TCC2_Handler                                      src/ASF/sam0/utils/cmsis/samd21/source/gcc/startup_samd21.o
USB_Handler                                       src/ASF/sam0/utils/cmsis/samd21/source/gcc/startup_samd21.o
WDT_Handler                                       src/ASF/sam0/utils/cmsis/samd21/source/gcc/startup_samd21.o
_GLOBAL_OFFSET_TABLE_                             c:/program files (x86)/atmel/studio/7.0/toolchain/arm/arm-gnu-toolchain/bin/../lib/gcc/arm-none-eabi/6.2.1/thumb/v6-m/crtbegin.o
                                                  src/main.o
                                                  src/ASF/sam0/utils/syscalls/gcc/syscalls.o
                                                  src/ASF/sam0/utils/cmsis/samd21/source/system_samd21.o
                                                  src/ASF/sam0/utils/cmsis/samd21/source/gcc/startup_samd21.o
                                                  src/ASF/sam0/drivers/system/system.o
                                                  src/ASF/sam0/drivers/system/clock/clock_samd21_r21_da_ha1/gclk.o
                                                  src/ASF/sam0/drivers/system/clock/clock_samd21_r21_da_ha1/clock.o
                                                  src/ASF/common/utils/interrupt/interrupt_sam_nvic.o
                                                  src/ASF/common2/boards/user_board/init.o
                                                  src/ASF/sam0/services/eeprom/emulator/main_array/eeprom.o
                                                  src/ASF/sam0/drivers/port/port.o
                                                  src/ASF/sam0/drivers/nvm/nvm.o
                                                  src/ASF/sam0/drivers/dsu/crc32/crc32.o
                                                  src/ASF/common2/components/memory/sd_mmc/sd_mmc_spi.o
                                                  src/ASF/common2/services/delay/sam0/systick_counter.o
                                                  src/ASF/sam0/drivers/extint/extint_callback.o
                                                  src/ASF/sam0/drivers/sercom/sercom_interrupt.o
                                                  src/ASF/sam0/drivers/sercom/spi/spi_interrupt.o
                                                  src/ASF/sam0/drivers/sercom/spi/spi.o
                                                  src/ASF/sam0/drivers/sercom/sercom.o
                                                  src/ASF/sam0/drivers/extint/extint_sam_d_r_h/extint.o
                                                  src/ASF/common2/components/memory/sd_mmc/sd_mmc_mem.o
                                                  src/ASF/common2/components/memory/sd_mmc/sd_mmc.o
_Jv_RegisterClasses                               c:/program files (x86)/atmel/studio/7.0/toolchain/arm/arm-gnu-toolchain/bin/../lib/gcc/arm-none-eabi/6.2.1/thumb/v6-m/crtbegin.o
__aeabi_idiv0                                     c:/program files (x86)/atmel/studio/7.0/toolchain/arm/arm-gnu-toolchain/bin/../lib/gcc/arm-none-eabi/6.2.1/thumb/v6-m\libgcc.a(_dvmd_tls.o)
                                                  c:/program files (x86)/atmel/studio/7.0/toolchain/arm/arm-gnu-toolchain/bin/../lib/gcc/arm-none-eabi/6.2.1/thumb/v6-m\libgcc.a(_udivsi3.o)
__aeabi_ldiv0                                     c:/program files (x86)/atmel/studio/7.0/toolchain/arm/arm-gnu-toolchain/bin/../lib/gcc/arm-none-eabi/6.2.1/thumb/v6-m\libgcc.a(_dvmd_tls.o)
__aeabi_lmul                                      c:/program files (x86)/atmel/studio/7.0/toolchain/arm/arm-gnu-toolchain/bin/../lib/gcc/arm-none-eabi/6.2.1/thumb/v6-m\libgcc.a(_muldi3.o)
                                                  src/ASF/sam0/drivers/sercom/sercom.o
__aeabi_uidiv                                     c:/program files (x86)/atmel/studio/7.0/toolchain/arm/arm-gnu-toolchain/bin/../lib/gcc/arm-none-eabi/6.2.1/thumb/v6-m\libgcc.a(_udivsi3.o)
                                                  src/ASF/sam0/drivers/system/clock/clock_samd21_r21_da_ha1/gclk.o
                                                  src/ASF/sam0/drivers/system/clock/clock_samd21_r21_da_ha1/clock.o
                                                  src/ASF/sam0/services/eeprom/emulator/main_array/eeprom.o
                                                  src/ASF/sam0/drivers/nvm/nvm.o
                                                  src/ASF/common2/components/memory/sd_mmc/sd_mmc_spi.o
                                                  src/ASF/common2/services/delay/sam0/systick_counter.o
__aeabi_uidivmod                                  c:/program files (x86)/atmel/studio/7.0/toolchain/arm/arm-gnu-toolchain/bin/../lib/gcc/arm-none-eabi/6.2.1/thumb/v6-m\libgcc.a(_udivsi3.o)
                                                  src/ASF/sam0/services/eeprom/emulator/main_array/eeprom.o
                                                  src/ASF/sam0/drivers/nvm/nvm.o
                                                  src/ASF/common2/components/memory/sd_mmc/sd_mmc_spi.o
__bss_end__                                       c:/program files (x86)/atmel/studio/7.0/toolchain/arm/arm-gnu-toolchain/bin/../lib/gcc/arm-none-eabi/6.2.1/../../../../arm-none-eabi/lib/thumb/v6-m/crt0.o
__bss_start__                                     c:/program files (x86)/atmel/studio/7.0/toolchain/arm/arm-gnu-toolchain/bin/../lib/gcc/arm-none-eabi/6.2.1/../../../../arm-none-eabi/lib/thumb/v6-m/crt0.o
__call_exitprocs                                  c:/program files (x86)/atmel/studio/7.0/toolchain/arm/arm-gnu-toolchain/bin/../lib/gcc/arm-none-eabi/6.2.1/../../../../arm-none-eabi/lib/thumb/v6-m\libc_nano.a(lib_a-exit.o)
__deregister_frame_info                           c:/program files (x86)/atmel/studio/7.0/toolchain/arm/arm-gnu-toolchain/bin/../lib/gcc/arm-none-eabi/6.2.1/thumb/v6-m/crtbegin.o
__dso_handle                                      c:/program files (x86)/atmel/studio/7.0/toolchain/arm/arm-gnu-toolchain/bin/../lib/gcc/arm-none-eabi/6.2.1/thumb/v6-m/crtbegin.o
__gnu_thumb1_case_uqi                             c:/program files (x86)/atmel/studio/7.0/toolchain/arm/arm-gnu-toolchain/bin/../lib/gcc/arm-none-eabi/6.2.1/thumb/v6-m\libgcc.a(_thumb1_case_uqi.o)
                                                  src/ASF/sam0/drivers/system/clock/clock_samd21_r21_da_ha1/clock.o
                                                  src/ASF/sam0/drivers/nvm/nvm.o
                                                  src/ASF/sam0/drivers/sercom/sercom.o
                                                  src/ASF/common2/components/memory/sd_mmc/sd_mmc.o
__init_array_end                                  c:/program files (x86)/atmel/studio/7.0/toolchain/arm/arm-gnu-toolchain/bin/../lib/gcc/arm-none-eabi/6.2.1/../../../../arm-none-eabi/lib/thumb/v6-m\libc_nano.a(lib_a-init.o)
__init_array_start                                c:/program files (x86)/atmel/studio/7.0/toolchain/arm/arm-gnu-toolchain/bin/../lib/gcc/arm-none-eabi/6.2.1/../../../../arm-none-eabi/lib/thumb/v6-m\libc_nano.a(lib_a-init.o)
__libc_fini_array                                 c:/program files (x86)/atmel/studio/7.0/toolchain/arm/arm-gnu-toolchain/bin/../lib/gcc/arm-none-eabi/6.2.1/../../../../arm-none-eabi/lib/thumb/v6-m/crt0.o
__libc_init_array                                 c:/program files (x86)/atmel/studio/7.0/toolchain/arm/arm-gnu-toolchain/bin/../lib/gcc/arm-none-eabi/6.2.1/../../../../arm-none-eabi/lib/thumb/v6-m\libc_nano.a(lib_a-init.o)
                                                  src/ASF/sam0/utils/cmsis/samd21/source/gcc/startup_samd21.o
                                                  c:/program files (x86)/atmel/studio/7.0/toolchain/arm/arm-gnu-toolchain/bin/../lib/gcc/arm-none-eabi/6.2.1/../../../../arm-none-eabi/lib/thumb/v6-m/crt0.o
__muldi3                                          c:/program files (x86)/atmel/studio/7.0/toolchain/arm/arm-gnu-toolchain/bin/../lib/gcc/arm-none-eabi/6.2.1/thumb/v6-m\libgcc.a(_muldi3.o)
__preinit_array_end                               c:/program files (x86)/atmel/studio/7.0/toolchain/arm/arm-gnu-toolchain/bin/../lib/gcc/arm-none-eabi/6.2.1/../../../../arm-none-eabi/lib/thumb/v6-m\libc_nano.a(lib_a-init.o)
__preinit_array_start                             c:/program files (x86)/atmel/studio/7.0/toolchain/arm/arm-gnu-toolchain/bin/../lib/gcc/arm-none-eabi/6.2.1/../../../../arm-none-eabi/lib/thumb/v6-m\libc_nano.a(lib_a-init.o)
__register_frame_info                             c:/program files (x86)/atmel/studio/7.0/toolchain/arm/arm-gnu-toolchain/bin/../lib/gcc/arm-none-eabi/6.2.1/thumb/v6-m/crtbegin.o
__sf_fake_stderr                                  c:/program files (x86)/atmel/studio/7.0/toolchain/arm/arm-gnu-toolchain/bin/../lib/gcc/arm-none-eabi/6.2.1/../../../../arm-none-eabi/lib/thumb/v6-m\libc_nano.a(lib_a-impure.o)
__sf_fake_stdin                                   c:/program files (x86)/atmel/studio/7.0/toolchain/arm/arm-gnu-toolchain/bin/../lib/gcc/arm-none-eabi/6.2.1/../../../../arm-none-eabi/lib/thumb/v6-m\libc_nano.a(lib_a-impure.o)
__sf_fake_stdout                                  c:/program files (x86)/atmel/studio/7.0/toolchain/arm/arm-gnu-toolchain/bin/../lib/gcc/arm-none-eabi/6.2.1/../../../../arm-none-eabi/lib/thumb/v6-m\libc_nano.a(lib_a-impure.o)
__stack                                           c:/program files (x86)/atmel/studio/7.0/toolchain/arm/arm-gnu-toolchain/bin/../lib/gcc/arm-none-eabi/6.2.1/../../../../arm-none-eabi/lib/thumb/v6-m/crt0.o
__udivsi3                                         c:/program files (x86)/atmel/studio/7.0/toolchain/arm/arm-gnu-toolchain/bin/../lib/gcc/arm-none-eabi/6.2.1/thumb/v6-m\libgcc.a(_udivsi3.o)
_close                                            src/ASF/sam0/utils/syscalls/gcc/syscalls.o
_current_channel                                  src/ASF/sam0/drivers/extint/extint_callback.o
_end                                              src/ASF/sam0/utils/syscalls/gcc/syscalls.o
_erelocate                                        src/ASF/sam0/utils/cmsis/samd21/source/gcc/startup_samd21.o
_estack                                           src/ASF/sam0/utils/cmsis/samd21/source/gcc/startup_samd21.o
_etext                                            src/ASF/sam0/utils/cmsis/samd21/source/gcc/startup_samd21.o
_exit                                             src/ASF/sam0/utils/syscalls/gcc/syscalls.o
                                                  c:/program files (x86)/atmel/studio/7.0/toolchain/arm/arm-gnu-toolchain/bin/../lib/gcc/arm-none-eabi/6.2.1/../../../../arm-none-eabi/lib/thumb/v6-m\libc_nano.a(lib_a-exit.o)
_extint_dev                                       src/ASF/sam0/drivers/extint/extint_sam_d_r_h/extint.o
                                                  src/ASF/sam0/drivers/extint/extint_callback.o
_ezero                                            src/ASF/sam0/utils/cmsis/samd21/source/gcc/startup_samd21.o
_fini                                             c:/program files (x86)/atmel/studio/7.0/toolchain/arm/arm-gnu-toolchain/bin/../lib/gcc/arm-none-eabi/6.2.1/thumb/v6-m/crti.o
_fstat                                            src/ASF/sam0/utils/syscalls/gcc/syscalls.o
_getpid                                           src/ASF/sam0/utils/syscalls/gcc/syscalls.o
_global_impure_ptr                                c:/program files (x86)/atmel/studio/7.0/toolchain/arm/arm-gnu-toolchain/bin/../lib/gcc/arm-none-eabi/6.2.1/../../../../arm-none-eabi/lib/thumb/v6-m\libc_nano.a(lib_a-impure.o)
                                                  c:/program files (x86)/atmel/studio/7.0/toolchain/arm/arm-gnu-toolchain/bin/../lib/gcc/arm-none-eabi/6.2.1/../../../../arm-none-eabi/lib/thumb/v6-m\libc_nano.a(lib_a-exit.o)
_impure_ptr                                       c:/program files (x86)/atmel/studio/7.0/toolchain/arm/arm-gnu-toolchain/bin/../lib/gcc/arm-none-eabi/6.2.1/../../../../arm-none-eabi/lib/thumb/v6-m\libc_nano.a(lib_a-impure.o)
_init                                             c:/program files (x86)/atmel/studio/7.0/toolchain/arm/arm-gnu-toolchain/bin/../lib/gcc/arm-none-eabi/6.2.1/thumb/v6-m/crti.o
                                                  c:/program files (x86)/atmel/studio/7.0/toolchain/arm/arm-gnu-toolchain/bin/../lib/gcc/arm-none-eabi/6.2.1/../../../../arm-none-eabi/lib/thumb/v6-m\libc_nano.a(lib_a-init.o)
_isatty                                           src/ASF/sam0/utils/syscalls/gcc/syscalls.o
_kill                                             src/ASF/sam0/utils/syscalls/gcc/syscalls.o
_lseek                                            src/ASF/sam0/utils/syscalls/gcc/syscalls.o
_mainCRTStartup                                   c:/program files (x86)/atmel/studio/7.0/toolchain/arm/arm-gnu-toolchain/bin/../lib/gcc/arm-none-eabi/6.2.1/../../../../arm-none-eabi/lib/thumb/v6-m/crt0.o
_sbrk                                             src/ASF/sam0/utils/syscalls/gcc/syscalls.o
_sercom_get_async_baud_val                        src/ASF/sam0/drivers/sercom/sercom.o
_sercom_get_default_pad                           src/ASF/sam0/drivers/sercom/sercom.o
                                                  src/ASF/sam0/drivers/sercom/spi/spi.o
_sercom_get_interrupt_vector                      src/ASF/sam0/drivers/sercom/sercom_interrupt.o
                                                  src/ASF/common2/components/memory/sd_mmc/sd_mmc_spi.o
                                                  src/ASF/sam0/drivers/sercom/spi/spi.o
_sercom_get_sercom_inst_index                     src/ASF/sam0/drivers/sercom/sercom.o
                                                  src/ASF/sam0/drivers/sercom/sercom_interrupt.o
                                                  src/ASF/sam0/drivers/sercom/spi/spi.o
_sercom_get_sync_baud_val                         src/ASF/sam0/drivers/sercom/sercom.o
                                                  src/ASF/sam0/drivers/sercom/spi/spi.o
_sercom_instances                                 src/ASF/sam0/drivers/sercom/sercom_interrupt.o
                                                  src/ASF/sam0/drivers/sercom/spi/spi_interrupt.o
                                                  src/ASF/sam0/drivers/sercom/spi/spi.o
_sercom_set_handler                               src/ASF/sam0/drivers/sercom/sercom_interrupt.o
                                                  src/ASF/sam0/drivers/sercom/spi/spi.o
_sfixed                                           src/ASF/sam0/utils/cmsis/samd21/source/gcc/startup_samd21.o
_spi_interrupt_handler                            src/ASF/sam0/drivers/sercom/spi/spi_interrupt.o
                                                  src/ASF/sam0/drivers/sercom/spi/spi.o
_srelocate                                        src/ASF/sam0/utils/cmsis/samd21/source/gcc/startup_samd21.o
_start                                            c:/program files (x86)/atmel/studio/7.0/toolchain/arm/arm-gnu-toolchain/bin/../lib/gcc/arm-none-eabi/6.2.1/../../../../arm-none-eabi/lib/thumb/v6-m/crt0.o
_system_divas_init                                src/ASF/sam0/drivers/system/system.o
_system_dummy_init                                src/ASF/sam0/drivers/system/system.o
_system_events_init                               src/ASF/sam0/drivers/system/system.o
_system_extint_init                               src/ASF/sam0/drivers/extint/extint_sam_d_r_h/extint.o
_szero                                            src/ASF/sam0/utils/cmsis/samd21/source/gcc/startup_samd21.o
atexit                                            c:/program files (x86)/atmel/studio/7.0/toolchain/arm/arm-gnu-toolchain/bin/../lib/gcc/arm-none-eabi/6.2.1/../../../../arm-none-eabi/lib/thumb/v6-m/crt0.o
board_init                                        src/ASF/common2/boards/user_board/init.o
bod_set_config                                    src/ASF/sam0/drivers/bod/bod_sam_d_r_h/bod.o
cpu_irq_enter_critical                            src/ASF/common/utils/interrupt/interrupt_sam_nvic.o
                                                  src/ASF/sam0/drivers/system/clock/clock_samd21_r21_da_ha1/gclk.o
                                                  src/ASF/sam0/drivers/nvm/nvm.o
cpu_irq_leave_critical                            src/ASF/common/utils/interrupt/interrupt_sam_nvic.o
                                                  src/ASF/sam0/drivers/system/clock/clock_samd21_r21_da_ha1/gclk.o
                                                  src/ASF/sam0/drivers/nvm/nvm.o
delay_cycles_ms                                   src/ASF/common2/services/delay/sam0/systick_counter.o
                                                  src/main.o
delay_cycles_us                                   src/ASF/common2/services/delay/sam0/systick_counter.o
delay_init                                        src/ASF/common2/services/delay/sam0/systick_counter.o
                                                  src/ASF/common2/boards/user_board/init.o
dsu_crc32_cal                                     src/ASF/sam0/drivers/dsu/crc32/crc32.o
dummy_write                                       src/ASF/sam0/drivers/sercom/spi/spi_interrupt.o
eeprom_emulator_commit_page_buffer                src/ASF/sam0/services/eeprom/emulator/main_array/eeprom.o
eeprom_emulator_erase_memory                      src/ASF/sam0/services/eeprom/emulator/main_array/eeprom.o
eeprom_emulator_get_parameters                    src/ASF/sam0/services/eeprom/emulator/main_array/eeprom.o
eeprom_emulator_init                              src/ASF/sam0/services/eeprom/emulator/main_array/eeprom.o
eeprom_emulator_read_buffer                       src/ASF/sam0/services/eeprom/emulator/main_array/eeprom.o
eeprom_emulator_read_page                         src/ASF/sam0/services/eeprom/emulator/main_array/eeprom.o
eeprom_emulator_write_buffer                      src/ASF/sam0/services/eeprom/emulator/main_array/eeprom.o
eeprom_emulator_write_page                        src/ASF/sam0/services/eeprom/emulator/main_array/eeprom.o
exception_table                                   src/ASF/sam0/utils/cmsis/samd21/source/gcc/startup_samd21.o
exit                                              c:/program files (x86)/atmel/studio/7.0/toolchain/arm/arm-gnu-toolchain/bin/../lib/gcc/arm-none-eabi/6.2.1/../../../../arm-none-eabi/lib/thumb/v6-m\libc_nano.a(lib_a-exit.o)
                                                  c:/program files (x86)/atmel/studio/7.0/toolchain/arm/arm-gnu-toolchain/bin/../lib/gcc/arm-none-eabi/6.2.1/../../../../arm-none-eabi/lib/thumb/v6-m/crt0.o
extint_chan_disable_callback                      src/ASF/sam0/drivers/extint/extint_callback.o
extint_chan_enable_callback                       src/ASF/sam0/drivers/extint/extint_callback.o
extint_chan_get_config_defaults                   src/ASF/sam0/drivers/extint/extint_sam_d_r_h/extint.o
extint_chan_set_config                            src/ASF/sam0/drivers/extint/extint_sam_d_r_h/extint.o
extint_disable_events                             src/ASF/sam0/drivers/extint/extint_sam_d_r_h/extint.o
extint_enable_events                              src/ASF/sam0/drivers/extint/extint_sam_d_r_h/extint.o
extint_get_current_channel                        src/ASF/sam0/drivers/extint/extint_callback.o
extint_nmi_set_config                             src/ASF/sam0/drivers/extint/extint_sam_d_r_h/extint.o
extint_register_callback                          src/ASF/sam0/drivers/extint/extint_callback.o
extint_unregister_callback                        src/ASF/sam0/drivers/extint/extint_callback.o
g_interrupt_enabled                               src/ASF/common/utils/interrupt/interrupt_sam_nvic.o
                                                  src/main.o
                                                  src/ASF/sam0/drivers/dsu/crc32/crc32.o
get_cur_lun                                       src/ASF/common/services/storage/ctrl_access/ctrl_access.o
get_nb_lun                                        src/ASF/common/services/storage/ctrl_access/ctrl_access.o
hardware_init_hook                                c:/program files (x86)/atmel/studio/7.0/toolchain/arm/arm-gnu-toolchain/bin/../lib/gcc/arm-none-eabi/6.2.1/../../../../arm-none-eabi/lib/thumb/v6-m/crt0.o
link                                              src/ASF/sam0/utils/syscalls/gcc/syscalls.o
main                                              src/main.o
                                                  src/ASF/sam0/utils/cmsis/samd21/source/gcc/startup_samd21.o
                                                  c:/program files (x86)/atmel/studio/7.0/toolchain/arm/arm-gnu-toolchain/bin/../lib/gcc/arm-none-eabi/6.2.1/../../../../arm-none-eabi/lib/thumb/v6-m/crt0.o
mem_name                                          src/ASF/common/services/storage/ctrl_access/ctrl_access.o
mem_read_capacity                                 src/ASF/common/services/storage/ctrl_access/ctrl_access.o
mem_removal                                       src/ASF/common/services/storage/ctrl_access/ctrl_access.o
mem_sector_size                                   src/ASF/common/services/storage/ctrl_access/ctrl_access.o
mem_test_unit_ready                               src/ASF/common/services/storage/ctrl_access/ctrl_access.o
mem_unload                                        src/ASF/common/services/storage/ctrl_access/ctrl_access.o
mem_wr_protect                                    src/ASF/common/services/storage/ctrl_access/ctrl_access.o
memcpy                                            c:/program files (x86)/atmel/studio/7.0/toolchain/arm/arm-gnu-toolchain/bin/../lib/gcc/arm-none-eabi/6.2.1/../../../../arm-none-eabi/lib/thumb/v6-m\libc_nano.a(lib_a-memcpy-stub.o)
                                                  src/ASF/sam0/services/eeprom/emulator/main_array/eeprom.o
memset                                            c:/program files (x86)/atmel/studio/7.0/toolchain/arm/arm-gnu-toolchain/bin/../lib/gcc/arm-none-eabi/6.2.1/../../../../arm-none-eabi/lib/thumb/v6-m\libc_nano.a(lib_a-memset.o)
                                                  src/ASF/sam0/services/eeprom/emulator/main_array/eeprom.o
                                                  src/ASF/common2/components/memory/sd_mmc/sd_mmc_spi.o
                                                  c:/program files (x86)/atmel/studio/7.0/toolchain/arm/arm-gnu-toolchain/bin/../lib/gcc/arm-none-eabi/6.2.1/../../../../arm-none-eabi/lib/thumb/v6-m/crt0.o
mmc_trans_multipliers                             src/ASF/common2/components/memory/sd_mmc/sd_mmc.o
nvm_erase_row                                     src/ASF/sam0/drivers/nvm/nvm.o
                                                  src/ASF/sam0/services/eeprom/emulator/main_array/eeprom.o
nvm_execute_command                               src/ASF/sam0/drivers/nvm/nvm.o
                                                  src/ASF/sam0/services/eeprom/emulator/main_array/eeprom.o
nvm_get_fuses                                     src/ASF/sam0/drivers/nvm/nvm.o
nvm_get_parameters                                src/ASF/sam0/drivers/nvm/nvm.o
                                                  src/ASF/sam0/services/eeprom/emulator/main_array/eeprom.o
nvm_is_page_locked                                src/ASF/sam0/drivers/nvm/nvm.o
nvm_read_buffer                                   src/ASF/sam0/drivers/nvm/nvm.o
                                                  src/ASF/sam0/services/eeprom/emulator/main_array/eeprom.o
nvm_set_config                                    src/ASF/sam0/drivers/nvm/nvm.o
                                                  src/ASF/sam0/services/eeprom/emulator/main_array/eeprom.o
nvm_set_fuses                                     src/ASF/sam0/drivers/nvm/nvm.o
nvm_update_buffer                                 src/ASF/sam0/drivers/nvm/nvm.o
nvm_write_buffer                                  src/ASF/sam0/drivers/nvm/nvm.o
                                                  src/ASF/sam0/services/eeprom/emulator/main_array/eeprom.o
port_group_set_config                             src/ASF/sam0/drivers/port/port.o
port_pin_set_config                               src/ASF/sam0/drivers/port/port.o
                                                  src/ASF/common2/boards/user_board/init.o
                                                  src/ASF/common2/components/memory/sd_mmc/sd_mmc_spi.o
sd_mmc_check                                      src/ASF/common2/components/memory/sd_mmc/sd_mmc.o
                                                  src/ASF/common2/components/memory/sd_mmc/sd_mmc_mem.o
sd_mmc_get_capacity                               src/ASF/common2/components/memory/sd_mmc/sd_mmc.o
                                                  src/ASF/common2/components/memory/sd_mmc/sd_mmc_mem.o
sd_mmc_get_type                                   src/ASF/common2/components/memory/sd_mmc/sd_mmc.o
                                                  src/ASF/common2/components/memory/sd_mmc/sd_mmc_mem.o
sd_mmc_get_version                                src/ASF/common2/components/memory/sd_mmc/sd_mmc.o
sd_mmc_init                                       src/ASF/common2/components/memory/sd_mmc/sd_mmc.o
sd_mmc_init_read_blocks                           src/ASF/common2/components/memory/sd_mmc/sd_mmc.o
sd_mmc_init_write_blocks                          src/ASF/common2/components/memory/sd_mmc/sd_mmc.o
sd_mmc_is_write_protected                         src/ASF/common2/components/memory/sd_mmc/sd_mmc.o
                                                  src/ASF/common2/components/memory/sd_mmc/sd_mmc_mem.o
sd_mmc_nb_slot                                    src/ASF/common2/components/memory/sd_mmc/sd_mmc.o
sd_mmc_read_capacity                              src/ASF/common2/components/memory/sd_mmc/sd_mmc_mem.o
sd_mmc_read_capacity_0                            src/ASF/common2/components/memory/sd_mmc/sd_mmc_mem.o
                                                  src/ASF/common/services/storage/ctrl_access/ctrl_access.o
sd_mmc_read_capacity_1                            src/ASF/common2/components/memory/sd_mmc/sd_mmc_mem.o
                                                  src/ASF/common/services/storage/ctrl_access/ctrl_access.o
sd_mmc_removal                                    src/ASF/common2/components/memory/sd_mmc/sd_mmc_mem.o
sd_mmc_removal_0                                  src/ASF/common2/components/memory/sd_mmc/sd_mmc_mem.o
                                                  src/ASF/common/services/storage/ctrl_access/ctrl_access.o
sd_mmc_removal_1                                  src/ASF/common2/components/memory/sd_mmc/sd_mmc_mem.o
                                                  src/ASF/common/services/storage/ctrl_access/ctrl_access.o
sd_mmc_spi_adtc_start                             src/ASF/common2/components/memory/sd_mmc/sd_mmc_spi.o
                                                  src/ASF/common2/components/memory/sd_mmc/sd_mmc.o
sd_mmc_spi_deselect_device                        src/ASF/common2/components/memory/sd_mmc/sd_mmc_spi.o
                                                  src/ASF/common2/components/memory/sd_mmc/sd_mmc.o
sd_mmc_spi_get_errno                              src/ASF/common2/components/memory/sd_mmc/sd_mmc_spi.o
sd_mmc_spi_get_response                           src/ASF/common2/components/memory/sd_mmc/sd_mmc_spi.o
                                                  src/ASF/common2/components/memory/sd_mmc/sd_mmc.o
sd_mmc_spi_init                                   src/ASF/common2/components/memory/sd_mmc/sd_mmc_spi.o
                                                  src/ASF/common2/components/memory/sd_mmc/sd_mmc.o
sd_mmc_spi_read_word                              src/ASF/common2/components/memory/sd_mmc/sd_mmc_spi.o
                                                  src/ASF/common2/components/memory/sd_mmc/sd_mmc.o
sd_mmc_spi_select_device                          src/ASF/common2/components/memory/sd_mmc/sd_mmc_spi.o
                                                  src/ASF/common2/components/memory/sd_mmc/sd_mmc.o
sd_mmc_spi_send_clock                             src/ASF/common2/components/memory/sd_mmc/sd_mmc_spi.o
                                                  src/ASF/common2/components/memory/sd_mmc/sd_mmc.o
sd_mmc_spi_send_cmd                               src/ASF/common2/components/memory/sd_mmc/sd_mmc_spi.o
                                                  src/ASF/common2/components/memory/sd_mmc/sd_mmc.o
sd_mmc_spi_start_read_blocks                      src/ASF/common2/components/memory/sd_mmc/sd_mmc_spi.o
                                                  src/ASF/common2/components/memory/sd_mmc/sd_mmc.o
sd_mmc_spi_start_write_blocks                     src/ASF/common2/components/memory/sd_mmc/sd_mmc_spi.o
                                                  src/ASF/common2/components/memory/sd_mmc/sd_mmc.o
sd_mmc_spi_wait_end_of_read_blocks                src/ASF/common2/components/memory/sd_mmc/sd_mmc_spi.o
                                                  src/ASF/common2/components/memory/sd_mmc/sd_mmc.o
sd_mmc_spi_wait_end_of_write_blocks               src/ASF/common2/components/memory/sd_mmc/sd_mmc_spi.o
                                                  src/ASF/common2/components/memory/sd_mmc/sd_mmc.o
sd_mmc_spi_write_word                             src/ASF/common2/components/memory/sd_mmc/sd_mmc_spi.o
sd_mmc_start_read_blocks                          src/ASF/common2/components/memory/sd_mmc/sd_mmc.o
sd_mmc_start_write_blocks                         src/ASF/common2/components/memory/sd_mmc/sd_mmc.o
sd_mmc_test_unit_ready                            src/ASF/common2/components/memory/sd_mmc/sd_mmc_mem.o
sd_mmc_test_unit_ready_0                          src/ASF/common2/components/memory/sd_mmc/sd_mmc_mem.o
                                                  src/ASF/common/services/storage/ctrl_access/ctrl_access.o
sd_mmc_test_unit_ready_1                          src/ASF/common2/components/memory/sd_mmc/sd_mmc_mem.o
                                                  src/ASF/common/services/storage/ctrl_access/ctrl_access.o
sd_mmc_trans_units                                src/ASF/common2/components/memory/sd_mmc/sd_mmc.o
sd_mmc_unload                                     src/ASF/common2/components/memory/sd_mmc/sd_mmc_mem.o
sd_mmc_unload_0                                   src/ASF/common2/components/memory/sd_mmc/sd_mmc_mem.o
                                                  src/ASF/common/services/storage/ctrl_access/ctrl_access.o
sd_mmc_unload_1                                   src/ASF/common2/components/memory/sd_mmc/sd_mmc_mem.o
                                                  src/ASF/common/services/storage/ctrl_access/ctrl_access.o
sd_mmc_wait_end_of_read_blocks                    src/ASF/common2/components/memory/sd_mmc/sd_mmc.o
sd_mmc_wait_end_of_write_blocks                   src/ASF/common2/components/memory/sd_mmc/sd_mmc.o
sd_mmc_wr_protect                                 src/ASF/common2/components/memory/sd_mmc/sd_mmc_mem.o
sd_mmc_wr_protect_0                               src/ASF/common2/components/memory/sd_mmc/sd_mmc_mem.o
                                                  src/ASF/common/services/storage/ctrl_access/ctrl_access.o
sd_mmc_wr_protect_1                               src/ASF/common2/components/memory/sd_mmc/sd_mmc_mem.o
                                                  src/ASF/common/services/storage/ctrl_access/ctrl_access.o
sd_trans_multipliers                              src/ASF/common2/components/memory/sd_mmc/sd_mmc.o
sercom_set_gclk_generator                         src/ASF/sam0/drivers/sercom/sercom.o
                                                  src/ASF/sam0/drivers/sercom/spi/spi.o
sleepmgr_locks                                    src/ASF/common/services/sleepmgr/samd/sleepmgr.o
software_init_hook                                c:/program files (x86)/atmel/studio/7.0/toolchain/arm/arm-gnu-toolchain/bin/../lib/gcc/arm-none-eabi/6.2.1/../../../../arm-none-eabi/lib/thumb/v6-m/crt0.o
spi_abort_job                                     src/ASF/sam0/drivers/sercom/spi/spi_interrupt.o
spi_init                                          src/ASF/sam0/drivers/sercom/spi/spi.o
                                                  src/ASF/common2/components/memory/sd_mmc/sd_mmc_spi.o
spi_read_buffer_job                               src/ASF/sam0/drivers/sercom/spi/spi_interrupt.o
spi_read_buffer_wait                              src/ASF/sam0/drivers/sercom/spi/spi.o
                                                  src/ASF/common2/components/memory/sd_mmc/sd_mmc_spi.o
spi_register_callback                             src/ASF/sam0/drivers/sercom/spi/spi_interrupt.o
spi_reset                                         src/ASF/sam0/drivers/sercom/spi/spi.o
spi_select_slave                                  src/ASF/sam0/drivers/sercom/spi/spi.o
                                                  src/ASF/common2/components/memory/sd_mmc/sd_mmc_spi.o
spi_set_baudrate                                  src/ASF/sam0/drivers/sercom/spi/spi.o
                                                  src/ASF/common2/components/memory/sd_mmc/sd_mmc_spi.o
spi_transceive_buffer_job                         src/ASF/sam0/drivers/sercom/spi/spi_interrupt.o
spi_transceive_buffer_wait                        src/ASF/sam0/drivers/sercom/spi/spi.o
spi_transceive_wait                               src/ASF/sam0/drivers/sercom/spi/spi.o
spi_unregister_callback                           src/ASF/sam0/drivers/sercom/spi/spi_interrupt.o
spi_write_buffer_job                              src/ASF/sam0/drivers/sercom/spi/spi_interrupt.o
spi_write_buffer_wait                             src/ASF/sam0/drivers/sercom/spi/spi.o
                                                  src/ASF/common2/components/memory/sd_mmc/sd_mmc_spi.o
ss_pins                                           src/ASF/common2/components/memory/sd_mmc/sd_mmc_spi.o
system_board_init                                 src/ASF/common2/boards/user_board/init.o
system_clock_init                                 src/ASF/sam0/drivers/system/clock/clock_samd21_r21_da_ha1/clock.o
system_clock_source_dfll_set_config               src/ASF/sam0/drivers/system/clock/clock_samd21_r21_da_ha1/clock.o
system_clock_source_disable                       src/ASF/sam0/drivers/system/clock/clock_samd21_r21_da_ha1/clock.o
system_clock_source_dpll_set_config               src/ASF/sam0/drivers/system/clock/clock_samd21_r21_da_ha1/clock.o
system_clock_source_enable                        src/ASF/sam0/drivers/system/clock/clock_samd21_r21_da_ha1/clock.o
system_clock_source_get_hz                        src/ASF/sam0/drivers/system/clock/clock_samd21_r21_da_ha1/clock.o
                                                  src/ASF/sam0/drivers/system/clock/clock_samd21_r21_da_ha1/gclk.o
system_clock_source_is_ready                      src/ASF/sam0/drivers/system/clock/clock_samd21_r21_da_ha1/clock.o
system_clock_source_osc32k_set_config             src/ASF/sam0/drivers/system/clock/clock_samd21_r21_da_ha1/clock.o
system_clock_source_osc8m_set_config              src/ASF/sam0/drivers/system/clock/clock_samd21_r21_da_ha1/clock.o
system_clock_source_write_calibration             src/ASF/sam0/drivers/system/clock/clock_samd21_r21_da_ha1/clock.o
system_clock_source_xosc32k_set_config            src/ASF/sam0/drivers/system/clock/clock_samd21_r21_da_ha1/clock.o
system_clock_source_xosc_set_config               src/ASF/sam0/drivers/system/clock/clock_samd21_r21_da_ha1/clock.o
system_gclk_chan_disable                          src/ASF/sam0/drivers/system/clock/clock_samd21_r21_da_ha1/gclk.o
                                                  src/main.o
                                                  src/ASF/sam0/drivers/extint/extint_sam_d_r_h/extint.o
system_gclk_chan_enable                           src/ASF/sam0/drivers/system/clock/clock_samd21_r21_da_ha1/gclk.o
                                                  src/ASF/sam0/drivers/system/clock/clock_samd21_r21_da_ha1/clock.o
                                                  src/ASF/sam0/drivers/sercom/spi/spi.o
                                                  src/ASF/sam0/drivers/sercom/sercom.o
                                                  src/ASF/sam0/drivers/extint/extint_sam_d_r_h/extint.o
system_gclk_chan_get_hz                           src/ASF/sam0/drivers/system/clock/clock_samd21_r21_da_ha1/gclk.o
                                                  src/ASF/sam0/drivers/system/clock/clock_samd21_r21_da_ha1/clock.o
                                                  src/ASF/sam0/drivers/sercom/spi/spi.o
system_gclk_chan_is_enabled                       src/ASF/sam0/drivers/system/clock/clock_samd21_r21_da_ha1/gclk.o
system_gclk_chan_is_locked                        src/ASF/sam0/drivers/system/clock/clock_samd21_r21_da_ha1/gclk.o
system_gclk_chan_lock                             src/ASF/sam0/drivers/system/clock/clock_samd21_r21_da_ha1/gclk.o
system_gclk_chan_set_config                       src/ASF/sam0/drivers/system/clock/clock_samd21_r21_da_ha1/gclk.o
                                                  src/main.o
                                                  src/ASF/sam0/drivers/system/clock/clock_samd21_r21_da_ha1/clock.o
                                                  src/ASF/sam0/drivers/sercom/spi/spi.o
                                                  src/ASF/sam0/drivers/sercom/sercom.o
                                                  src/ASF/sam0/drivers/extint/extint_sam_d_r_h/extint.o
system_gclk_gen_disable                           src/ASF/sam0/drivers/system/clock/clock_samd21_r21_da_ha1/gclk.o
system_gclk_gen_enable                            src/ASF/sam0/drivers/system/clock/clock_samd21_r21_da_ha1/gclk.o
                                                  src/ASF/sam0/drivers/system/clock/clock_samd21_r21_da_ha1/clock.o
system_gclk_gen_get_hz                            src/ASF/sam0/drivers/system/clock/clock_samd21_r21_da_ha1/gclk.o
                                                  src/ASF/common2/services/delay/sam0/systick_counter.o
system_gclk_gen_is_enabled                        src/ASF/sam0/drivers/system/clock/clock_samd21_r21_da_ha1/gclk.o
system_gclk_gen_set_config                        src/ASF/sam0/drivers/system/clock/clock_samd21_r21_da_ha1/gclk.o
                                                  src/ASF/sam0/drivers/system/clock/clock_samd21_r21_da_ha1/clock.o
system_gclk_init                                  src/ASF/sam0/drivers/system/clock/clock_samd21_r21_da_ha1/gclk.o
                                                  src/ASF/sam0/drivers/system/clock/clock_samd21_r21_da_ha1/clock.o
system_init                                       src/ASF/sam0/drivers/system/system.o
                                                  src/main.o
system_interrupt_clear_pending                    src/ASF/sam0/drivers/system/interrupt/system_interrupt.o
system_interrupt_get_priority                     src/ASF/sam0/drivers/system/interrupt/system_interrupt.o
system_interrupt_is_pending                       src/ASF/sam0/drivers/system/interrupt/system_interrupt.o
system_interrupt_set_pending                      src/ASF/sam0/drivers/system/interrupt/system_interrupt.o
system_interrupt_set_priority                     src/ASF/sam0/drivers/system/interrupt/system_interrupt.o
system_peripheral_lock                            src/ASF/sam0/drivers/pac/pac_sam_d_r_h/pac.o
                                                  src/ASF/sam0/drivers/dsu/crc32/crc32.o
system_peripheral_unlock                          src/ASF/sam0/drivers/pac/pac_sam_d_r_h/pac.o
                                                  src/ASF/sam0/drivers/dsu/crc32/crc32.o
system_pinmux_group_set_config                    src/ASF/sam0/drivers/system/pinmux/pinmux.o
                                                  src/ASF/sam0/drivers/port/port.o
system_pinmux_group_set_input_sample_mode         src/ASF/sam0/drivers/system/pinmux/pinmux.o
system_pinmux_group_set_output_strength           src/ASF/sam0/drivers/system/pinmux/pinmux.o
system_pinmux_pin_set_config                      src/ASF/sam0/drivers/system/pinmux/pinmux.o
                                                  src/ASF/sam0/drivers/port/port.o
                                                  src/ASF/sam0/drivers/sercom/spi/spi.o
                                                  src/ASF/sam0/drivers/extint/extint_sam_d_r_h/extint.o
